beech 2025-10-01 -> 2025-10-08
channels from hw1.isone.me.versant.keene.beech.scada layout.lite emitted 2025-10-01 11:49 ET
  (layout.lite/004, 81 channel words)
  5 synth.channel.gt channels in this layout are not carried by gw.readings
beech 2025-10-08 -> 2025-10-15
channels from hw1.isone.me.versant.keene.beech.scada layout.lite emitted 2025-10-13 08:50 ET
  (layout.lite/004, 80 channel words)
  5 synth.channel.gt channels in this layout are not carried by gw.readings
beech 2025-10-15 -> 2025-10-22
channels from hw1.isone.me.versant.keene.beech.scada layout.lite emitted 2025-10-21 14:07 ET
  (layout.lite/004, 76 channel words)
  5 synth.channel.gt channels in this layout are not carried by gw.readings
beech 2025-10-22 -> 2025-10-29
channels from hw1.isone.me.versant.keene.beech.scada layout.lite emitted 2025-10-27 03:37 ET
  (layout.lite/004, 76 channel words)
  5 synth.channel.gt channels in this layout are not carried by gw.readings
beech 2025-10-29 -> 2025-11-05
channels from hw1.isone.me.versant.keene.beech.scada layout.lite emitted 2025-11-04 12:23 ET
  (layout.lite/004, 76 channel words)
  5 synth.channel.gt channels in this layout are not carried by gw.readings
beech 2025-11-05 -> 2025-11-12
channels from hw1.isone.me.versant.keene.beech.scada layout.lite emitted 2025-11-11 17:25 ET
  (layout.lite/004, 76 channel words)
  5 synth.channel.gt channels in this layout are not carried by gw.readings
beech 2025-11-12 -> 2025-11-19
channels from hw1.isone.me.versant.keene.beech.scada layout.lite emitted 2025-11-17 05:21 ET
  (layout.lite/004, 76 channel words)
  5 synth.channel.gt channels in this layout are not carried by gw.readings
beech 2025-11-19 -> 2025-11-26
channels from hw1.isone.me.versant.keene.beech.scada layout.lite emitted 2025-11-24 10:49 ET
  (layout.lite/004, 76 channel words)
  5 synth.channel.gt channels in this layout are not carried by gw.readings
beech 2025-11-26 -> 2025-12-03
channels from hw1.isone.me.versant.keene.beech.scada layout.lite emitted 2025-12-01 07:09 ET
  (layout.lite/004, 76 channel words)
  5 synth.channel.gt channels in this layout are not carried by gw.readings
beech 2025-12-03 -> 2025-12-10
channels from hw1.isone.me.versant.keene.beech.scada layout.lite emitted 2025-12-09 16:37 ET
  (layout.lite/005, 76 channel words)
  5 synth.channel.gt channels in this layout are not carried by gw.readings
beech 2025-12-10 -> 2025-12-17
channels from hw1.isone.me.versant.keene.beech.scada layout.lite emitted 2025-12-13 08:24 ET
  (layout.lite/006, 76 channel words)
  5 synth.channel.gt channels in this layout are not carried by gw.readings
beech 2025-12-17 -> 2025-12-24
channels from hw1.isone.me.versant.keene.beech.scada layout.lite emitted 2025-12-23 21:28 ET
  (layout.lite/006, 76 channel words)
  14 synth.channel.gt channels in this layout are not carried by gw.readings
beech 2025-12-24 -> 2025-12-31
channels from hw1.isone.me.versant.keene.beech.scada layout.lite emitted 2025-12-30 16:14 ET
  (layout.lite/006, 76 channel words)
  14 synth.channel.gt channels in this layout are not carried by gw.readings
beech 2025-12-31 -> 2026-01-07
channels from hw1.isone.me.versant.keene.beech.scada layout.lite emitted 2026-01-05 13:11 ET
  (layout.lite/006, 76 channel words)
  14 synth.channel.gt channels in this layout are not carried by gw.readings
beech 2026-01-07 -> 2026-01-14
channels from hw1.isone.me.versant.keene.beech.scada layout.lite emitted 2026-01-13 04:19 ET
  (layout.lite/007, 90 channel words)
beech 2026-01-14 -> 2026-01-21
channels from hw1.isone.me.versant.keene.beech.scada layout.lite emitted 2026-01-20 12:59 ET
  (layout.lite/009, 90 channel words)
beech 2026-01-21 -> 2026-01-28
channels from hw1.isone.me.versant.keene.beech.scada layout.lite emitted 2026-01-26 12:00 ET
  (layout.lite/009, 90 channel words)
beech 2026-01-28 -> 2026-02-04
channels from hw1.isone.me.versant.keene.beech.scada layout.lite emitted 2026-01-26 12:00 ET
  (layout.lite/009, 90 channel words)
beech 2026-02-04 -> 2026-02-11
channels from hw1.isone.me.versant.keene.beech.scada layout.lite emitted 2026-02-09 23:18 ET
  (layout.lite/009, 90 channel words)
beech 2026-02-11 -> 2026-02-18
channels from hw1.isone.me.versant.keene.beech.scada layout.lite emitted 2026-02-17 10:48 ET
  (layout.lite/009, 90 channel words)
beech 2026-02-18 -> 2026-02-25
channels from hw1.isone.me.versant.keene.beech.scada layout.lite emitted 2026-02-20 10:54 ET
  (layout.lite/010, 90 channel words)
beech 2026-02-25 -> 2026-03-04
channels from hw1.isone.me.versant.keene.beech.scada layout.lite emitted 2026-03-03 13:28 ET
  (layout.lite/011, 90 channel words)
beech 2026-03-04 -> 2026-03-11
channels from hw1.isone.me.versant.keene.beech.scada layout.lite emitted 2026-03-10 11:46 ET
  (layout.lite/011, 90 channel words)
beech 2026-03-11 -> 2026-03-18
channels from hw1.isone.me.versant.keene.beech.scada layout.lite emitted 2026-03-13 06:35 ET
  (layout.lite/011, 90 channel words)
beech 2026-03-18 -> 2026-03-25
channels from hw1.isone.me.versant.keene.beech.scada layout.lite emitted 2026-03-22 13:49 ET
  (layout.lite/011, 90 channel words)
beech 2026-03-25 -> 2026-04-01
channels from hw1.isone.me.versant.keene.beech.scada layout.lite emitted 2026-03-31 17:22 ET
  (layout.lite/011, 90 channel words)
beech 2026-04-01 -> 2026-04-08
channels from hw1.isone.me.versant.keene.beech.scada layout.lite emitted 2026-04-03 08:02 ET
  (layout.lite/011, 90 channel words)
beech 2026-04-08 -> 2026-04-15
channels from hw1.isone.me.versant.keene.beech.scada layout.lite emitted 2026-04-14 20:50 ET
  (layout.lite/011, 90 channel words)
beech 2026-04-15 -> 2026-04-22
channels from hw1.isone.me.versant.keene.beech.scada layout.lite emitted 2026-04-21 15:49 ET
  (layout.lite/011, 90 channel words)
beech 2026-04-22 -> 2026-04-29
channels from hw1.isone.me.versant.keene.beech.scada layout.lite emitted 2026-04-28 23:50 ET
  (layout.lite/011, 90 channel words)
beech 2026-04-29 -> 2026-05-01
channels from hw1.isone.me.versant.keene.beech.scada layout.lite emitted 2026-04-30 23:49 ET
  (layout.lite/011, 90 channel words)
wrote hw1.isone.me.versant.keene.beech.ta-20251001.20260501-hourly.dist.json (4988 hours)
