oak 2025-10-01 -> 2025-10-08
channels from hw1.isone.me.versant.keene.oak.scada layout.lite emitted 2025-10-07 17:21 ET
  (layout.lite/004, 92 channel words)
  5 synth.channel.gt channels in this layout are not carried by gw.readings
oak 2025-10-08 -> 2025-10-15
channels from hw1.isone.me.versant.keene.oak.scada layout.lite emitted 2025-10-13 12:29 ET
  (layout.lite/004, 92 channel words)
  5 synth.channel.gt channels in this layout are not carried by gw.readings
oak 2025-10-15 -> 2025-10-22
channels from hw1.isone.me.versant.keene.oak.scada layout.lite emitted 2025-10-20 11:43 ET
  (layout.lite/004, 92 channel words)
  5 synth.channel.gt channels in this layout are not carried by gw.readings
oak 2025-10-22 -> 2025-10-29
channels from hw1.isone.me.versant.keene.oak.scada layout.lite emitted 2025-10-20 11:43 ET
  (layout.lite/004, 92 channel words)
  5 synth.channel.gt channels in this layout are not carried by gw.readings
oak 2025-10-29 -> 2025-11-05
channels from hw1.isone.me.versant.keene.oak.scada layout.lite emitted 2025-11-04 18:05 ET
  (layout.lite/004, 92 channel words)
  5 synth.channel.gt channels in this layout are not carried by gw.readings
oak 2025-11-05 -> 2025-11-12
channels from hw1.isone.me.versant.keene.oak.scada layout.lite emitted 2025-11-11 11:52 ET
  (layout.lite/004, 84 channel words)
  5 synth.channel.gt channels in this layout are not carried by gw.readings
oak 2025-11-12 -> 2025-11-19
channels from hw1.isone.me.versant.keene.oak.scada layout.lite emitted 2025-11-15 07:19 ET
  (layout.lite/004, 84 channel words)
  5 synth.channel.gt channels in this layout are not carried by gw.readings
oak 2025-11-19 -> 2025-11-26
channels from hw1.isone.me.versant.keene.oak.scada layout.lite emitted 2025-11-24 11:24 ET
  (layout.lite/004, 82 channel words)
  5 synth.channel.gt channels in this layout are not carried by gw.readings
oak 2025-11-26 -> 2025-12-03
channels from hw1.isone.me.versant.keene.oak.scada layout.lite emitted 2025-12-02 23:53 ET
  (layout.lite/004, 82 channel words)
  17 synth.channel.gt channels in this layout are not carried by gw.readings
oak 2025-12-03 -> 2025-12-10
channels from hw1.isone.me.versant.keene.oak.scada layout.lite emitted 2025-12-09 20:20 ET
  (layout.lite/005, 82 channel words)
  5 synth.channel.gt channels in this layout are not carried by gw.readings
oak 2025-12-10 -> 2025-12-17
channels from hw1.isone.me.versant.keene.oak.scada layout.lite emitted 2025-12-16 11:34 ET
  (layout.lite/006, 82 channel words)
  5 synth.channel.gt channels in this layout are not carried by gw.readings
oak 2025-12-17 -> 2025-12-24
channels from hw1.isone.me.versant.keene.oak.scada layout.lite emitted 2025-12-23 13:36 ET
  (layout.lite/006, 82 channel words)
  2 synth.channel.gt channels in this layout are not carried by gw.readings
oak 2025-12-24 -> 2025-12-31
channels from hw1.isone.me.versant.keene.oak.scada layout.lite emitted 2025-12-30 16:13 ET
  (layout.lite/006, 82 channel words)
  2 synth.channel.gt channels in this layout are not carried by gw.readings
oak 2025-12-31 -> 2026-01-07
channels from hw1.isone.me.versant.keene.oak.scada layout.lite emitted 2026-01-06 03:49 ET
  (layout.lite/006, 82 channel words)
  2 synth.channel.gt channels in this layout are not carried by gw.readings
oak 2026-01-07 -> 2026-01-14
channels from hw1.isone.me.versant.keene.oak.scada layout.lite emitted 2026-01-13 04:19 ET
  (layout.lite/007, 96 channel words)
oak 2026-01-14 -> 2026-01-21
channels from hw1.isone.me.versant.keene.oak.scada layout.lite emitted 2026-01-20 13:00 ET
  (layout.lite/009, 96 channel words)
oak 2026-01-21 -> 2026-01-28
channels from hw1.isone.me.versant.keene.oak.scada layout.lite emitted 2026-01-27 16:06 ET
  (layout.lite/009, 96 channel words)
oak 2026-01-28 -> 2026-02-04
channels from hw1.isone.me.versant.keene.oak.scada layout.lite emitted 2026-02-02 17:20 ET
  (layout.lite/009, 96 channel words)
oak 2026-02-04 -> 2026-02-11
channels from hw1.isone.me.versant.keene.oak.scada layout.lite emitted 2026-02-09 08:09 ET
  (layout.lite/009, 96 channel words)
oak 2026-02-11 -> 2026-02-18
channels from hw1.isone.me.versant.keene.oak.scada layout.lite emitted 2026-02-17 15:56 ET
  (layout.lite/009, 96 channel words)
oak 2026-02-18 -> 2026-02-25
channels from hw1.isone.me.versant.keene.oak.scada layout.lite emitted 2026-02-23 11:07 ET
  (layout.lite/010, 96 channel words)
oak 2026-02-25 -> 2026-03-04
channels from hw1.isone.me.versant.keene.oak.scada layout.lite emitted 2026-03-03 13:27 ET
  (layout.lite/011, 96 channel words)
oak 2026-03-04 -> 2026-03-11
channels from hw1.isone.me.versant.keene.oak.scada layout.lite emitted 2026-03-09 04:56 ET
  (layout.lite/011, 96 channel words)
oak 2026-03-11 -> 2026-03-18
channels from hw1.isone.me.versant.keene.oak.scada layout.lite emitted 2026-03-13 06:35 ET
  (layout.lite/011, 96 channel words)
oak 2026-03-18 -> 2026-03-25
channels from hw1.isone.me.versant.keene.oak.scada layout.lite emitted 2026-03-24 15:02 ET
  (layout.lite/011, 96 channel words)
oak 2026-03-25 -> 2026-04-01
channels from hw1.isone.me.versant.keene.oak.scada layout.lite emitted 2026-03-24 15:02 ET
  (layout.lite/011, 96 channel words)
oak 2026-04-01 -> 2026-04-08
channels from hw1.isone.me.versant.keene.oak.scada layout.lite emitted 2026-04-03 08:00 ET
  (layout.lite/011, 96 channel words)
oak 2026-04-08 -> 2026-04-15
channels from hw1.isone.me.versant.keene.oak.scada layout.lite emitted 2026-04-11 21:39 ET
  (layout.lite/011, 96 channel words)
oak 2026-04-15 -> 2026-04-22
channels from hw1.isone.me.versant.keene.oak.scada layout.lite emitted 2026-04-11 21:39 ET
  (layout.lite/011, 96 channel words)
oak 2026-04-22 -> 2026-04-29
channels from hw1.isone.me.versant.keene.oak.scada layout.lite emitted 2026-04-28 03:18 ET
  (layout.lite/011, 96 channel words)
oak 2026-04-29 -> 2026-05-01
channels from hw1.isone.me.versant.keene.oak.scada layout.lite emitted 2026-04-30 13:13 ET
  (layout.lite/011, 96 channel words)
wrote hw1.isone.me.versant.keene.oak.ta-20251001.20260501-hourly.dist.json (4998 hours)
