maple 2025-10-01 -> 2025-10-08
channels from hw1.isone.me.versant.keene.maple.scada layout.lite emitted 2025-10-07 15:48 ET
  (layout.lite/004, 82 channel words)
  5 synth.channel.gt channels in this layout are not carried by gw.readings
maple 2025-10-08 -> 2025-10-15
channels from hw1.isone.me.versant.keene.maple.scada layout.lite emitted 2025-10-13 15:53 ET
  (layout.lite/004, 82 channel words)
  5 synth.channel.gt channels in this layout are not carried by gw.readings
maple 2025-10-15 -> 2025-10-22
channels from hw1.isone.me.versant.keene.maple.scada layout.lite emitted 2025-10-21 00:02 ET
  (layout.lite/004, 82 channel words)
  5 synth.channel.gt channels in this layout are not carried by gw.readings
maple 2025-10-22 -> 2025-10-29
channels from hw1.isone.me.versant.keene.maple.scada layout.lite emitted 2025-10-21 00:02 ET
  (layout.lite/004, 82 channel words)
  5 synth.channel.gt channels in this layout are not carried by gw.readings
maple 2025-10-29 -> 2025-11-05
channels from hw1.isone.me.versant.keene.maple.scada layout.lite emitted 2025-11-04 20:15 ET
  (layout.lite/004, 82 channel words)
  5 synth.channel.gt channels in this layout are not carried by gw.readings
maple 2025-11-05 -> 2025-11-12
channels from hw1.isone.me.versant.keene.maple.scada layout.lite emitted 2025-11-11 17:26 ET
  (layout.lite/004, 74 channel words)
  5 synth.channel.gt channels in this layout are not carried by gw.readings
maple 2025-11-12 -> 2025-11-19
channels from hw1.isone.me.versant.keene.maple.scada layout.lite emitted 2025-11-15 07:20 ET
  (layout.lite/004, 74 channel words)
  5 synth.channel.gt channels in this layout are not carried by gw.readings
maple 2025-11-19 -> 2025-11-26
channels from hw1.isone.me.versant.keene.maple.scada layout.lite emitted 2025-11-23 08:54 ET
  (layout.lite/004, 74 channel words)
  5 synth.channel.gt channels in this layout are not carried by gw.readings
maple 2025-11-26 -> 2025-12-03
channels from hw1.isone.me.versant.keene.maple.scada layout.lite emitted 2025-12-02 16:40 ET
  (layout.lite/004, 74 channel words)
  5 synth.channel.gt channels in this layout are not carried by gw.readings
maple 2025-12-03 -> 2025-12-10
channels from hw1.isone.me.versant.keene.maple.scada layout.lite emitted 2025-12-09 16:39 ET
  (layout.lite/005, 73 channel words)
  5 synth.channel.gt channels in this layout are not carried by gw.readings
maple 2025-12-10 -> 2025-12-17
channels from hw1.isone.me.versant.keene.maple.scada layout.lite emitted 2025-12-16 07:43 ET
  (layout.lite/006, 73 channel words)
  5 synth.channel.gt channels in this layout are not carried by gw.readings
maple 2025-12-17 -> 2025-12-24
channels from hw1.isone.me.versant.keene.maple.scada layout.lite emitted 2025-12-23 13:09 ET
  (layout.lite/006, 85 channel words)
  2 synth.channel.gt channels in this layout are not carried by gw.readings
maple 2025-12-24 -> 2025-12-31
channels from hw1.isone.me.versant.keene.maple.scada layout.lite emitted 2025-12-24 13:47 ET
  (layout.lite/006, 85 channel words)
  2 synth.channel.gt channels in this layout are not carried by gw.readings
maple 2025-12-31 -> 2026-01-07
channels from hw1.isone.me.versant.keene.maple.scada layout.lite emitted 2026-01-06 00:27 ET
  (layout.lite/006, 85 channel words)
  2 synth.channel.gt channels in this layout are not carried by gw.readings
maple 2026-01-07 -> 2026-01-14
channels from hw1.isone.me.versant.keene.maple.scada layout.lite emitted 2026-01-12 11:33 ET
  (layout.lite/007, 87 channel words)
maple 2026-01-14 -> 2026-01-21
channels from hw1.isone.me.versant.keene.maple.scada layout.lite emitted 2026-01-19 05:45 ET
  (layout.lite/009, 87 channel words)
maple 2026-01-21 -> 2026-01-28
channels from hw1.isone.me.versant.keene.maple.scada layout.lite emitted 2026-01-26 12:01 ET
  (layout.lite/009, 87 channel words)
maple 2026-01-28 -> 2026-02-04
channels from hw1.isone.me.versant.keene.maple.scada layout.lite emitted 2026-02-03 15:01 ET
  (layout.lite/009, 87 channel words)
maple 2026-02-04 -> 2026-02-11
channels from hw1.isone.me.versant.keene.maple.scada layout.lite emitted 2026-02-10 09:25 ET
  (layout.lite/009, 87 channel words)
maple 2026-02-11 -> 2026-02-18
channels from hw1.isone.me.versant.keene.maple.scada layout.lite emitted 2026-02-12 14:48 ET
  (layout.lite/009, 87 channel words)
maple 2026-02-18 -> 2026-02-25
channels from hw1.isone.me.versant.keene.maple.scada layout.lite emitted 2026-02-20 10:50 ET
  (layout.lite/010, 87 channel words)
maple 2026-02-25 -> 2026-03-04
channels from hw1.isone.me.versant.keene.maple.scada layout.lite emitted 2026-03-03 13:29 ET
  (layout.lite/011, 87 channel words)
maple 2026-03-04 -> 2026-03-11
channels from hw1.isone.me.versant.keene.maple.scada layout.lite emitted 2026-03-09 13:11 ET
  (layout.lite/011, 87 channel words)
maple 2026-03-11 -> 2026-03-18
channels from hw1.isone.me.versant.keene.maple.scada layout.lite emitted 2026-03-14 06:26 ET
  (layout.lite/011, 87 channel words)
maple 2026-03-18 -> 2026-03-25
channels from hw1.isone.me.versant.keene.maple.scada layout.lite emitted 2026-03-24 13:06 ET
  (layout.lite/011, 87 channel words)
maple 2026-03-25 -> 2026-04-01
channels from hw1.isone.me.versant.keene.maple.scada layout.lite emitted 2026-03-31 14:56 ET
  (layout.lite/011, 87 channel words)
maple 2026-04-01 -> 2026-04-08
channels from hw1.isone.me.versant.keene.maple.scada layout.lite emitted 2026-04-03 21:31 ET
  (layout.lite/011, 91 channel words)
maple 2026-04-08 -> 2026-04-15
channels from hw1.isone.me.versant.keene.maple.scada layout.lite emitted 2026-04-14 09:35 ET
  (layout.lite/011, 91 channel words)
maple 2026-04-15 -> 2026-04-22
channels from hw1.isone.me.versant.keene.maple.scada layout.lite emitted 2026-04-21 12:50 ET
  (layout.lite/011, 92 channel words)
maple 2026-04-22 -> 2026-04-29
channels from hw1.isone.me.versant.keene.maple.scada layout.lite emitted 2026-04-28 08:58 ET
  (layout.lite/011, 92 channel words)
maple 2026-04-29 -> 2026-05-01
channels from hw1.isone.me.versant.keene.maple.scada layout.lite emitted 2026-04-29 15:28 ET
  (layout.lite/011, 92 channel words)
wrote hw1.isone.me.versant.keene.maple.ta-20251001.20260501-hourly.dist.json (4890 hours)
