elm 2025-10-01 -> 2025-10-08
channels from hw1.isone.me.versant.keene.elm.scada layout.lite emitted 2025-10-07 14:55 ET
  (layout.lite/004, 68 channel words)
  5 synth.channel.gt channels in this layout are not carried by gw.readings
elm 2025-10-08 -> 2025-10-15
channels from hw1.isone.me.versant.keene.elm.scada layout.lite emitted 2025-10-11 09:39 ET
  (layout.lite/004, 86 channel words)
  5 synth.channel.gt channels in this layout are not carried by gw.readings
elm 2025-10-15 -> 2025-10-22
channels from hw1.isone.me.versant.keene.elm.scada layout.lite emitted 2025-10-20 11:48 ET
  (layout.lite/004, 86 channel words)
  5 synth.channel.gt channels in this layout are not carried by gw.readings
elm 2025-10-22 -> 2025-10-29
channels from hw1.isone.me.versant.keene.elm.scada layout.lite emitted 2025-10-20 11:48 ET
  (layout.lite/004, 86 channel words)
  5 synth.channel.gt channels in this layout are not carried by gw.readings
elm 2025-10-29 -> 2025-11-05
channels from hw1.isone.me.versant.keene.elm.scada layout.lite emitted 2025-11-04 12:24 ET
  (layout.lite/004, 86 channel words)
  5 synth.channel.gt channels in this layout are not carried by gw.readings
elm 2025-11-05 -> 2025-11-12
channels from hw1.isone.me.versant.keene.elm.scada layout.lite emitted 2025-11-11 13:37 ET
  (layout.lite/004, 86 channel words)
  5 synth.channel.gt channels in this layout are not carried by gw.readings
elm 2025-11-12 -> 2025-11-19
channels from hw1.isone.me.versant.keene.elm.scada layout.lite emitted 2025-11-14 11:15 ET
  (layout.lite/004, 84 channel words)
  5 synth.channel.gt channels in this layout are not carried by gw.readings
elm 2025-11-19 -> 2025-11-26
channels from hw1.isone.me.versant.keene.elm.scada layout.lite emitted 2025-11-21 07:17 ET
  (layout.lite/004, 84 channel words)
  5 synth.channel.gt channels in this layout are not carried by gw.readings
elm 2025-11-26 -> 2025-12-03
channels from hw1.isone.me.versant.keene.elm.scada layout.lite emitted 2025-12-02 08:22 ET
  (layout.lite/004, 83 channel words)
  5 synth.channel.gt channels in this layout are not carried by gw.readings
elm 2025-12-03 -> 2025-12-10
channels from hw1.isone.me.versant.keene.elm.scada layout.lite emitted 2025-12-09 16:39 ET
  (layout.lite/005, 83 channel words)
  5 synth.channel.gt channels in this layout are not carried by gw.readings
elm 2025-12-10 -> 2025-12-17
channels from hw1.isone.me.versant.keene.elm.scada layout.lite emitted 2025-12-16 07:46 ET
  (layout.lite/006, 83 channel words)
  5 synth.channel.gt channels in this layout are not carried by gw.readings
elm 2025-12-17 -> 2025-12-24
channels from hw1.isone.me.versant.keene.elm.scada layout.lite emitted 2025-12-20 12:35 ET
  (layout.lite/006, 83 channel words)
  5 synth.channel.gt channels in this layout are not carried by gw.readings
elm 2025-12-24 -> 2025-12-31
channels from hw1.isone.me.versant.keene.elm.scada layout.lite emitted 2025-12-25 12:50 ET
  (layout.lite/006, 83 channel words)
  5 synth.channel.gt channels in this layout are not carried by gw.readings
elm 2025-12-31 -> 2026-01-07
channels from hw1.isone.me.versant.keene.elm.scada layout.lite emitted 2026-01-05 21:20 ET
  (layout.lite/006, 83 channel words)
  5 synth.channel.gt channels in this layout are not carried by gw.readings
elm 2026-01-07 -> 2026-01-14
channels from hw1.isone.me.versant.keene.elm.scada layout.lite emitted 2026-01-13 13:40 ET
  (layout.lite/007, 97 channel words)
elm 2026-01-14 -> 2026-01-21
channels from hw1.isone.me.versant.keene.elm.scada layout.lite emitted 2026-01-19 10:14 ET
  (layout.lite/009, 97 channel words)
elm 2026-01-21 -> 2026-01-28
channels from hw1.isone.me.versant.keene.elm.scada layout.lite emitted 2026-01-26 12:02 ET
  (layout.lite/009, 97 channel words)
elm 2026-01-28 -> 2026-02-04
channels from hw1.isone.me.versant.keene.elm.scada layout.lite emitted 2026-01-28 03:09 ET
  (layout.lite/009, 97 channel words)
elm 2026-02-04 -> 2026-02-11
channels from hw1.isone.me.versant.keene.elm.scada layout.lite emitted 2026-02-04 08:14 ET
  (layout.lite/009, 97 channel words)
elm 2026-02-11 -> 2026-02-18
channels from hw1.isone.me.versant.keene.elm.scada layout.lite emitted 2026-02-17 10:25 ET
  (layout.lite/009, 97 channel words)
elm 2026-02-18 -> 2026-02-25
channels from hw1.isone.me.versant.keene.elm.scada layout.lite emitted 2026-02-20 10:50 ET
  (layout.lite/010, 97 channel words)
elm 2026-02-25 -> 2026-03-04
channels from hw1.isone.me.versant.keene.elm.scada layout.lite emitted 2026-03-02 18:12 ET
  (layout.lite/011, 97 channel words)
elm 2026-03-04 -> 2026-03-11
channels from hw1.isone.me.versant.keene.elm.scada layout.lite emitted 2026-03-10 11:10 ET
  (layout.lite/011, 97 channel words)
elm 2026-03-11 -> 2026-03-18
channels from hw1.isone.me.versant.keene.elm.scada layout.lite emitted 2026-03-13 06:30 ET
  (layout.lite/011, 97 channel words)
elm 2026-03-18 -> 2026-03-25
channels from hw1.isone.me.versant.keene.elm.scada layout.lite emitted 2026-03-24 15:02 ET
  (layout.lite/011, 97 channel words)
elm 2026-03-25 -> 2026-04-01
channels from hw1.isone.me.versant.keene.elm.scada layout.lite emitted 2026-03-30 05:11 ET
  (layout.lite/011, 97 channel words)
elm 2026-04-01 -> 2026-04-08
channels from hw1.isone.me.versant.keene.elm.scada layout.lite emitted 2026-04-03 08:01 ET
  (layout.lite/011, 97 channel words)
elm 2026-04-08 -> 2026-04-15
channels from hw1.isone.me.versant.keene.elm.scada layout.lite emitted 2026-04-09 11:45 ET
  (layout.lite/011, 97 channel words)
elm 2026-04-15 -> 2026-04-22
channels from hw1.isone.me.versant.keene.elm.scada layout.lite emitted 2026-04-09 11:45 ET
  (layout.lite/011, 97 channel words)
elm 2026-04-22 -> 2026-04-29
channels from hw1.isone.me.versant.keene.elm.scada layout.lite emitted 2026-04-28 10:09 ET
  (layout.lite/011, 97 channel words)
elm 2026-04-29 -> 2026-05-01
channels from hw1.isone.me.versant.keene.elm.scada layout.lite emitted 2026-04-29 15:55 ET
  (layout.lite/011, 97 channel words)
wrote hw1.isone.me.versant.keene.elm.ta-20251001.20260501-hourly.dist.json (4869 hours)
