fir 2025-10-01 -> 2025-10-08
channels from hw1.isone.me.versant.keene.fir.scada layout.lite emitted 2025-10-05 06:08 ET
  (layout.lite/004, 90 channel words)
  5 synth.channel.gt channels in this layout are not carried by gw.readings
fir 2025-10-08 -> 2025-10-15
channels from hw1.isone.me.versant.keene.fir.scada layout.lite emitted 2025-10-13 08:52 ET
  (layout.lite/004, 90 channel words)
  5 synth.channel.gt channels in this layout are not carried by gw.readings
fir 2025-10-15 -> 2025-10-22
channels from hw1.isone.me.versant.keene.fir.scada layout.lite emitted 2025-10-21 00:03 ET
  (layout.lite/004, 84 channel words)
  5 synth.channel.gt channels in this layout are not carried by gw.readings
fir 2025-10-22 -> 2025-10-29
channels from hw1.isone.me.versant.keene.fir.scada layout.lite emitted 2025-10-21 00:03 ET
  (layout.lite/004, 84 channel words)
  5 synth.channel.gt channels in this layout are not carried by gw.readings
fir 2025-10-29 -> 2025-11-05
channels from hw1.isone.me.versant.keene.fir.scada layout.lite emitted 2025-11-04 12:24 ET
  (layout.lite/004, 84 channel words)
  5 synth.channel.gt channels in this layout are not carried by gw.readings
fir 2025-11-05 -> 2025-11-12
channels from hw1.isone.me.versant.keene.fir.scada layout.lite emitted 2025-11-11 11:49 ET
  (layout.lite/004, 84 channel words)
  5 synth.channel.gt channels in this layout are not carried by gw.readings
fir 2025-11-12 -> 2025-11-19
channels from hw1.isone.me.versant.keene.fir.scada layout.lite emitted 2025-11-14 13:29 ET
  (layout.lite/004, 84 channel words)
  5 synth.channel.gt channels in this layout are not carried by gw.readings
fir 2025-11-19 -> 2025-11-26
channels from hw1.isone.me.versant.keene.fir.scada layout.lite emitted 2025-11-24 06:52 ET
  (layout.lite/004, 84 channel words)
  5 synth.channel.gt channels in this layout are not carried by gw.readings
fir 2025-11-26 -> 2025-12-03
channels from hw1.isone.me.versant.keene.fir.scada layout.lite emitted 2025-11-24 06:52 ET
  (layout.lite/004, 84 channel words)
  5 synth.channel.gt channels in this layout are not carried by gw.readings
fir 2025-12-03 -> 2025-12-10
channels from hw1.isone.me.versant.keene.fir.scada layout.lite emitted 2025-12-09 16:39 ET
  (layout.lite/005, 84 channel words)
  5 synth.channel.gt channels in this layout are not carried by gw.readings
fir 2025-12-10 -> 2025-12-17
channels from hw1.isone.me.versant.keene.fir.scada layout.lite emitted 2025-12-13 08:00 ET
  (layout.lite/006, 84 channel words)
  5 synth.channel.gt channels in this layout are not carried by gw.readings
fir 2025-12-17 -> 2025-12-24
channels from hw1.isone.me.versant.keene.fir.scada layout.lite emitted 2025-12-20 12:35 ET
  (layout.lite/006, 84 channel words)
  5 synth.channel.gt channels in this layout are not carried by gw.readings
fir 2025-12-24 -> 2025-12-31
channels from hw1.isone.me.versant.keene.fir.scada layout.lite emitted 2025-12-26 02:14 ET
  (layout.lite/006, 84 channel words)
  5 synth.channel.gt channels in this layout are not carried by gw.readings
fir 2025-12-31 -> 2026-01-07
channels from hw1.isone.me.versant.keene.fir.scada layout.lite emitted 2026-01-06 00:25 ET
  (layout.lite/006, 84 channel words)
  5 synth.channel.gt channels in this layout are not carried by gw.readings
fir 2026-01-07 -> 2026-01-14
channels from hw1.isone.me.versant.keene.fir.scada layout.lite emitted 2026-01-13 04:20 ET
  (layout.lite/007, 98 channel words)
fir 2026-01-14 -> 2026-01-21
channels from hw1.isone.me.versant.keene.fir.scada layout.lite emitted 2026-01-19 05:58 ET
  (layout.lite/009, 98 channel words)
fir 2026-01-21 -> 2026-01-28
channels from hw1.isone.me.versant.keene.fir.scada layout.lite emitted 2026-01-27 20:56 ET
  (layout.lite/009, 98 channel words)
fir 2026-01-28 -> 2026-02-04
channels from hw1.isone.me.versant.keene.fir.scada layout.lite emitted 2026-02-03 15:01 ET
  (layout.lite/009, 98 channel words)
fir 2026-02-04 -> 2026-02-11
channels from hw1.isone.me.versant.keene.fir.scada layout.lite emitted 2026-02-10 09:25 ET
  (layout.lite/009, 98 channel words)
fir 2026-02-11 -> 2026-02-18
channels from hw1.isone.me.versant.keene.fir.scada layout.lite emitted 2026-02-13 11:43 ET
  (layout.lite/009, 98 channel words)
fir 2026-02-18 -> 2026-02-25
channels from hw1.isone.me.versant.keene.fir.scada layout.lite emitted 2026-02-20 10:48 ET
  (layout.lite/010, 98 channel words)
fir 2026-02-25 -> 2026-03-04
channels from hw1.isone.me.versant.keene.fir.scada layout.lite emitted 2026-03-02 18:12 ET
  (layout.lite/011, 98 channel words)
fir 2026-03-04 -> 2026-03-11
channels from hw1.isone.me.versant.keene.fir.scada layout.lite emitted 2026-03-10 11:09 ET
  (layout.lite/011, 98 channel words)
fir 2026-03-11 -> 2026-03-18
channels from hw1.isone.me.versant.keene.fir.scada layout.lite emitted 2026-03-13 06:30 ET
  (layout.lite/011, 98 channel words)
fir 2026-03-18 -> 2026-03-25
channels from hw1.isone.me.versant.keene.fir.scada layout.lite emitted 2026-03-13 06:30 ET
  (layout.lite/011, 98 channel words)
fir 2026-03-25 -> 2026-04-01
channels from hw1.isone.me.versant.keene.fir.scada layout.lite emitted 2026-03-31 09:51 ET
  (layout.lite/011, 98 channel words)
fir 2026-04-01 -> 2026-04-08
channels from hw1.isone.me.versant.keene.fir.scada layout.lite emitted 2026-04-07 20:44 ET
  (layout.lite/011, 98 channel words)
fir 2026-04-08 -> 2026-04-15
channels from hw1.isone.me.versant.keene.fir.scada layout.lite emitted 2026-04-07 20:44 ET
  (layout.lite/011, 98 channel words)
fir 2026-04-15 -> 2026-04-22
channels from hw1.isone.me.versant.keene.fir.scada layout.lite emitted 2026-04-20 21:31 ET
  (layout.lite/011, 98 channel words)
fir 2026-04-22 -> 2026-04-29
channels from hw1.isone.me.versant.keene.fir.scada layout.lite emitted 2026-04-28 10:09 ET
  (layout.lite/011, 98 channel words)
fir 2026-04-29 -> 2026-05-01
channels from hw1.isone.me.versant.keene.fir.scada layout.lite emitted 2026-04-28 10:09 ET
  (layout.lite/011, 98 channel words)
wrote hw1.isone.me.versant.keene.fir.ta-20251001.20260501-hourly.dist.json (5054 hours)
