2026-08-25 16:10:26,497 | INFO | Importing the following message types from 2025-12-20 through 2025-12-22: 
  layout.lite
2026-08-25 16:10:37,427 | INFO | Completed messages for 2025-12-20T00:00:00
2026-08-25 16:10:48,935 | INFO | Layout from 2025-12-20T01:36:54.022000+00:00 for hw1.isone.me.versant.keene.beech.ta is older than the newest persisted (2026-08-15T23:50:40.516000+00:00): add-only sync, era boundary 2026-08-15T23:50:40.516000+00:00
2026-08-25 16:10:48,948 | INFO | Layout from 2025-12-20T12:14:38.594000+00:00 for hw1.isone.me.versant.keene.elm.ta is older than the newest persisted (2026-08-16T04:10:01.908000+00:00): add-only sync, era boundary 2026-08-16T04:10:01.908000+00:00
2026-08-25 16:10:48,949 | INFO | Era row for zone4-master-whitewire-pwr on hw1.isone.me.versant.keene.elm.ta retired at 2026-08-16T04:10:01.908000+00:00 (no active row)
2026-08-25 16:10:48,949 | INFO | Era row for buffer-depth1 on hw1.isone.me.versant.keene.elm.ta retired at 2026-08-16T04:10:01.908000+00:00 (derived.channel.gt:gw1.unit:FahrenheitX100/WaterTempCTimes1000)
2026-08-25 16:10:48,949 | INFO | Era row for buffer-depth2 on hw1.isone.me.versant.keene.elm.ta retired at 2026-08-16T04:10:01.908000+00:00 (derived.channel.gt:gw1.unit:FahrenheitX100/WaterTempCTimes1000)
2026-08-25 16:10:48,949 | INFO | Era row for buffer-depth3 on hw1.isone.me.versant.keene.elm.ta retired at 2026-08-16T04:10:01.908000+00:00 (derived.channel.gt:gw1.unit:FahrenheitX100/WaterTempCTimes1000)
2026-08-25 16:10:48,949 | INFO | Era row for tank1-depth1 on hw1.isone.me.versant.keene.elm.ta retired at 2026-08-16T04:10:01.908000+00:00 (derived.channel.gt:gw1.unit:FahrenheitX100/WaterTempCTimes1000)
2026-08-25 16:10:48,949 | INFO | Era row for tank1-depth2 on hw1.isone.me.versant.keene.elm.ta retired at 2026-08-16T04:10:01.908000+00:00 (derived.channel.gt:gw1.unit:FahrenheitX100/WaterTempCTimes1000)
2026-08-25 16:10:48,949 | INFO | Era row for tank1-depth3 on hw1.isone.me.versant.keene.elm.ta retired at 2026-08-16T04:10:01.908000+00:00 (derived.channel.gt:gw1.unit:FahrenheitX100/WaterTempCTimes1000)
2026-08-25 16:10:48,949 | INFO | Era row for tank2-depth1 on hw1.isone.me.versant.keene.elm.ta retired at 2026-08-16T04:10:01.908000+00:00 (derived.channel.gt:gw1.unit:FahrenheitX100/WaterTempCTimes1000)
2026-08-25 16:10:48,949 | INFO | Era row for tank2-depth2 on hw1.isone.me.versant.keene.elm.ta retired at 2026-08-16T04:10:01.908000+00:00 (derived.channel.gt:gw1.unit:FahrenheitX100/WaterTempCTimes1000)
2026-08-25 16:10:48,949 | INFO | Era row for tank2-depth3 on hw1.isone.me.versant.keene.elm.ta retired at 2026-08-16T04:10:01.908000+00:00 (derived.channel.gt:gw1.unit:FahrenheitX100/WaterTempCTimes1000)
2026-08-25 16:10:48,949 | INFO | Era row for tank3-depth1 on hw1.isone.me.versant.keene.elm.ta retired at 2026-08-16T04:10:01.908000+00:00 (derived.channel.gt:gw1.unit:FahrenheitX100/WaterTempCTimes1000)
2026-08-25 16:10:48,949 | INFO | Era row for tank3-depth2 on hw1.isone.me.versant.keene.elm.ta retired at 2026-08-16T04:10:01.908000+00:00 (derived.channel.gt:gw1.unit:FahrenheitX100/WaterTempCTimes1000)
2026-08-25 16:10:48,949 | INFO | Era row for tank3-depth3 on hw1.isone.me.versant.keene.elm.ta retired at 2026-08-16T04:10:01.908000+00:00 (derived.channel.gt:gw1.unit:FahrenheitX100/WaterTempCTimes1000)
2026-08-25 16:10:48,949 | INFO | Era row for required-energy on hw1.isone.me.versant.keene.elm.ta retired at 2026-08-16T04:10:01.908000+00:00 (derived.channel.gt:gw1.unit:WattHours/WattHours)
2026-08-25 16:10:48,949 | INFO | Era row for usable-energy on hw1.isone.me.versant.keene.elm.ta retired at 2026-08-16T04:10:01.908000+00:00 (derived.channel.gt:gw1.unit:WattHours/WattHours)
2026-08-25 16:10:48,949 | INFO | Era row for zone4-master-heat-call on hw1.isone.me.versant.keene.elm.ta retired at 2026-08-16T04:10:01.908000+00:00 (no active row)
2026-08-25 16:10:48,964 | INFO | Layout from 2025-12-20T12:29:53.492000+00:00 for hw1.isone.me.versant.keene.elm.ta is older than the newest persisted (2026-08-16T04:10:01.908000+00:00): add-only sync, era boundary 2026-08-16T04:10:01.908000+00:00
2026-08-25 16:10:48,977 | INFO | Layout from 2025-12-20T17:15:39.283000+00:00 for hw1.isone.me.versant.keene.beech.ta is older than the newest persisted (2026-08-15T23:50:40.516000+00:00): add-only sync, era boundary 2026-08-15T23:50:40.516000+00:00
2026-08-25 16:10:48,987 | INFO | Layout from 2025-12-20T17:17:54.442000+00:00 for hw1.isone.me.versant.keene.beech.ta is older than the newest persisted (2026-08-15T23:50:40.516000+00:00): add-only sync, era boundary 2026-08-15T23:50:40.516000+00:00
2026-08-25 16:10:48,998 | INFO | Layout from 2025-12-20T17:35:01.584000+00:00 for hw1.isone.me.versant.keene.beech.ta is older than the newest persisted (2026-08-15T23:50:40.516000+00:00): add-only sync, era boundary 2026-08-15T23:50:40.516000+00:00
2026-08-25 16:10:49,010 | INFO | Layout from 2025-12-20T17:35:10.978000+00:00 for hw1.isone.me.versant.keene.elm.ta is older than the newest persisted (2026-08-16T04:10:01.908000+00:00): add-only sync, era boundary 2026-08-16T04:10:01.908000+00:00
2026-08-25 16:10:49,021 | INFO | Layout from 2025-12-20T17:35:18.075000+00:00 for hw1.isone.me.versant.keene.fir.ta is older than the newest persisted (2026-08-25T10:35:02.954000+00:00): add-only sync, era boundary 2026-08-25T10:35:02.954000+00:00
2026-08-25 16:10:49,032 | INFO | Layout from 2025-12-20T17:35:25.547000+00:00 for hw1.isone.me.versant.keene.maple.ta is older than the newest persisted (2026-08-16T00:01:46.132000+00:00): add-only sync, era boundary 2026-08-16T00:01:46.132000+00:00
2026-08-25 16:10:49,032 | INFO | Era row for buffer-depth1 on hw1.isone.me.versant.keene.maple.ta retired at 2026-08-16T00:01:46.132000+00:00 (derived.channel.gt:gw1.unit:FahrenheitX100/WaterTempCTimes1000)
2026-08-25 16:10:49,032 | INFO | Era row for buffer-depth2 on hw1.isone.me.versant.keene.maple.ta retired at 2026-08-16T00:01:46.132000+00:00 (derived.channel.gt:gw1.unit:FahrenheitX100/WaterTempCTimes1000)
2026-08-25 16:10:49,032 | INFO | Era row for buffer-depth3 on hw1.isone.me.versant.keene.maple.ta retired at 2026-08-16T00:01:46.132000+00:00 (derived.channel.gt:gw1.unit:FahrenheitX100/WaterTempCTimes1000)
2026-08-25 16:10:49,032 | INFO | Era row for tank1-depth1 on hw1.isone.me.versant.keene.maple.ta retired at 2026-08-16T00:01:46.132000+00:00 (derived.channel.gt:gw1.unit:FahrenheitX100/WaterTempCTimes1000)
2026-08-25 16:10:49,032 | INFO | Era row for tank1-depth2 on hw1.isone.me.versant.keene.maple.ta retired at 2026-08-16T00:01:46.132000+00:00 (derived.channel.gt:gw1.unit:FahrenheitX100/WaterTempCTimes1000)
2026-08-25 16:10:49,032 | INFO | Era row for tank1-depth3 on hw1.isone.me.versant.keene.maple.ta retired at 2026-08-16T00:01:46.132000+00:00 (derived.channel.gt:gw1.unit:FahrenheitX100/WaterTempCTimes1000)
2026-08-25 16:10:49,032 | INFO | Era row for tank2-depth1 on hw1.isone.me.versant.keene.maple.ta retired at 2026-08-16T00:01:46.132000+00:00 (derived.channel.gt:gw1.unit:FahrenheitX100/WaterTempCTimes1000)
2026-08-25 16:10:49,032 | INFO | Era row for tank2-depth2 on hw1.isone.me.versant.keene.maple.ta retired at 2026-08-16T00:01:46.132000+00:00 (derived.channel.gt:gw1.unit:FahrenheitX100/WaterTempCTimes1000)
2026-08-25 16:10:49,033 | INFO | Era row for tank2-depth3 on hw1.isone.me.versant.keene.maple.ta retired at 2026-08-16T00:01:46.132000+00:00 (derived.channel.gt:gw1.unit:FahrenheitX100/WaterTempCTimes1000)
2026-08-25 16:10:49,033 | INFO | Era row for tank3-depth1 on hw1.isone.me.versant.keene.maple.ta retired at 2026-08-16T00:01:46.132000+00:00 (derived.channel.gt:gw1.unit:FahrenheitX100/WaterTempCTimes1000)
2026-08-25 16:10:49,033 | INFO | Era row for tank3-depth2 on hw1.isone.me.versant.keene.maple.ta retired at 2026-08-16T00:01:46.132000+00:00 (derived.channel.gt:gw1.unit:FahrenheitX100/WaterTempCTimes1000)
2026-08-25 16:10:49,033 | INFO | Era row for tank3-depth3 on hw1.isone.me.versant.keene.maple.ta retired at 2026-08-16T00:01:46.132000+00:00 (derived.channel.gt:gw1.unit:FahrenheitX100/WaterTempCTimes1000)
2026-08-25 16:10:49,033 | INFO | Era row for required-energy on hw1.isone.me.versant.keene.maple.ta retired at 2026-08-16T00:01:46.132000+00:00 (derived.channel.gt:gw1.unit:WattHours/WattHours)
2026-08-25 16:10:49,033 | INFO | Era row for usable-energy on hw1.isone.me.versant.keene.maple.ta retired at 2026-08-16T00:01:46.132000+00:00 (derived.channel.gt:gw1.unit:WattHours/WattHours)
2026-08-25 16:10:49,035 | INFO | Completed messages for 2025-12-21T00:00:00
2026-08-25 16:11:03,494 | INFO | Layout from 2025-12-20T17:35:33.244000+00:00 for hw1.isone.me.versant.keene.oak.ta is older than the newest persisted (2026-08-24T06:12:14.439000+00:00): add-only sync, era boundary 2026-08-24T06:12:14.439000+00:00
2026-08-25 16:11:03,511 | INFO | Layout from 2025-12-20T23:36:40.761000+00:00 for hw1.isone.me.versant.keene.beech.ta is older than the newest persisted (2026-08-15T23:50:40.516000+00:00): add-only sync, era boundary 2026-08-15T23:50:40.516000+00:00
2026-08-25 16:11:03,527 | INFO | Layout from 2025-12-21T00:37:01.737000+00:00 for hw1.isone.me.versant.keene.beech.ta is older than the newest persisted (2026-08-15T23:50:40.516000+00:00): add-only sync, era boundary 2026-08-15T23:50:40.516000+00:00
2026-08-25 16:11:03,542 | INFO | Layout from 2025-12-21T01:36:16.836000+00:00 for hw1.isone.me.versant.keene.beech.ta is older than the newest persisted (2026-08-15T23:50:40.516000+00:00): add-only sync, era boundary 2026-08-15T23:50:40.516000+00:00
2026-08-25 16:11:03,555 | INFO | Layout from 2025-12-21T02:36:31.747000+00:00 for hw1.isone.me.versant.keene.beech.ta is older than the newest persisted (2026-08-15T23:50:40.516000+00:00): add-only sync, era boundary 2026-08-15T23:50:40.516000+00:00
2026-08-25 16:11:03,566 | INFO | Layout from 2025-12-21T03:36:54.789000+00:00 for hw1.isone.me.versant.keene.beech.ta is older than the newest persisted (2026-08-15T23:50:40.516000+00:00): add-only sync, era boundary 2026-08-15T23:50:40.516000+00:00
2026-08-25 16:11:03,578 | INFO | Layout from 2025-12-21T07:37:03.790000+00:00 for hw1.isone.me.versant.keene.beech.ta is older than the newest persisted (2026-08-15T23:50:40.516000+00:00): add-only sync, era boundary 2026-08-15T23:50:40.516000+00:00
2026-08-25 16:11:03,593 | INFO | Layout from 2025-12-21T10:36:55.990000+00:00 for hw1.isone.me.versant.keene.beech.ta is older than the newest persisted (2026-08-15T23:50:40.516000+00:00): add-only sync, era boundary 2026-08-15T23:50:40.516000+00:00
2026-08-25 16:11:03,605 | INFO | Layout from 2025-12-21T11:36:12.733000+00:00 for hw1.isone.me.versant.keene.beech.ta is older than the newest persisted (2026-08-15T23:50:40.516000+00:00): add-only sync, era boundary 2026-08-15T23:50:40.516000+00:00
2026-08-25 16:11:03,616 | INFO | Layout from 2025-12-21T11:41:25.872000+00:00 for hw1.isone.me.versant.keene.maple.ta is older than the newest persisted (2026-08-16T00:01:46.132000+00:00): add-only sync, era boundary 2026-08-16T00:01:46.132000+00:00
2026-08-25 16:11:03,617 | INFO | Completed messages for 2025-12-22T00:00:00
2026-08-25 16:11:03,626 | INFO | Layout from 2025-12-21T13:36:41.783000+00:00 for hw1.isone.me.versant.keene.beech.ta is older than the newest persisted (2026-08-15T23:50:40.516000+00:00): add-only sync, era boundary 2026-08-15T23:50:40.516000+00:00
2026-08-25 16:11:03,639 | INFO | Layout from 2025-12-21T14:36:58.798000+00:00 for hw1.isone.me.versant.keene.beech.ta is older than the newest persisted (2026-08-15T23:50:40.516000+00:00): add-only sync, era boundary 2026-08-15T23:50:40.516000+00:00
2026-08-25 16:11:03,651 | INFO | Layout from 2025-12-21T15:25:46.564000+00:00 for hw1.isone.me.versant.keene.maple.ta is older than the newest persisted (2026-08-16T00:01:46.132000+00:00): add-only sync, era boundary 2026-08-16T00:01:46.132000+00:00
2026-08-25 16:11:03,661 | INFO | Layout from 2025-12-21T15:37:14.929000+00:00 for hw1.isone.me.versant.keene.beech.ta is older than the newest persisted (2026-08-15T23:50:40.516000+00:00): add-only sync, era boundary 2026-08-15T23:50:40.516000+00:00
2026-08-25 16:11:03,673 | INFO | Layout from 2025-12-21T16:36:30.891000+00:00 for hw1.isone.me.versant.keene.beech.ta is older than the newest persisted (2026-08-15T23:50:40.516000+00:00): add-only sync, era boundary 2026-08-15T23:50:40.516000+00:00
2026-08-25 16:11:03,684 | INFO | Layout from 2025-12-22T10:45:26.161000+00:00 for hw1.isone.me.versant.keene.maple.ta is older than the newest persisted (2026-08-16T00:01:46.132000+00:00): add-only sync, era boundary 2026-08-16T00:01:46.132000+00:00
2026-08-25 16:11:04,040 | INFO | Layout from 2025-12-22T10:46:49.839000+00:00 for hw1.isone.me.versant.keene.maple.ta is older than the newest persisted (2026-08-16T00:01:46.132000+00:00): add-only sync, era boundary 2026-08-16T00:01:46.132000+00:00
2026-08-25 16:11:04,059 | INFO | Layout from 2025-12-22T10:47:12.816000+00:00 for hw1.isone.me.versant.keene.maple.ta is older than the newest persisted (2026-08-16T00:01:46.132000+00:00): add-only sync, era boundary 2026-08-16T00:01:46.132000+00:00
2026-08-25 16:11:04,555 | INFO | Layout from 2025-12-22T10:48:00.338000+00:00 for hw1.isone.me.versant.keene.maple.ta is older than the newest persisted (2026-08-16T00:01:46.132000+00:00): add-only sync, era boundary 2026-08-16T00:01:46.132000+00:00
2026-08-25 16:11:04,578 | INFO | Layout from 2025-12-22T11:22:43.546000+00:00 for hw1.isone.me.versant.keene.maple.ta is older than the newest persisted (2026-08-16T00:01:46.132000+00:00): add-only sync, era boundary 2026-08-16T00:01:46.132000+00:00
2026-08-25 16:11:04,579 | INFO | Era row for buffer-depth1-unadjusted on hw1.isone.me.versant.keene.maple.ta retired at 2026-08-16T00:01:46.132000+00:00 (no active row)
2026-08-25 16:11:04,579 | INFO | Era row for buffer-depth2-unadjusted on hw1.isone.me.versant.keene.maple.ta retired at 2026-08-16T00:01:46.132000+00:00 (no active row)
2026-08-25 16:11:04,579 | INFO | Era row for buffer-depth3-unadjusted on hw1.isone.me.versant.keene.maple.ta retired at 2026-08-16T00:01:46.132000+00:00 (no active row)
2026-08-25 16:11:04,579 | INFO | Era row for tank1-depth1-unadjusted on hw1.isone.me.versant.keene.maple.ta retired at 2026-08-16T00:01:46.132000+00:00 (no active row)
2026-08-25 16:11:04,579 | INFO | Era row for tank1-depth2-unadjusted on hw1.isone.me.versant.keene.maple.ta retired at 2026-08-16T00:01:46.132000+00:00 (no active row)
2026-08-25 16:11:04,579 | INFO | Era row for tank1-depth3-unadjusted on hw1.isone.me.versant.keene.maple.ta retired at 2026-08-16T00:01:46.132000+00:00 (no active row)
2026-08-25 16:11:04,579 | INFO | Era row for tank2-depth1-unadjusted on hw1.isone.me.versant.keene.maple.ta retired at 2026-08-16T00:01:46.132000+00:00 (no active row)
2026-08-25 16:11:04,579 | INFO | Era row for tank2-depth2-unadjusted on hw1.isone.me.versant.keene.maple.ta retired at 2026-08-16T00:01:46.132000+00:00 (no active row)
2026-08-25 16:11:04,580 | INFO | Era row for tank2-depth3-unadjusted on hw1.isone.me.versant.keene.maple.ta retired at 2026-08-16T00:01:46.132000+00:00 (no active row)
2026-08-25 16:11:04,580 | INFO | Era row for tank3-depth1-unadjusted on hw1.isone.me.versant.keene.maple.ta retired at 2026-08-16T00:01:46.132000+00:00 (no active row)
2026-08-25 16:11:04,580 | INFO | Era row for tank3-depth2-unadjusted on hw1.isone.me.versant.keene.maple.ta retired at 2026-08-16T00:01:46.132000+00:00 (no active row)
2026-08-25 16:11:04,580 | INFO | Era row for tank3-depth3-unadjusted on hw1.isone.me.versant.keene.maple.ta retired at 2026-08-16T00:01:46.132000+00:00 (no active row)
2026-08-25 16:11:04,600 | INFO | Layout from 2025-12-22T11:23:45.622000+00:00 for hw1.isone.me.versant.keene.maple.ta is older than the newest persisted (2026-08-16T00:01:46.132000+00:00): add-only sync, era boundary 2026-08-16T00:01:46.132000+00:00
2026-08-25 16:11:04,619 | INFO | Layout from 2025-12-22T12:25:44.777000+00:00 for hw1.isone.me.versant.keene.maple.ta is older than the newest persisted (2026-08-16T00:01:46.132000+00:00): add-only sync, era boundary 2026-08-16T00:01:46.132000+00:00
2026-08-25 16:11:04,636 | INFO | Layout from 2025-12-22T16:08:15.051000+00:00 for hw1.isone.me.versant.keene.maple.ta is older than the newest persisted (2026-08-16T00:01:46.132000+00:00): add-only sync, era boundary 2026-08-16T00:01:46.132000+00:00
2026-08-25 16:11:04,654 | INFO | Layout from 2025-12-22T17:18:11.552000+00:00 for hw1.isone.me.versant.keene.beech.ta is older than the newest persisted (2026-08-15T23:50:40.516000+00:00): add-only sync, era boundary 2026-08-15T23:50:40.516000+00:00
2026-08-25 16:11:04,669 | INFO | Layout from 2025-12-22T17:19:46.213000+00:00 for hw1.isone.me.versant.keene.beech.ta is older than the newest persisted (2026-08-15T23:50:40.516000+00:00): add-only sync, era boundary 2026-08-15T23:50:40.516000+00:00
2026-08-25 16:11:04,672 | INFO | 
==============================================================================
RUN SUMMARY (messages processed: 34)
------------------------------------------------------------------------------
type_name                                  version       ok  degraded  failed
------------------------------------------------------------------------------
layout.lite                                    006       34         0       0
==============================================================================
No degraded versions — every accepted type decoded cleanly.
Era rows added by add-only layout syncs:
  - hw1.isone.me.versant.keene.elm.ta / buffer-depth1 (1)
  - hw1.isone.me.versant.keene.elm.ta / buffer-depth2 (1)
  - hw1.isone.me.versant.keene.elm.ta / buffer-depth3 (1)
  - hw1.isone.me.versant.keene.elm.ta / required-energy (1)
  - hw1.isone.me.versant.keene.elm.ta / tank1-depth1 (1)
  - hw1.isone.me.versant.keene.elm.ta / tank1-depth2 (1)
  - hw1.isone.me.versant.keene.elm.ta / tank1-depth3 (1)
  - hw1.isone.me.versant.keene.elm.ta / tank2-depth1 (1)
  - hw1.isone.me.versant.keene.elm.ta / tank2-depth2 (1)
  - hw1.isone.me.versant.keene.elm.ta / tank2-depth3 (1)
  - hw1.isone.me.versant.keene.elm.ta / tank3-depth1 (1)
  - hw1.isone.me.versant.keene.elm.ta / tank3-depth2 (1)
  - hw1.isone.me.versant.keene.elm.ta / tank3-depth3 (1)
  - hw1.isone.me.versant.keene.elm.ta / usable-energy (1)
  - hw1.isone.me.versant.keene.elm.ta / zone4-master-heat-call (1)
  - hw1.isone.me.versant.keene.elm.ta / zone4-master-whitewire-pwr (1)
  - hw1.isone.me.versant.keene.maple.ta / buffer-depth1 (1)
  - hw1.isone.me.versant.keene.maple.ta / buffer-depth1-unadjusted (1)
  - hw1.isone.me.versant.keene.maple.ta / buffer-depth2 (1)
  - hw1.isone.me.versant.keene.maple.ta / buffer-depth2-unadjusted (1)
  - hw1.isone.me.versant.keene.maple.ta / buffer-depth3 (1)
  - hw1.isone.me.versant.keene.maple.ta / buffer-depth3-unadjusted (1)
  - hw1.isone.me.versant.keene.maple.ta / required-energy (1)
  - hw1.isone.me.versant.keene.maple.ta / tank1-depth1 (1)
  - hw1.isone.me.versant.keene.maple.ta / tank1-depth1-unadjusted (1)
  - hw1.isone.me.versant.keene.maple.ta / tank1-depth2 (1)
  - hw1.isone.me.versant.keene.maple.ta / tank1-depth2-unadjusted (1)
  - hw1.isone.me.versant.keene.maple.ta / tank1-depth3 (1)
  - hw1.isone.me.versant.keene.maple.ta / tank1-depth3-unadjusted (1)
  - hw1.isone.me.versant.keene.maple.ta / tank2-depth1 (1)
  - hw1.isone.me.versant.keene.maple.ta / tank2-depth1-unadjusted (1)
  - hw1.isone.me.versant.keene.maple.ta / tank2-depth2 (1)
  - hw1.isone.me.versant.keene.maple.ta / tank2-depth2-unadjusted (1)
  - hw1.isone.me.versant.keene.maple.ta / tank2-depth3 (1)
  - hw1.isone.me.versant.keene.maple.ta / tank2-depth3-unadjusted (1)
  - hw1.isone.me.versant.keene.maple.ta / tank3-depth1 (1)
  - hw1.isone.me.versant.keene.maple.ta / tank3-depth1-unadjusted (1)
  - hw1.isone.me.versant.keene.maple.ta / tank3-depth2 (1)
  - hw1.isone.me.versant.keene.maple.ta / tank3-depth2-unadjusted (1)
  - hw1.isone.me.versant.keene.maple.ta / tank3-depth3 (1)
  - hw1.isone.me.versant.keene.maple.ta / tank3-depth3-unadjusted (1)
  - hw1.isone.me.versant.keene.maple.ta / usable-energy (1)
==============================================================================
2026-08-25 16:11:04,672 | INFO | Wrote run summary to /Users/jessica/GridWorks/experiments/ops498-load/runs/20260825T2008/pass1_2025-12-20_2025-12-22.json
