2026-08-12 13:30:27.516 
2026-08-12 13:30:27.517 Env file: <.env>  exists: True
2026-08-12 13:30:27.517 Settings:
2026-08-12 13:30:27.519 {
  "paths": {
    "base": "gridworks",
    "name": "scada",
    "relative_path": "gridworks/scada",
    "data_home": "/home/pi/.local/share",
    "state_home": "/home/pi/.local/state",
    "config_home": "/home/pi/.config",
    "data_dir": "/home/pi/.local/share/gridworks/scada",
    "config_dir": "/home/pi/.config/gridworks/scada",
    "certs_dir": "/home/pi/.config/gridworks/scada/certs",
    "event_dir": "/home/pi/.local/share/gridworks/scada/event",
    "log_dir": "/home/pi/.local/state/gridworks/scada/log",
    "hardware_layout": "/home/pi/.config/gridworks/scada/hardware-layout.json"
  },
  "logging": {
    "base_log_name": "gridworks",
    "base_log_level": 30,
    "levels": {
      "message_summary": 30,
      "lifecycle": 20,
      "comm_event": 20,
      "io_loop": 20
    },
    "formatter": {
      "fmt": "%(asctime)s %(message)s",
      "datefmt": "",
      "default_msec_format": "%s.%03d",
      "use_utc": false
    },
    "file_handler": {
      "filename": "proactor.log",
      "bytes_per_log_file": 2097152,
      "num_log_files": 10,
      "level": 0
    },
    "io_loop": {
      "file_handler": {
        "filename": "io_loop.log",
        "bytes_per_log_file": 2097152,
        "num_log_files": 2,
        "level": 0
      },
      "on_screen": false
    },
    "aiohttp_logging": false,
    "paho_logging": false
  },
  "proactor": {
    "mqtt_link_poll_seconds": 60.0,
    "ack_timeout_seconds": 5.0,
    "num_initial_event_reuploads": 5,
    "num_inflight_events": 50
  },
  "pico_cycler_state_logging": false,
  "power_meter_logging_level": 30,
  "contract_rep_logging_level": 20,
  "relay_multiplexer_logging_level": 20,
  "paho_logging": false,
  "local_mqtt": {
    "host": "localhost",
    "port": 1883,
    "keepalive": 60,
    "bind_address": "",
    "bind_port": 0,
    "username": "bench",
    "password": "**********",
    "tls": {
      "use_tls": false,
      "port": 8883,
      "paths": {
        "ca_cert_path": "/home/pi/.config/gridworks/scada/certs/local_mqtt/ca.crt",
        "cert_path": "/home/pi/.config/gridworks/scada/certs/local_mqtt/local_mqtt.crt",
        "private_key_path": "/home/pi/.config/gridworks/scada/certs/local_mqtt/private/local_mqtt.pem"
      },
      "cert_reqs": 2,
      "ciphers": null,
      "keyfile_password": ""
    }
  },
  "gridworks_mqtt": {
    "host": "localhost",
    "port": 1883,
    "keepalive": 60,
    "bind_address": "",
    "bind_port": 0,
    "username": "bench",
    "password": "**********",
    "tls": {
      "use_tls": false,
      "port": 8883,
      "paths": {
        "ca_cert_path": "/home/pi/.config/gridworks/scada/certs/gridworks_mqtt/ca.crt",
        "cert_path": "/home/pi/.config/gridworks/scada/certs/gridworks_mqtt/gridworks_mqtt.crt",
        "private_key_path": "/home/pi/.config/gridworks/scada/certs/gridworks_mqtt/private/gridworks_mqtt.pem"
      },
      "cert_reqs": 2,
      "ciphers": null,
      "keyfile_password": ""
    }
  },
  "seconds_per_report": 300,
  "seconds_per_snapshot": 30,
  "async_power_reporting_threshold": 0.02,
  "persister": {
    "max_bytes": 524288000
  },
  "admin": {
    "host": "localhost",
    "port": 1883,
    "keepalive": 60,
    "bind_address": "",
    "bind_port": 0,
    "username": null,
    "password": "",
    "tls": {
      "use_tls": false,
      "port": 8883,
      "paths": {
        "ca_cert_path": "/home/pi/.config/gridworks/scada/certs/admin/ca.crt",
        "cert_path": "/home/pi/.config/gridworks/scada/certs/admin/admin.crt",
        "private_key_path": "/home/pi/.config/gridworks/scada/certs/admin/private/admin.pem"
      },
      "cert_reqs": 2,
      "ciphers": null,
      "keyfile_password": ""
    },
    "enabled": false,
    "name": "admin",
    "max_timeout_seconds": 86400.0
  },
  "timezone_str": "America/New_York",
  "operational_params_path": "",
  "hp_max_kw_el": 9.66,
  "is_simulated": false,
  "whitewire_threshold_watts": 20.0,
  "hp_model": "SamsungFiveTonneHydroKit",
  "airtable_pat": "bogus_pat"
}
ScadaSettings(
    paths=Paths(
        base=PosixPath('gridworks'),
        name=PosixPath('scada'),
        relative_path=PosixPath('gridworks/scada'),
        data_home=PosixPath('/home/pi/.local/share'),
        state_home=PosixPath('/home/pi/.local/state'),
        config_home=PosixPath('/home/pi/.config'),
        data_dir=PosixPath('/home/pi/.local/share/gridworks/scada'),
        config_dir=PosixPath('/home/pi/.config/gridworks/scada'),
        certs_dir=PosixPath('/home/pi/.config/gridworks/scada/certs'),
        event_dir=PosixPath('/home/pi/.local/share/gridworks/scada/event'),
        log_dir=PosixPath('/home/pi/.local/state/gridworks/scada/log'),
        hardware_layout=PosixPath('/home/pi/.config/gridworks/scada/hardware-lay
out.json')
    ),
    logging=LoggingSettings(
        base_log_name='gridworks',
        base_log_level=30,
        levels=LoggerLevels(
            message_summary=30,
            lifecycle=20,
            comm_event=20,
            io_loop=20
        ),
        formatter=FormatterSettings(
            fmt='%(asctime)s %(message)s',
            datefmt='',
            default_msec_format='%s.%03d',
            use_utc=False
        ),
        file_handler=RotatingFileHandlerSettings(
            filename='proactor.log',
            bytes_per_log_file=2097152,
            num_log_files=10,
            level=0
        ),
        io_loop=IOLoopLoggerSettings(
            file_handler=RotatingFileHandlerSettings(
                filename='io_loop.log',
                bytes_per_log_file=2097152,
                num_log_files=2,
                level=0
            ),
            on_screen=False
        ),
        aiohttp_logging=False,
        paho_logging=False
    ),
    proactor=ProactorSettings(
        mqtt_link_poll_seconds=60.0,
        ack_timeout_seconds=5.0,
        num_initial_event_reuploads=5,
        num_inflight_events=50
    ),
    pico_cycler_state_logging=False,
    power_meter_logging_level=30,
    contract_rep_logging_level=20,
    relay_multiplexer_logging_level=20,
    paho_logging=False,
    local_mqtt=MQTTClient(
        host='localhost',
        port=1883,
        keepalive=60,
        bind_address='',
        bind_port=0,
        username='bench',
        password=SecretStr('**********'),
        tls=TLSInfo(
            use_tls=False,
            port=8883,
            paths=TLSPaths(
                ca_cert_path=PosixPath('/home/pi/.config/gridworks/scada/certs/l
ocal_mqtt/ca.crt'),
                cert_path=PosixPath('/home/pi/.config/gridworks/scada/certs/loca
l_mqtt/local_mqtt.crt'),
                private_key_path=PosixPath('/home/pi/.config/gridworks/scada/cer
ts/local_mqtt/private/local_mqtt.pem')
            ),
            cert_reqs=<VerifyMode.CERT_REQUIRED: 2>,
            ciphers=None,
            keyfile_password=SecretStr('')
        )
    ),
    gridworks_mqtt=MQTTClient(
        host='localhost',
        port=1883,
        keepalive=60,
        bind_address='',
        bind_port=0,
        username='bench',
        password=SecretStr('**********'),
        tls=TLSInfo(
            use_tls=False,
            port=8883,
            paths=TLSPaths(
                ca_cert_path=PosixPath('/home/pi/.config/gridworks/scada/certs/g
ridworks_mqtt/ca.crt'),
                cert_path=PosixPath('/home/pi/.config/gridworks/scada/certs/grid
works_mqtt/gridworks_mqtt.crt'),
                private_key_path=PosixPath('/home/pi/.config/gridworks/scada/cer
ts/gridworks_mqtt/private/gridworks_mqtt.pem')
            ),
            cert_reqs=<VerifyMode.CERT_REQUIRED: 2>,
            ciphers=None,
            keyfile_password=SecretStr('')
        )
    ),
    seconds_per_report=300,
    seconds_per_snapshot=30,
    async_power_reporting_threshold=0.02,
    persister=PersisterSettings(max_bytes=524288000),
    admin=AdminLinkSettings(
        host='localhost',
        port=1883,
        keepalive=60,
        bind_address='',
        bind_port=0,
        username=None,
        password=SecretStr(''),
        tls=TLSInfo(
            use_tls=False,
            port=8883,
            paths=TLSPaths(
                ca_cert_path=PosixPath('/home/pi/.config/gridworks/scada/certs/a
dmin/ca.crt'),
                cert_path=PosixPath('/home/pi/.config/gridworks/scada/certs/admi
n/admin.crt'),
                private_key_path=PosixPath('/home/pi/.config/gridworks/scada/cer
ts/admin/private/admin.pem')
            ),
            cert_reqs=<VerifyMode.CERT_REQUIRED: 2>,
            ciphers=None,
            keyfile_password=SecretStr('')
        ),
        enabled=False,
        name='admin',
        max_timeout_seconds=86400
    ),
    timezone_str='America/New_York',
    operational_params_path='',
    hp_max_kw_el=9.66,
    is_simulated=False,
    whitewire_threshold_watts=20.0,
    hp_model=<HpModel.SamsungFiveTonneHydroKit: 'SamsungFiveTonneHydroKit'>,
    airtable_pat='bogus_pat'
)
2026-08-12 13:30:27.597 Proactor <ProactorName(long_name='d1.bench.honeysuckle.scada', short_name='s')> reindexing events
2026-08-12 13:30:27.606 Proactor <ProactorName(long_name='d1.bench.honeysuckle.scada', short_name='s')> reindexing complete.
  131 events present for upload, using approximately 25 KB / 0.0 MB storage space.
2026-08-12 13:30:27.615 Skip binding of 'trigger' to model due to model override policy.
2026-08-12 13:30:27.616 Skip binding of 'may_trigger' to model due to model override policy.
2026-08-12 13:30:27.675 [la] Params: AlphaTimes10=55 BetaTimes100=-10 GammaEx6=0 IntermediatePowerKw=1.5 IntermediateRswtF=100 DdPowerKw=5.5 DdRswtF=150 DdDeltaTF=20 HpMaxKwEl=9.66 MaxEwtF=170 LoadOverestimationPercent=0 CopIntercept=1.02 CopOatCoeff=0.0257 CopLwtCoeff=0.0 CopMin=1.4 CopMinOatF=15.0 HpTurnOnMinutes=12 TypeName='ha1.params' Version='006'
2026-08-12 13:30:27.676 Creating LeafAlly with strategy AllTanks, using actors.leaf_ally.all_tanks.AllTanksLeafAlly
2026-08-12 13:30:27.676 [pico-cycler] PicoCycler initialized with no Pico-backed actors
2026-08-12 13:30:27.677 Skip binding of 'WakeUp' to model due to model override policy.
2026-08-12 13:30:27.678 [derived-generator] self.timezone: America/New_York
2026-08-12 13:30:27.678 [derived-generator] self.latitude: 44.3
2026-08-12 13:30:27.679 [derived-generator] self.longitude: -69.8
2026-08-12 13:30:27.679 [derived-generator] Params: AlphaTimes10=55 BetaTimes100=-10 GammaEx6=0 IntermediatePowerKw=1.5 IntermediateRswtF=100 DdPowerKw=5.5 DdRswtF=150 DdDeltaTF=20 HpMaxKwEl=9.66 MaxEwtF=170 LoadOverestimationPercent=0 CopIntercept=1.02 CopOatCoeff=0.0257 CopLwtCoeff=0.0 CopMin=1.4 CopMinOatF=15.0 HpTurnOnMinutes=12 TypeName='ha1.params' Version='006'
2026-08-12 13:30:27.679 [derived-generator] self.is_simulated: False
2026-08-12 13:30:27.684 [lc] Set auto.lc.n command tree
2026-08-12 13:30:27.684 [lc] Starting Nolan Local Control in Normal (scripted witness; ops SystemMode Heating)
2026-08-12 13:30:27.685 Creating LocalControl with system mode Heating and seasonal storage mode AllTanks, using actors.local_control.nolan.NolanLocalControl
/home/pi/gridworks-scada/gw_spaceheat/actors/relay.py:187: RuntimeWarning: This channel is already in use, continuing anyway.  Use GPIO.setwarnings(False) to disable warnings.
  self.GPIO.setup(self._gpio_pin, GPIO.OUT)
2026-08-12 13:30:27.691 
Subscription info for <d1.bench.honeysuckle.scada> [construction]
  Client name: <gridworks_mqtt>  topic_dst: <ltn>
    Publish to: gw/d1-bench-honeysuckle-scada/to/ltn/SOME_MESSAGE_TYPE
    Subscriptions:
      [('gw/d1-bench-honeysuckle/to/s/#', <QOS.AtMostOnce: 0>)]
  Client name: <local_mqtt>  topic_dst: <s2>
    Publish to: gw/d1-bench-honeysuckle-scada/to/s2/SOME_MESSAGE_TYPE
    Subscriptions:
      [('gw/d1-bench-honeysuckle-scada-s2/to/s/#', <QOS.AtMostOnce: 0>)]
  Client name: <admin>  topic_dst: <admin>
    Publish to: gw/d1-bench-honeysuckle-scada/to/admin/SOME_MESSAGE_TYPE
    Subscriptions:
      [('gw/admin/to/d1-bench-honeysuckle-scada/#', <QOS.AtMostOnce: 0>)]

2026-08-12 13:30:27.702 [zone1-bench1-opto] GpioSensor started on GPIO 17
2026-08-12 13:30:27.709 [zone2-bench2-opto] GpioSensor started on GPIO 27
2026-08-12 13:30:27.712 [zone3-bench3-opto] GpioSensor started on GPIO 22
2026-08-12 13:30:27.712 [zone4-bench4-opto] GpioSensor started on GPIO 10
2026-08-12 13:30:27.713 [gw108-thermistor-reader] I2cThermistorReader started at address 73
2026-08-12 13:30:27.713 ++Proactor<s>.join()
2026-08-12 13:30:27.715 Tasks: 25  [Proactor.join() - all tasks]
	1/25  send_ping<local_mqtt>           done:False   exception: None  <coroutine object LinkManager.send_ping at 0x7f81aad8a0>
	2/25  zone1-bench1-opto-main          done:False   exception: None  <coroutine object GpioSensor.main at 0x7f81aad300>
	3/25  send_ping<admin>                done:False   exception: None  <coroutine object LinkManager.send_ping at 0x7f81aad990>
	4/25  zone2-bench2-opto-main          done:False   exception: None  <coroutine object GpioSensor.main at 0x7f81aad3f0>
	5/25  report_sender                   done:False   exception: None  <coroutine object Scada.report_sending_task at 0x7f81b47920>
	6/25  LeafAlly keepalive              done:False   exception: None  <coroutine object AllTanksLeafAlly.main at 0x7f81a66c00>
	7/25  zone3-bench3-opto-main          done:False   exception: None  <coroutine object GpioSensor.main at 0x7f81aad7b0>
	8/25  picocycler keepalive            done:False   exception: None  <coroutine object PicoCycler.main at 0x7f81e35580>
	9/25  snap_sender                     done:False   exception: None  <coroutine object Scada.snap_sending_task at 0x7f81cc18a0>
	10/25  Derived Generator keepalive     done:False   exception: None  <coroutine object DerivedGenerator.main at 0x7f81aac7c0>
	11/25  scada top_state_tracker         done:False   exception: None  <coroutine object Scada.state_tracker at 0x7f81a88b80>
	12/25  gw108-thermistor-reader-main    done:False   exception: None  <coroutine object I2cThermistorReader.main at 0x7f81e35940>
	13/25  NolanLocalControl keepalive     done:False   exception: None  <coroutine object NolanLocalControl.main at 0x7f81cc0ba0>
	14/25  ApiTankModule keepalive         done:False   exception: None  <coroutine object ApiTankModule.main at 0x7f81ab0140>
	15/25  NolanLocalControl witness       done:False   exception: None  <coroutine object NolanLocalControl._scripted_witness at 0x7f81e356c0>
	16/25  ApiTankModule keepalive         done:False   exception: None  <coroutine object ApiTankModule.main at 0x7f81ab0d40>
	17/25  i2c-bus-init-guard              done:False   exception: None  <coroutine object I2cBus._init_expanders at 0x7f81a884c0>
	18/25  gw108-dac2-writer-main          done:False   exception: None  <coroutine object I2cDacWriter._main at 0x7f81b47b90>
	19/25  pat_watchdog                    done:False   exception: None  <coroutine object WatchdogManager._check_pats at 0x7f81dc1a60>
	20/25  i2c-bus-heartbeat               done:False   exception: None  <coroutine object I2cBus._heartbeat at 0x7f81cc1150>
	21/25  process_messages                done:False   exception: None  <coroutine object Proactor.process_messages at 0x7f81a88a60>
	22/25  Task-1                          done:False   exception: None  <coroutine object Proactor.run_forever at 0x7f81b4a500>
	23/25  relay state reporter            done:False   exception: None  <coroutine object Relay.main at 0x7f81aad210>
	24/25  send_ping<gridworks_mqtt>       done:False   exception: None  <coroutine object LinkManager.send_ping at 0x7f81aad5d0>
	25/25  zone4-bench4-opto-main          done:False   exception: None  <coroutine object GpioSensor.main at 0x7f81aad6c0>

2026-08-12 13:30:27.716 Tasks: 43  [WAITING FOR]
	1/43  hp-boss.join                    done:False   exception: None  <coroutine object HpBoss.join at 0x7f81ad8f40>
	2/43  send_ping<local_mqtt>           done:False   exception: None  <coroutine object LinkManager.send_ping at 0x7f81aad8a0>
	3/43  zone1-bench1-opto-main          done:False   exception: None  <coroutine object GpioSensor.main at 0x7f81aad300>
	4/43  s.join                          done:False   exception: None  <coroutine object PrimeActor.join at 0x7f81ad87c0>
	5/43  gw108-dac2-writer.join          done:False   exception: None  <coroutine object I2cDacWriter.join at 0x7f81ad9fc0>
	6/43  send_ping<admin>                done:False   exception: None  <coroutine object LinkManager.send_ping at 0x7f81aad990>
	7/43  zone3-bench3-opto.join          done:False   exception: None  <coroutine object GpioSensor.join at 0x7f81ad9840>
	8/43  zone2-bench2-opto-main          done:False   exception: None  <coroutine object GpioSensor.main at 0x7f81aad3f0>
	9/43  i2c-bus.join                    done:False   exception: None  <coroutine object I2cBus.join at 0x7f81ad90c0>
	10/43  LeafAlly keepalive              done:False   exception: None  <coroutine object AllTanksLeafAlly.main at 0x7f81a66c00>
	11/43  report_sender                   done:False   exception: None  <coroutine object Scada.report_sending_task at 0x7f81b47920>
	12/43  zone3-bench3-opto-main          done:False   exception: None  <coroutine object GpioSensor.main at 0x7f81aad7b0>
	13/43  la.join                         done:False   exception: None  <coroutine object LeafAlly.join at 0x7f81ad8940>
	14/43  picocycler keepalive            done:False   exception: None  <coroutine object PicoCycler.main at 0x7f81e35580>
	15/43  snap_sender                     done:False   exception: None  <coroutine object Scada.snap_sending_task at 0x7f81cc18a0>
	16/43  zone4-bench4-opto.join          done:False   exception: None  <coroutine object GpioSensor.join at 0x7f81ad99c0>
	17/43  power-meter.join                done:False   exception: None  <coroutine object SyncThreadActor.join at 0x7f81ad9240>
	18/43  Derived Generator keepalive     done:False   exception: None  <coroutine object DerivedGenerator.main at 0x7f81aac7c0>
	19/43  scada top_state_tracker         done:False   exception: None  <coroutine object Scada.state_tracker at 0x7f81a88b80>
	20/43  gw108-thermistor-reader-main    done:False   exception: None  <coroutine object I2cThermistorReader.main at 0x7f81e35940>
	21/43  pico-cycler.join                done:False   exception: None  <coroutine object PicoCycler.join at 0x7f81ad8ac0>
	22/43  NolanLocalControl keepalive     done:False   exception: None  <coroutine object NolanLocalControl.main at 0x7f81cc0ba0>
	23/43  watchdog_manager.join           done:False   exception: None  <coroutine object WatchdogManager.join at 0x7f81a67920>
	24/43  gw108-thermistor-reader.join    done:False   exception: None  <coroutine object I2cThermistorReader.join at 0x7f81ad9b40>
	25/43  ApiTankModule keepalive         done:False   exception: None  <coroutine object ApiTankModule.main at 0x7f81ab0140>
	26/43  vdc-relay-gpio-23.join          done:False   exception: None  <coroutine object Relay.join at 0x7f81ad93c0>
	27/43  NolanLocalControl witness       done:False   exception: None  <coroutine object NolanLocalControl._scripted_witness at 0x7f81e356c0>
	28/43  ApiTankModule keepalive         done:False   exception: None  <coroutine object ApiTankModule.main at 0x7f81ab0d40>
	29/43  derived-generator.join          done:False   exception: None  <coroutine object DerivedGenerator.join at 0x7f81ad8c40>
	30/43  i2c-bus-init-guard              done:False   exception: None  <coroutine object I2cBus._init_expanders at 0x7f81a884c0>
	31/43  io_loop_manager.join            done:False   exception: None  <coroutine object IOLoop.join at 0x7f81ad84c0>
	32/43  buffer.join                     done:False   exception: None  <coroutine object ApiTankModule.join at 0x7f81ad9cc0>
	33/43  gw108-dac2-writer-main          done:False   exception: None  <coroutine object I2cDacWriter._main at 0x7f81b47b90>
	34/43  zone1-bench1-opto.join          done:False   exception: None  <coroutine object GpioSensor.join at 0x7f81ad9540>
	35/43  i2c-bus-heartbeat               done:False   exception: None  <coroutine object I2cBus._heartbeat at 0x7f81cc1150>
	36/43  process_messages                done:False   exception: None  <coroutine object Proactor.process_messages at 0x7f81a88a60>
	37/43  lc.join                         done:False   exception: None  <coroutine object LocalControl.join at 0x7f81ad8dc0>
	38/43  relay state reporter            done:False   exception: None  <coroutine object Relay.main at 0x7f81aad210>
	39/43  _WebManager.join                done:False   exception: None  <coroutine object _WebManager.join at 0x7f81ad8640>
	40/43  tank1.join                      done:False   exception: None  <coroutine object ApiTankModule.join at 0x7f81ad9e40>
	41/43  send_ping<gridworks_mqtt>       done:False   exception: None  <coroutine object LinkManager.send_ping at 0x7f81aad5d0>
	42/43  zone2-bench2-opto.join          done:False   exception: None  <coroutine object GpioSensor.join at 0x7f81ad96c0>
	43/43  zone4-bench4-opto-main          done:False   exception: None  <coroutine object GpioSensor.main at 0x7f81aad6c0>

2026-08-12 13:30:27.718 [derived-generator] SynthGen about to get forecasts
2026-08-12 13:30:27.723 [i2c-bus] expander 0x20: already configured — warm takeover, outputs left driving
2026-08-12 13:30:27.725 [i2c-bus] expander 0x21: already configured — warm takeover, outputs left driving
2026-08-12 13:30:27.737 gridworks_mqtt:  connecting -- mqtt_connected --> awaiting_setup_and_peer
2026-08-12 13:30:27.739 admin:  connecting -- mqtt_connected --> awaiting_setup_and_peer
2026-08-12 13:30:27.743 admin:  awaiting_setup_and_peer -- mqtt_disconnected --> connecting
2026-08-12 13:30:27.743 local_mqtt:  connecting -- mqtt_connected --> awaiting_setup_and_peer
2026-08-12 13:30:27.755 Tasks: 19  [DONE]
	1/19  hp-boss.join                    done:True   exception: None  <coroutine object HpBoss.join at 0x7f81ad8f40>
	2/19  gw108-dac2-writer.join          done:True   exception: None  <coroutine object I2cDacWriter.join at 0x7f81ad9fc0>
	3/19  s.join                          done:True   exception: None  <coroutine object PrimeActor.join at 0x7f81ad87c0>
	4/19  zone3-bench3-opto.join          done:True   exception: None  <coroutine object GpioSensor.join at 0x7f81ad9840>
	5/19  i2c-bus.join                    done:True   exception: None  <coroutine object I2cBus.join at 0x7f81ad90c0>
	6/19  la.join                         done:True   exception: None  <coroutine object LeafAlly.join at 0x7f81ad8940>
	7/19  zone4-bench4-opto.join          done:True   exception: None  <coroutine object GpioSensor.join at 0x7f81ad99c0>
	8/19  pico-cycler.join                done:True   exception: None  <coroutine object PicoCycler.join at 0x7f81ad8ac0>
	9/19  gw108-thermistor-reader.join    done:True   exception: None  <coroutine object I2cThermistorReader.join at 0x7f81ad9b40>
	10/19  vdc-relay-gpio-23.join          done:True   exception: None  <coroutine object Relay.join at 0x7f81ad93c0>
	11/19  derived-generator.join          done:True   exception: None  <coroutine object DerivedGenerator.join at 0x7f81ad8c40>
	12/19  buffer.join                     done:True   exception: None  <coroutine object ApiTankModule.join at 0x7f81ad9cc0>
	13/19  i2c-bus-init-guard              done:True   exception: None  <coroutine object I2cBus._init_expanders at 0x7f81a884c0>
	14/19  io_loop_manager.join            done:True   exception: None  <coroutine object IOLoop.join at 0x7f81ad84c0>
	15/19  zone1-bench1-opto.join          done:True   exception: None  <coroutine object GpioSensor.join at 0x7f81ad9540>
	16/19  lc.join                         done:True   exception: None  <coroutine object LocalControl.join at 0x7f81ad8dc0>
	17/19  _WebManager.join                done:True   exception: None  <coroutine object _WebManager.join at 0x7f81ad8640>
	18/19  tank1.join                      done:True   exception: None  <coroutine object ApiTankModule.join at 0x7f81ad9e40>
	19/19  zone2-bench2-opto.join          done:True   exception: None  <coroutine object GpioSensor.join at 0x7f81ad96c0>

2026-08-12 13:30:27.756 Tasks: 24  [PENDING]
	1/24  send_ping<local_mqtt>           done:False   exception: None  <coroutine object LinkManager.send_ping at 0x7f81aad8a0>
	2/24  zone1-bench1-opto-main          done:False   exception: None  <coroutine object GpioSensor.main at 0x7f81aad300>
	3/24  send_ping<admin>                done:False   exception: None  <coroutine object LinkManager.send_ping at 0x7f81aad990>
	4/24  zone2-bench2-opto-main          done:False   exception: None  <coroutine object GpioSensor.main at 0x7f81aad3f0>
	5/24  report_sender                   done:False   exception: None  <coroutine object Scada.report_sending_task at 0x7f81b47920>
	6/24  LeafAlly keepalive              done:False   exception: None  <coroutine object AllTanksLeafAlly.main at 0x7f81a66c00>
	7/24  zone3-bench3-opto-main          done:False   exception: None  <coroutine object GpioSensor.main at 0x7f81aad7b0>
	8/24  picocycler keepalive            done:False   exception: None  <coroutine object PicoCycler.main at 0x7f81e35580>
	9/24  snap_sender                     done:False   exception: None  <coroutine object Scada.snap_sending_task at 0x7f81cc18a0>
	10/24  power-meter.join                done:False   exception: None  <coroutine object SyncThreadActor.join at 0x7f81ad9240>
	11/24  Derived Generator keepalive     done:False   exception: None  <coroutine object DerivedGenerator.main at 0x7f81aac7c0>
	12/24  scada top_state_tracker         done:False   exception: None  <coroutine object Scada.state_tracker at 0x7f81a88b80>
	13/24  gw108-thermistor-reader-main    done:False   exception: None  <coroutine object I2cThermistorReader.main at 0x7f81e35940>
	14/24  NolanLocalControl keepalive     done:False   exception: None  <coroutine object NolanLocalControl.main at 0x7f81cc0ba0>
	15/24  watchdog_manager.join           done:False   exception: None  <coroutine object WatchdogManager.join at 0x7f81a67920>
	16/24  ApiTankModule keepalive         done:False   exception: None  <coroutine object ApiTankModule.main at 0x7f81ab0140>
	17/24  NolanLocalControl witness       done:False   exception: None  <coroutine object NolanLocalControl._scripted_witness at 0x7f81e356c0>
	18/24  ApiTankModule keepalive         done:False   exception: None  <coroutine object ApiTankModule.main at 0x7f81ab0d40>
	19/24  gw108-dac2-writer-main          done:False   exception: None  <coroutine object I2cDacWriter._main at 0x7f81b47b90>
	20/24  i2c-bus-heartbeat               done:False   exception: None  <coroutine object I2cBus._heartbeat at 0x7f81cc1150>
	21/24  process_messages                done:False   exception: None  <coroutine object Proactor.process_messages at 0x7f81a88a60>
	22/24  relay state reporter            done:False   exception: None  <coroutine object Relay.main at 0x7f81aad210>
	23/24  send_ping<gridworks_mqtt>       done:False   exception: None  <coroutine object LinkManager.send_ping at 0x7f81aad5d0>
	24/24  zone4-bench4-opto-main          done:False   exception: None  <coroutine object GpioSensor.main at 0x7f81aad6c0>

2026-08-12 13:30:27.756 Tasks: 24  [WAITING FOR]
	1/24  send_ping<local_mqtt>           done:False   exception: None  <coroutine object LinkManager.send_ping at 0x7f81aad8a0>
	2/24  zone1-bench1-opto-main          done:False   exception: None  <coroutine object GpioSensor.main at 0x7f81aad300>
	3/24  send_ping<admin>                done:False   exception: None  <coroutine object LinkManager.send_ping at 0x7f81aad990>
	4/24  zone2-bench2-opto-main          done:False   exception: None  <coroutine object GpioSensor.main at 0x7f81aad3f0>
	5/24  report_sender                   done:False   exception: None  <coroutine object Scada.report_sending_task at 0x7f81b47920>
	6/24  LeafAlly keepalive              done:False   exception: None  <coroutine object AllTanksLeafAlly.main at 0x7f81a66c00>
	7/24  zone3-bench3-opto-main          done:False   exception: None  <coroutine object GpioSensor.main at 0x7f81aad7b0>
	8/24  picocycler keepalive            done:False   exception: None  <coroutine object PicoCycler.main at 0x7f81e35580>
	9/24  snap_sender                     done:False   exception: None  <coroutine object Scada.snap_sending_task at 0x7f81cc18a0>
	10/24  power-meter.join                done:False   exception: None  <coroutine object SyncThreadActor.join at 0x7f81ad9240>
	11/24  Derived Generator keepalive     done:False   exception: None  <coroutine object DerivedGenerator.main at 0x7f81aac7c0>
	12/24  scada top_state_tracker         done:False   exception: None  <coroutine object Scada.state_tracker at 0x7f81a88b80>
	13/24  gw108-thermistor-reader-main    done:False   exception: None  <coroutine object I2cThermistorReader.main at 0x7f81e35940>
	14/24  NolanLocalControl keepalive     done:False   exception: None  <coroutine object NolanLocalControl.main at 0x7f81cc0ba0>
	15/24  watchdog_manager.join           done:False   exception: None  <coroutine object WatchdogManager.join at 0x7f81a67920>
	16/24  ApiTankModule keepalive         done:False   exception: None  <coroutine object ApiTankModule.main at 0x7f81ab0140>
	17/24  NolanLocalControl witness       done:False   exception: None  <coroutine object NolanLocalControl._scripted_witness at 0x7f81e356c0>
	18/24  ApiTankModule keepalive         done:False   exception: None  <coroutine object ApiTankModule.main at 0x7f81ab0d40>
	19/24  gw108-dac2-writer-main          done:False   exception: None  <coroutine object I2cDacWriter._main at 0x7f81b47b90>
	20/24  i2c-bus-heartbeat               done:False   exception: None  <coroutine object I2cBus._heartbeat at 0x7f81cc1150>
	21/24  process_messages                done:False   exception: None  <coroutine object Proactor.process_messages at 0x7f81a88a60>
	22/24  relay state reporter            done:False   exception: None  <coroutine object Relay.main at 0x7f81aad210>
	23/24  send_ping<gridworks_mqtt>       done:False   exception: None  <coroutine object LinkManager.send_ping at 0x7f81aad5d0>
	24/24  zone4-bench4-opto-main          done:False   exception: None  <coroutine object GpioSensor.main at 0x7f81aad6c0>

2026-08-12 13:30:27.757 local_mqtt:  awaiting_setup_and_peer -- mqtt_suback --> awaiting_peer
2026-08-12 13:30:27.765 [gw108-dac2-writer] gw108-dac2-writer: EEPROM verified against layout PowerOn values
2026-08-12 13:30:27.781 gridworks_mqtt:  awaiting_setup_and_peer -- mqtt_suback --> awaiting_peer
2026-08-12 13:30:27.880 [derived-generator] Obtained a 155-hour weather forecast starting at 1786557600
2026-08-12 13:30:27.885 [derived-generator] Calculating rswt_quadratic_params: [ 4.91228070e-04 -4.28070175e-02  8.68421053e-01]
2026-08-12 13:30:27.894 [derived-generator] Updating usable and required energy
2026-08-12 13:30:27.894 [derived-generator] Got forecast starting 2026-08-12 14:00:00
2026-08-12 13:30:27.905 [gw108-thermistor-reader] Warning Glitch: i2c-thermistor-broken
2026-08-12 13:30:28.042 [gw108-thermistor-reader] Warning Glitch: i2c-thermistor-broken
2026-08-12 13:30:28.178 [gw108-thermistor-reader] Warning Glitch: i2c-thermistor-broken
2026-08-12 13:30:28.314 [gw108-thermistor-reader] Warning Glitch: i2c-thermistor-broken
2026-08-12 13:30:28.715 admin:  connecting -- mqtt_connected --> awaiting_setup_and_peer
2026-08-12 13:30:28.717 admin:  awaiting_setup_and_peer -- mqtt_disconnected --> connecting
2026-08-12 13:30:30.717 admin:  connecting -- mqtt_connected --> awaiting_setup_and_peer
2026-08-12 13:30:30.720 admin:  awaiting_setup_and_peer -- mqtt_disconnected --> connecting
2026-08-12 13:30:30.722 [pico-cycler] TRIGGERING PICO REBOOT! None
2026-08-12 13:30:30.724 [pico-cycler] OpenRelay to vdc-relay-gpio-23
2026-08-12 13:30:30.726 [vdc-relay-gpio-23] Energizing: Setting pin 23 to High
2026-08-12 13:30:31.754 [scada] About to initialize contracts
2026-08-12 13:30:31.754 No contract
2026-08-12 13:30:31.754 Starting with no contract
2026-08-12 13:30:34.723 admin:  connecting -- mqtt_connected --> awaiting_setup_and_peer
2026-08-12 13:30:34.730 admin:  awaiting_setup_and_peer -- mqtt_disconnected --> connecting
2026-08-12 13:30:35.732 [pico-cycler] CloseRelay to vdc-relay-gpio-23
2026-08-12 13:30:35.735 [vdc-relay-gpio-23] De-energizing: Setting pin 23 to Low
2026-08-12 13:30:42.730 admin:  connecting -- mqtt_connected --> awaiting_setup_and_peer
2026-08-12 13:30:42.737 admin:  awaiting_setup_and_peer -- mqtt_disconnected --> connecting
2026-08-12 13:30:57.723 [lc] scripted witness: this layout lacks a fancoil circuit and/or a secondary-pump relay; going observe-only
2026-08-12 13:30:57.725 [lc] MonitorOnly: Normal -> Monitor
2026-08-12 13:30:57.727 Tasks: 1  [DONE]
	1/1  NolanLocalControl witness       done:True   exception: None  <coroutine object NolanLocalControl._scripted_witness at 0x7f81e356c0>

2026-08-12 13:30:57.728 Tasks: 23  [PENDING]
	1/23  send_ping<local_mqtt>           done:False   exception: None  <coroutine object LinkManager.send_ping at 0x7f81aad8a0>
	2/23  zone1-bench1-opto-main          done:False   exception: None  <coroutine object GpioSensor.main at 0x7f81aad300>
	3/23  send_ping<admin>                done:False   exception: None  <coroutine object LinkManager.send_ping at 0x7f81aad990>
	4/23  zone2-bench2-opto-main          done:False   exception: None  <coroutine object GpioSensor.main at 0x7f81aad3f0>
	5/23  LeafAlly keepalive              done:False   exception: None  <coroutine object AllTanksLeafAlly.main at 0x7f81a66c00>
	6/23  report_sender                   done:False   exception: None  <coroutine object Scada.report_sending_task at 0x7f81b47920>
	7/23  zone3-bench3-opto-main          done:False   exception: None  <coroutine object GpioSensor.main at 0x7f81aad7b0>
	8/23  picocycler keepalive            done:False   exception: None  <coroutine object PicoCycler.main at 0x7f81e35580>
	9/23  snap_sender                     done:False   exception: None  <coroutine object Scada.snap_sending_task at 0x7f81cc18a0>
	10/23  power-meter.join                done:False   exception: None  <coroutine object SyncThreadActor.join at 0x7f81ad9240>
	11/23  Derived Generator keepalive     done:False   exception: None  <coroutine object DerivedGenerator.main at 0x7f81aac7c0>
	12/23  scada top_state_tracker         done:False   exception: None  <coroutine object Scada.state_tracker at 0x7f81a88b80>
	13/23  gw108-thermistor-reader-main    done:False   exception: None  <coroutine object I2cThermistorReader.main at 0x7f81e35940>
	14/23  NolanLocalControl keepalive     done:False   exception: None  <coroutine object NolanLocalControl.main at 0x7f81cc0ba0>
	15/23  watchdog_manager.join           done:False   exception: None  <coroutine object WatchdogManager.join at 0x7f81a67920>
	16/23  ApiTankModule keepalive         done:False   exception: None  <coroutine object ApiTankModule.main at 0x7f81ab0140>
	17/23  ApiTankModule keepalive         done:False   exception: None  <coroutine object ApiTankModule.main at 0x7f81ab0d40>
	18/23  gw108-dac2-writer-main          done:False   exception: None  <coroutine object I2cDacWriter._main at 0x7f81b47b90>
	19/23  i2c-bus-heartbeat               done:False   exception: None  <coroutine object I2cBus._heartbeat at 0x7f81cc1150>
	20/23  process_messages                done:False   exception: None  <coroutine object Proactor.process_messages at 0x7f81a88a60>
	21/23  relay state reporter            done:False   exception: None  <coroutine object Relay.main at 0x7f81aad210>
	22/23  send_ping<gridworks_mqtt>       done:False   exception: None  <coroutine object LinkManager.send_ping at 0x7f81aad5d0>
	23/23  zone4-bench4-opto-main          done:False   exception: None  <coroutine object GpioSensor.main at 0x7f81aad6c0>

2026-08-12 13:30:57.729 Tasks: 23  [WAITING FOR]
	1/23  send_ping<local_mqtt>           done:False   exception: None  <coroutine object LinkManager.send_ping at 0x7f81aad8a0>
	2/23  zone1-bench1-opto-main          done:False   exception: None  <coroutine object GpioSensor.main at 0x7f81aad300>
	3/23  send_ping<admin>                done:False   exception: None  <coroutine object LinkManager.send_ping at 0x7f81aad990>
	4/23  zone2-bench2-opto-main          done:False   exception: None  <coroutine object GpioSensor.main at 0x7f81aad3f0>
	5/23  LeafAlly keepalive              done:False   exception: None  <coroutine object AllTanksLeafAlly.main at 0x7f81a66c00>
	6/23  report_sender                   done:False   exception: None  <coroutine object Scada.report_sending_task at 0x7f81b47920>
	7/23  zone3-bench3-opto-main          done:False   exception: None  <coroutine object GpioSensor.main at 0x7f81aad7b0>
	8/23  picocycler keepalive            done:False   exception: None  <coroutine object PicoCycler.main at 0x7f81e35580>
	9/23  snap_sender                     done:False   exception: None  <coroutine object Scada.snap_sending_task at 0x7f81cc18a0>
	10/23  power-meter.join                done:False   exception: None  <coroutine object SyncThreadActor.join at 0x7f81ad9240>
	11/23  Derived Generator keepalive     done:False   exception: None  <coroutine object DerivedGenerator.main at 0x7f81aac7c0>
	12/23  scada top_state_tracker         done:False   exception: None  <coroutine object Scada.state_tracker at 0x7f81a88b80>
	13/23  gw108-thermistor-reader-main    done:False   exception: None  <coroutine object I2cThermistorReader.main at 0x7f81e35940>
	14/23  NolanLocalControl keepalive     done:False   exception: None  <coroutine object NolanLocalControl.main at 0x7f81cc0ba0>
	15/23  watchdog_manager.join           done:False   exception: None  <coroutine object WatchdogManager.join at 0x7f81a67920>
	16/23  ApiTankModule keepalive         done:False   exception: None  <coroutine object ApiTankModule.main at 0x7f81ab0140>
	17/23  ApiTankModule keepalive         done:False   exception: None  <coroutine object ApiTankModule.main at 0x7f81ab0d40>
	18/23  gw108-dac2-writer-main          done:False   exception: None  <coroutine object I2cDacWriter._main at 0x7f81b47b90>
	19/23  i2c-bus-heartbeat               done:False   exception: None  <coroutine object I2cBus._heartbeat at 0x7f81cc1150>
	20/23  process_messages                done:False   exception: None  <coroutine object Proactor.process_messages at 0x7f81a88a60>
	21/23  relay state reporter            done:False   exception: None  <coroutine object Relay.main at 0x7f81aad210>
	22/23  send_ping<gridworks_mqtt>       done:False   exception: None  <coroutine object LinkManager.send_ping at 0x7f81aad5d0>
	23/23  zone4-bench4-opto-main          done:False   exception: None  <coroutine object GpioSensor.main at 0x7f81aad6c0>

2026-08-12 13:30:58.737 admin:  connecting -- mqtt_connected --> awaiting_setup_and_peer
2026-08-12 13:30:58.744 admin:  awaiting_setup_and_peer -- mqtt_disconnected --> connecting
2026-08-12 13:31:31.270 admin:  connecting -- mqtt_connected --> awaiting_setup_and_peer
2026-08-12 13:31:31.274 admin:  awaiting_setup_and_peer -- mqtt_disconnected --> connecting
2026-08-12 13:32:35.559 admin:  connecting -- mqtt_connected --> awaiting_setup_and_peer
2026-08-12 13:32:35.564 admin:  awaiting_setup_and_peer -- mqtt_disconnected --> connecting
2026-08-12 13:32:52.979 Shutting down due to ShutdownMessage, [Signal received: SIGTERM (15)]
2026-08-12 13:32:53.215 Tasks: 22  [DONE]
	1/22  send_ping<local_mqtt>           done:True   (cancelled)  <coroutine object LinkManager.send_ping at 0x7f81aad8a0>
	2/22  zone1-bench1-opto-main          done:True   (cancelled)  <coroutine object GpioSensor.main at 0x7f81aad300>
	3/22  send_ping<admin>                done:True   (cancelled)  <coroutine object LinkManager.send_ping at 0x7f81aad990>
	4/22  zone2-bench2-opto-main          done:True   (cancelled)  <coroutine object GpioSensor.main at 0x7f81aad3f0>
	5/22  report_sender                   done:True   (cancelled)  <coroutine object Scada.report_sending_task at 0x7f81b47920>
	6/22  LeafAlly keepalive              done:True   (cancelled)  <coroutine object AllTanksLeafAlly.main at 0x7f81a66c00>
	7/22  zone3-bench3-opto-main          done:True   (cancelled)  <coroutine object GpioSensor.main at 0x7f81aad7b0>
	8/22  picocycler keepalive            done:True   (cancelled)  <coroutine object PicoCycler.main at 0x7f81e35580>
	9/22  snap_sender                     done:True   (cancelled)  <coroutine object Scada.snap_sending_task at 0x7f81cc18a0>
	10/22  Derived Generator keepalive     done:True   (cancelled)  <coroutine object DerivedGenerator.main at 0x7f81aac7c0>
	11/22  scada top_state_tracker         done:True   (cancelled)  <coroutine object Scada.state_tracker at 0x7f81a88b80>
	12/22  gw108-thermistor-reader-main    done:True   (cancelled)  <coroutine object I2cThermistorReader.main at 0x7f81e35940>
	13/22  NolanLocalControl keepalive     done:True   (cancelled)  <coroutine object NolanLocalControl.main at 0x7f81cc0ba0>
	14/22  watchdog_manager.join           done:True   exception: None  <coroutine object WatchdogManager.join at 0x7f81a67920>
	15/22  ApiTankModule keepalive         done:True   (cancelled)  <coroutine object ApiTankModule.main at 0x7f81ab0140>
	16/22  ApiTankModule keepalive         done:True   (cancelled)  <coroutine object ApiTankModule.main at 0x7f81ab0d40>
	17/22  gw108-dac2-writer-main          done:True   (cancelled)  <coroutine object I2cDacWriter._main at 0x7f81b47b90>
	18/22  i2c-bus-heartbeat               done:True   (cancelled)  <coroutine object I2cBus._heartbeat at 0x7f81cc1150>
	19/22  process_messages                done:True   (cancelled)  <coroutine object Proactor.process_messages at 0x7f81a88a60>
	20/22  relay state reporter            done:True   (cancelled)  <coroutine object Relay.main at 0x7f81aad210>
	21/22  send_ping<gridworks_mqtt>       done:True   (cancelled)  <coroutine object LinkManager.send_ping at 0x7f81aad5d0>
	22/22  zone4-bench4-opto-main          done:True   (cancelled)  <coroutine object GpioSensor.main at 0x7f81aad6c0>

2026-08-12 13:32:53.216 Tasks: 1  [PENDING]
	1/1  power-meter.join                done:False   exception: None  <coroutine object SyncThreadActor.join at 0x7f81ad9240>

2026-08-12 13:32:53.217 Tasks: 1  [WAITING FOR]
	1/1  power-meter.join                done:False   exception: None  <coroutine object SyncThreadActor.join at 0x7f81ad9240>

2026-08-12 13:32:53.857 Tasks: 1  [DONE]
	1/1  power-meter.join                done:True   exception: None  <coroutine object SyncThreadActor.join at 0x7f81ad9240>

2026-08-12 13:32:53.857 Tasks: 0  [PENDING]

2026-08-12 13:32:53.858 --Proactor<s>.join()
[pico-cycler] Sleeping for 267.27570962905884
