2026-09-13 11:50:54.918 
2026-09-13 11:50:54.925 Env file: </home/pi/envs/dev.env>  exists: True
2026-09-13 11:50:54.926 Settings:
2026-09-13 11:50:54.930 {
  "paths": {
    "base": "gridworks",
    "name": "scada-experiment",
    "relative_path": "gridworks/scada-experiment",
    "data_home": "/home/pi/.local/share",
    "state_home": "/home/pi/.local/state",
    "config_home": "/home/pi/.config",
    "data_dir": "/home/pi/.local/share/gridworks/scada-experiment",
    "config_dir": "/home/pi/.config/gridworks/scada-experiment",
    "certs_dir": "/home/pi/.config/gridworks/scada-experiment/certs",
    "event_dir": "/home/pi/.local/share/gridworks/scada-experiment/event",
    "log_dir": "/home/pi/.local/state/gridworks/scada-experiment/log",
    "hardware_layout": "/home/pi/.config/gridworks/scada-experiment/hardware-layout.json",
    "operational_params": "/home/pi/.config/gridworks/scada-experiment/operational-params.json",
    "tadeed": "/home/pi/.config/gridworks/scada-experiment/ta-deed.json"
  },
  "logging": {
    "base_log_name": "gridworks",
    "base_log_level": 30,
    "levels": {
      "message_summary": 30,
      "lifecycle": 20,
      "comm_event": 20,
      "io_loop": 20
    },
    "formatter": {
      "fmt": "%(asctime)s %(message)s",
      "datefmt": "",
      "default_msec_format": "%s.%03d",
      "use_utc": false
    },
    "file_handler": {
      "filename": "proactor.log",
      "bytes_per_log_file": 2097152,
      "num_log_files": 10,
      "level": 0
    },
    "io_loop": {
      "file_handler": {
        "filename": "io_loop.log",
        "bytes_per_log_file": 2097152,
        "num_log_files": 2,
        "level": 0
      },
      "on_screen": false
    },
    "aiohttp_logging": false,
    "paho_logging": false
  },
  "proactor": {
    "mqtt_link_poll_seconds": 60.0,
    "ack_timeout_seconds": 5.0,
    "num_initial_event_reuploads": 5,
    "num_inflight_events": 50
  },
  "pico_cycler_state_logging": false,
  "power_meter_logging_level": 30,
  "contract_rep_logging_level": 20,
  "paho_logging": false,
  "local_mqtt": {
    "host": "localhost",
    "port": 1883,
    "keepalive": 60,
    "bind_address": "",
    "bind_port": 0,
    "username": "sara",
    "password": "**********",
    "tls": {
      "use_tls": false,
      "port": 8883,
      "paths": {
        "ca_cert_path": "/home/pi/.config/gridworks/scada-experiment/certs/local_mqtt/ca.crt",
        "cert_path": "/home/pi/.config/gridworks/scada-experiment/certs/local_mqtt/local_mqtt.crt",
        "private_key_path": "/home/pi/.config/gridworks/scada-experiment/certs/local_mqtt/private/local_mqtt.pem"
      },
      "cert_reqs": 2,
      "ciphers": null,
      "keyfile_password": ""
    }
  },
  "gridworks_mqtt": {
    "host": "localhost",
    "port": 1885,
    "keepalive": 60,
    "bind_address": "",
    "bind_port": 0,
    "username": "smqPublic",
    "password": "**********",
    "tls": {
      "use_tls": false,
      "port": 8883,
      "paths": {
        "ca_cert_path": "/home/pi/.config/gridworks/scada-experiment/certs/gridworks_mqtt/ca.crt",
        "cert_path": "/home/pi/.config/gridworks/scada-experiment/certs/gridworks_mqtt/gridworks_mqtt.crt",
        "private_key_path": "/home/pi/.config/gridworks/scada-experiment/certs/gridworks_mqtt/private/gridworks_mqtt.pem"
      },
      "cert_reqs": 2,
      "ciphers": null,
      "keyfile_password": ""
    }
  },
  "seconds_per_report": 300,
  "seconds_per_snapshot": 30,
  "async_power_reporting_threshold": 0.02,
  "persister": {
    "max_bytes": 524288000
  },
  "admin": {
    "host": "localhost",
    "port": 1883,
    "keepalive": 60,
    "bind_address": "",
    "bind_port": 0,
    "username": "sara",
    "password": "**********",
    "tls": {
      "use_tls": false,
      "port": 8883,
      "paths": {
        "ca_cert_path": "/home/pi/.config/gridworks/scada-experiment/certs/admin/ca.crt",
        "cert_path": "/home/pi/.config/gridworks/scada-experiment/certs/admin/admin.crt",
        "private_key_path": "/home/pi/.config/gridworks/scada-experiment/certs/admin/private/admin.pem"
      },
      "cert_reqs": 2,
      "ciphers": null,
      "keyfile_password": ""
    },
    "enabled": true,
    "name": "admin",
    "max_timeout_seconds": 86400.0
  },
  "timezone_str": "America/New_York",
  "latitude": 45.6573,
  "longitude": -68.7098,
  "whitewire_threshold_watts": 20.0,
  "hp_model": "SamsungFiveTonneHydroKit",
  "airtable_pat": "bogus_pat"
}
ScadaSettings(
    paths=ScadaPaths(
        base=PosixPath('gridworks'),
        name=PosixPath('scada-experiment'),
        relative_path=PosixPath('gridworks/scada-experiment'),
        data_home=PosixPath('/home/pi/.local/share'),
        state_home=PosixPath('/home/pi/.local/state'),
        config_home=PosixPath('/home/pi/.config'),
        data_dir=PosixPath('/home/pi/.local/share/gridworks/scada-experiment'),
        config_dir=PosixPath('/home/pi/.config/gridworks/scada-experiment'),
        certs_dir=PosixPath('/home/pi/.config/gridworks/scada-experiment/certs')
,
        event_dir=PosixPath('/home/pi/.local/share/gridworks/scada-experiment/ev
ent'),
        log_dir=PosixPath('/home/pi/.local/state/gridworks/scada-experiment/log'
),
        hardware_layout=PosixPath('/home/pi/.config/gridworks/scada-experiment/h
ardware-layout.json'),
        operational_params=PosixPath('/home/pi/.config/gridworks/scada-experimen
t/operational-params.json'),
        tadeed=PosixPath('/home/pi/.config/gridworks/scada-experiment/ta-deed.js
on')
    ),
    logging=LoggingSettings(
        base_log_name='gridworks',
        base_log_level=30,
        levels=LoggerLevels(
            message_summary=30,
            lifecycle=20,
            comm_event=20,
            io_loop=20
        ),
        formatter=FormatterSettings(
            fmt='%(asctime)s %(message)s',
            datefmt='',
            default_msec_format='%s.%03d',
            use_utc=False
        ),
        file_handler=RotatingFileHandlerSettings(
            filename='proactor.log',
            bytes_per_log_file=2097152,
            num_log_files=10,
            level=0
        ),
        io_loop=IOLoopLoggerSettings(
            file_handler=RotatingFileHandlerSettings(
                filename='io_loop.log',
                bytes_per_log_file=2097152,
                num_log_files=2,
                level=0
            ),
            on_screen=False
        ),
        aiohttp_logging=False,
        paho_logging=False
    ),
    proactor=ProactorSettings(
        mqtt_link_poll_seconds=60.0,
        ack_timeout_seconds=5.0,
        num_initial_event_reuploads=5,
        num_inflight_events=50
    ),
    pico_cycler_state_logging=False,
    power_meter_logging_level=30,
    contract_rep_logging_level=20,
    paho_logging=False,
    local_mqtt=MQTTClient(
        host='localhost',
        port=1883,
        keepalive=60,
        bind_address='',
        bind_port=0,
        username='sara',
        password=SecretStr('**********'),
        tls=TLSInfo(
            use_tls=False,
            port=8883,
            paths=TLSPaths(
                ca_cert_path=PosixPath('/home/pi/.config/gridworks/scada-experim
ent/certs/local_mqtt/ca.crt'),
                cert_path=PosixPath('/home/pi/.config/gridworks/scada-experiment
/certs/local_mqtt/local_mqtt.crt'),
                private_key_path=PosixPath('/home/pi/.config/gridworks/scada-exp
eriment/certs/local_mqtt/private/local_mqtt.pem')
            ),
            cert_reqs=<VerifyMode.CERT_REQUIRED: 2>,
            ciphers=None,
            keyfile_password=SecretStr('')
        )
    ),
    gridworks_mqtt=MQTTClient(
        host='localhost',
        port=1885,
        keepalive=60,
        bind_address='',
        bind_port=0,
        username='smqPublic',
        password=SecretStr('**********'),
        tls=TLSInfo(
            use_tls=False,
            port=8883,
            paths=TLSPaths(
                ca_cert_path=PosixPath('/home/pi/.config/gridworks/scada-experim
ent/certs/gridworks_mqtt/ca.crt'),
                cert_path=PosixPath('/home/pi/.config/gridworks/scada-experiment
/certs/gridworks_mqtt/gridworks_mqtt.crt'),
                private_key_path=PosixPath('/home/pi/.config/gridworks/scada-exp
eriment/certs/gridworks_mqtt/private/gridworks_mqtt.pem')
            ),
            cert_reqs=<VerifyMode.CERT_REQUIRED: 2>,
            ciphers=None,
            keyfile_password=SecretStr('')
        )
    ),
    seconds_per_report=300,
    seconds_per_snapshot=30,
    async_power_reporting_threshold=0.02,
    persister=PersisterSettings(max_bytes=524288000),
    admin=AdminLinkSettings(
        host='localhost',
        port=1883,
        keepalive=60,
        bind_address='',
        bind_port=0,
        username='sara',
        password=SecretStr('**********'),
        tls=TLSInfo(
            use_tls=False,
            port=8883,
            paths=TLSPaths(
                ca_cert_path=PosixPath('/home/pi/.config/gridworks/scada-experim
ent/certs/admin/ca.crt'),
                cert_path=PosixPath('/home/pi/.config/gridworks/scada-experiment
/certs/admin/admin.crt'),
                private_key_path=PosixPath('/home/pi/.config/gridworks/scada-exp
eriment/certs/admin/private/admin.pem')
            ),
            cert_reqs=<VerifyMode.CERT_REQUIRED: 2>,
            ciphers=None,
            keyfile_password=SecretStr('')
        ),
        enabled=True,
        name='admin',
        max_timeout_seconds=86400.0
    ),
    timezone_str='America/New_York',
    latitude=45.6573,
    longitude=-68.7098,
    whitewire_threshold_watts=20.0,
    hp_model=<HpModel.SamsungFiveTonneHydroKit: 'SamsungFiveTonneHydroKit'>,
    airtable_pat='bogus_pat'
)
2026-09-13 11:50:55.132 Proactor <ProactorName(long_name='hw1.isone.me.versant.keene.beech.scada', short_name='s')> reindexing events
2026-09-13 11:50:55.135 Proactor <ProactorName(long_name='hw1.isone.me.versant.keene.beech.scada', short_name='s')> reindexing complete.
  0 events present for upload, using approximately 0 KB / 0.0 MB storage space.
2026-09-13 11:50:55.139 [scada] SIMULATED
2026-09-13 11:50:55.146 Skip binding of 'trigger' to model due to model override policy.
2026-09-13 11:50:55.146 Skip binding of 'may_trigger' to model due to model override policy.
2026-09-13 11:50:55.232 [la] Params: AlphaTimes10=55 BetaTimes100=-10 GammaEx6=0 IntermediatePowerKw=1.5 IntermediateRswtF=100 DdPowerKw=5.5 DdRswtF=150 DdDeltaTF=20 HpMaxKwEl=9.66 MaxEwtF=170 LoadOverestimationPercent=0 CopIntercept=1.02 CopOatCoeff=0.0257 CopLwtCoeff=0.0 CopMin=1.4 CopMinOatF=15.0 HpTurnOnMinutes=12 TypeName='ha1.params' Version='006'
2026-09-13 11:50:55.233 Creating LeafAlly with strategy AllTanks, using actors.leaf_ally.house0.all_tanks.AllTanksLeafAlly
2026-09-13 11:50:55.234 Skip binding of 'WakeUp' to model due to model override policy.
2026-09-13 11:50:55.235 [derived-generator] self.timezone: America/New_York
2026-09-13 11:50:55.235 [derived-generator] self.latitude: 45.6573
2026-09-13 11:50:55.235 [derived-generator] self.longitude: -68.7098
2026-09-13 11:50:55.236 [derived-generator] Params: AlphaTimes10=55 BetaTimes100=-10 GammaEx6=0 IntermediatePowerKw=1.5 IntermediateRswtF=100 DdPowerKw=5.5 DdRswtF=150 DdDeltaTF=20 HpMaxKwEl=9.66 MaxEwtF=170 LoadOverestimationPercent=0 CopIntercept=1.02 CopOatCoeff=0.0257 CopLwtCoeff=0.0 CopMin=1.4 CopMinOatF=15.0 HpTurnOnMinutes=12 TypeName='ha1.params' Version='006'
2026-09-13 11:50:55.244 [lc] Set auto.lc.n command tree
2026-09-13 11:50:55.245 [lc] Starting Standby Local Control
2026-09-13 11:50:55.245 Creating LocalControl with actuation authority Standby and seasonal storage mode AllTanks, using actors.local_control.house0.standby.StandbyLocalControl
2026-09-13 11:50:55.261 Skip binding of 'trigger' to model due to model override policy.
2026-09-13 11:50:55.262 Skip binding of 'may_trigger' to model due to model override policy.
2026-09-13 11:50:55.264 
Subscription info for <hw1.isone.me.versant.keene.beech.scada> [construction]
  Client name: <gridworks_mqtt>  topic_dst: <ltn>
    Publish to: gw/hw1-isone-me-versant-keene-beech-scada/to/ltn/SOME_MESSAGE_TYPE
    Subscriptions:
      [('gw/hw1-isone-me-versant-keene-beech/to/s/#', <QOS.AtMostOnce: 0>)]
  Client name: <local_mqtt>  topic_dst: <s2>
    Publish to: gw/hw1-isone-me-versant-keene-beech-scada/to/s2/SOME_MESSAGE_TYPE
    Subscriptions:
      [('gw/hw1-isone-me-versant-keene-beech-scada-s2/to/s/#', <QOS.AtMostOnce: 0>)]
  Client name: <admin>  topic_dst: <admin>
    Publish to: gw/hw1-isone-me-versant-keene-beech-scada/to/admin/SOME_MESSAGE_TYPE
    Subscriptions:
      [('gw/admin/to/hw1-isone-me-versant-keene-beech-scada/#', <QOS.AtMostOnce: 0>)]

== window boot: hw1.isone.me.versant.keene.beech.scada for 3600s, broker localhost:1885 ==
2026-09-13 11:50:55.282 ++Proactor<s>.join()
2026-09-13 11:50:55.284 Tasks: 54  [Proactor.join() - all tasks]
	1/54  charge-discharge-relay-boot-adopt  done:False   exception: None  <coroutine object Relay._boot_adopt at 0x7f852cce40>
	2/54  primary-pump-failsafe-relay-boot-adopt  done:False   exception: None  <coroutine object Relay._boot_adopt at 0x7f852cd340>
	3/54  zone2-up-ops-relay-boot-adopt   done:False   exception: None  <coroutine object Relay._boot_adopt at 0x7f852cdc40>
	4/54  ApiTankModule keepalive         done:False   exception: None  <coroutine object ApiTankModule.main at 0x7f852beb20>
	5/54  relay state reporter            done:False   exception: None  <coroutine object Relay.main at 0x7f85130b80>
	6/54  relay state reporter            done:False   exception: None  <coroutine object Relay.main at 0x7f85131030>
	7/54  relay state reporter            done:False   exception: None  <coroutine object Relay.main at 0x7f851316c0>
	8/54  ApiTankModule sim pico          done:False   exception: None  <coroutine object ApiTankModule.sim_pico_main at 0x7f852cda40>
	9/54  hp-failsafe-relay-boot-adopt    done:False   exception: None  <coroutine object Relay._boot_adopt at 0x7f852ccf40>
	10/54  ApiBtuMeter keepalive           done:False   exception: None  <coroutine object ApiBtuMeter.main at 0x7f852bf920>
	11/54  primary-pump-scada-ops-relay-boot-adopt  done:False   exception: None  <coroutine object Relay._boot_adopt at 0x7f852cd440>
	12/54  ApiTankModule keepalive         done:False   exception: None  <coroutine object ApiTankModule.main at 0x7f852bec00>
	13/54  relay state reporter            done:False   exception: None  <coroutine object Relay.main at 0x7f85130c70>
	14/54  Task-2                          done:False   exception: None  <coroutine object Proactor.run_forever at 0x7f85408400>
	15/54  relay state reporter            done:False   exception: None  <coroutine object Relay.main at 0x7f85131120>
	16/54  process_messages                done:False   exception: None  <coroutine object Proactor.process_messages at 0x7f853ce510>
	17/54  ApiTankModule sim pico          done:False   exception: None  <coroutine object ApiTankModule.sim_pico_main at 0x7f852cd640>
	18/54  hp-scada-ops-relay-boot-adopt   done:False   exception: None  <coroutine object Relay._boot_adopt at 0x7f852cd040>
	19/54  pat_watchdog                    done:False   exception: None  <coroutine object WatchdogManager._check_pats at 0x7f853ce2b0>
	20/54  hp-loop-on-off-relay-boot-adopt  done:False   exception: None  <coroutine object Relay._boot_adopt at 0x7f852cd540>
	21/54  send_ping<gridworks_mqtt>       done:False   exception: None  <coroutine object LinkManager.send_ping at 0x7f852cdd40>
	22/54  dist-010v-main                  done:False   exception: None  <coroutine object ZeroTenOutputer.main_loop at 0x7f852bece0>
	23/54  relay state reporter            done:False   exception: None  <coroutine object Relay.main at 0x7f85130d60>
	24/54  relay state reporter            done:False   exception: None  <coroutine object Relay.main at 0x7f85131210>
	25/54  send_ping<local_mqtt>           done:False   exception: None  <coroutine object LinkManager.send_ping at 0x7f852cde40>
	26/54  i2c-bus-heartbeat               done:False   exception: None  <coroutine object I2cBus._heartbeat at 0x7f852be960>
	27/54  primary-010v-main               done:False   exception: None  <coroutine object ZeroTenOutputer.main_loop at 0x7f852bf220>
	28/54  aquastat-ctrl-relay-boot-adopt  done:False   exception: None  <coroutine object Relay._boot_adopt at 0x7f852cd140>
	29/54  picocycler keepalive            done:False   exception: None  <coroutine object PicoCycler.main at 0x7f85582ce0>
	30/54  relay state reporter            done:False   exception: None  <coroutine object Relay.main at 0x7f85131300>
	31/54  send_ping<admin>                done:False   exception: None  <coroutine object LinkManager.send_ping at 0x7f852cdf40>
	32/54  vdc-relay-boot-adopt            done:False   exception: None  <coroutine object Relay._boot_adopt at 0x7f852ccc40>
	33/54  store-010v-main                 done:False   exception: None  <coroutine object ZeroTenOutputer.main_loop at 0x7f852bf5a0>
	34/54  relay state reporter            done:False   exception: None  <coroutine object Relay.main at 0x7f85130e50>
	35/54  LeafAlly keepalive              done:False   exception: None  <coroutine object AllTanksLeafAlly.main at 0x7f852bc820>
	36/54  zone1-down-failsafe-relay-boot-adopt  done:False   exception: None  <coroutine object Relay._boot_adopt at 0x7f852cd840>
	37/54  report_sender                   done:False   exception: None  <coroutine object Scada.report_sending_task at 0x7f852bf760>
	38/54  relay state reporter            done:False   exception: None  <coroutine object Relay.main at 0x7f851309a0>
	39/54  Sieg Loop Synchronous Report    done:False   exception: None  <coroutine object SiegLoop.main at 0x7f85134ae0>
	40/54  hp-loop-keep-send-relay-boot-adopt  done:False   exception: None  <coroutine object Relay._boot_adopt at 0x7f852cd740>
	41/54  Derived Generator keepalive     done:False   exception: None  <coroutine object DerivedGenerator.main at 0x7f85130400>
	42/54  relay state reporter            done:False   exception: None  <coroutine object Relay.main at 0x7f851313f0>
	43/54  snap_sender                     done:False   exception: None  <coroutine object Scada.snap_sending_task at 0x7f852bf840>
	44/54  tstat-common-relay-boot-adopt   done:False   exception: None  <coroutine object Relay._boot_adopt at 0x7f852ccd40>
	45/54  zone2-up-failsafe-relay-boot-adopt  done:False   exception: None  <coroutine object Relay._boot_adopt at 0x7f852cdb40>
	46/54  store-pump-relay-boot-adopt     done:False   exception: None  <coroutine object Relay._boot_adopt at 0x7f852cd240>
	47/54  Task-1                          done:False   exception: None  <coroutine object _run_bounded at 0x7f854b1380>
	48/54  LocalControl keepalive          done:False   exception: None  <coroutine object StandbyLocalControl.main at 0x7f852bd700>
	49/54  zone1-down-ops-relay-boot-adopt  done:False   exception: None  <coroutine object Relay._boot_adopt at 0x7f852cd940>
	50/54  scada top_state_tracker         done:False   exception: None  <coroutine object Scada.state_tracker at 0x7f853ce640>
	51/54  relay state reporter            done:False   exception: None  <coroutine object Relay.main at 0x7f85130a90>
	52/54  relay state reporter            done:False   exception: None  <coroutine object Relay.main at 0x7f851315d0>
	53/54  relay state reporter            done:False   exception: None  <coroutine object Relay.main at 0x7f85130f40>
	54/54  relay state reporter            done:False   exception: None  <coroutine object Relay.main at 0x7f851314e0>

2026-09-13 11:50:55.286 Tasks: 86  [WAITING FOR]
	1/86  zone2-up-ops-relay-boot-adopt   done:False   exception: None  <coroutine object Relay._boot_adopt at 0x7f852cdc40>
	2/86  relay state reporter            done:False   exception: None  <coroutine object Relay.main at 0x7f851316c0>
	3/86  hp-scada-ops-relay.join         done:False   exception: None  <coroutine object Relay.join at 0x7f85152080>
	4/86  ApiBtuMeter keepalive           done:False   exception: None  <coroutine object ApiBtuMeter.main at 0x7f852bf920>
	5/86  process_messages                done:False   exception: None  <coroutine object Proactor.process_messages at 0x7f853ce510>
	6/86  aquastat-ctrl-relay.join        done:False   exception: None  <coroutine object Relay.join at 0x7f85152200>
	7/86  send_ping<gridworks_mqtt>       done:False   exception: None  <coroutine object LinkManager.send_ping at 0x7f852cdd40>
	8/86  send_ping<local_mqtt>           done:False   exception: None  <coroutine object LinkManager.send_ping at 0x7f852cde40>
	9/86  i2c-bus-heartbeat               done:False   exception: None  <coroutine object I2cBus._heartbeat at 0x7f852be960>
	10/86  store-pump-relay.join           done:False   exception: None  <coroutine object Relay.join at 0x7f85152380>
	11/86  send_ping<admin>                done:False   exception: None  <coroutine object LinkManager.send_ping at 0x7f852cdf40>
	12/86  vdc-relay-boot-adopt            done:False   exception: None  <coroutine object Relay._boot_adopt at 0x7f852ccc40>
	13/86  report_sender                   done:False   exception: None  <coroutine object Scada.report_sending_task at 0x7f852bf760>
	14/86  relay state reporter            done:False   exception: None  <coroutine object Relay.main at 0x7f851309a0>
	15/86  primary-pump-failsafe-relay.join  done:False   exception: None  <coroutine object Relay.join at 0x7f85152500>
	16/86  snap_sender                     done:False   exception: None  <coroutine object Scada.snap_sending_task at 0x7f852bf840>
	17/86  tstat-common-relay-boot-adopt   done:False   exception: None  <coroutine object Relay._boot_adopt at 0x7f852ccd40>
	18/86  scada top_state_tracker         done:False   exception: None  <coroutine object Scada.state_tracker at 0x7f853ce640>
	19/86  relay state reporter            done:False   exception: None  <coroutine object Relay.main at 0x7f85130a90>
	20/86  primary-pump-scada-ops-relay.join  done:False   exception: None  <coroutine object Relay.join at 0x7f85152680>
	21/86  watchdog_manager.join           done:False   exception: None  <coroutine object WatchdogManager.join at 0x7f85160120>
	22/86  charge-discharge-relay-boot-adopt  done:False   exception: None  <coroutine object Relay._boot_adopt at 0x7f852cce40>
	23/86  io_loop_manager.join            done:False   exception: None  <coroutine object IOLoop.join at 0x7f85150940>
	24/86  relay state reporter            done:False   exception: None  <coroutine object Relay.main at 0x7f85130b80>
	25/86  hp-loop-on-off-relay.join       done:False   exception: None  <coroutine object Relay.join at 0x7f85152800>
	26/86  hp-failsafe-relay-boot-adopt    done:False   exception: None  <coroutine object Relay._boot_adopt at 0x7f852ccf40>
	27/86  relay state reporter            done:False   exception: None  <coroutine object Relay.main at 0x7f85130c70>
	28/86  hp-loop-keep-send-relay.join    done:False   exception: None  <coroutine object Relay.join at 0x7f85152980>
	29/86  _WebManager.join                done:False   exception: None  <coroutine object _WebManager.join at 0x7f85150a00>
	30/86  hp-scada-ops-relay-boot-adopt   done:False   exception: None  <coroutine object Relay._boot_adopt at 0x7f852cd040>
	31/86  relay state reporter            done:False   exception: None  <coroutine object Relay.main at 0x7f85130d60>
	32/86  zone1-down-failsafe-relay.join  done:False   exception: None  <coroutine object Relay.join at 0x7f85152b00>
	33/86  s.join                          done:False   exception: None  <coroutine object PrimeActor.join at 0x7f85150b80>
	34/86  aquastat-ctrl-relay-boot-adopt  done:False   exception: None  <coroutine object Relay._boot_adopt at 0x7f852cd140>
	35/86  relay state reporter            done:False   exception: None  <coroutine object Relay.main at 0x7f85130e50>
	36/86  zone1-down-ops-relay.join       done:False   exception: None  <coroutine object Relay.join at 0x7f85152c80>
	37/86  la.join                         done:False   exception: None  <coroutine object LeafAlly.join at 0x7f85150d00>
	38/86  hp-loop-keep-send-relay-boot-adopt  done:False   exception: None  <coroutine object Relay._boot_adopt at 0x7f852cd740>
	39/86  store-pump-relay-boot-adopt     done:False   exception: None  <coroutine object Relay._boot_adopt at 0x7f852cd240>
	40/86  buffer.join                     done:False   exception: None  <coroutine object ApiTankModule.join at 0x7f85152e00>
	41/86  five-v-boss.join                done:False   exception: None  <coroutine object FiveVBoss.join at 0x7f85150e80>
	42/86  relay state reporter            done:False   exception: None  <coroutine object Relay.main at 0x7f85130f40>
	43/86  primary-pump-failsafe-relay-boot-adopt  done:False   exception: None  <coroutine object Relay._boot_adopt at 0x7f852cd340>
	44/86  tank1.join                      done:False   exception: None  <coroutine object ApiTankModule.join at 0x7f85152f80>
	45/86  pico-cycler.join                done:False   exception: None  <coroutine object PicoCycler.join at 0x7f85151000>
	46/86  relay state reporter            done:False   exception: None  <coroutine object Relay.main at 0x7f85131030>
	47/86  primary-pump-scada-ops-relay-boot-adopt  done:False   exception: None  <coroutine object Relay._boot_adopt at 0x7f852cd440>
	48/86  dist-010v.join                  done:False   exception: None  <coroutine object ZeroTenOutputer.join at 0x7f85153100>
	49/86  derived-generator.join          done:False   exception: None  <coroutine object DerivedGenerator.join at 0x7f85151180>
	50/86  relay state reporter            done:False   exception: None  <coroutine object Relay.main at 0x7f85131120>
	51/86  hp-loop-on-off-relay-boot-adopt  done:False   exception: None  <coroutine object Relay._boot_adopt at 0x7f852cd540>
	52/86  primary-010v.join               done:False   exception: None  <coroutine object ZeroTenOutputer.join at 0x7f85153280>
	53/86  lc.join                         done:False   exception: None  <coroutine object LocalControl.join at 0x7f85151300>
	54/86  relay state reporter            done:False   exception: None  <coroutine object Relay.main at 0x7f85131210>
	55/86  relay state reporter            done:False   exception: None  <coroutine object Relay.main at 0x7f85131300>
	56/86  store-010v.join                 done:False   exception: None  <coroutine object ZeroTenOutputer.join at 0x7f85153400>
	57/86  hp-boss.join                    done:False   exception: None  <coroutine object HpBoss.join at 0x7f85151480>
	58/86  zone1-down-failsafe-relay-boot-adopt  done:False   exception: None  <coroutine object Relay._boot_adopt at 0x7f852cd840>
	59/86  relay state reporter            done:False   exception: None  <coroutine object Relay.main at 0x7f851313f0>
	60/86  sieg-loop.join                  done:False   exception: None  <coroutine object SiegLoop.join at 0x7f85153580>
	61/86  power-meter.join                done:False   exception: None  <coroutine object SyncThreadActor.join at 0x7f85151600>
	62/86  zone1-down-ops-relay-boot-adopt  done:False   exception: None  <coroutine object Relay._boot_adopt at 0x7f852cd940>
	63/86  relay state reporter            done:False   exception: None  <coroutine object Relay.main at 0x7f851314e0>
	64/86  zone2-up-failsafe-relay.join    done:False   exception: None  <coroutine object Relay.join at 0x7f85153700>
	65/86  hubitat.join                    done:False   exception: None  <coroutine object Hubitat.join at 0x7f85151780>
	66/86  ApiTankModule keepalive         done:False   exception: None  <coroutine object ApiTankModule.main at 0x7f852beb20>
	67/86  ApiTankModule sim pico          done:False   exception: None  <coroutine object ApiTankModule.sim_pico_main at 0x7f852cda40>
	68/86  zone2-up-ops-relay.join         done:False   exception: None  <coroutine object Relay.join at 0x7f85153880>
	69/86  i2c-bus.join                    done:False   exception: None  <coroutine object I2cBus.join at 0x7f85151900>
	70/86  ApiTankModule keepalive         done:False   exception: None  <coroutine object ApiTankModule.main at 0x7f852bec00>
	71/86  ApiTankModule sim pico          done:False   exception: None  <coroutine object ApiTankModule.sim_pico_main at 0x7f852cd640>
	72/86  dist-btu.join                   done:False   exception: None  <coroutine object ApiBtuMeter.join at 0x7f85153a00>
	73/86  vdc-relay.join                  done:False   exception: None  <coroutine object Relay.join at 0x7f85151a80>
	74/86  dist-010v-main                  done:False   exception: None  <coroutine object ZeroTenOutputer.main_loop at 0x7f852bece0>
	75/86  primary-010v-main               done:False   exception: None  <coroutine object ZeroTenOutputer.main_loop at 0x7f852bf220>
	76/86  picocycler keepalive            done:False   exception: None  <coroutine object PicoCycler.main at 0x7f85582ce0>
	77/86  tstat-common-relay.join         done:False   exception: None  <coroutine object Relay.join at 0x7f85151c00>
	78/86  store-010v-main                 done:False   exception: None  <coroutine object ZeroTenOutputer.main_loop at 0x7f852bf5a0>
	79/86  LeafAlly keepalive              done:False   exception: None  <coroutine object AllTanksLeafAlly.main at 0x7f852bc820>
	80/86  Sieg Loop Synchronous Report    done:False   exception: None  <coroutine object SiegLoop.main at 0x7f85134ae0>
	81/86  Derived Generator keepalive     done:False   exception: None  <coroutine object DerivedGenerator.main at 0x7f85130400>
	82/86  charge-discharge-relay.join     done:False   exception: None  <coroutine object Relay.join at 0x7f85151d80>
	83/86  zone2-up-failsafe-relay-boot-adopt  done:False   exception: None  <coroutine object Relay._boot_adopt at 0x7f852cdb40>
	84/86  LocalControl keepalive          done:False   exception: None  <coroutine object StandbyLocalControl.main at 0x7f852bd700>
	85/86  relay state reporter            done:False   exception: None  <coroutine object Relay.main at 0x7f851315d0>
	86/86  hp-failsafe-relay.join          done:False   exception: None  <coroutine object Relay.join at 0x7f85151f00>

2026-09-13 11:50:55.290 [derived-generator] SynthGen about to get forecasts
2026-09-13 11:50:55.297 [sieg-loop] Engaging brain, control state is Initializing, hp boss state is HpOn
2026-09-13 11:50:55.300 [sieg-loop] Waiting for actuators to be ready to get out of Initializing state
2026-09-13 11:50:55.304 [scada] Sending auto.lc.n.hp-boss state to sieg-loop
2026-09-13 11:50:55.306 [sieg-loop] Just received state HpOff from HpBoss
2026-09-13 11:50:55.306 [sieg-loop] Engaging brain, control state is Initializing, hp boss state is HpOff
2026-09-13 11:50:55.306 [sieg-loop] Waiting for actuators to be ready to get out of Initializing state
2026-09-13 11:50:55.307 [scada] Actuator dist-010v is ready. 1/3
2026-09-13 11:50:55.308 [scada] Actuator primary-010v is ready. 2/3
2026-09-13 11:50:55.308 [scada] Actuator store-010v is ready. 3/3
2026-09-13 11:50:55.308 [scada] All actuators are ready!
2026-09-13 11:50:55.308 [sieg-loop] Engaging brain, control state is Initializing, hp boss state is HpOff
2026-09-13 11:50:55.309 [sieg-loop] DoneInitializingBlind: Initializing -> Blind
2026-09-13 11:50:55.309 [sieg-loop] Moving to full send
2026-09-13 11:50:55.310 [lc] Initializing relays
2026-09-13 11:50:55.310 [lc] de-energizing most relays
2026-09-13 11:50:55.311 [lc] DischargeStore to charge-discharge-relay
2026-09-13 11:50:55.312 [lc] SwitchToHeatPump to primary-pump-failsafe-relay
2026-09-13 11:50:55.313 [lc] OpenRelay to primary-pump-scada-ops-relay
2026-09-13 11:50:55.313 [lc] OpenRelay to store-pump-relay
2026-09-13 11:50:55.313 [lc] CloseRelay to tstat-common-relay
2026-09-13 11:50:55.314 [lc] SwitchToWallThermostat to zone1-down-failsafe-relay
2026-09-13 11:50:55.314 [lc] OpenRelay to zone1-down-ops-relay
2026-09-13 11:50:55.315 [lc] SwitchToWallThermostat to zone2-up-failsafe-relay
2026-09-13 11:50:55.315 [lc] OpenRelay to zone2-up-ops-relay
2026-09-13 11:50:55.316 [lc] energizing key relays for keeping things off
2026-09-13 11:50:55.316 [lc] auto.lc.n sending SwitchToScada to Hp Failsafe auto.lc.n.hp-failsafe-relay
2026-09-13 11:50:55.316 [lc] auto.lc.n sending SwitchToScada to Aquastat Ctrl auto.lc.n.aquastat-ctrl-relay
2026-09-13 11:50:55.317 [lc] TurnOff to hp-boss
2026-09-13 11:50:55.329 [hp-boss] Got FromHandle='auto.lc.n' ToHandle='auto.lc.n.hp-boss' EventType='turn.hp.on.off' EventName='TurnOff' TriggerId='1bc3c323-52ab-45f2-963a-634d5bfa9da9' SendTimeUnixMs=1789314655317 TypeName='fsm.event' Version='000'
2026-09-13 11:50:55.330 [hp-boss] auto.lc.n.hp-boss sending OpenRelay to auto.lc.n.hp-boss.hp-scada-ops-relay
2026-09-13 11:50:55.334 [scada] Sending auto.lc.n.hp-boss state to sieg-loop
2026-09-13 11:50:55.335 [sieg-loop] Just received state HpOff from HpBoss
2026-09-13 11:50:55.335 [sieg-loop] Engaging brain, control state is Blind, hp boss state is HpOff
2026-09-13 11:50:55.336 [hp-boss] hp-boss received unexpected message: Src='hp-scada-ops-relay' Dst='hp-boss' MessageType='gw.dispatch.ack' MessageId='' AckRequired=False TypeName='gridworks.header' Version='001'
2026-09-13 11:50:55.341 [sieg-loop] Task 97c3: move to send for 110 seconds
2026-09-13 11:50:55.343 Tasks: 48  [DONE]
	1/48  charge-discharge-relay-boot-adopt  done:True   exception: None  <coroutine object Relay._boot_adopt at 0x7f852cce40>
	2/48  zone2-up-ops-relay-boot-adopt   done:True   exception: None  <coroutine object Relay._boot_adopt at 0x7f852cdc40>
	3/48  primary-pump-failsafe-relay-boot-adopt  done:True   exception: None  <coroutine object Relay._boot_adopt at 0x7f852cd340>
	4/48  tank1.join                      done:True   exception: None  <coroutine object ApiTankModule.join at 0x7f85152f80>
	5/48  hubitat.join                    done:True   exception: None  <coroutine object Hubitat.join at 0x7f85151780>
	6/48  io_loop_manager.join            done:True   exception: None  <coroutine object IOLoop.join at 0x7f85150940>
	7/48  pico-cycler.join                done:True   exception: None  <coroutine object PicoCycler.join at 0x7f85151000>
	8/48  hp-loop-on-off-relay.join       done:True   exception: None  <coroutine object Relay.join at 0x7f85152800>
	9/48  hp-scada-ops-relay.join         done:True   exception: None  <coroutine object Relay.join at 0x7f85152080>
	10/48  zone2-up-ops-relay.join         done:True   exception: None  <coroutine object Relay.join at 0x7f85153880>
	11/48  hp-failsafe-relay-boot-adopt    done:True   exception: None  <coroutine object Relay._boot_adopt at 0x7f852ccf40>
	12/48  dist-010v.join                  done:True   exception: None  <coroutine object ZeroTenOutputer.join at 0x7f85153100>
	13/48  primary-pump-scada-ops-relay-boot-adopt  done:True   exception: None  <coroutine object Relay._boot_adopt at 0x7f852cd440>
	14/48  i2c-bus.join                    done:True   exception: None  <coroutine object I2cBus.join at 0x7f85151900>
	15/48  derived-generator.join          done:True   exception: None  <coroutine object DerivedGenerator.join at 0x7f85151180>
	16/48  hp-loop-keep-send-relay.join    done:True   exception: None  <coroutine object Relay.join at 0x7f85152980>
	17/48  aquastat-ctrl-relay.join        done:True   exception: None  <coroutine object Relay.join at 0x7f85152200>
	18/48  _WebManager.join                done:True   exception: None  <coroutine object _WebManager.join at 0x7f85150a00>
	19/48  dist-btu.join                   done:True   exception: None  <coroutine object ApiBtuMeter.join at 0x7f85153a00>
	20/48  hp-scada-ops-relay-boot-adopt   done:True   exception: None  <coroutine object Relay._boot_adopt at 0x7f852cd040>
	21/48  hp-loop-on-off-relay-boot-adopt  done:True   exception: None  <coroutine object Relay._boot_adopt at 0x7f852cd540>
	22/48  primary-010v.join               done:True   exception: None  <coroutine object ZeroTenOutputer.join at 0x7f85153280>
	23/48  vdc-relay.join                  done:True   exception: None  <coroutine object Relay.join at 0x7f85151a80>
	24/48  lc.join                         done:True   exception: None  <coroutine object LocalControl.join at 0x7f85151300>
	25/48  zone1-down-failsafe-relay.join  done:True   exception: None  <coroutine object Relay.join at 0x7f85152b00>
	26/48  hp-failsafe-relay.join          done:True   exception: None  <coroutine object Relay.join at 0x7f85151f00>
	27/48  store-pump-relay.join           done:True   exception: None  <coroutine object Relay.join at 0x7f85152380>
	28/48  s.join                          done:True   exception: None  <coroutine object PrimeActor.join at 0x7f85150b80>
	29/48  aquastat-ctrl-relay-boot-adopt  done:True   exception: None  <coroutine object Relay._boot_adopt at 0x7f852cd140>
	30/48  store-010v.join                 done:True   exception: None  <coroutine object ZeroTenOutputer.join at 0x7f85153400>
	31/48  tstat-common-relay.join         done:True   exception: None  <coroutine object Relay.join at 0x7f85151c00>
	32/48  vdc-relay-boot-adopt            done:True   exception: None  <coroutine object Relay._boot_adopt at 0x7f852ccc40>
	33/48  hp-boss.join                    done:True   exception: None  <coroutine object HpBoss.join at 0x7f85151480>
	34/48  zone1-down-ops-relay.join       done:True   exception: None  <coroutine object Relay.join at 0x7f85152c80>
	35/48  zone1-down-failsafe-relay-boot-adopt  done:True   exception: None  <coroutine object Relay._boot_adopt at 0x7f852cd840>
	36/48  primary-pump-failsafe-relay.join  done:True   exception: None  <coroutine object Relay.join at 0x7f85152500>
	37/48  la.join                         done:True   exception: None  <coroutine object LeafAlly.join at 0x7f85150d00>
	38/48  hp-loop-keep-send-relay-boot-adopt  done:True   exception: None  <coroutine object Relay._boot_adopt at 0x7f852cd740>
	39/48  sieg-loop.join                  done:True   exception: None  <coroutine object SiegLoop.join at 0x7f85153580>
	40/48  charge-discharge-relay.join     done:True   exception: None  <coroutine object Relay.join at 0x7f85151d80>
	41/48  tstat-common-relay-boot-adopt   done:True   exception: None  <coroutine object Relay._boot_adopt at 0x7f852ccd40>
	42/48  zone2-up-failsafe-relay-boot-adopt  done:True   exception: None  <coroutine object Relay._boot_adopt at 0x7f852cdb40>
	43/48  store-pump-relay-boot-adopt     done:True   exception: None  <coroutine object Relay._boot_adopt at 0x7f852cd240>
	44/48  buffer.join                     done:True   exception: None  <coroutine object ApiTankModule.join at 0x7f85152e00>
	45/48  zone1-down-ops-relay-boot-adopt  done:True   exception: None  <coroutine object Relay._boot_adopt at 0x7f852cd940>
	46/48  primary-pump-scada-ops-relay.join  done:True   exception: None  <coroutine object Relay.join at 0x7f85152680>
	47/48  five-v-boss.join                done:True   exception: None  <coroutine object FiveVBoss.join at 0x7f85150e80>
	48/48  zone2-up-failsafe-relay.join    done:True   exception: None  <coroutine object Relay.join at 0x7f85153700>

2026-09-13 11:50:55.344 Tasks: 38  [PENDING]
	1/38  ApiTankModule keepalive         done:False   exception: None  <coroutine object ApiTankModule.main at 0x7f852beb20>
	2/38  relay state reporter            done:False   exception: None  <coroutine object Relay.main at 0x7f85130b80>
	3/38  relay state reporter            done:False   exception: None  <coroutine object Relay.main at 0x7f851316c0>
	4/38  relay state reporter            done:False   exception: None  <coroutine object Relay.main at 0x7f85131030>
	5/38  ApiTankModule sim pico          done:False   exception: None  <coroutine object ApiTankModule.sim_pico_main at 0x7f852cda40>
	6/38  ApiBtuMeter keepalive           done:False   exception: None  <coroutine object ApiBtuMeter.main at 0x7f852bf920>
	7/38  ApiTankModule keepalive         done:False   exception: None  <coroutine object ApiTankModule.main at 0x7f852bec00>
	8/38  relay state reporter            done:False   exception: None  <coroutine object Relay.main at 0x7f85130c70>
	9/38  process_messages                done:False   exception: None  <coroutine object Proactor.process_messages at 0x7f853ce510>
	10/38  relay state reporter            done:False   exception: None  <coroutine object Relay.main at 0x7f85131120>
	11/38  ApiTankModule sim pico          done:False   exception: None  <coroutine object ApiTankModule.sim_pico_main at 0x7f852cd640>
	12/38  send_ping<gridworks_mqtt>       done:False   exception: None  <coroutine object LinkManager.send_ping at 0x7f852cdd40>
	13/38  dist-010v-main                  done:False   exception: None  <coroutine object ZeroTenOutputer.main_loop at 0x7f852bece0>
	14/38  relay state reporter            done:False   exception: None  <coroutine object Relay.main at 0x7f85130d60>
	15/38  send_ping<local_mqtt>           done:False   exception: None  <coroutine object LinkManager.send_ping at 0x7f852cde40>
	16/38  relay state reporter            done:False   exception: None  <coroutine object Relay.main at 0x7f85131210>
	17/38  i2c-bus-heartbeat               done:False   exception: None  <coroutine object I2cBus._heartbeat at 0x7f852be960>
	18/38  primary-010v-main               done:False   exception: None  <coroutine object ZeroTenOutputer.main_loop at 0x7f852bf220>
	19/38  relay state reporter            done:False   exception: None  <coroutine object Relay.main at 0x7f851314e0>
	20/38  send_ping<admin>                done:False   exception: None  <coroutine object LinkManager.send_ping at 0x7f852cdf40>
	21/38  relay state reporter            done:False   exception: None  <coroutine object Relay.main at 0x7f85131300>
	22/38  picocycler keepalive            done:False   exception: None  <coroutine object PicoCycler.main at 0x7f85582ce0>
	23/38  store-010v-main                 done:False   exception: None  <coroutine object ZeroTenOutputer.main_loop at 0x7f852bf5a0>
	24/38  relay state reporter            done:False   exception: None  <coroutine object Relay.main at 0x7f85130e50>
	25/38  report_sender                   done:False   exception: None  <coroutine object Scada.report_sending_task at 0x7f852bf760>
	26/38  LeafAlly keepalive              done:False   exception: None  <coroutine object AllTanksLeafAlly.main at 0x7f852bc820>
	27/38  relay state reporter            done:False   exception: None  <coroutine object Relay.main at 0x7f851309a0>
	28/38  Sieg Loop Synchronous Report    done:False   exception: None  <coroutine object SiegLoop.main at 0x7f85134ae0>
	29/38  snap_sender                     done:False   exception: None  <coroutine object Scada.snap_sending_task at 0x7f852bf840>
	30/38  relay state reporter            done:False   exception: None  <coroutine object Relay.main at 0x7f851313f0>
	31/38  Derived Generator keepalive     done:False   exception: None  <coroutine object DerivedGenerator.main at 0x7f85130400>
	32/38  power-meter.join                done:False   exception: None  <coroutine object SyncThreadActor.join at 0x7f85151600>
	33/38  scada top_state_tracker         done:False   exception: None  <coroutine object Scada.state_tracker at 0x7f853ce640>
	34/38  LocalControl keepalive          done:False   exception: None  <coroutine object StandbyLocalControl.main at 0x7f852bd700>
	35/38  relay state reporter            done:False   exception: None  <coroutine object Relay.main at 0x7f85130a90>
	36/38  relay state reporter            done:False   exception: None  <coroutine object Relay.main at 0x7f851315d0>
	37/38  relay state reporter            done:False   exception: None  <coroutine object Relay.main at 0x7f85130f40>
	38/38  watchdog_manager.join           done:False   exception: None  <coroutine object WatchdogManager.join at 0x7f85160120>

2026-09-13 11:50:55.345 Tasks: 38  [WAITING FOR]
	1/38  ApiTankModule keepalive         done:False   exception: None  <coroutine object ApiTankModule.main at 0x7f852beb20>
	2/38  relay state reporter            done:False   exception: None  <coroutine object Relay.main at 0x7f85130b80>
	3/38  relay state reporter            done:False   exception: None  <coroutine object Relay.main at 0x7f851316c0>
	4/38  relay state reporter            done:False   exception: None  <coroutine object Relay.main at 0x7f85131030>
	5/38  ApiTankModule sim pico          done:False   exception: None  <coroutine object ApiTankModule.sim_pico_main at 0x7f852cda40>
	6/38  ApiBtuMeter keepalive           done:False   exception: None  <coroutine object ApiBtuMeter.main at 0x7f852bf920>
	7/38  ApiTankModule keepalive         done:False   exception: None  <coroutine object ApiTankModule.main at 0x7f852bec00>
	8/38  relay state reporter            done:False   exception: None  <coroutine object Relay.main at 0x7f85130c70>
	9/38  process_messages                done:False   exception: None  <coroutine object Proactor.process_messages at 0x7f853ce510>
	10/38  relay state reporter            done:False   exception: None  <coroutine object Relay.main at 0x7f85131120>
	11/38  ApiTankModule sim pico          done:False   exception: None  <coroutine object ApiTankModule.sim_pico_main at 0x7f852cd640>
	12/38  send_ping<gridworks_mqtt>       done:False   exception: None  <coroutine object LinkManager.send_ping at 0x7f852cdd40>
	13/38  dist-010v-main                  done:False   exception: None  <coroutine object ZeroTenOutputer.main_loop at 0x7f852bece0>
	14/38  relay state reporter            done:False   exception: None  <coroutine object Relay.main at 0x7f85130d60>
	15/38  send_ping<local_mqtt>           done:False   exception: None  <coroutine object LinkManager.send_ping at 0x7f852cde40>
	16/38  relay state reporter            done:False   exception: None  <coroutine object Relay.main at 0x7f85131210>
	17/38  i2c-bus-heartbeat               done:False   exception: None  <coroutine object I2cBus._heartbeat at 0x7f852be960>
	18/38  primary-010v-main               done:False   exception: None  <coroutine object ZeroTenOutputer.main_loop at 0x7f852bf220>
	19/38  relay state reporter            done:False   exception: None  <coroutine object Relay.main at 0x7f851314e0>
	20/38  send_ping<admin>                done:False   exception: None  <coroutine object LinkManager.send_ping at 0x7f852cdf40>
	21/38  relay state reporter            done:False   exception: None  <coroutine object Relay.main at 0x7f85131300>
	22/38  picocycler keepalive            done:False   exception: None  <coroutine object PicoCycler.main at 0x7f85582ce0>
	23/38  store-010v-main                 done:False   exception: None  <coroutine object ZeroTenOutputer.main_loop at 0x7f852bf5a0>
	24/38  relay state reporter            done:False   exception: None  <coroutine object Relay.main at 0x7f85130e50>
	25/38  report_sender                   done:False   exception: None  <coroutine object Scada.report_sending_task at 0x7f852bf760>
	26/38  LeafAlly keepalive              done:False   exception: None  <coroutine object AllTanksLeafAlly.main at 0x7f852bc820>
	27/38  relay state reporter            done:False   exception: None  <coroutine object Relay.main at 0x7f851309a0>
	28/38  Sieg Loop Synchronous Report    done:False   exception: None  <coroutine object SiegLoop.main at 0x7f85134ae0>
	29/38  snap_sender                     done:False   exception: None  <coroutine object Scada.snap_sending_task at 0x7f852bf840>
	30/38  relay state reporter            done:False   exception: None  <coroutine object Relay.main at 0x7f851313f0>
	31/38  Derived Generator keepalive     done:False   exception: None  <coroutine object DerivedGenerator.main at 0x7f85130400>
	32/38  power-meter.join                done:False   exception: None  <coroutine object SyncThreadActor.join at 0x7f85151600>
	33/38  scada top_state_tracker         done:False   exception: None  <coroutine object Scada.state_tracker at 0x7f853ce640>
	34/38  LocalControl keepalive          done:False   exception: None  <coroutine object StandbyLocalControl.main at 0x7f852bd700>
	35/38  relay state reporter            done:False   exception: None  <coroutine object Relay.main at 0x7f85130a90>
	36/38  relay state reporter            done:False   exception: None  <coroutine object Relay.main at 0x7f851315d0>
	37/38  relay state reporter            done:False   exception: None  <coroutine object Relay.main at 0x7f85130f40>
	38/38  watchdog_manager.join           done:False   exception: None  <coroutine object WatchdogManager.join at 0x7f85160120>

2026-09-13 11:50:55.348 local_mqtt:  connecting -- mqtt_connected --> awaiting_setup_and_peer
2026-09-13 11:50:55.349 admin:  connecting -- mqtt_connected --> awaiting_setup_and_peer
2026-09-13 11:50:55.353 [scada] First Buffer temps arrived! Sending to LocalControl
2026-09-13 11:50:55.359 [sieg-loop] auto.lc.n.sieg-loop sending SendMore to HpLoopKeepSend relay auto.lc.n.sieg-loop.hp-loop-keep-send-relay
2026-09-13 11:50:55.360 [sieg-loop] auto.lc.n.sieg-loop sending CloseRelay to HpLoopOnOff relay auto.lc.n.sieg-loop.hp-loop-on-off-relay
2026-09-13 11:50:55.360 [sieg-loop] StartKeepingLess: FullyKeep -> KeepingLess
2026-09-13 11:50:55.360 [sieg-loop] keep seconds 100  [97c3]
2026-09-13 11:50:55.361 [dist-010v] dist-010v: output range set to 0-10 V
2026-09-13 11:50:55.361 [primary-010v] primary-010v: output range set to 0-10 V
2026-09-13 11:50:55.362 [store-010v] store-010v: output range set to 0-10 V
2026-09-13 11:50:55.367 local_mqtt:  awaiting_setup_and_peer -- mqtt_suback --> awaiting_peer
2026-09-13 11:50:55.369 admin:  awaiting_setup_and_peer -- mqtt_suback --> awaiting_peer
2026-09-13 11:50:55.372 [sieg-loop] sieg-loop received unexpected message: Src='hp-loop-keep-send-relay' Dst='sieg-loop' MessageType='gw.dispatch.ack' MessageId='' AckRequired=False TypeName='gridworks.header' Version='001'
2026-09-13 11:50:55.372 [sieg-loop] sieg-loop received unexpected message: Src='hp-loop-on-off-relay' Dst='sieg-loop' MessageType='gw.dispatch.ack' MessageId='' AckRequired=False TypeName='gridworks.header' Version='001'
2026-09-13 11:50:55.420 [sieg-loop] sieg-loop received unexpected message: Src='hp-loop-keep-send-relay' Dst='sieg-loop' MessageType='fsm.full.report' MessageId='' AckRequired=False TypeName='gridworks.header' Version='001'
2026-09-13 11:50:55.421 [sieg-loop] sieg-loop received unexpected message: Src='hp-loop-on-off-relay' Dst='sieg-loop' MessageType='fsm.full.report' MessageId='' AckRequired=False TypeName='gridworks.header' Version='001'
2026-09-13 11:50:55.513 gridworks_mqtt:  connecting -- mqtt_connected --> awaiting_setup_and_peer
2026-09-13 11:50:55.628 gridworks_mqtt:  awaiting_setup_and_peer -- mqtt_suback --> awaiting_peer
2026-09-13 11:50:55.723 [derived-generator] Obtained a 155-hour weather forecast starting at 1789315200
2026-09-13 11:50:55.735 [derived-generator] Calculating rswt_quadratic_params: [ 4.91228070e-04 -4.28070175e-02  8.68421053e-01]
2026-09-13 11:50:55.742 [derived-generator] Updating usable and required energy
2026-09-13 11:50:55.743 [derived-generator] Got forecast starting 2026-09-13 12:00:00
2026-09-13 11:50:56.362 [sieg-loop] keep seconds 99.0  [97c3]
2026-09-13 11:50:57.363 [sieg-loop] keep seconds 98.0  [97c3]
2026-09-13 11:50:58.291 [pico-cycler] TRIGGERING PICO REBOOT! startup
2026-09-13 11:50:58.292 [pico-cycler] OpenRelay to vdc-relay
2026-09-13 11:50:58.365 [sieg-loop] keep seconds 97.0  [97c3]
2026-09-13 11:50:59.338 [scada] About to initialize contracts
2026-09-13 11:50:59.338 No contract
2026-09-13 11:50:59.338 Starting with no contract
2026-09-13 11:50:59.366 [sieg-loop] keep seconds 96.0  [97c3]
2026-09-13 11:51:00.367 [sieg-loop] keep seconds 95.0  [97c3]
2026-09-13 11:51:01.368 [sieg-loop] keep seconds 94.0  [97c3]
2026-09-13 11:51:02.370 [sieg-loop] keep seconds 93.0  [97c3]
2026-09-13 11:51:03.303 [pico-cycler] CloseRelay to vdc-relay
2026-09-13 11:51:03.371 [sieg-loop] keep seconds 92.0  [97c3]
2026-09-13 11:51:04.373 [sieg-loop] keep seconds 91.0  [97c3]
2026-09-13 11:51:05.375 [sieg-loop] keep seconds 90.0  [97c3]
2026-09-13 11:51:06.376 [sieg-loop] keep seconds 89.0  [97c3]
2026-09-13 11:51:07.378 [sieg-loop] keep seconds 88.0  [97c3]
2026-09-13 11:51:08.380 [sieg-loop] keep seconds 87.0  [97c3]
2026-09-13 11:51:09.386 [sieg-loop] keep seconds 86.0  [97c3]
2026-09-13 11:51:10.388 [sieg-loop] keep seconds 85.0  [97c3]
2026-09-13 11:51:11.390 [sieg-loop] keep seconds 84.0  [97c3]
2026-09-13 11:51:12.392 [sieg-loop] keep seconds 83.0  [97c3]
2026-09-13 11:51:13.394 [sieg-loop] keep seconds 82.0  [97c3]
2026-09-13 11:51:14.400 [sieg-loop] keep seconds 81.0  [97c3]
2026-09-13 11:51:15.402 [sieg-loop] keep seconds 80.0  [97c3]
2026-09-13 11:51:16.404 [sieg-loop] keep seconds 79.0  [97c3]
2026-09-13 11:51:17.406 [sieg-loop] keep seconds 78.0  [97c3]
2026-09-13 11:51:18.408 [sieg-loop] keep seconds 77.0  [97c3]
2026-09-13 11:51:19.417 [sieg-loop] keep seconds 76.0  [97c3]
2026-09-13 11:51:20.419 [sieg-loop] keep seconds 75.0  [97c3]
2026-09-13 11:51:21.420 [sieg-loop] keep seconds 74.0  [97c3]
2026-09-13 11:51:22.422 [sieg-loop] keep seconds 73.0  [97c3]
2026-09-13 11:51:23.424 [sieg-loop] keep seconds 72.0  [97c3]
2026-09-13 11:51:24.430 [sieg-loop] keep seconds 71.0  [97c3]
2026-09-13 11:51:25.301 [sieg-loop] Engaging brain, control state is Blind, hp boss state is HpOff
2026-09-13 11:51:25.432 [sieg-loop] keep seconds 70.0  [97c3]
2026-09-13 11:51:26.434 [sieg-loop] keep seconds 69.0  [97c3]
2026-09-13 11:51:27.435 [sieg-loop] keep seconds 68.0  [97c3]
2026-09-13 11:51:28.438 [sieg-loop] keep seconds 67.0  [97c3]
2026-09-13 11:51:29.446 [sieg-loop] keep seconds 66.0  [97c3]
2026-09-13 11:51:30.448 [sieg-loop] keep seconds 65.0  [97c3]
2026-09-13 11:51:31.450 [sieg-loop] keep seconds 64.0  [97c3]
2026-09-13 11:51:32.451 [sieg-loop] keep seconds 63.0  [97c3]
2026-09-13 11:51:33.453 [sieg-loop] keep seconds 62.0  [97c3]
2026-09-13 11:51:34.459 [sieg-loop] keep seconds 61.0  [97c3]
2026-09-13 11:51:35.461 [sieg-loop] keep seconds 60.0  [97c3]
2026-09-13 11:51:36.462 [sieg-loop] keep seconds 59.0  [97c3]
2026-09-13 11:51:37.464 [sieg-loop] keep seconds 58.0  [97c3]
2026-09-13 11:51:38.466 [sieg-loop] keep seconds 57.0  [97c3]
2026-09-13 11:51:39.472 [sieg-loop] keep seconds 56.0  [97c3]
2026-09-13 11:51:40.474 [sieg-loop] keep seconds 55.0  [97c3]
2026-09-13 11:51:41.476 [sieg-loop] keep seconds 54.0  [97c3]
2026-09-13 11:51:42.478 [sieg-loop] keep seconds 53.0  [97c3]
2026-09-13 11:51:43.479 [sieg-loop] keep seconds 52.0  [97c3]
2026-09-13 11:51:44.484 [sieg-loop] keep seconds 51.0  [97c3]
2026-09-13 11:51:45.486 [sieg-loop] keep seconds 50.0  [97c3]
2026-09-13 11:51:46.489 [sieg-loop] keep seconds 49.0  [97c3]
2026-09-13 11:51:47.491 [sieg-loop] keep seconds 48.0  [97c3]
2026-09-13 11:51:48.493 [sieg-loop] keep seconds 47.0  [97c3]
2026-09-13 11:51:49.498 [sieg-loop] keep seconds 46.0  [97c3]
2026-09-13 11:51:50.500 [sieg-loop] keep seconds 44.9  [97c3]
2026-09-13 11:51:51.502 [sieg-loop] keep seconds 43.9  [97c3]
2026-09-13 11:51:52.504 [sieg-loop] keep seconds 42.9  [97c3]
2026-09-13 11:51:53.506 [sieg-loop] keep seconds 41.9  [97c3]
2026-09-13 11:51:54.512 [sieg-loop] keep seconds 40.9  [97c3]
2026-09-13 11:51:55.305 [sieg-loop] Engaging brain, control state is Blind, hp boss state is HpOff
2026-09-13 11:51:55.514 [sieg-loop] keep seconds 39.9  [97c3]
2026-09-13 11:51:56.515 [sieg-loop] keep seconds 38.9  [97c3]
2026-09-13 11:51:57.517 [sieg-loop] keep seconds 37.9  [97c3]
2026-09-13 11:51:58.519 [sieg-loop] keep seconds 36.9  [97c3]
2026-09-13 11:51:59.525 [sieg-loop] keep seconds 35.9  [97c3]
2026-09-13 11:52:00.530 [sieg-loop] keep seconds 34.9  [97c3]
2026-09-13 11:52:01.531 [sieg-loop] keep seconds 33.9  [97c3]
2026-09-13 11:52:02.534 [sieg-loop] keep seconds 32.9  [97c3]
2026-09-13 11:52:03.535 [sieg-loop] keep seconds 31.9  [97c3]
2026-09-13 11:52:04.543 [sieg-loop] keep seconds 30.9  [97c3]
2026-09-13 11:52:05.545 [sieg-loop] keep seconds 29.9  [97c3]
2026-09-13 11:52:06.547 [sieg-loop] keep seconds 28.9  [97c3]
2026-09-13 11:52:07.549 [sieg-loop] keep seconds 27.9  [97c3]
2026-09-13 11:52:08.551 [sieg-loop] keep seconds 26.9  [97c3]
2026-09-13 11:52:09.556 [sieg-loop] keep seconds 25.9  [97c3]
2026-09-13 11:52:10.558 [sieg-loop] keep seconds 24.9  [97c3]
2026-09-13 11:52:11.560 [sieg-loop] keep seconds 23.9  [97c3]
2026-09-13 11:52:12.562 [sieg-loop] keep seconds 22.9  [97c3]
2026-09-13 11:52:13.564 [sieg-loop] keep seconds 21.9  [97c3]
2026-09-13 11:52:14.571 [sieg-loop] keep seconds 20.9  [97c3]
2026-09-13 11:52:15.572 [sieg-loop] keep seconds 19.9  [97c3]
2026-09-13 11:52:16.574 [sieg-loop] keep seconds 18.9  [97c3]
2026-09-13 11:52:17.577 [sieg-loop] keep seconds 17.9  [97c3]
2026-09-13 11:52:18.580 [sieg-loop] keep seconds 16.9  [97c3]
2026-09-13 11:52:19.586 [sieg-loop] keep seconds 15.9  [97c3]
2026-09-13 11:52:20.588 [sieg-loop] keep seconds 14.9  [97c3]
2026-09-13 11:52:21.591 [sieg-loop] keep seconds 13.9  [97c3]
2026-09-13 11:52:22.593 [sieg-loop] keep seconds 12.9  [97c3]
2026-09-13 11:52:23.595 [sieg-loop] keep seconds 11.9  [97c3]
2026-09-13 11:52:24.601 [sieg-loop] keep seconds 10.9  [97c3]
2026-09-13 11:52:25.308 [sieg-loop] Engaging brain, control state is Blind, hp boss state is HpOff
2026-09-13 11:52:25.603 [sieg-loop] keep seconds 9.9  [97c3]
2026-09-13 11:52:26.605 [sieg-loop] keep seconds 8.9  [97c3]
2026-09-13 11:52:27.607 [sieg-loop] keep seconds 7.9  [97c3]
2026-09-13 11:52:28.609 [sieg-loop] keep seconds 6.9  [97c3]
2026-09-13 11:52:29.615 [sieg-loop] keep seconds 5.9  [97c3]
2026-09-13 11:52:30.616 [sieg-loop] keep seconds 4.9  [97c3]
2026-09-13 11:52:31.618 [sieg-loop] keep seconds 3.9  [97c3]
2026-09-13 11:52:32.620 [sieg-loop] keep seconds 2.9  [97c3]
2026-09-13 11:52:33.622 [sieg-loop] keep seconds 1.9  [97c3]
2026-09-13 11:52:34.627 [sieg-loop] keep seconds 0.9  [97c3]
2026-09-13 11:52:35.629 [sieg-loop] keep seconds 0  [97c3]
2026-09-13 11:52:36.631 [sieg-loop] keep seconds 0  [97c3]
2026-09-13 11:52:37.633 [sieg-loop] keep seconds 0  [97c3]
2026-09-13 11:52:38.636 [sieg-loop] keep seconds 0  [97c3]
2026-09-13 11:52:39.641 [sieg-loop] keep seconds 0  [97c3]
2026-09-13 11:52:40.643 [sieg-loop] keep seconds 0  [97c3]
2026-09-13 11:52:41.645 [sieg-loop] keep seconds 0  [97c3]
2026-09-13 11:52:42.647 [sieg-loop] keep seconds 0  [97c3]
2026-09-13 11:52:43.649 [sieg-loop] keep seconds 0  [97c3]
2026-09-13 11:52:44.656 [sieg-loop] keep seconds 0  [97c3]
2026-09-13 11:52:45.548 [sieg-loop] auto.lc.n.sieg-loop sending OpenRelay to HpLoopOnOff relay auto.lc.n.sieg-loop.hp-loop-on-off-relay
2026-09-13 11:52:45.549 [sieg-loop] StopKeepingLess: KeepingLess -> SteadyBlend
2026-09-13 11:52:45.550 [sieg-loop] Movement 97c3 completed: 0 seconds, state SteadyBlend
2026-09-13 11:52:45.553 [sieg-loop] sieg-loop received unexpected message: Src='hp-loop-on-off-relay' Dst='sieg-loop' MessageType='gw.dispatch.ack' MessageId='' AckRequired=False TypeName='gridworks.header' Version='001'
2026-09-13 11:52:45.563 [sieg-loop] sieg-loop received unexpected message: Src='hp-loop-on-off-relay' Dst='sieg-loop' MessageType='fsm.full.report' MessageId='' AckRequired=False TypeName='gridworks.header' Version='001'
2026-09-13 11:52:55.311 [sieg-loop] Engaging brain, control state is Blind, hp boss state is HpOff
2026-09-13 11:53:25.314 [sieg-loop] Engaging brain, control state is Blind, hp boss state is HpOff
2026-09-13 11:53:35.336 [pico-cycler] buffer sim-buffer-pico flatlined
2026-09-13 11:53:35.338 [pico-cycler] TRIGGERING PICO REBOOT! triggered by buffer sim-buffer-pico
2026-09-13 11:53:35.340 [pico-cycler] OpenRelay to vdc-relay
2026-09-13 11:53:35.344 [pico-cycler] tank1 sim-tank1-pico flatlined
2026-09-13 11:53:40.370 [pico-cycler] CloseRelay to vdc-relay
2026-09-13 11:53:55.317 [sieg-loop] Engaging brain, control state is Blind, hp boss state is HpOff
2026-09-13 11:54:25.320 [sieg-loop] Engaging brain, control state is Blind, hp boss state is HpOff
2026-09-13 11:54:40.390 [pico-cycler] TRIGGERING PICO REBOOT! Flatlined picos: ['sim-buffer-pico', 'sim-tank1-pico']
2026-09-13 11:54:40.392 [pico-cycler] OpenRelay to vdc-relay
2026-09-13 11:54:45.412 [pico-cycler] CloseRelay to vdc-relay
2026-09-13 11:54:55.323 [sieg-loop] Engaging brain, control state is Blind, hp boss state is HpOff
2026-09-13 11:54:58.802 Top state: Auto
2026-09-13 11:54:58.802 Auto state: LocalControl
2026-09-13 11:55:17.366 admin:  awaiting_peer -- message_from_peer --> active
2026-09-13 11:55:17.870 [scada] Message from Admin! top_state Admin
2026-09-13 11:55:17.871 [scada] AutoGoesDormant: LocalControl -> Dormant
2026-09-13 11:55:17.876 [lc] TopGoDormant: EverythingOff -> Dormant
2026-09-13 11:55:17.877 [lc] Set top state command tree
2026-09-13 11:55:17.877 [scada] Admin Wakes Up
2026-09-13 11:55:17.877 [scada] AdminDispatch SwitchToScada to admin.zone1-down-failsafe-relay
2026-09-13 11:55:25.325 [sieg-loop] Engaging brain, control state is Blind, hp boss state is HpOff
2026-09-13 11:55:26.384 [scada] AdminDispatch CloseRelay to admin.zone1-down-ops-relay
2026-09-13 11:55:45.431 [pico-cycler] TRIGGERING PICO REBOOT! Flatlined picos: ['sim-buffer-pico', 'sim-tank1-pico']
2026-09-13 11:55:45.437 [pico-cycler] OpenRelay to vdc-relay
2026-09-13 11:55:50.458 [pico-cycler] CloseRelay to vdc-relay
2026-09-13 11:55:55.294 [lc] HaStrategy: Standby |  State: Dormant
2026-09-13 11:55:55.328 [sieg-loop] Engaging brain, control state is Blind, hp boss state is HpOff
2026-09-13 11:56:25.330 [sieg-loop] Engaging brain, control state is Blind, hp boss state is HpOff
2026-09-13 11:56:50.478 [pico-cycler] TRIGGERING PICO REBOOT! Flatlined picos: ['sim-tank1-pico']
2026-09-13 11:56:50.480 [pico-cycler] OpenRelay to vdc-relay
2026-09-13 11:56:55.331 [sieg-loop] Engaging brain, control state is Blind, hp boss state is HpOff
2026-09-13 11:56:55.490 [pico-cycler] CloseRelay to vdc-relay
2026-09-13 11:57:25.334 [sieg-loop] Engaging brain, control state is Blind, hp boss state is HpOff
2026-09-13 11:57:55.337 [sieg-loop] Engaging brain, control state is Blind, hp boss state is HpOff
2026-09-13 11:58:25.339 [sieg-loop] Engaging brain, control state is Blind, hp boss state is HpOff
2026-09-13 11:58:55.342 [sieg-loop] Engaging brain, control state is Blind, hp boss state is HpOff
2026-09-13 11:59:05.038 [scada] About name is dist-010v
2026-09-13 11:59:05.041 [dist-010v] Dispatch from admin: volts x10 20 -> code 819
2026-09-13 11:59:25.344 [sieg-loop] Engaging brain, control state is Blind, hp boss state is HpOff
2026-09-13 11:59:55.346 [sieg-loop] Engaging brain, control state is Blind, hp boss state is HpOff
2026-09-13 11:59:58.015 [pico-cycler] Sending problem event for zombies [' sim-buffer-pico [buffer]', ' sim-tank1-pico [tank1]']
2026-09-13 11:59:58.802 Top state: Admin
2026-09-13 11:59:58.803 Auto state: Dormant
2026-09-13 12:00:00.219 [pico-cycler] Sending problem event for zombies [' sim-buffer-pico [buffer]', ' sim-tank1-pico [tank1]']
2026-09-13 12:00:05.560 [scada] About name is dist-010v
2026-09-13 12:00:05.562 [dist-010v] Dispatch from admin: volts x10 50 -> code 2048
2026-09-13 12:00:25.349 [sieg-loop] Engaging brain, control state is Blind, hp boss state is HpOff
2026-09-13 12:00:55.296 [lc] HaStrategy: Standby |  State: Dormant
2026-09-13 12:00:55.351 [sieg-loop] Engaging brain, control state is Blind, hp boss state is HpOff
2026-09-13 12:01:06.076 [scada] About name is dist-010v
2026-09-13 12:01:06.077 [dist-010v] Dispatch from admin: volts x10 80 -> code 3277
2026-09-13 12:01:25.354 [sieg-loop] Engaging brain, control state is Blind, hp boss state is HpOff
2026-09-13 12:01:55.357 [sieg-loop] Engaging brain, control state is Blind, hp boss state is HpOff
2026-09-13 12:02:06.588 [scada] About name is dist-010v
2026-09-13 12:02:06.590 [dist-010v] Dispatch from admin: volts x10 100 -> code 4096
2026-09-13 12:02:25.359 [sieg-loop] Engaging brain, control state is Blind, hp boss state is HpOff
2026-09-13 12:02:55.362 [sieg-loop] Engaging brain, control state is Blind, hp boss state is HpOff
2026-09-13 12:03:07.101 [scada] About name is dist-010v
2026-09-13 12:03:07.103 [dist-010v] Dispatch from admin: volts x10 100 -> code 4096
2026-09-13 12:03:25.365 [sieg-loop] Engaging brain, control state is Blind, hp boss state is HpOff
2026-09-13 12:03:25.449 [pico-cycler] dist-btu pico_47352a flatlined
2026-09-13 12:03:25.451 [pico-cycler] TRIGGERING PICO REBOOT! triggered by dist-btu pico_47352a
2026-09-13 12:03:25.453 [pico-cycler] OpenRelay to vdc-relay
2026-09-13 12:03:30.476 [pico-cycler] CloseRelay to vdc-relay
2026-09-13 12:03:55.367 [sieg-loop] Engaging brain, control state is Blind, hp boss state is HpOff
2026-09-13 12:04:07.615 [scada] About name is dist-010v
2026-09-13 12:04:07.616 [dist-010v] Dispatch from admin: volts x10 80 -> code 3277
2026-09-13 12:04:25.370 [sieg-loop] Engaging brain, control state is Blind, hp boss state is HpOff
2026-09-13 12:04:30.502 [pico-cycler] TRIGGERING PICO REBOOT! Flatlined picos: ['pico_47352a']
2026-09-13 12:04:30.503 [pico-cycler] OpenRelay to vdc-relay
2026-09-13 12:04:35.523 [pico-cycler] CloseRelay to vdc-relay
2026-09-13 12:04:55.372 [sieg-loop] Engaging brain, control state is Blind, hp boss state is HpOff
2026-09-13 12:04:58.801 Top state: Admin
2026-09-13 12:04:58.802 Auto state: Dormant
2026-09-13 12:05:08.140 [scada] About name is dist-010v
2026-09-13 12:05:08.141 [dist-010v] Dispatch from admin: volts x10 50 -> code 2048
2026-09-13 12:05:25.376 [sieg-loop] Engaging brain, control state is Blind, hp boss state is HpOff
2026-09-13 12:05:35.532 [pico-cycler] TRIGGERING PICO REBOOT! Flatlined picos: ['pico_47352a']
2026-09-13 12:05:35.534 [pico-cycler] OpenRelay to vdc-relay
2026-09-13 12:05:40.546 [pico-cycler] CloseRelay to vdc-relay
2026-09-13 12:05:55.299 [lc] HaStrategy: Standby |  State: Dormant
2026-09-13 12:05:55.378 [sieg-loop] Engaging brain, control state is Blind, hp boss state is HpOff
2026-09-13 12:06:08.653 [scada] About name is dist-010v
2026-09-13 12:06:08.654 [dist-010v] Dispatch from admin: volts x10 20 -> code 819
2026-09-13 12:06:25.381 [sieg-loop] Engaging brain, control state is Blind, hp boss state is HpOff
2026-09-13 12:06:55.384 [sieg-loop] Engaging brain, control state is Blind, hp boss state is HpOff
2026-09-13 12:07:09.165 [scada] About name is dist-010v
2026-09-13 12:07:09.167 [dist-010v] Dispatch from admin: volts x10 35 -> code 1434
2026-09-13 12:07:25.387 [sieg-loop] Engaging brain, control state is Blind, hp boss state is HpOff
2026-09-13 12:07:55.389 [sieg-loop] Engaging brain, control state is Blind, hp boss state is HpOff
2026-09-13 12:08:09.681 [scada] About name is dist-010v
2026-09-13 12:08:09.682 [dist-010v] Dispatch from admin: volts x10 35 -> code 1434
2026-09-13 12:08:20.193 [scada] AdminDispatch OpenRelay to admin.zone1-down-ops-relay
2026-09-13 12:08:25.390 [sieg-loop] Engaging brain, control state is Blind, hp boss state is HpOff
2026-09-13 12:08:28.708 [scada] AdminDispatch SwitchToWallThermostat to admin.zone1-down-failsafe-relay
2026-09-13 12:08:35.222 [scada] Admin releases control: Auto
2026-09-13 12:08:35.223 [scada] AutoWakesUp: Dormant -> LocalControl
2026-09-13 12:08:35.238 [lc] TopWakeUp: Dormant -> EverythingOff
2026-09-13 12:08:35.239 [lc] Set top state command tree
2026-09-13 12:08:35.249 [lc] Set auto.lc.n command tree
2026-09-13 12:08:35.250 [lc] TopWakeUp: Dormant -> EverythingOff
2026-09-13 12:08:35.250 [lc] Initializing relays
2026-09-13 12:08:35.252 [lc] de-energizing most relays
2026-09-13 12:08:35.254 [lc] DischargeStore to charge-discharge-relay
2026-09-13 12:08:35.255 [lc] SwitchToHeatPump to primary-pump-failsafe-relay
2026-09-13 12:08:35.257 [lc] OpenRelay to primary-pump-scada-ops-relay
2026-09-13 12:08:35.258 [lc] OpenRelay to store-pump-relay
2026-09-13 12:08:35.259 [lc] CloseRelay to tstat-common-relay
2026-09-13 12:08:35.261 [lc] SwitchToWallThermostat to zone1-down-failsafe-relay
2026-09-13 12:08:35.262 [lc] OpenRelay to zone1-down-ops-relay
2026-09-13 12:08:35.263 [lc] SwitchToWallThermostat to zone2-up-failsafe-relay
2026-09-13 12:08:35.264 [lc] OpenRelay to zone2-up-ops-relay
2026-09-13 12:08:35.265 [lc] energizing key relays for keeping things off
2026-09-13 12:08:35.266 [lc] auto.lc.n sending SwitchToScada to Hp Failsafe auto.lc.n.hp-failsafe-relay
2026-09-13 12:08:35.268 [lc] auto.lc.n sending SwitchToScada to Aquastat Ctrl auto.lc.n.aquastat-ctrl-relay
2026-09-13 12:08:35.269 [lc] TurnOff to hp-boss
2026-09-13 12:08:35.270 [five-v-boss] wake.up in PicoCycler: nothing to restore
2026-09-13 12:08:35.287 [hp-boss] Got FromHandle='auto.lc.n' ToHandle='auto.lc.n.hp-boss' EventType='turn.hp.on.off' EventName='TurnOff' TriggerId='775bfec7-1b0b-4af6-a9af-280d867221ed' SendTimeUnixMs=1789315715268 TypeName='fsm.event' Version='000'
2026-09-13 12:08:35.289 [hp-boss] auto.lc.n.hp-boss sending OpenRelay to auto.lc.n.hp-boss.hp-scada-ops-relay
2026-09-13 12:08:35.299 [scada] Sending auto.lc.n.hp-boss state to sieg-loop
2026-09-13 12:08:35.300 [sieg-loop] Just received state HpOff from HpBoss
2026-09-13 12:08:35.300 [sieg-loop] Engaging brain, control state is Blind, hp boss state is HpOff
2026-09-13 12:08:35.301 [hp-boss] hp-boss received unexpected message: Src='hp-scada-ops-relay' Dst='hp-boss' MessageType='gw.dispatch.ack' MessageId='' AckRequired=False TypeName='gridworks.header' Version='001'
2026-09-13 12:08:55.394 [sieg-loop] Engaging brain, control state is Blind, hp boss state is HpOff
2026-09-13 12:09:25.396 [sieg-loop] Engaging brain, control state is Blind, hp boss state is HpOff
2026-09-13 12:09:55.399 [sieg-loop] Engaging brain, control state is Blind, hp boss state is HpOff
2026-09-13 12:09:58.801 Top state: Auto
2026-09-13 12:09:58.802 Auto state: LocalControl
2026-09-13 12:10:25.402 [sieg-loop] Engaging brain, control state is Blind, hp boss state is HpOff
2026-09-13 12:10:55.301 [lc] HaStrategy: Standby |  State: EverythingOff
2026-09-13 12:10:55.404 [sieg-loop] Engaging brain, control state is Blind, hp boss state is HpOff
2026-09-13 12:11:25.406 [sieg-loop] Engaging brain, control state is Blind, hp boss state is HpOff
2026-09-13 12:11:55.407 [sieg-loop] Engaging brain, control state is Blind, hp boss state is HpOff
2026-09-13 12:12:25.408 [sieg-loop] Engaging brain, control state is Blind, hp boss state is HpOff
2026-09-13 12:12:55.410 [sieg-loop] Engaging brain, control state is Blind, hp boss state is HpOff
2026-09-13 12:13:25.411 [sieg-loop] Engaging brain, control state is Blind, hp boss state is HpOff
2026-09-13 12:13:55.414 [sieg-loop] Engaging brain, control state is Blind, hp boss state is HpOff
2026-09-13 12:14:25.417 [sieg-loop] Engaging brain, control state is Blind, hp boss state is HpOff
2026-09-13 12:14:55.419 [sieg-loop] Engaging brain, control state is Blind, hp boss state is HpOff
2026-09-13 12:14:58.801 Top state: Auto
2026-09-13 12:14:58.802 Auto state: LocalControl
2026-09-13 12:15:25.422 [sieg-loop] Engaging brain, control state is Blind, hp boss state is HpOff
2026-09-13 12:15:55.304 [lc] HaStrategy: Standby |  State: EverythingOff
2026-09-13 12:15:55.423 [sieg-loop] Engaging brain, control state is Blind, hp boss state is HpOff
2026-09-13 12:16:25.425 [sieg-loop] Engaging brain, control state is Blind, hp boss state is HpOff
2026-09-13 12:16:55.427 [sieg-loop] Engaging brain, control state is Blind, hp boss state is HpOff
2026-09-13 12:17:25.429 [sieg-loop] Engaging brain, control state is Blind, hp boss state is HpOff
2026-09-13 12:17:55.430 [sieg-loop] Engaging brain, control state is Blind, hp boss state is HpOff
2026-09-13 12:18:25.433 [sieg-loop] Engaging brain, control state is Blind, hp boss state is HpOff
