2026-09-13 09:56:36.920 
2026-09-13 09:56:36.920 Env file: <.env>  exists: True
2026-09-13 09:56:36.920 Settings:
2026-09-13 09:56:36.920 {
  "paths": {
    "base": "gridworks",
    "name": "scada",
    "relative_path": "gridworks/scada",
    "data_home": "/Users/jessica/.local/share",
    "state_home": "/Users/jessica/.local/state",
    "config_home": "/Users/jessica/.config",
    "data_dir": "/Users/jessica/.local/share/gridworks/scada",
    "config_dir": "/Users/jessica/.config/gridworks/scada",
    "certs_dir": "/Users/jessica/.config/gridworks/scada/certs",
    "event_dir": "/Users/jessica/.local/share/gridworks/scada/event",
    "log_dir": "/Users/jessica/.local/state/gridworks/scada/log",
    "hardware_layout": "/Users/jessica/GridWorks/gridworks-scada/tests/config/gw.house0.sim.layout.json",
    "operational_params": "/Users/jessica/GridWorks/gridworks-scada/tests/config/gw.house0.sim.operational.params.json",
    "tadeed": "/Users/jessica/GridWorks/gridworks-scada/tests/config/ta-deed.json"
  },
  "logging": {
    "base_log_name": "gridworks",
    "base_log_level": 30,
    "levels": {
      "message_summary": 30,
      "lifecycle": 20,
      "comm_event": 20,
      "io_loop": 20
    },
    "formatter": {
      "fmt": "%(asctime)s %(message)s",
      "datefmt": "",
      "default_msec_format": "%s.%03d",
      "use_utc": false
    },
    "file_handler": {
      "filename": "proactor.log",
      "bytes_per_log_file": 2097152,
      "num_log_files": 10,
      "level": 0
    },
    "io_loop": {
      "file_handler": {
        "filename": "io_loop.log",
        "bytes_per_log_file": 2097152,
        "num_log_files": 2,
        "level": 0
      },
      "on_screen": false
    },
    "aiohttp_logging": false,
    "paho_logging": false
  },
  "proactor": {
    "mqtt_link_poll_seconds": 60.0,
    "ack_timeout_seconds": 5.0,
    "num_initial_event_reuploads": 5,
    "num_inflight_events": 50
  },
  "pico_cycler_state_logging": false,
  "power_meter_logging_level": 30,
  "contract_rep_logging_level": 20,
  "paho_logging": false,
  "local_mqtt": {
    "host": "localhost",
    "port": 1883,
    "keepalive": 60,
    "bind_address": "",
    "bind_port": 0,
    "username": null,
    "password": "",
    "tls": {
      "use_tls": false,
      "port": 8883,
      "paths": {
        "ca_cert_path": "/Users/jessica/.config/gridworks/scada/certs/local_mqtt/ca.crt",
        "cert_path": "/Users/jessica/.config/gridworks/scada/certs/local_mqtt/local_mqtt.crt",
        "private_key_path": "/Users/jessica/.config/gridworks/scada/certs/local_mqtt/private/local_mqtt.pem"
      },
      "cert_reqs": 2,
      "ciphers": null,
      "keyfile_password": ""
    }
  },
  "gridworks_mqtt": {
    "host": "localhost",
    "port": 1885,
    "keepalive": 60,
    "bind_address": "",
    "bind_port": 0,
    "username": "smqPublic",
    "password": "**********",
    "tls": {
      "use_tls": false,
      "port": 8883,
      "paths": {
        "ca_cert_path": "/Users/jessica/.config/gridworks/scada/certs/gridworks_mqtt/ca.crt",
        "cert_path": "/Users/jessica/.config/gridworks/scada/certs/gridworks_mqtt/gridworks_mqtt.crt",
        "private_key_path": "/Users/jessica/.config/gridworks/scada/certs/gridworks_mqtt/private/gridworks_mqtt.pem"
      },
      "cert_reqs": 2,
      "ciphers": null,
      "keyfile_password": ""
    }
  },
  "seconds_per_report": 60,
  "seconds_per_snapshot": 30,
  "async_power_reporting_threshold": 0.02,
  "persister": {
    "max_bytes": 524288000
  },
  "admin": {
    "host": "localhost",
    "port": 1885,
    "keepalive": 60,
    "bind_address": "",
    "bind_port": 0,
    "username": "smqPublic",
    "password": "**********",
    "tls": {
      "use_tls": false,
      "port": 8883,
      "paths": {
        "ca_cert_path": "/Users/jessica/.config/gridworks/scada/certs/admin/ca.crt",
        "cert_path": "/Users/jessica/.config/gridworks/scada/certs/admin/admin.crt",
        "private_key_path": "/Users/jessica/.config/gridworks/scada/certs/admin/private/admin.pem"
      },
      "cert_reqs": 2,
      "ciphers": null,
      "keyfile_password": ""
    },
    "enabled": true,
    "name": "admin",
    "max_timeout_seconds": 86400.0
  },
  "timezone_str": "America/New_York",
  "latitude": 45.6573,
  "longitude": -68.7098,
  "whitewire_threshold_watts": 20.0,
  "hp_model": "SamsungFiveTonneHydroKit",
  "airtable_pat": "bogus_pat"
}
ScadaSettings(
    paths=ScadaPaths(
        base=PosixPath('gridworks'),
        name=PosixPath('scada'),
        relative_path=PosixPath('gridworks/scada'),
        data_home=PosixPath('/Users/jessica/.local/share'),
        state_home=PosixPath('/Users/jessica/.local/state'),
        config_home=PosixPath('/Users/jessica/.config'),
        data_dir=PosixPath('/Users/jessica/.local/share/gridworks/scada'),
        config_dir=PosixPath('/Users/jessica/.config/gridworks/scada'),
        certs_dir=PosixPath('/Users/jessica/.config/gridworks/scada/certs'),
        event_dir=PosixPath('/Users/jessica/.local/share/gridworks/scada/event')
,
        log_dir=PosixPath('/Users/jessica/.local/state/gridworks/scada/log'),
        hardware_layout=PosixPath('/Users/jessica/GridWorks/gridworks-scada/test
s/config/gw.house0.sim.layout.json'),
        operational_params=PosixPath('/Users/jessica/GridWorks/gridworks-scada/t
ests/config/gw.house0.sim.operational.params.json'),
        tadeed=PosixPath('/Users/jessica/GridWorks/gridworks-scada/tests/config/
ta-deed.json')
    ),
    logging=LoggingSettings(
        base_log_name='gridworks',
        base_log_level=30,
        levels=LoggerLevels(
            message_summary=30,
            lifecycle=20,
            comm_event=20,
            io_loop=20
        ),
        formatter=FormatterSettings(
            fmt='%(asctime)s %(message)s',
            datefmt='',
            default_msec_format='%s.%03d',
            use_utc=False
        ),
        file_handler=RotatingFileHandlerSettings(
            filename='proactor.log',
            bytes_per_log_file=2097152,
            num_log_files=10,
            level=0
        ),
        io_loop=IOLoopLoggerSettings(
            file_handler=RotatingFileHandlerSettings(
                filename='io_loop.log',
                bytes_per_log_file=2097152,
                num_log_files=2,
                level=0
            ),
            on_screen=False
        ),
        aiohttp_logging=False,
        paho_logging=False
    ),
    proactor=ProactorSettings(
        mqtt_link_poll_seconds=60.0,
        ack_timeout_seconds=5.0,
        num_initial_event_reuploads=5,
        num_inflight_events=50
    ),
    pico_cycler_state_logging=False,
    power_meter_logging_level=30,
    contract_rep_logging_level=20,
    paho_logging=False,
    local_mqtt=MQTTClient(
        host='localhost',
        port=1883,
        keepalive=60,
        bind_address='',
        bind_port=0,
        username=None,
        password=SecretStr(''),
        tls=TLSInfo(
            use_tls=False,
            port=8883,
            paths=TLSPaths(
                ca_cert_path=PosixPath('/Users/jessica/.config/gridworks/scada/c
erts/local_mqtt/ca.crt'),
                cert_path=PosixPath('/Users/jessica/.config/gridworks/scada/cert
s/local_mqtt/local_mqtt.crt'),
                private_key_path=PosixPath('/Users/jessica/.config/gridworks/sca
da/certs/local_mqtt/private/local_mqtt.pem')
            ),
            cert_reqs=<VerifyMode.CERT_REQUIRED: 2>,
            ciphers=None,
            keyfile_password=SecretStr('')
        )
    ),
    gridworks_mqtt=MQTTClient(
        host='localhost',
        port=1885,
        keepalive=60,
        bind_address='',
        bind_port=0,
        username='smqPublic',
        password=SecretStr('**********'),
        tls=TLSInfo(
            use_tls=False,
            port=8883,
            paths=TLSPaths(
                ca_cert_path=PosixPath('/Users/jessica/.config/gridworks/scada/c
erts/gridworks_mqtt/ca.crt'),
                cert_path=PosixPath('/Users/jessica/.config/gridworks/scada/cert
s/gridworks_mqtt/gridworks_mqtt.crt'),
                private_key_path=PosixPath('/Users/jessica/.config/gridworks/sca
da/certs/gridworks_mqtt/private/gridworks_mqtt.pem')
            ),
            cert_reqs=<VerifyMode.CERT_REQUIRED: 2>,
            ciphers=None,
            keyfile_password=SecretStr('')
        )
    ),
    seconds_per_report=60,
    seconds_per_snapshot=30,
    async_power_reporting_threshold=0.02,
    persister=PersisterSettings(max_bytes=524288000),
    admin=AdminLinkSettings(
        host='localhost',
        port=1885,
        keepalive=60,
        bind_address='',
        bind_port=0,
        username='smqPublic',
        password=SecretStr('**********'),
        tls=TLSInfo(
            use_tls=False,
            port=8883,
            paths=TLSPaths(
                ca_cert_path=PosixPath('/Users/jessica/.config/gridworks/scada/c
erts/admin/ca.crt'),
                cert_path=PosixPath('/Users/jessica/.config/gridworks/scada/cert
s/admin/admin.crt'),
                private_key_path=PosixPath('/Users/jessica/.config/gridworks/sca
da/certs/admin/private/admin.pem')
            ),
            cert_reqs=<VerifyMode.CERT_REQUIRED: 2>,
            ciphers=None,
            keyfile_password=SecretStr('')
        ),
        enabled=True,
        name='admin',
        max_timeout_seconds=86400.0
    ),
    timezone_str='America/New_York',
    latitude=45.6573,
    longitude=-68.7098,
    whitewire_threshold_watts=20.0,
    hp_model=<HpModel.SamsungFiveTonneHydroKit: 'SamsungFiveTonneHydroKit'>,
    airtable_pat='bogus_pat'
)
2026-09-13 09:56:36.929 Proactor <ProactorName(long_name='d1.isone.ct.newhaven.orange1.scada', short_name='s')> reindexing events
2026-09-13 09:56:36.942 Proactor <ProactorName(long_name='d1.isone.ct.newhaven.orange1.scada', short_name='s')> reindexing complete.
  640 events present for upload, using approximately 2078 KB / 2.0 MB storage space.
2026-09-13 09:56:36.942 [scada] SIMULATED
2026-09-13 09:56:36.943 Skip binding of 'trigger' to model due to model override policy.
2026-09-13 09:56:36.943 Skip binding of 'may_trigger' to model due to model override policy.
2026-09-13 09:56:36.957 [la] Params: AlphaTimes10=55 BetaTimes100=-10 GammaEx6=0 IntermediatePowerKw=1.5 IntermediateRswtF=100 DdPowerKw=5.5 DdRswtF=150 DdDeltaTF=20 HpMaxKwEl=9.66 MaxEwtF=170 LoadOverestimationPercent=0 CopIntercept=1.02 CopOatCoeff=0.0257 CopLwtCoeff=0.0 CopMin=1.4 CopMinOatF=15.0 HpTurnOnMinutes=12 TypeName='ha1.params' Version='006'
2026-09-13 09:56:36.957 Creating LeafAlly with strategy AllTanks, using actors.leaf_ally.house0.all_tanks.AllTanksLeafAlly
2026-09-13 09:56:36.958 Skip binding of 'WakeUp' to model due to model override policy.
2026-09-13 09:56:36.958 [derived-generator] self.timezone: America/New_York
2026-09-13 09:56:36.958 [derived-generator] self.latitude: 45.6573
2026-09-13 09:56:36.958 [derived-generator] self.longitude: -68.7098
2026-09-13 09:56:36.958 [derived-generator] Params: AlphaTimes10=55 BetaTimes100=-10 GammaEx6=0 IntermediatePowerKw=1.5 IntermediateRswtF=100 DdPowerKw=5.5 DdRswtF=150 DdDeltaTF=20 HpMaxKwEl=9.66 MaxEwtF=170 LoadOverestimationPercent=0 CopIntercept=1.02 CopOatCoeff=0.0257 CopLwtCoeff=0.0 CopMin=1.4 CopMinOatF=15.0 HpTurnOnMinutes=12 TypeName='ha1.params' Version='006'
2026-09-13 09:56:36.959 [lc] Params: AlphaTimes10=55 BetaTimes100=-10 GammaEx6=0 IntermediatePowerKw=1.5 IntermediateRswtF=100 DdPowerKw=5.5 DdRswtF=150 DdDeltaTF=20 HpMaxKwEl=9.66 MaxEwtF=170 LoadOverestimationPercent=0 CopIntercept=1.02 CopOatCoeff=0.0257 CopLwtCoeff=0.0 CopMin=1.4 CopMinOatF=15.0 HpTurnOnMinutes=12 TypeName='ha1.params' Version='006'
2026-09-13 09:56:36.959 [lc] Set auto.lc.n command tree
2026-09-13 09:56:36.959 Skip binding of 'trigger' to model due to model override policy.
2026-09-13 09:56:36.959 Skip binding of 'may_trigger' to model due to model override policy.
2026-09-13 09:56:36.960 Creating LocalControl with actuation authority Active and seasonal storage mode AllTanks, using actors.local_control.house0.all_tanks_tou.AllTanksTouLocalControl
2026-09-13 09:56:36.960 Skip binding of 'trigger' to model due to model override policy.
2026-09-13 09:56:36.960 Skip binding of 'may_trigger' to model due to model override policy.
2026-09-13 09:56:36.961 
Subscription info for <d1.isone.ct.newhaven.orange1.scada> [construction]
  Client name: <gridworks_mqtt>  topic_dst: <ltn>
    Publish to: gw/d1-isone-ct-newhaven-orange1-scada/to/ltn/SOME_MESSAGE_TYPE
    Subscriptions:
      [('gw/d1-isone-ct-newhaven-orange1/to/s/#', <QOS.AtMostOnce: 0>)]
  Client name: <local_mqtt>  topic_dst: <s2>
    Publish to: gw/d1-isone-ct-newhaven-orange1-scada/to/s2/SOME_MESSAGE_TYPE
    Subscriptions:
      [('gw/d1-isone-ct-newhaven-orange1-scada-s2/to/s/#', <QOS.AtMostOnce: 0>)]
  Client name: <admin>  topic_dst: <admin>
    Publish to: gw/d1-isone-ct-newhaven-orange1-scada/to/admin/SOME_MESSAGE_TYPE
    Subscriptions:
      [('gw/admin/to/d1-isone-ct-newhaven-orange1-scada/#', <QOS.AtMostOnce: 0>)]

2026-09-13 09:56:36.964 ++Proactor<s>.join()
2026-09-13 09:56:36.964 Tasks: 54  [Proactor.join() - all tasks]
	1/54  LocalControl keepalive          done:False   exception: None  <coroutine object LocalControlTouBase.main at 0x14da31e40>
	2/54  ApiTankModule sim pico          done:False   exception: None  <coroutine object ApiTankModule.sim_pico_main at 0x14da32b60>
	3/54  process_messages                done:False   exception: None  <coroutine object Proactor.process_messages at 0x14da7c700>
	4/54  hp-failsafe-relay-boot-adopt    done:False   exception: None  <coroutine object Relay._boot_adopt at 0x14da80140>
	5/54  primary-pump-scada-ops-relay-boot-adopt  done:False   exception: None  <coroutine object Relay._boot_adopt at 0x14da80640>
	6/54  Sieg Loop Synchronous Report    done:False   exception: None  <coroutine object SiegLoop.main at 0x14da21140>
	7/54  ApiTankModule keepalive         done:False   exception: None  <coroutine object ApiTankModule.main at 0x14da64d40>
	8/54  relay state reporter            done:False   exception: None  <coroutine object Relay.main at 0x14da32200>
	9/54  send_ping<gridworks_mqtt>       done:False   exception: None  <coroutine object LinkManager.send_ping at 0x14da32d40>
	10/54  relay state reporter            done:False   exception: None  <coroutine object Relay.main at 0x14da326b0>
	11/54  ApiTankModule sim pico          done:False   exception: None  <coroutine object ApiTankModule.sim_pico_main at 0x14da32c50>
	12/54  send_ping<local_mqtt>           done:False   exception: None  <coroutine object LinkManager.send_ping at 0x14da32e30>
	13/54  hp-scada-ops-relay-boot-adopt   done:False   exception: None  <coroutine object Relay._boot_adopt at 0x14da80240>
	14/54  Task-1                          done:False   exception: None  <coroutine object Proactor.run_forever at 0x14d4f7b80>
	15/54  relay state reporter            done:False   exception: None  <coroutine object Relay.main at 0x14da327a0>
	16/54  zone1-main-temp-sensor keepalive  done:False   exception: None  <coroutine object SimSensorActor.main at 0x14da7c040>
	17/54  dist-010v-main                  done:False   exception: None  <coroutine object ZeroTenOutputer.main_loop at 0x14da64e10>
	18/54  relay state reporter            done:False   exception: None  <coroutine object Relay.main at 0x14da322f0>
	19/54  send_ping<admin>                done:False   exception: None  <coroutine object LinkManager.send_ping at 0x14da32f20>
	20/54  hp-loop-keep-send-relay-boot-adopt  done:False   exception: None  <coroutine object Relay._boot_adopt at 0x14da80940>
	21/54  i2c-bus-heartbeat               done:False   exception: None  <coroutine object I2cBus._heartbeat at 0x14da64ba0>
	22/54  primary-010v-main               done:False   exception: None  <coroutine object ZeroTenOutputer.main_loop at 0x14da64fb0>
	23/54  hp-loop-on-off-relay-boot-adopt  done:False   exception: None  <coroutine object Relay._boot_adopt at 0x14da80840>
	24/54  snap_sender                     done:False   exception: None  <coroutine object Scada.snap_sending_task at 0x14d99fc60>
	25/54  picocycler keepalive            done:False   exception: None  <coroutine object PicoCycler.main at 0x14d738cc0>
	26/54  relay state reporter            done:False   exception: None  <coroutine object Relay.main at 0x14da32890>
	27/54  vdc-relay-boot-adopt            done:False   exception: None  <coroutine object Relay._boot_adopt at 0x14d997d40>
	28/54  store-010v-main                 done:False   exception: None  <coroutine object ZeroTenOutputer.main_loop at 0x14da65150>
	29/54  aquastat-ctrl-relay-boot-adopt  done:False   exception: None  <coroutine object Relay._boot_adopt at 0x14da80340>
	30/54  zone1-main-failsafe-relay-boot-adopt  done:False   exception: None  <coroutine object Relay._boot_adopt at 0x14da80a40>
	31/54  relay state reporter            done:False   exception: None  <coroutine object Relay.main at 0x14da32110>
	32/54  relay state reporter            done:False   exception: None  <coroutine object Relay.main at 0x14da32020>
	33/54  dist-flow keepalive             done:False   exception: None  <coroutine object SimSensorActor.main at 0x14da7c160>
	34/54  relay state reporter            done:False   exception: None  <coroutine object Relay.main at 0x14da323e0>
	35/54  report_sender                   done:False   exception: None  <coroutine object Scada.report_sending_task at 0x14d926a80>
	36/54  pat_watchdog                    done:False   exception: None  <coroutine object WatchdogManager._check_pats at 0x14d665a60>
	37/54  relay state reporter            done:False   exception: None  <coroutine object Relay.main at 0x14da32980>
	38/54  tstat-common-relay-boot-adopt   done:False   exception: None  <coroutine object Relay._boot_adopt at 0x14d997e40>
	39/54  primary-flow keepalive          done:False   exception: None  <coroutine object SimSensorActor.main at 0x14da7c280>
	40/54  store-pump-relay-boot-adopt     done:False   exception: None  <coroutine object Relay._boot_adopt at 0x14da80440>
	41/54  zone1-main-ops-relay-boot-adopt  done:False   exception: None  <coroutine object Relay._boot_adopt at 0x14da80b40>
	42/54  relay state reporter            done:False   exception: None  <coroutine object Relay.main at 0x14da31f30>
	43/54  store-flow keepalive            done:False   exception: None  <coroutine object SimSensorActor.main at 0x14da7c3a0>
	44/54  relay state reporter            done:False   exception: None  <coroutine object Relay.main at 0x14da324d0>
	45/54  scada top_state_tracker         done:False   exception: None  <coroutine object Scada.state_tracker at 0x14da7cb80>
	46/54  LeafAlly keepalive              done:False   exception: None  <coroutine object AllTanksLeafAlly.main at 0x14d9ee7a0>
	47/54  relay state reporter            done:False   exception: None  <coroutine object Relay.main at 0x14da32a70>
	48/54  charge-discharge-relay-boot-adopt  done:False   exception: None  <coroutine object Relay._boot_adopt at 0x14da80040>
	49/54  sieg-flow keepalive             done:False   exception: None  <coroutine object SimSensorActor.main at 0x14da7c4c0>
	50/54  primary-pump-failsafe-relay-boot-adopt  done:False   exception: None  <coroutine object Relay._boot_adopt at 0x14da80540>
	51/54  Derived Generator keepalive     done:False   exception: None  <coroutine object DerivedGenerator.main at 0x14da31d50>
	52/54  ApiTankModule keepalive         done:False   exception: None  <coroutine object ApiTankModule.main at 0x14da64c70>
	53/54  sieg-cold keepalive             done:False   exception: None  <coroutine object SimSensorActor.main at 0x14da7c5e0>
	54/54  relay state reporter            done:False   exception: None  <coroutine object Relay.main at 0x14da325c0>

2026-09-13 09:56:36.964 Tasks: 89  [WAITING FOR]
	1/89  pico-cycler.join                done:False   exception: None  <coroutine object PicoCycler.join at 0x14d9bff40>
	2/89  primary-pump-scada-ops-relay-boot-adopt  done:False   exception: None  <coroutine object Relay._boot_adopt at 0x14da80640>
	3/89  relay state reporter            done:False   exception: None  <coroutine object Relay.main at 0x14da326b0>
	4/89  tank1.join                      done:False   exception: None  <coroutine object ApiTankModule.join at 0x14daa6080>
	5/89  derived-generator.join          done:False   exception: None  <coroutine object DerivedGenerator.join at 0x14daa4100>
	6/89  relay state reporter            done:False   exception: None  <coroutine object Relay.main at 0x14da327a0>
	7/89  hp-loop-keep-send-relay-boot-adopt  done:False   exception: None  <coroutine object Relay._boot_adopt at 0x14da80940>
	8/89  dist-010v.join                  done:False   exception: None  <coroutine object ZeroTenOutputer.join at 0x14daa6200>
	9/89  lc.join                         done:False   exception: None  <coroutine object LocalControl.join at 0x14daa4280>
	10/89  relay state reporter            done:False   exception: None  <coroutine object Relay.main at 0x14da32890>
	11/89  zone1-main-failsafe-relay-boot-adopt  done:False   exception: None  <coroutine object Relay._boot_adopt at 0x14da80a40>
	12/89  primary-010v.join               done:False   exception: None  <coroutine object ZeroTenOutputer.join at 0x14daa6380>
	13/89  hp-boss.join                    done:False   exception: None  <coroutine object HpBoss.join at 0x14daa4400>
	14/89  relay state reporter            done:False   exception: None  <coroutine object Relay.main at 0x14da32980>
	15/89  zone1-main-ops-relay-boot-adopt  done:False   exception: None  <coroutine object Relay._boot_adopt at 0x14da80b40>
	16/89  store-010v.join                 done:False   exception: None  <coroutine object ZeroTenOutputer.join at 0x14daa6500>
	17/89  sieg-loop.join                  done:False   exception: None  <coroutine object SiegLoop.join at 0x14daa4580>
	18/89  relay state reporter            done:False   exception: None  <coroutine object Relay.main at 0x14da32a70>
	19/89  ApiTankModule keepalive         done:False   exception: None  <coroutine object ApiTankModule.main at 0x14da64c70>
	20/89  dist-flow.join                  done:False   exception: None  <coroutine object SimSensorActor.join at 0x14daa6680>
	21/89  power-meter.join                done:False   exception: None  <coroutine object SyncThreadActor.join at 0x14daa4700>
	22/89  ApiTankModule sim pico          done:False   exception: None  <coroutine object ApiTankModule.sim_pico_main at 0x14da32b60>
	23/89  ApiTankModule keepalive         done:False   exception: None  <coroutine object ApiTankModule.main at 0x14da64d40>
	24/89  primary-flow.join               done:False   exception: None  <coroutine object SimSensorActor.join at 0x14daa6800>
	25/89  zone1-main-temp-sensor.join     done:False   exception: None  <coroutine object SimSensorActor.join at 0x14daa4880>
	26/89  ApiTankModule sim pico          done:False   exception: None  <coroutine object ApiTankModule.sim_pico_main at 0x14da32c50>
	27/89  dist-010v-main                  done:False   exception: None  <coroutine object ZeroTenOutputer.main_loop at 0x14da64e10>
	28/89  store-flow.join                 done:False   exception: None  <coroutine object SimSensorActor.join at 0x14daa6980>
	29/89  i2c-bus.join                    done:False   exception: None  <coroutine object I2cBus.join at 0x14daa4a00>
	30/89  primary-010v-main               done:False   exception: None  <coroutine object ZeroTenOutputer.main_loop at 0x14da64fb0>
	31/89  picocycler keepalive            done:False   exception: None  <coroutine object PicoCycler.main at 0x14d738cc0>
	32/89  store-010v-main                 done:False   exception: None  <coroutine object ZeroTenOutputer.main_loop at 0x14da65150>
	33/89  sieg-flow.join                  done:False   exception: None  <coroutine object SimSensorActor.join at 0x14daa6b00>
	34/89  vdc-relay.join                  done:False   exception: None  <coroutine object Relay.join at 0x14daa4b80>
	35/89  dist-flow keepalive             done:False   exception: None  <coroutine object SimSensorActor.main at 0x14da7c160>
	36/89  primary-flow keepalive          done:False   exception: None  <coroutine object SimSensorActor.main at 0x14da7c280>
	37/89  sieg-cold.join                  done:False   exception: None  <coroutine object SimSensorActor.join at 0x14daa6c80>
	38/89  tstat-common-relay.join         done:False   exception: None  <coroutine object Relay.join at 0x14daa4d00>
	39/89  store-flow keepalive            done:False   exception: None  <coroutine object SimSensorActor.main at 0x14da7c3a0>
	40/89  LeafAlly keepalive              done:False   exception: None  <coroutine object AllTanksLeafAlly.main at 0x14d9ee7a0>
	41/89  sieg-flow keepalive             done:False   exception: None  <coroutine object SimSensorActor.main at 0x14da7c4c0>
	42/89  Derived Generator keepalive     done:False   exception: None  <coroutine object DerivedGenerator.main at 0x14da31d50>
	43/89  charge-discharge-relay.join     done:False   exception: None  <coroutine object Relay.join at 0x14daa4e80>
	44/89  sieg-cold keepalive             done:False   exception: None  <coroutine object SimSensorActor.main at 0x14da7c5e0>
	45/89  LocalControl keepalive          done:False   exception: None  <coroutine object LocalControlTouBase.main at 0x14da31e40>
	46/89  process_messages                done:False   exception: None  <coroutine object Proactor.process_messages at 0x14da7c700>
	47/89  Sieg Loop Synchronous Report    done:False   exception: None  <coroutine object SiegLoop.main at 0x14da21140>
	48/89  hp-failsafe-relay.join          done:False   exception: None  <coroutine object Relay.join at 0x14daa5000>
	49/89  send_ping<gridworks_mqtt>       done:False   exception: None  <coroutine object LinkManager.send_ping at 0x14da32d40>
	50/89  send_ping<local_mqtt>           done:False   exception: None  <coroutine object LinkManager.send_ping at 0x14da32e30>
	51/89  buffer.join                     done:False   exception: None  <coroutine object ApiTankModule.join at 0x14daa5f00>
	52/89  zone1-main-temp-sensor keepalive  done:False   exception: None  <coroutine object SimSensorActor.main at 0x14da7c040>
	53/89  hp-scada-ops-relay.join         done:False   exception: None  <coroutine object Relay.join at 0x14daa5180>
	54/89  send_ping<admin>                done:False   exception: None  <coroutine object LinkManager.send_ping at 0x14da32f20>
	55/89  i2c-bus-heartbeat               done:False   exception: None  <coroutine object I2cBus._heartbeat at 0x14da64ba0>
	56/89  snap_sender                     done:False   exception: None  <coroutine object Scada.snap_sending_task at 0x14d99fc60>
	57/89  vdc-relay-boot-adopt            done:False   exception: None  <coroutine object Relay._boot_adopt at 0x14d997d40>
	58/89  aquastat-ctrl-relay.join        done:False   exception: None  <coroutine object Relay.join at 0x14daa5300>
	59/89  relay state reporter            done:False   exception: None  <coroutine object Relay.main at 0x14da32020>
	60/89  report_sender                   done:False   exception: None  <coroutine object Scada.report_sending_task at 0x14d926a80>
	61/89  tstat-common-relay-boot-adopt   done:False   exception: None  <coroutine object Relay._boot_adopt at 0x14d997e40>
	62/89  store-pump-relay.join           done:False   exception: None  <coroutine object Relay.join at 0x14daa5480>
	63/89  relay state reporter            done:False   exception: None  <coroutine object Relay.main at 0x14da31f30>
	64/89  scada top_state_tracker         done:False   exception: None  <coroutine object Scada.state_tracker at 0x14da7cb80>
	65/89  charge-discharge-relay-boot-adopt  done:False   exception: None  <coroutine object Relay._boot_adopt at 0x14da80040>
	66/89  primary-pump-failsafe-relay.join  done:False   exception: None  <coroutine object Relay.join at 0x14daa5600>
	67/89  watchdog_manager.join           done:False   exception: None  <coroutine object WatchdogManager.join at 0x14da8cc80>
	68/89  relay state reporter            done:False   exception: None  <coroutine object Relay.main at 0x14da32110>
	69/89  hp-failsafe-relay-boot-adopt    done:False   exception: None  <coroutine object Relay._boot_adopt at 0x14da80140>
	70/89  primary-pump-scada-ops-relay.join  done:False   exception: None  <coroutine object Relay.join at 0x14daa5780>
	71/89  io_loop_manager.join            done:False   exception: None  <coroutine object IOLoop.join at 0x14d9bf7c0>
	72/89  relay state reporter            done:False   exception: None  <coroutine object Relay.main at 0x14da32200>
	73/89  hp-scada-ops-relay-boot-adopt   done:False   exception: None  <coroutine object Relay._boot_adopt at 0x14da80240>
	74/89  hp-loop-on-off-relay.join       done:False   exception: None  <coroutine object Relay.join at 0x14daa5900>
	75/89  _WebManager.join                done:False   exception: None  <coroutine object _WebManager.join at 0x14d9bf940>
	76/89  relay state reporter            done:False   exception: None  <coroutine object Relay.main at 0x14da322f0>
	77/89  hp-loop-on-off-relay-boot-adopt  done:False   exception: None  <coroutine object Relay._boot_adopt at 0x14da80840>
	78/89  hp-loop-keep-send-relay.join    done:False   exception: None  <coroutine object Relay.join at 0x14daa5a80>
	79/89  s.join                          done:False   exception: None  <coroutine object PrimeActor.join at 0x14d9bfac0>
	80/89  aquastat-ctrl-relay-boot-adopt  done:False   exception: None  <coroutine object Relay._boot_adopt at 0x14da80340>
	81/89  relay state reporter            done:False   exception: None  <coroutine object Relay.main at 0x14da323e0>
	82/89  zone1-main-failsafe-relay.join  done:False   exception: None  <coroutine object Relay.join at 0x14daa5c00>
	83/89  la.join                         done:False   exception: None  <coroutine object LeafAlly.join at 0x14d9bfc40>
	84/89  store-pump-relay-boot-adopt     done:False   exception: None  <coroutine object Relay._boot_adopt at 0x14da80440>
	85/89  relay state reporter            done:False   exception: None  <coroutine object Relay.main at 0x14da324d0>
	86/89  zone1-main-ops-relay.join       done:False   exception: None  <coroutine object Relay.join at 0x14daa5d80>
	87/89  five-v-boss.join                done:False   exception: None  <coroutine object FiveVBoss.join at 0x14d9bfdc0>
	88/89  primary-pump-failsafe-relay-boot-adopt  done:False   exception: None  <coroutine object Relay._boot_adopt at 0x14da80540>
	89/89  relay state reporter            done:False   exception: None  <coroutine object Relay.main at 0x14da325c0>

2026-09-13 09:56:36.964 [derived-generator] SynthGen about to get forecasts
2026-09-13 09:56:36.965 [sieg-loop] Engaging brain, control state is Initializing, hp boss state is HpOn
2026-09-13 09:56:36.965 [sieg-loop] Waiting for actuators to be ready to get out of Initializing state
2026-09-13 09:56:36.966 [scada] Sending auto.lc.n.hp-boss state to sieg-loop
2026-09-13 09:56:36.966 [sieg-loop] Just received state HpOff from HpBoss
2026-09-13 09:56:36.966 [sieg-loop] Engaging brain, control state is Initializing, hp boss state is HpOff
2026-09-13 09:56:36.967 [sieg-loop] Waiting for actuators to be ready to get out of Initializing state
2026-09-13 09:56:36.967 [scada] Actuator dist-010v is ready. 1/3
2026-09-13 09:56:36.967 [scada] Actuator primary-010v is ready. 2/3
2026-09-13 09:56:36.967 [scada] Actuator store-010v is ready. 3/3
2026-09-13 09:56:36.967 [scada] All actuators are ready!
2026-09-13 09:56:36.967 [sieg-loop] Engaging brain, control state is Initializing, hp boss state is HpOff
2026-09-13 09:56:36.967 [sieg-loop] DoneInitializingBlind: Initializing -> Blind
2026-09-13 09:56:36.967 [sieg-loop] Moving to full send
2026-09-13 09:56:36.967 [lc] Initializing relays
2026-09-13 09:56:36.967 [lc] de-energizing most relays
2026-09-13 09:56:36.967 [lc] SwitchToHeatPump to primary-pump-failsafe-relay
2026-09-13 09:56:36.967 [lc] OpenRelay to primary-pump-scada-ops-relay
2026-09-13 09:56:36.967 [lc] OpenRelay to store-pump-relay
2026-09-13 09:56:36.967 [lc] CloseRelay to tstat-common-relay
2026-09-13 09:56:36.967 [lc] SwitchToWallThermostat to zone1-main-failsafe-relay
2026-09-13 09:56:36.967 [lc] OpenRelay to zone1-main-ops-relay
2026-09-13 09:56:36.967 [lc] energizing certain critical relays
2026-09-13 09:56:36.967 [lc] auto.lc.n sending SwitchToScada to Hp Failsafe auto.lc.n.hp-failsafe-relay
2026-09-13 09:56:36.967 [lc] auto.lc.n sending SwitchToScada to Aquastat Ctrl auto.lc.n.aquastat-ctrl-relay
2026-09-13 09:56:36.968 [lc] Tried to change a relay but didn't have the rights: 1 validation error for FsmEvent
  Value error, FromHandle auto.lc.n must be immediate boss of ToHandle auto.lc.n.sieg-loop.hp-loop-on-off-relay [type=value_error, input_value={'FromHandle': 'auto.lc.n...4a63-a2a9-7f90d5412e26'}, input_type=dict]
    For further information visit https://errors.pydantic.dev/2.11/v/value_error
2026-09-13 09:56:36.970 [lc] Setting 010 defaults inside initialize_actuators
2026-09-13 09:56:36.971 [lc] Just set auto.lc.n.store-010v to 0 from auto.lc.n 
2026-09-13 09:56:36.971 [lc] Just set auto.lc.n.dist-010v to 20 from auto.lc.n 
2026-09-13 09:56:36.971 [lc] Just set auto.lc.n.primary-010v to 40 from auto.lc.n 
2026-09-13 09:56:36.972 [store-010v] Dispatch from auto.lc.n: volts x10 0 -> code 0
2026-09-13 09:56:36.972 [dist-010v] Dispatch from auto.lc.n: volts x10 20 -> code 800
2026-09-13 09:56:36.972 [primary-010v] Dispatch from auto.lc.n: volts x10 40 -> code 1600
2026-09-13 09:56:36.973 [sieg-loop] Task 5449: move to send for 110 seconds
2026-09-13 09:56:36.974 [scada] First Buffer temps arrived! Sending to LocalControl
2026-09-13 09:56:36.974 [lc] Buffer Temps Available: False
2026-09-13 09:56:36.975 Tasks: 48  [DONE]
	1/48  pico-cycler.join                done:True   exception: None  <coroutine object PicoCycler.join at 0x14d9bff40>
	2/48  hp-failsafe-relay-boot-adopt    done:True   exception: None  <coroutine object Relay._boot_adopt at 0x14da80140>
	3/48  primary-pump-scada-ops-relay.join  done:True   exception: None  <coroutine object Relay.join at 0x14daa5780>
	4/48  primary-pump-scada-ops-relay-boot-adopt  done:True   exception: None  <coroutine object Relay._boot_adopt at 0x14da80640>
	5/48  io_loop_manager.join            done:True   exception: None  <coroutine object IOLoop.join at 0x14d9bf7c0>
	6/48  hp-failsafe-relay.join          done:True   exception: None  <coroutine object Relay.join at 0x14daa5000>
	7/48  primary-flow.join               done:True   exception: None  <coroutine object SimSensorActor.join at 0x14daa6800>
	8/48  tank1.join                      done:True   exception: None  <coroutine object ApiTankModule.join at 0x14daa6080>
	9/48  zone1-main-temp-sensor.join     done:True   exception: None  <coroutine object SimSensorActor.join at 0x14daa4880>
	10/48  derived-generator.join          done:True   exception: None  <coroutine object DerivedGenerator.join at 0x14daa4100>
	11/48  hp-scada-ops-relay-boot-adopt   done:True   exception: None  <coroutine object Relay._boot_adopt at 0x14da80240>
	12/48  hp-loop-on-off-relay.join       done:True   exception: None  <coroutine object Relay.join at 0x14daa5900>
	13/48  _WebManager.join                done:True   exception: None  <coroutine object _WebManager.join at 0x14d9bf940>
	14/48  hp-scada-ops-relay.join         done:True   exception: None  <coroutine object Relay.join at 0x14daa5180>
	15/48  store-flow.join                 done:True   exception: None  <coroutine object SimSensorActor.join at 0x14daa6980>
	16/48  hp-loop-keep-send-relay-boot-adopt  done:True   exception: None  <coroutine object Relay._boot_adopt at 0x14da80940>
	17/48  dist-010v.join                  done:True   exception: None  <coroutine object ZeroTenOutputer.join at 0x14daa6200>
	18/48  i2c-bus.join                    done:True   exception: None  <coroutine object I2cBus.join at 0x14daa4a00>
	19/48  lc.join                         done:True   exception: None  <coroutine object LocalControl.join at 0x14daa4280>
	20/48  hp-loop-on-off-relay-boot-adopt  done:True   exception: None  <coroutine object Relay._boot_adopt at 0x14da80840>
	21/48  hp-loop-keep-send-relay.join    done:True   exception: None  <coroutine object Relay.join at 0x14daa5a80>
	22/48  s.join                          done:True   exception: None  <coroutine object PrimeActor.join at 0x14d9bfac0>
	23/48  vdc-relay-boot-adopt            done:True   exception: None  <coroutine object Relay._boot_adopt at 0x14d997d40>
	24/48  aquastat-ctrl-relay.join        done:True   exception: None  <coroutine object Relay.join at 0x14daa5300>
	25/48  sieg-flow.join                  done:True   exception: None  <coroutine object SimSensorActor.join at 0x14daa6b00>
	26/48  aquastat-ctrl-relay-boot-adopt  done:True   exception: None  <coroutine object Relay._boot_adopt at 0x14da80340>
	27/48  zone1-main-failsafe-relay-boot-adopt  done:True   exception: None  <coroutine object Relay._boot_adopt at 0x14da80a40>
	28/48  primary-010v.join               done:True   exception: None  <coroutine object ZeroTenOutputer.join at 0x14daa6380>
	29/48  vdc-relay.join                  done:True   exception: None  <coroutine object Relay.join at 0x14daa4b80>
	30/48  hp-boss.join                    done:True   exception: None  <coroutine object HpBoss.join at 0x14daa4400>
	31/48  zone1-main-failsafe-relay.join  done:True   exception: None  <coroutine object Relay.join at 0x14daa5c00>
	32/48  la.join                         done:True   exception: None  <coroutine object LeafAlly.join at 0x14d9bfc40>
	33/48  tstat-common-relay-boot-adopt   done:True   exception: None  <coroutine object Relay._boot_adopt at 0x14d997e40>
	34/48  store-pump-relay.join           done:True   exception: None  <coroutine object Relay.join at 0x14daa5480>
	35/48  sieg-cold.join                  done:True   exception: None  <coroutine object SimSensorActor.join at 0x14daa6c80>
	36/48  store-pump-relay-boot-adopt     done:True   exception: None  <coroutine object Relay._boot_adopt at 0x14da80440>
	37/48  store-010v.join                 done:True   exception: None  <coroutine object ZeroTenOutputer.join at 0x14daa6500>
	38/48  zone1-main-ops-relay-boot-adopt  done:True   exception: None  <coroutine object Relay._boot_adopt at 0x14da80b40>
	39/48  tstat-common-relay.join         done:True   exception: None  <coroutine object Relay.join at 0x14daa4d00>
	40/48  sieg-loop.join                  done:True   exception: None  <coroutine object SiegLoop.join at 0x14daa4580>
	41/48  zone1-main-ops-relay.join       done:True   exception: None  <coroutine object Relay.join at 0x14daa5d80>
	42/48  five-v-boss.join                done:True   exception: None  <coroutine object FiveVBoss.join at 0x14d9bfdc0>
	43/48  charge-discharge-relay-boot-adopt  done:True   exception: None  <coroutine object Relay._boot_adopt at 0x14da80040>
	44/48  primary-pump-failsafe-relay.join  done:True   exception: None  <coroutine object Relay.join at 0x14daa5600>
	45/48  primary-pump-failsafe-relay-boot-adopt  done:True   exception: None  <coroutine object Relay._boot_adopt at 0x14da80540>
	46/48  dist-flow.join                  done:True   exception: None  <coroutine object SimSensorActor.join at 0x14daa6680>
	47/48  charge-discharge-relay.join     done:True   exception: None  <coroutine object Relay.join at 0x14daa4e80>
	48/48  buffer.join                     done:True   exception: None  <coroutine object ApiTankModule.join at 0x14daa5f00>

2026-09-13 09:56:36.975 Tasks: 41  [PENDING]
	1/41  LocalControl keepalive          done:False   exception: None  <coroutine object LocalControlTouBase.main at 0x14da31e40>
	2/41  ApiTankModule sim pico          done:False   exception: None  <coroutine object ApiTankModule.sim_pico_main at 0x14da32b60>
	3/41  process_messages                done:False   exception: None  <coroutine object Proactor.process_messages at 0x14da7c700>
	4/41  Sieg Loop Synchronous Report    done:False   exception: None  <coroutine object SiegLoop.main at 0x14da21140>
	5/41  ApiTankModule keepalive         done:False   exception: None  <coroutine object ApiTankModule.main at 0x14da64d40>
	6/41  send_ping<gridworks_mqtt>       done:False   exception: None  <coroutine object LinkManager.send_ping at 0x14da32d40>
	7/41  relay state reporter            done:False   exception: None  <coroutine object Relay.main at 0x14da32200>
	8/41  relay state reporter            done:False   exception: None  <coroutine object Relay.main at 0x14da326b0>
	9/41  ApiTankModule sim pico          done:False   exception: None  <coroutine object ApiTankModule.sim_pico_main at 0x14da32c50>
	10/41  send_ping<local_mqtt>           done:False   exception: None  <coroutine object LinkManager.send_ping at 0x14da32e30>
	11/41  relay state reporter            done:False   exception: None  <coroutine object Relay.main at 0x14da327a0>
	12/41  zone1-main-temp-sensor keepalive  done:False   exception: None  <coroutine object SimSensorActor.main at 0x14da7c040>
	13/41  dist-010v-main                  done:False   exception: None  <coroutine object ZeroTenOutputer.main_loop at 0x14da64e10>
	14/41  send_ping<admin>                done:False   exception: None  <coroutine object LinkManager.send_ping at 0x14da32f20>
	15/41  relay state reporter            done:False   exception: None  <coroutine object Relay.main at 0x14da322f0>
	16/41  i2c-bus-heartbeat               done:False   exception: None  <coroutine object I2cBus._heartbeat at 0x14da64ba0>
	17/41  primary-010v-main               done:False   exception: None  <coroutine object ZeroTenOutputer.main_loop at 0x14da64fb0>
	18/41  snap_sender                     done:False   exception: None  <coroutine object Scada.snap_sending_task at 0x14d99fc60>
	19/41  relay state reporter            done:False   exception: None  <coroutine object Relay.main at 0x14da32890>
	20/41  picocycler keepalive            done:False   exception: None  <coroutine object PicoCycler.main at 0x14d738cc0>
	21/41  store-010v-main                 done:False   exception: None  <coroutine object ZeroTenOutputer.main_loop at 0x14da65150>
	22/41  relay state reporter            done:False   exception: None  <coroutine object Relay.main at 0x14da32020>
	23/41  dist-flow keepalive             done:False   exception: None  <coroutine object SimSensorActor.main at 0x14da7c160>
	24/41  report_sender                   done:False   exception: None  <coroutine object Scada.report_sending_task at 0x14d926a80>
	25/41  relay state reporter            done:False   exception: None  <coroutine object Relay.main at 0x14da323e0>
	26/41  relay state reporter            done:False   exception: None  <coroutine object Relay.main at 0x14da32980>
	27/41  sieg-cold keepalive             done:False   exception: None  <coroutine object SimSensorActor.main at 0x14da7c5e0>
	28/41  primary-flow keepalive          done:False   exception: None  <coroutine object SimSensorActor.main at 0x14da7c280>
	29/41  relay state reporter            done:False   exception: None  <coroutine object Relay.main at 0x14da325c0>
	30/41  relay state reporter            done:False   exception: None  <coroutine object Relay.main at 0x14da31f30>
	31/41  store-flow keepalive            done:False   exception: None  <coroutine object SimSensorActor.main at 0x14da7c3a0>
	32/41  scada top_state_tracker         done:False   exception: None  <coroutine object Scada.state_tracker at 0x14da7cb80>
	33/41  relay state reporter            done:False   exception: None  <coroutine object Relay.main at 0x14da324d0>
	34/41  relay state reporter            done:False   exception: None  <coroutine object Relay.main at 0x14da32a70>
	35/41  LeafAlly keepalive              done:False   exception: None  <coroutine object AllTanksLeafAlly.main at 0x14d9ee7a0>
	36/41  sieg-flow keepalive             done:False   exception: None  <coroutine object SimSensorActor.main at 0x14da7c4c0>
	37/41  watchdog_manager.join           done:False   exception: None  <coroutine object WatchdogManager.join at 0x14da8cc80>
	38/41  ApiTankModule keepalive         done:False   exception: None  <coroutine object ApiTankModule.main at 0x14da64c70>
	39/41  Derived Generator keepalive     done:False   exception: None  <coroutine object DerivedGenerator.main at 0x14da31d50>
	40/41  relay state reporter            done:False   exception: None  <coroutine object Relay.main at 0x14da32110>
	41/41  power-meter.join                done:False   exception: None  <coroutine object SyncThreadActor.join at 0x14daa4700>

2026-09-13 09:56:36.975 Tasks: 41  [WAITING FOR]
	1/41  LocalControl keepalive          done:False   exception: None  <coroutine object LocalControlTouBase.main at 0x14da31e40>
	2/41  ApiTankModule sim pico          done:False   exception: None  <coroutine object ApiTankModule.sim_pico_main at 0x14da32b60>
	3/41  process_messages                done:False   exception: None  <coroutine object Proactor.process_messages at 0x14da7c700>
	4/41  Sieg Loop Synchronous Report    done:False   exception: None  <coroutine object SiegLoop.main at 0x14da21140>
	5/41  ApiTankModule keepalive         done:False   exception: None  <coroutine object ApiTankModule.main at 0x14da64d40>
	6/41  send_ping<gridworks_mqtt>       done:False   exception: None  <coroutine object LinkManager.send_ping at 0x14da32d40>
	7/41  relay state reporter            done:False   exception: None  <coroutine object Relay.main at 0x14da32200>
	8/41  relay state reporter            done:False   exception: None  <coroutine object Relay.main at 0x14da326b0>
	9/41  ApiTankModule sim pico          done:False   exception: None  <coroutine object ApiTankModule.sim_pico_main at 0x14da32c50>
	10/41  send_ping<local_mqtt>           done:False   exception: None  <coroutine object LinkManager.send_ping at 0x14da32e30>
	11/41  relay state reporter            done:False   exception: None  <coroutine object Relay.main at 0x14da327a0>
	12/41  zone1-main-temp-sensor keepalive  done:False   exception: None  <coroutine object SimSensorActor.main at 0x14da7c040>
	13/41  dist-010v-main                  done:False   exception: None  <coroutine object ZeroTenOutputer.main_loop at 0x14da64e10>
	14/41  send_ping<admin>                done:False   exception: None  <coroutine object LinkManager.send_ping at 0x14da32f20>
	15/41  relay state reporter            done:False   exception: None  <coroutine object Relay.main at 0x14da322f0>
	16/41  i2c-bus-heartbeat               done:False   exception: None  <coroutine object I2cBus._heartbeat at 0x14da64ba0>
	17/41  primary-010v-main               done:False   exception: None  <coroutine object ZeroTenOutputer.main_loop at 0x14da64fb0>
	18/41  snap_sender                     done:False   exception: None  <coroutine object Scada.snap_sending_task at 0x14d99fc60>
	19/41  relay state reporter            done:False   exception: None  <coroutine object Relay.main at 0x14da32890>
	20/41  picocycler keepalive            done:False   exception: None  <coroutine object PicoCycler.main at 0x14d738cc0>
	21/41  store-010v-main                 done:False   exception: None  <coroutine object ZeroTenOutputer.main_loop at 0x14da65150>
	22/41  relay state reporter            done:False   exception: None  <coroutine object Relay.main at 0x14da32020>
	23/41  dist-flow keepalive             done:False   exception: None  <coroutine object SimSensorActor.main at 0x14da7c160>
	24/41  report_sender                   done:False   exception: None  <coroutine object Scada.report_sending_task at 0x14d926a80>
	25/41  relay state reporter            done:False   exception: None  <coroutine object Relay.main at 0x14da323e0>
	26/41  relay state reporter            done:False   exception: None  <coroutine object Relay.main at 0x14da32980>
	27/41  sieg-cold keepalive             done:False   exception: None  <coroutine object SimSensorActor.main at 0x14da7c5e0>
	28/41  primary-flow keepalive          done:False   exception: None  <coroutine object SimSensorActor.main at 0x14da7c280>
	29/41  relay state reporter            done:False   exception: None  <coroutine object Relay.main at 0x14da325c0>
	30/41  relay state reporter            done:False   exception: None  <coroutine object Relay.main at 0x14da31f30>
	31/41  store-flow keepalive            done:False   exception: None  <coroutine object SimSensorActor.main at 0x14da7c3a0>
	32/41  scada top_state_tracker         done:False   exception: None  <coroutine object Scada.state_tracker at 0x14da7cb80>
	33/41  relay state reporter            done:False   exception: None  <coroutine object Relay.main at 0x14da324d0>
	34/41  relay state reporter            done:False   exception: None  <coroutine object Relay.main at 0x14da32a70>
	35/41  LeafAlly keepalive              done:False   exception: None  <coroutine object AllTanksLeafAlly.main at 0x14d9ee7a0>
	36/41  sieg-flow keepalive             done:False   exception: None  <coroutine object SimSensorActor.main at 0x14da7c4c0>
	37/41  watchdog_manager.join           done:False   exception: None  <coroutine object WatchdogManager.join at 0x14da8cc80>
	38/41  ApiTankModule keepalive         done:False   exception: None  <coroutine object ApiTankModule.main at 0x14da64c70>
	39/41  Derived Generator keepalive     done:False   exception: None  <coroutine object DerivedGenerator.main at 0x14da31d50>
	40/41  relay state reporter            done:False   exception: None  <coroutine object Relay.main at 0x14da32110>
	41/41  power-meter.join                done:False   exception: None  <coroutine object SyncThreadActor.join at 0x14daa4700>

2026-09-13 09:56:36.975 [sieg-loop] auto.lc.n.sieg-loop sending SendMore to HpLoopKeepSend relay auto.lc.n.sieg-loop.hp-loop-keep-send-relay
2026-09-13 09:56:36.975 [sieg-loop] auto.lc.n.sieg-loop sending CloseRelay to HpLoopOnOff relay auto.lc.n.sieg-loop.hp-loop-on-off-relay
2026-09-13 09:56:36.975 [sieg-loop] StartKeepingLess: FullyKeep -> KeepingLess
2026-09-13 09:56:36.975 [sieg-loop] keep seconds 100  [5449]
2026-09-13 09:56:36.976 [sieg-loop] sieg-loop received unexpected message: Src='hp-loop-keep-send-relay' Dst='sieg-loop' MessageType='gw.dispatch.ack' MessageId='' AckRequired=False TypeName='gridworks.header' Version='001'
2026-09-13 09:56:36.976 [sieg-loop] sieg-loop received unexpected message: Src='hp-loop-on-off-relay' Dst='sieg-loop' MessageType='gw.dispatch.ack' MessageId='' AckRequired=False TypeName='gridworks.header' Version='001'
2026-09-13 09:56:36.977 [sieg-loop] sieg-loop received unexpected message: Src='hp-loop-keep-send-relay' Dst='sieg-loop' MessageType='fsm.full.report' MessageId='' AckRequired=False TypeName='gridworks.header' Version='001'
2026-09-13 09:56:36.977 [sieg-loop] sieg-loop received unexpected message: Src='hp-loop-on-off-relay' Dst='sieg-loop' MessageType='fsm.full.report' MessageId='' AckRequired=False TypeName='gridworks.header' Version='001'
2026-09-13 09:56:36.985 local_mqtt:  connecting -- mqtt_connected --> awaiting_setup_and_peer
2026-09-13 09:56:36.985 local_mqtt:  awaiting_setup_and_peer -- mqtt_suback --> awaiting_peer
2026-09-13 09:56:36.987 admin:  connecting -- mqtt_connected --> awaiting_setup_and_peer
2026-09-13 09:56:36.987 gridworks_mqtt:  connecting -- mqtt_connected --> awaiting_setup_and_peer
2026-09-13 09:56:36.993 admin:  awaiting_setup_and_peer -- mqtt_suback --> awaiting_peer
2026-09-13 09:56:37.002 gridworks_mqtt:  awaiting_setup_and_peer -- mqtt_suback --> awaiting_peer
2026-09-13 09:56:37.036 [dist-010v] Warning Glitch: i2c-dac-eeprom-reprogrammed
2026-09-13 09:56:37.037 [primary-010v] Warning Glitch: i2c-dac-eeprom-reprogrammed
2026-09-13 09:56:37.037 [store-010v] Warning Glitch: i2c-dac-eeprom-reprogrammed
2026-09-13 09:56:37.065 [derived-generator] Obtained a 155-hour weather forecast starting at 1789308000
2026-09-13 09:56:37.069 [derived-generator] Calculating rswt_quadratic_params: [ 4.91228070e-04 -4.28070175e-02  8.68421053e-01]
2026-09-13 09:56:37.070 [derived-generator] Updating usable and required energy
2026-09-13 09:56:37.070 [derived-generator] Got forecast starting 2026-09-13 10:00:00
2026-09-13 09:56:37.976 [sieg-loop] keep seconds 99.0  [5449]
2026-09-13 09:56:38.977 [sieg-loop] keep seconds 98.0  [5449]
2026-09-13 09:56:39.966 [pico-cycler] TRIGGERING PICO REBOOT! startup
2026-09-13 09:56:39.967 [pico-cycler] OpenRelay to vdc-relay
2026-09-13 09:56:39.978 [sieg-loop] keep seconds 97.0  [5449]
2026-09-13 09:56:40.973 [scada] About to initialize contracts
2026-09-13 09:56:40.973 No contract
2026-09-13 09:56:40.974 Starting with no contract
2026-09-13 09:56:40.979 [sieg-loop] keep seconds 96.0  [5449]
2026-09-13 09:56:41.967 [lc] Top state: Normal
2026-09-13 09:56:41.967 [lc] LocalControl: AllTanks  |  State: Initializing
2026-09-13 09:56:41.968 [lc] All critical zones are at or above their effective setpoint
2026-09-13 09:56:41.980 [sieg-loop] keep seconds 95.0  [5449]
2026-09-13 09:56:42.981 [sieg-loop] keep seconds 94.0  [5449]
2026-09-13 09:56:43.982 [sieg-loop] keep seconds 93.0  [5449]
2026-09-13 09:56:44.973 [pico-cycler] CloseRelay to vdc-relay
2026-09-13 09:56:44.984 [sieg-loop] keep seconds 92.0  [5449]
2026-09-13 09:56:45.985 [sieg-loop] keep seconds 91.0  [5449]
2026-09-13 09:56:46.987 [sieg-loop] keep seconds 90.0  [5449]
2026-09-13 09:56:47.988 [sieg-loop] keep seconds 89.0  [5449]
2026-09-13 09:56:48.990 [sieg-loop] keep seconds 88.0  [5449]
2026-09-13 09:56:49.991 [sieg-loop] keep seconds 87.0  [5449]
2026-09-13 09:56:50.992 [sieg-loop] keep seconds 86.0  [5449]
2026-09-13 09:56:51.994 [sieg-loop] keep seconds 85.0  [5449]
2026-09-13 09:56:52.996 [sieg-loop] keep seconds 84.0  [5449]
2026-09-13 09:56:53.997 [sieg-loop] keep seconds 83.0  [5449]
2026-09-13 09:56:54.999 [sieg-loop] keep seconds 82.0  [5449]
2026-09-13 09:56:56.002 [sieg-loop] keep seconds 81.0  [5449]
2026-09-13 09:56:57.003 [sieg-loop] keep seconds 80.0  [5449]
2026-09-13 09:56:58.005 [sieg-loop] keep seconds 79.0  [5449]
2026-09-13 09:56:58.801 Top state: Auto
2026-09-13 09:56:58.801 Auto state: LocalControl
2026-09-13 09:56:59.006 [sieg-loop] keep seconds 78.0  [5449]
2026-09-13 09:57:00.007 [sieg-loop] keep seconds 77.0  [5449]
2026-09-13 09:57:01.009 [sieg-loop] keep seconds 76.0  [5449]
2026-09-13 09:57:02.012 [sieg-loop] keep seconds 75.0  [5449]
2026-09-13 09:57:03.013 [sieg-loop] keep seconds 74.0  [5449]
2026-09-13 09:57:04.015 [sieg-loop] keep seconds 73.0  [5449]
2026-09-13 09:57:05.016 [sieg-loop] keep seconds 72.0  [5449]
2026-09-13 09:57:06.018 [sieg-loop] keep seconds 71.0  [5449]
2026-09-13 09:57:06.966 [sieg-loop] Engaging brain, control state is Blind, hp boss state is HpOff
2026-09-13 09:57:07.018 [sieg-loop] keep seconds 70.0  [5449]
2026-09-13 09:57:08.020 [sieg-loop] keep seconds 69.0  [5449]
2026-09-13 09:57:09.022 [sieg-loop] keep seconds 68.0  [5449]
2026-09-13 09:57:10.023 [sieg-loop] keep seconds 67.0  [5449]
2026-09-13 09:57:11.025 [sieg-loop] keep seconds 66.0  [5449]
2026-09-13 09:57:12.026 [sieg-loop] keep seconds 65.0  [5449]
2026-09-13 09:57:13.028 [sieg-loop] keep seconds 64.0  [5449]
2026-09-13 09:57:14.029 [sieg-loop] keep seconds 63.0  [5449]
2026-09-13 09:57:15.030 [sieg-loop] keep seconds 62.0  [5449]
2026-09-13 09:57:16.032 [sieg-loop] keep seconds 61.0  [5449]
2026-09-13 09:57:17.034 [sieg-loop] keep seconds 60.0  [5449]
2026-09-13 09:57:18.036 [sieg-loop] keep seconds 59.0  [5449]
2026-09-13 09:57:19.038 [sieg-loop] keep seconds 58.0  [5449]
2026-09-13 09:57:20.039 [sieg-loop] keep seconds 57.0  [5449]
2026-09-13 09:57:20.988 admin:  awaiting_peer -- message_from_peer --> active
2026-09-13 09:57:21.041 [sieg-loop] keep seconds 56.0  [5449]
2026-09-13 09:57:21.500 [scada] Message from Admin! top_state Admin
2026-09-13 09:57:21.500 [scada] AutoGoesDormant: LocalControl -> Dormant
2026-09-13 09:57:21.504 [lc] Top State TopGoDormant: Normal -> Dormant
2026-09-13 09:57:21.504 [lc] Set top state command tree
2026-09-13 09:57:21.504 [lc] GoDormant: Initializing -> Dormant
2026-09-13 09:57:21.504 [scada] Admin Wakes Up
2026-09-13 09:57:21.504 [scada] AdminDispatch SwitchToScada to admin.zone1-main-failsafe-relay
2026-09-13 09:57:22.042 [sieg-loop] keep seconds 55.0  [5449]
2026-09-13 09:57:23.044 [sieg-loop] keep seconds 54.0  [5449]
2026-09-13 09:57:24.045 [sieg-loop] keep seconds 53.0  [5449]
2026-09-13 09:57:25.047 [sieg-loop] keep seconds 52.0  [5449]
2026-09-13 09:57:26.049 [sieg-loop] keep seconds 51.0  [5449]
2026-09-13 09:57:27.050 [sieg-loop] keep seconds 50.0  [5449]
2026-09-13 09:57:28.053 [sieg-loop] keep seconds 49.0  [5449]
2026-09-13 09:57:29.055 [sieg-loop] keep seconds 48.0  [5449]
2026-09-13 09:57:30.040 [scada] AdminDispatch CloseRelay to admin.zone1-main-ops-relay
2026-09-13 09:57:30.057 [sieg-loop] keep seconds 46.9  [5449]
2026-09-13 09:57:31.058 [sieg-loop] keep seconds 45.9  [5449]
2026-09-13 09:57:32.059 [sieg-loop] keep seconds 44.9  [5449]
2026-09-13 09:57:33.060 [sieg-loop] keep seconds 43.9  [5449]
2026-09-13 09:57:34.062 [sieg-loop] keep seconds 42.9  [5449]
2026-09-13 09:57:35.064 [sieg-loop] keep seconds 41.9  [5449]
2026-09-13 09:57:36.066 [sieg-loop] keep seconds 40.9  [5449]
2026-09-13 09:57:36.967 [sieg-loop] Engaging brain, control state is Blind, hp boss state is HpOff
2026-09-13 09:57:37.067 [sieg-loop] keep seconds 39.9  [5449]
2026-09-13 09:57:38.068 [sieg-loop] keep seconds 38.9  [5449]
2026-09-13 09:57:39.069 [sieg-loop] keep seconds 37.9  [5449]
2026-09-13 09:57:39.090 [derived-generator] Currently in on-peak or no on-peak period coming up soon
2026-09-13 09:57:40.070 [sieg-loop] keep seconds 36.9  [5449]
2026-09-13 09:57:41.072 [sieg-loop] keep seconds 35.9  [5449]
2026-09-13 09:57:41.969 [lc] Top state: Dormant
2026-09-13 09:57:41.969 [lc] LocalControl: AllTanks  |  State: Dormant
2026-09-13 09:57:42.073 [sieg-loop] keep seconds 34.9  [5449]
2026-09-13 09:57:43.075 [sieg-loop] keep seconds 33.9  [5449]
2026-09-13 09:57:44.077 [sieg-loop] keep seconds 32.9  [5449]
2026-09-13 09:57:45.078 [sieg-loop] keep seconds 31.9  [5449]
2026-09-13 09:57:46.079 [sieg-loop] keep seconds 30.9  [5449]
2026-09-13 09:57:47.081 [sieg-loop] keep seconds 29.9  [5449]
2026-09-13 09:57:48.083 [sieg-loop] keep seconds 28.9  [5449]
2026-09-13 09:57:49.084 [sieg-loop] keep seconds 27.9  [5449]
2026-09-13 09:57:50.087 [sieg-loop] keep seconds 26.9  [5449]
2026-09-13 09:57:51.089 [sieg-loop] keep seconds 25.9  [5449]
2026-09-13 09:57:52.090 [sieg-loop] keep seconds 24.9  [5449]
2026-09-13 09:57:53.092 [sieg-loop] keep seconds 23.9  [5449]
2026-09-13 09:57:54.094 [sieg-loop] keep seconds 22.9  [5449]
2026-09-13 09:57:55.095 [sieg-loop] keep seconds 21.9  [5449]
2026-09-13 09:57:56.097 [sieg-loop] keep seconds 20.9  [5449]
2026-09-13 09:57:57.098 [sieg-loop] keep seconds 19.9  [5449]
2026-09-13 09:57:58.099 [sieg-loop] keep seconds 18.9  [5449]
2026-09-13 09:57:58.801 Top state: Admin
2026-09-13 09:57:58.801 Auto state: Dormant
2026-09-13 09:57:59.102 [sieg-loop] keep seconds 17.9  [5449]
2026-09-13 09:58:00.103 [sieg-loop] keep seconds 16.9  [5449]
2026-09-13 09:58:01.104 [sieg-loop] keep seconds 15.9  [5449]
2026-09-13 09:58:02.106 [sieg-loop] keep seconds 14.9  [5449]
2026-09-13 09:58:03.108 [sieg-loop] keep seconds 13.9  [5449]
2026-09-13 09:58:04.108 [sieg-loop] keep seconds 12.9  [5449]
2026-09-13 09:58:05.109 [sieg-loop] keep seconds 11.9  [5449]
2026-09-13 09:58:06.111 [sieg-loop] keep seconds 10.9  [5449]
2026-09-13 09:58:06.971 [sieg-loop] Engaging brain, control state is Blind, hp boss state is HpOff
2026-09-13 09:58:07.113 [sieg-loop] keep seconds 9.9  [5449]
2026-09-13 09:58:08.114 [sieg-loop] keep seconds 8.9  [5449]
2026-09-13 09:58:09.116 [sieg-loop] keep seconds 7.9  [5449]
2026-09-13 09:58:10.118 [sieg-loop] keep seconds 6.9  [5449]
2026-09-13 09:58:11.119 [sieg-loop] keep seconds 5.9  [5449]
2026-09-13 09:58:12.120 [sieg-loop] keep seconds 4.9  [5449]
2026-09-13 09:58:13.121 [sieg-loop] keep seconds 3.9  [5449]
2026-09-13 09:58:14.123 [sieg-loop] keep seconds 2.9  [5449]
2026-09-13 09:58:15.126 [sieg-loop] keep seconds 1.9  [5449]
2026-09-13 09:58:16.127 [sieg-loop] keep seconds 0.9  [5449]
2026-09-13 09:58:17.129 [sieg-loop] keep seconds 0  [5449]
2026-09-13 09:58:18.130 [sieg-loop] keep seconds 0  [5449]
2026-09-13 09:58:19.132 [sieg-loop] keep seconds 0  [5449]
2026-09-13 09:58:20.134 [sieg-loop] keep seconds 0  [5449]
2026-09-13 09:58:21.135 [sieg-loop] keep seconds 0  [5449]
2026-09-13 09:58:22.137 [sieg-loop] keep seconds 0  [5449]
2026-09-13 09:58:23.138 [sieg-loop] keep seconds 0  [5449]
2026-09-13 09:58:24.140 [sieg-loop] keep seconds 0  [5449]
2026-09-13 09:58:25.142 [sieg-loop] keep seconds 0  [5449]
2026-09-13 09:58:26.145 [sieg-loop] keep seconds 0  [5449]
2026-09-13 09:58:27.045 [sieg-loop] admin.sieg-loop sending OpenRelay to HpLoopOnOff relay admin.sieg-loop.hp-loop-on-off-relay
2026-09-13 09:58:27.045 [sieg-loop] StopKeepingLess: KeepingLess -> SteadyBlend
2026-09-13 09:58:27.045 [sieg-loop] Movement 5449 completed: 0 seconds, state SteadyBlend
2026-09-13 09:58:27.046 [sieg-loop] sieg-loop received unexpected message: Src='hp-loop-on-off-relay' Dst='sieg-loop' MessageType='gw.dispatch.ack' MessageId='' AckRequired=False TypeName='gridworks.header' Version='001'
2026-09-13 09:58:27.047 [sieg-loop] sieg-loop received unexpected message: Src='hp-loop-on-off-relay' Dst='sieg-loop' MessageType='fsm.full.report' MessageId='' AckRequired=False TypeName='gridworks.header' Version='001'
2026-09-13 09:58:36.973 [sieg-loop] Engaging brain, control state is Blind, hp boss state is HpOff
2026-09-13 09:58:39.107 [derived-generator] Currently in on-peak or no on-peak period coming up soon
2026-09-13 09:58:41.971 [lc] Top state: Dormant
2026-09-13 09:58:41.971 [lc] LocalControl: AllTanks  |  State: Dormant
2026-09-13 09:58:58.800 Top state: Admin
2026-09-13 09:58:58.801 Auto state: Dormant
2026-09-13 09:59:06.976 [sieg-loop] Engaging brain, control state is Blind, hp boss state is HpOff
2026-09-13 09:59:25.907 [scada] About name is dist-010v
2026-09-13 09:59:25.909 [dist-010v] Dispatch from admin: volts x10 20 -> code 800
2026-09-13 09:59:36.978 [sieg-loop] Engaging brain, control state is Blind, hp boss state is HpOff
2026-09-13 09:59:39.128 [derived-generator] Currently in on-peak or no on-peak period coming up soon
2026-09-13 09:59:41.972 [lc] Top state: Dormant
2026-09-13 09:59:41.973 [lc] LocalControl: AllTanks  |  State: Dormant
2026-09-13 09:59:46.487 [scada] About name is dist-010v
2026-09-13 09:59:46.488 [dist-010v] Dispatch from admin: volts x10 50 -> code 2000
2026-09-13 09:59:58.800 Top state: Admin
2026-09-13 09:59:58.802 Auto state: Dormant
2026-09-13 10:00:06.981 [sieg-loop] Engaging brain, control state is Blind, hp boss state is HpOff
2026-09-13 10:00:07.075 [scada] About name is dist-010v
2026-09-13 10:00:07.076 [dist-010v] Dispatch from admin: volts x10 80 -> code 3200
2026-09-13 10:00:27.649 [scada] About name is dist-010v
2026-09-13 10:00:27.650 [dist-010v] Dispatch from admin: volts x10 100 -> code 4000
2026-09-13 10:00:36.984 [sieg-loop] Engaging brain, control state is Blind, hp boss state is HpOff
2026-09-13 10:00:36.990 [pico-cycler] buffer sim-buffer-pico flatlined
2026-09-13 10:00:36.991 [pico-cycler] TRIGGERING PICO REBOOT! triggered by buffer sim-buffer-pico
2026-09-13 10:00:36.991 [pico-cycler] OpenRelay to vdc-relay
2026-09-13 10:00:36.991 [pico-cycler] tank1 sim-tank1-pico flatlined
2026-09-13 10:00:39.149 [derived-generator] Currently in on-peak or no on-peak period coming up soon
2026-09-13 10:00:41.975 [lc] Top state: Dormant
2026-09-13 10:00:41.975 [lc] LocalControl: AllTanks  |  State: Dormant
2026-09-13 10:00:41.993 [pico-cycler] CloseRelay to vdc-relay
2026-09-13 10:00:48.234 [scada] About name is dist-010v
2026-09-13 10:00:48.237 [dist-010v] Dispatch from admin: volts x10 100 -> code 4000
2026-09-13 10:00:58.801 Top state: Admin
2026-09-13 10:00:58.802 Auto state: Dormant
2026-09-13 10:01:06.986 [sieg-loop] Engaging brain, control state is Blind, hp boss state is HpOff
2026-09-13 10:01:08.828 [scada] About name is dist-010v
2026-09-13 10:01:08.829 [dist-010v] Dispatch from admin: volts x10 80 -> code 3200
2026-09-13 10:01:29.420 [scada] About name is dist-010v
2026-09-13 10:01:29.421 [dist-010v] Dispatch from admin: volts x10 50 -> code 2000
2026-09-13 10:01:36.989 [sieg-loop] Engaging brain, control state is Blind, hp boss state is HpOff
2026-09-13 10:01:39.176 [derived-generator] Currently in on-peak or no on-peak period coming up soon
2026-09-13 10:01:41.976 [lc] Top state: Dormant
2026-09-13 10:01:41.976 [lc] LocalControl: AllTanks  |  State: Dormant
2026-09-13 10:01:50.005 [scada] About name is dist-010v
2026-09-13 10:01:50.005 [dist-010v] Dispatch from admin: volts x10 20 -> code 800
2026-09-13 10:01:58.801 Top state: Admin
2026-09-13 10:01:58.803 Auto state: Dormant
2026-09-13 10:02:06.992 [sieg-loop] Engaging brain, control state is Blind, hp boss state is HpOff
2026-09-13 10:02:10.573 [scada] About name is dist-010v
2026-09-13 10:02:10.575 [dist-010v] Dispatch from admin: volts x10 35 -> code 1400
2026-09-13 10:02:31.149 [scada] About name is dist-010v
2026-09-13 10:02:31.150 [dist-010v] Dispatch from admin: volts x10 20 -> code 800
2026-09-13 10:02:36.994 [sieg-loop] Engaging brain, control state is Blind, hp boss state is HpOff
2026-09-13 10:02:39.205 [derived-generator] Currently in on-peak or no on-peak period coming up soon
2026-09-13 10:02:41.690 [scada] AdminDispatch OpenRelay to admin.zone1-main-ops-relay
2026-09-13 10:02:41.978 [lc] Top state: Dormant
2026-09-13 10:02:41.979 [lc] LocalControl: AllTanks  |  State: Dormant
2026-09-13 10:02:50.228 [scada] AdminDispatch SwitchToWallThermostat to admin.zone1-main-failsafe-relay
2026-09-13 10:02:55.743 [scada] Admin releases control: Auto
2026-09-13 10:02:55.743 [scada] AutoWakesUp: Dormant -> LocalControl
2026-09-13 10:02:55.747 [lc] Top State TopWakeUp: Dormant -> Normal
2026-09-13 10:02:55.747 [lc] need to initialize actuators again
2026-09-13 10:02:55.748 [lc] Set top state command tree
2026-09-13 10:02:55.749 [lc] Set auto.lc.n command tree
2026-09-13 10:02:55.749 [lc] WakeUp: Dormant -> Initializing
2026-09-13 10:02:55.749 [lc] Initializing relays
2026-09-13 10:02:55.749 [lc] de-energizing most relays
2026-09-13 10:02:55.749 [lc] SwitchToHeatPump to primary-pump-failsafe-relay
2026-09-13 10:02:55.750 [lc] OpenRelay to primary-pump-scada-ops-relay
2026-09-13 10:02:55.750 [lc] OpenRelay to store-pump-relay
2026-09-13 10:02:55.750 [lc] CloseRelay to tstat-common-relay
2026-09-13 10:02:55.750 [lc] SwitchToWallThermostat to zone1-main-failsafe-relay
2026-09-13 10:02:55.750 [lc] OpenRelay to zone1-main-ops-relay
2026-09-13 10:02:55.750 [lc] energizing certain critical relays
2026-09-13 10:02:55.750 [lc] auto.lc.n sending SwitchToScada to Hp Failsafe auto.lc.n.hp-failsafe-relay
2026-09-13 10:02:55.750 [lc] auto.lc.n sending SwitchToScada to Aquastat Ctrl auto.lc.n.aquastat-ctrl-relay
2026-09-13 10:02:55.750 [lc] Tried to change a relay but didn't have the rights: 1 validation error for FsmEvent
  Value error, FromHandle auto.lc.n must be immediate boss of ToHandle auto.lc.n.sieg-loop.hp-loop-on-off-relay [type=value_error, input_value={'FromHandle': 'auto.lc.n...4213-82d7-86243a8146ed'}, input_type=dict]
    For further information visit https://errors.pydantic.dev/2.11/v/value_error
2026-09-13 10:02:55.751 [lc] Setting 010 defaults inside initialize_actuators
2026-09-13 10:02:55.751 [lc] Just set auto.lc.n.store-010v to 0 from auto.lc.n 
2026-09-13 10:02:55.751 [lc] Just set auto.lc.n.dist-010v to 20 from auto.lc.n 
2026-09-13 10:02:55.751 [lc] Just set auto.lc.n.primary-010v to 40 from auto.lc.n 
2026-09-13 10:02:55.751 [lc] Buffer not empty (buffer-depth1: 131.0 >= 55.0 F), RSWT is 55.0F
2026-09-13 10:02:55.751 [lc] Storage ready (usable 16.6 kWh >= required 0.0 kWh)
2026-09-13 10:02:55.751 [lc] OffPeakBufferFullStorageReady: Initializing -> HpOffStoreOff
2026-09-13 10:02:55.751 [lc] TurnOff to hp-boss
2026-09-13 10:02:55.752 [lc] auto.lc.n sending OpenRelay to StorePump OnOff auto.lc.n.store-pump-relay
2026-09-13 10:02:55.752 [lc] auto.lc.n sending DischargeStore to Store ChargeDischarge auto.lc.n.charge-discharge-relay
2026-09-13 10:02:55.752 [five-v-boss] wake.up in PicoCycler: nothing to restore
2026-09-13 10:02:55.753 [store-010v] Dispatch from auto.lc.n: volts x10 0 -> code 0
2026-09-13 10:02:55.753 [dist-010v] Dispatch from auto.lc.n: volts x10 20 -> code 800
2026-09-13 10:02:55.753 [primary-010v] Dispatch from auto.lc.n: volts x10 40 -> code 1600
2026-09-13 10:02:55.753 [hp-boss] Got FromHandle='auto.lc.n' ToHandle='auto.lc.n.hp-boss' EventType='turn.hp.on.off' EventName='TurnOff' TriggerId='b581297e-63e2-4224-876c-d017dc8f01be' SendTimeUnixMs=1789308175751 TypeName='fsm.event' Version='000'
2026-09-13 10:02:55.754 [hp-boss] auto.lc.n.hp-boss sending OpenRelay to auto.lc.n.hp-boss.hp-scada-ops-relay
2026-09-13 10:02:55.754 [scada] Sending auto.lc.n.hp-boss state to sieg-loop
2026-09-13 10:02:55.754 [sieg-loop] Just received state HpOff from HpBoss
2026-09-13 10:02:55.755 [sieg-loop] Engaging brain, control state is Blind, hp boss state is HpOff
2026-09-13 10:02:55.755 [hp-boss] hp-boss received unexpected message: Src='hp-scada-ops-relay' Dst='hp-boss' MessageType='gw.dispatch.ack' MessageId='' AckRequired=False TypeName='gridworks.header' Version='001'
2026-09-13 10:02:58.801 Top state: Auto
2026-09-13 10:02:58.801 Auto state: LocalControl
2026-09-13 10:03:06.996 [sieg-loop] Engaging brain, control state is Blind, hp boss state is HpOff
2026-09-13 10:03:36.999 [sieg-loop] Engaging brain, control state is Blind, hp boss state is HpOff
2026-09-13 10:03:39.244 [derived-generator] Currently in on-peak or no on-peak period coming up soon
2026-09-13 10:03:41.981 [lc] Top state: Normal
2026-09-13 10:03:41.982 [lc] LocalControl: AllTanks  |  State: HpOffStoreOff
2026-09-13 10:03:41.983 [lc] All critical zones are at or above their effective setpoint
2026-09-13 10:03:41.984 [lc] Buffer not empty (buffer-depth1: 131.0 >= 55.0 F), RSWT is 55.0F
2026-09-13 10:03:41.984 [lc] Storage ready (usable 16.6 kWh >= required 0.0 kWh)
2026-09-13 10:03:58.801 Top state: Auto
2026-09-13 10:03:58.801 Auto state: LocalControl
2026-09-13 10:04:07.003 [sieg-loop] Engaging brain, control state is Blind, hp boss state is HpOff
2026-09-13 10:04:37.006 [sieg-loop] Engaging brain, control state is Blind, hp boss state is HpOff
2026-09-13 10:04:37.023 [pico-cycler] buffer sim-buffer-pico flatlined
2026-09-13 10:04:37.024 [pico-cycler] TRIGGERING PICO REBOOT! triggered by buffer sim-buffer-pico
2026-09-13 10:04:37.024 [pico-cycler] OpenRelay to vdc-relay
2026-09-13 10:04:37.025 [pico-cycler] tank1 sim-tank1-pico flatlined
2026-09-13 10:04:39.272 [derived-generator] Currently in on-peak or no on-peak period coming up soon
2026-09-13 10:04:41.986 [lc] Top state: Normal
2026-09-13 10:04:41.986 [lc] LocalControl: AllTanks  |  State: HpOffStoreOff
2026-09-13 10:04:41.987 [lc] All critical zones are at or above their effective setpoint
2026-09-13 10:04:41.987 [lc] Buffer not empty (buffer-depth1: 131.0 >= 55.0 F), RSWT is 55.0F
2026-09-13 10:04:41.987 [lc] Storage ready (usable 16.6 kWh >= required 0.0 kWh)
2026-09-13 10:04:42.031 [pico-cycler] CloseRelay to vdc-relay
2026-09-13 10:04:58.801 Top state: Auto
2026-09-13 10:04:58.804 Auto state: LocalControl
2026-09-13 10:05:07.009 [sieg-loop] Engaging brain, control state is Blind, hp boss state is HpOff
2026-09-13 10:05:37.012 [sieg-loop] Engaging brain, control state is Blind, hp boss state is HpOff
2026-09-13 10:05:39.300 [derived-generator] Currently in on-peak or no on-peak period coming up soon
2026-09-13 10:05:41.989 [lc] Top state: Normal
2026-09-13 10:05:41.990 [lc] LocalControl: AllTanks  |  State: HpOffStoreOff
2026-09-13 10:05:41.991 [lc] All critical zones are at or above their effective setpoint
2026-09-13 10:05:41.991 [lc] Buffer not empty (buffer-depth1: 131.0 >= 55.0 F), RSWT is 55.0F
2026-09-13 10:05:41.991 [lc] Storage ready (usable 16.6 kWh >= required 0.0 kWh)
2026-09-13 10:05:58.801 Top state: Auto
2026-09-13 10:05:58.803 Auto state: LocalControl
2026-09-13 10:06:07.016 [sieg-loop] Engaging brain, control state is Blind, hp boss state is HpOff
2026-09-13 10:06:37.020 [sieg-loop] Engaging brain, control state is Blind, hp boss state is HpOff
2026-09-13 10:06:39.326 [derived-generator] Currently in on-peak or no on-peak period coming up soon
2026-09-13 10:06:41.993 [lc] Top state: Normal
2026-09-13 10:06:41.994 [lc] LocalControl: AllTanks  |  State: HpOffStoreOff
2026-09-13 10:06:41.994 [lc] All critical zones are at or above their effective setpoint
2026-09-13 10:06:41.995 [lc] Buffer not empty (buffer-depth1: 131.0 >= 55.0 F), RSWT is 55.0F
2026-09-13 10:06:41.995 [lc] Storage ready (usable 16.6 kWh >= required 0.0 kWh)
2026-09-13 10:06:58.800 Top state: Auto
2026-09-13 10:06:58.802 Auto state: LocalControl
2026-09-13 10:07:05.612 Shutting down due to ShutdownMessage, [Signal received: SIGTERM (15)]
2026-09-13 10:07:06.159 Tasks: 40  [DONE]
	1/40  LocalControl keepalive          done:True   (cancelled)  <coroutine object LocalControlTouBase.main at 0x14da31e40>
	2/40  ApiTankModule sim pico          done:True   (cancelled)  <coroutine object ApiTankModule.sim_pico_main at 0x14da32b60>
	3/40  process_messages                done:True   (cancelled)  <coroutine object Proactor.process_messages at 0x14da7c700>
	4/40  Sieg Loop Synchronous Report    done:True   (cancelled)  <coroutine object SiegLoop.main at 0x14da21140>
	5/40  ApiTankModule keepalive         done:True   (cancelled)  <coroutine object ApiTankModule.main at 0x14da64d40>
	6/40  send_ping<gridworks_mqtt>       done:True   (cancelled)  <coroutine object LinkManager.send_ping at 0x14da32d40>
	7/40  relay state reporter            done:True   (cancelled)  <coroutine object Relay.main at 0x14da32200>
	8/40  relay state reporter            done:True   (cancelled)  <coroutine object Relay.main at 0x14da326b0>
	9/40  ApiTankModule sim pico          done:True   (cancelled)  <coroutine object ApiTankModule.sim_pico_main at 0x14da32c50>
	10/40  send_ping<local_mqtt>           done:True   (cancelled)  <coroutine object LinkManager.send_ping at 0x14da32e30>
	11/40  relay state reporter            done:True   (cancelled)  <coroutine object Relay.main at 0x14da327a0>
	12/40  zone1-main-temp-sensor keepalive  done:True   (cancelled)  <coroutine object SimSensorActor.main at 0x14da7c040>
	13/40  dist-010v-main                  done:True   (cancelled)  <coroutine object ZeroTenOutputer.main_loop at 0x14da64e10>
	14/40  send_ping<admin>                done:True   (cancelled)  <coroutine object LinkManager.send_ping at 0x14da32f20>
	15/40  relay state reporter            done:True   (cancelled)  <coroutine object Relay.main at 0x14da322f0>
	16/40  i2c-bus-heartbeat               done:True   (cancelled)  <coroutine object I2cBus._heartbeat at 0x14da64ba0>
	17/40  primary-010v-main               done:True   (cancelled)  <coroutine object ZeroTenOutputer.main_loop at 0x14da64fb0>
	18/40  snap_sender                     done:True   (cancelled)  <coroutine object Scada.snap_sending_task at 0x14d99fc60>
	19/40  relay state reporter            done:True   (cancelled)  <coroutine object Relay.main at 0x14da32890>
	20/40  picocycler keepalive            done:True   (cancelled)  <coroutine object PicoCycler.main at 0x14d738cc0>
	21/40  store-010v-main                 done:True   (cancelled)  <coroutine object ZeroTenOutputer.main_loop at 0x14da65150>
	22/40  relay state reporter            done:True   (cancelled)  <coroutine object Relay.main at 0x14da32110>
	23/40  relay state reporter            done:True   (cancelled)  <coroutine object Relay.main at 0x14da32020>
	24/40  dist-flow keepalive             done:True   (cancelled)  <coroutine object SimSensorActor.main at 0x14da7c160>
	25/40  report_sender                   done:True   (cancelled)  <coroutine object Scada.report_sending_task at 0x14d926a80>
	26/40  relay state reporter            done:True   (cancelled)  <coroutine object Relay.main at 0x14da323e0>
	27/40  relay state reporter            done:True   (cancelled)  <coroutine object Relay.main at 0x14da32980>
	28/40  primary-flow keepalive          done:True   (cancelled)  <coroutine object SimSensorActor.main at 0x14da7c280>
	29/40  relay state reporter            done:True   (cancelled)  <coroutine object Relay.main at 0x14da31f30>
	30/40  store-flow keepalive            done:True   (cancelled)  <coroutine object SimSensorActor.main at 0x14da7c3a0>
	31/40  scada top_state_tracker         done:True   (cancelled)  <coroutine object Scada.state_tracker at 0x14da7cb80>
	32/40  relay state reporter            done:True   (cancelled)  <coroutine object Relay.main at 0x14da324d0>
	33/40  relay state reporter            done:True   (cancelled)  <coroutine object Relay.main at 0x14da32a70>
	34/40  LeafAlly keepalive              done:True   (cancelled)  <coroutine object AllTanksLeafAlly.main at 0x14d9ee7a0>
	35/40  sieg-flow keepalive             done:True   (cancelled)  <coroutine object SimSensorActor.main at 0x14da7c4c0>
	36/40  watchdog_manager.join           done:True   exception: None  <coroutine object WatchdogManager.join at 0x14da8cc80>
	37/40  ApiTankModule keepalive         done:True   (cancelled)  <coroutine object ApiTankModule.main at 0x14da64c70>
	38/40  Derived Generator keepalive     done:True   (cancelled)  <coroutine object DerivedGenerator.main at 0x14da31d50>
	39/40  sieg-cold keepalive             done:True   (cancelled)  <coroutine object SimSensorActor.main at 0x14da7c5e0>
	40/40  relay state reporter            done:True   (cancelled)  <coroutine object Relay.main at 0x14da325c0>

2026-09-13 10:07:06.159 Tasks: 1  [PENDING]
	1/1  power-meter.join                done:False   exception: None  <coroutine object SyncThreadActor.join at 0x14daa4700>

2026-09-13 10:07:06.159 Tasks: 1  [WAITING FOR]
	1/1  power-meter.join                done:False   exception: None  <coroutine object SyncThreadActor.join at 0x14daa4700>

2026-09-13 10:07:07.161 Tasks: 1  [DONE]
	1/1  power-meter.join                done:True   exception: None  <coroutine object SyncThreadActor.join at 0x14daa4700>

2026-09-13 10:07:07.162 Tasks: 0  [PENDING]

2026-09-13 10:07:07.162 --Proactor<s>.join()
[pico-cycler] Sleeping for 198.03230595588684
[pico-cycler] Sleeping for 2.2
[pico-cycler] Sleeping for 297.79410004615784
Channel buffer-depth1-device flatlined - removing from snapshots!
Channel buffer-depth2-device flatlined - removing from snapshots!
Channel buffer-depth3-device flatlined - removing from snapshots!
Channel buffer-depth1-micro-v flatlined - removing from snapshots!
Channel buffer-depth2-micro-v flatlined - removing from snapshots!
Channel buffer-depth3-micro-v flatlined - removing from snapshots!
Channel tank1-depth1-device flatlined - removing from snapshots!
Channel tank1-depth2-device flatlined - removing from snapshots!
Channel tank1-depth3-device flatlined - removing from snapshots!
Channel tank1-depth1-micro-v flatlined - removing from snapshots!
Channel tank1-depth2-micro-v flatlined - removing from snapshots!
Channel tank1-depth3-micro-v flatlined - removing from snapshots!
Channel buffer-depth1-device flatlined - removing from snapshots!
Channel buffer-depth2-device flatlined - removing from snapshots!
Channel buffer-depth3-device flatlined - removing from snapshots!
Channel buffer-depth1-micro-v flatlined - removing from snapshots!
Channel buffer-depth2-micro-v flatlined - removing from snapshots!
Channel buffer-depth3-micro-v flatlined - removing from snapshots!
Channel tank1-depth1-device flatlined - removing from snapshots!
Channel tank1-depth2-device flatlined - removing from snapshots!
Channel tank1-depth3-device flatlined - removing from snapshots!
Channel tank1-depth1-micro-v flatlined - removing from snapshots!
Channel tank1-depth2-micro-v flatlined - removing from snapshots!
Channel tank1-depth3-micro-v flatlined - removing from snapshots!
[pico-cycler] Sleeping for 2.2
[pico-cycler] Sleeping for 297.7949728965759
