2026-09-13 09:45:33.812 
2026-09-13 09:45:33.812 Env file: <.env>  exists: True
2026-09-13 09:45:33.812 Settings:
2026-09-13 09:45:33.813 {
  "paths": {
    "base": "gridworks",
    "name": "scada",
    "relative_path": "gridworks/scada",
    "data_home": "/Users/jessica/.local/share",
    "state_home": "/Users/jessica/.local/state",
    "config_home": "/Users/jessica/.config",
    "data_dir": "/Users/jessica/.local/share/gridworks/scada",
    "config_dir": "/Users/jessica/.config/gridworks/scada",
    "certs_dir": "/Users/jessica/.config/gridworks/scada/certs",
    "event_dir": "/Users/jessica/.local/share/gridworks/scada/event",
    "log_dir": "/Users/jessica/.local/state/gridworks/scada/log",
    "hardware_layout": "/Users/jessica/GridWorks/gridworks-scada/tests/config/gw.house0.sim.layout.json",
    "operational_params": "/Users/jessica/GridWorks/gridworks-scada/tests/config/gw.house0.sim.operational.params.json",
    "tadeed": "/Users/jessica/GridWorks/gridworks-scada/tests/config/ta-deed.json"
  },
  "logging": {
    "base_log_name": "gridworks",
    "base_log_level": 30,
    "levels": {
      "message_summary": 30,
      "lifecycle": 20,
      "comm_event": 20,
      "io_loop": 20
    },
    "formatter": {
      "fmt": "%(asctime)s %(message)s",
      "datefmt": "",
      "default_msec_format": "%s.%03d",
      "use_utc": false
    },
    "file_handler": {
      "filename": "proactor.log",
      "bytes_per_log_file": 2097152,
      "num_log_files": 10,
      "level": 0
    },
    "io_loop": {
      "file_handler": {
        "filename": "io_loop.log",
        "bytes_per_log_file": 2097152,
        "num_log_files": 2,
        "level": 0
      },
      "on_screen": false
    },
    "aiohttp_logging": false,
    "paho_logging": false
  },
  "proactor": {
    "mqtt_link_poll_seconds": 60.0,
    "ack_timeout_seconds": 5.0,
    "num_initial_event_reuploads": 5,
    "num_inflight_events": 50
  },
  "pico_cycler_state_logging": false,
  "power_meter_logging_level": 30,
  "contract_rep_logging_level": 20,
  "paho_logging": false,
  "local_mqtt": {
    "host": "localhost",
    "port": 1883,
    "keepalive": 60,
    "bind_address": "",
    "bind_port": 0,
    "username": null,
    "password": "",
    "tls": {
      "use_tls": false,
      "port": 8883,
      "paths": {
        "ca_cert_path": "/Users/jessica/.config/gridworks/scada/certs/local_mqtt/ca.crt",
        "cert_path": "/Users/jessica/.config/gridworks/scada/certs/local_mqtt/local_mqtt.crt",
        "private_key_path": "/Users/jessica/.config/gridworks/scada/certs/local_mqtt/private/local_mqtt.pem"
      },
      "cert_reqs": 2,
      "ciphers": null,
      "keyfile_password": ""
    }
  },
  "gridworks_mqtt": {
    "host": "localhost",
    "port": 1885,
    "keepalive": 60,
    "bind_address": "",
    "bind_port": 0,
    "username": "smqPublic",
    "password": "**********",
    "tls": {
      "use_tls": false,
      "port": 8883,
      "paths": {
        "ca_cert_path": "/Users/jessica/.config/gridworks/scada/certs/gridworks_mqtt/ca.crt",
        "cert_path": "/Users/jessica/.config/gridworks/scada/certs/gridworks_mqtt/gridworks_mqtt.crt",
        "private_key_path": "/Users/jessica/.config/gridworks/scada/certs/gridworks_mqtt/private/gridworks_mqtt.pem"
      },
      "cert_reqs": 2,
      "ciphers": null,
      "keyfile_password": ""
    }
  },
  "seconds_per_report": 60,
  "seconds_per_snapshot": 30,
  "async_power_reporting_threshold": 0.02,
  "persister": {
    "max_bytes": 524288000
  },
  "admin": {
    "host": "localhost",
    "port": 1885,
    "keepalive": 60,
    "bind_address": "",
    "bind_port": 0,
    "username": "smqPublic",
    "password": "**********",
    "tls": {
      "use_tls": false,
      "port": 8883,
      "paths": {
        "ca_cert_path": "/Users/jessica/.config/gridworks/scada/certs/admin/ca.crt",
        "cert_path": "/Users/jessica/.config/gridworks/scada/certs/admin/admin.crt",
        "private_key_path": "/Users/jessica/.config/gridworks/scada/certs/admin/private/admin.pem"
      },
      "cert_reqs": 2,
      "ciphers": null,
      "keyfile_password": ""
    },
    "enabled": true,
    "name": "admin",
    "max_timeout_seconds": 86400.0
  },
  "timezone_str": "America/New_York",
  "latitude": 45.6573,
  "longitude": -68.7098,
  "whitewire_threshold_watts": 20.0,
  "hp_model": "SamsungFiveTonneHydroKit",
  "airtable_pat": "bogus_pat"
}
ScadaSettings(
    paths=ScadaPaths(
        base=PosixPath('gridworks'),
        name=PosixPath('scada'),
        relative_path=PosixPath('gridworks/scada'),
        data_home=PosixPath('/Users/jessica/.local/share'),
        state_home=PosixPath('/Users/jessica/.local/state'),
        config_home=PosixPath('/Users/jessica/.config'),
        data_dir=PosixPath('/Users/jessica/.local/share/gridworks/scada'),
        config_dir=PosixPath('/Users/jessica/.config/gridworks/scada'),
        certs_dir=PosixPath('/Users/jessica/.config/gridworks/scada/certs'),
        event_dir=PosixPath('/Users/jessica/.local/share/gridworks/scada/event')
,
        log_dir=PosixPath('/Users/jessica/.local/state/gridworks/scada/log'),
        hardware_layout=PosixPath('/Users/jessica/GridWorks/gridworks-scada/test
s/config/gw.house0.sim.layout.json'),
        operational_params=PosixPath('/Users/jessica/GridWorks/gridworks-scada/t
ests/config/gw.house0.sim.operational.params.json'),
        tadeed=PosixPath('/Users/jessica/GridWorks/gridworks-scada/tests/config/
ta-deed.json')
    ),
    logging=LoggingSettings(
        base_log_name='gridworks',
        base_log_level=30,
        levels=LoggerLevels(
            message_summary=30,
            lifecycle=20,
            comm_event=20,
            io_loop=20
        ),
        formatter=FormatterSettings(
            fmt='%(asctime)s %(message)s',
            datefmt='',
            default_msec_format='%s.%03d',
            use_utc=False
        ),
        file_handler=RotatingFileHandlerSettings(
            filename='proactor.log',
            bytes_per_log_file=2097152,
            num_log_files=10,
            level=0
        ),
        io_loop=IOLoopLoggerSettings(
            file_handler=RotatingFileHandlerSettings(
                filename='io_loop.log',
                bytes_per_log_file=2097152,
                num_log_files=2,
                level=0
            ),
            on_screen=False
        ),
        aiohttp_logging=False,
        paho_logging=False
    ),
    proactor=ProactorSettings(
        mqtt_link_poll_seconds=60.0,
        ack_timeout_seconds=5.0,
        num_initial_event_reuploads=5,
        num_inflight_events=50
    ),
    pico_cycler_state_logging=False,
    power_meter_logging_level=30,
    contract_rep_logging_level=20,
    paho_logging=False,
    local_mqtt=MQTTClient(
        host='localhost',
        port=1883,
        keepalive=60,
        bind_address='',
        bind_port=0,
        username=None,
        password=SecretStr(''),
        tls=TLSInfo(
            use_tls=False,
            port=8883,
            paths=TLSPaths(
                ca_cert_path=PosixPath('/Users/jessica/.config/gridworks/scada/c
erts/local_mqtt/ca.crt'),
                cert_path=PosixPath('/Users/jessica/.config/gridworks/scada/cert
s/local_mqtt/local_mqtt.crt'),
                private_key_path=PosixPath('/Users/jessica/.config/gridworks/sca
da/certs/local_mqtt/private/local_mqtt.pem')
            ),
            cert_reqs=<VerifyMode.CERT_REQUIRED: 2>,
            ciphers=None,
            keyfile_password=SecretStr('')
        )
    ),
    gridworks_mqtt=MQTTClient(
        host='localhost',
        port=1885,
        keepalive=60,
        bind_address='',
        bind_port=0,
        username='smqPublic',
        password=SecretStr('**********'),
        tls=TLSInfo(
            use_tls=False,
            port=8883,
            paths=TLSPaths(
                ca_cert_path=PosixPath('/Users/jessica/.config/gridworks/scada/c
erts/gridworks_mqtt/ca.crt'),
                cert_path=PosixPath('/Users/jessica/.config/gridworks/scada/cert
s/gridworks_mqtt/gridworks_mqtt.crt'),
                private_key_path=PosixPath('/Users/jessica/.config/gridworks/sca
da/certs/gridworks_mqtt/private/gridworks_mqtt.pem')
            ),
            cert_reqs=<VerifyMode.CERT_REQUIRED: 2>,
            ciphers=None,
            keyfile_password=SecretStr('')
        )
    ),
    seconds_per_report=60,
    seconds_per_snapshot=30,
    async_power_reporting_threshold=0.02,
    persister=PersisterSettings(max_bytes=524288000),
    admin=AdminLinkSettings(
        host='localhost',
        port=1885,
        keepalive=60,
        bind_address='',
        bind_port=0,
        username='smqPublic',
        password=SecretStr('**********'),
        tls=TLSInfo(
            use_tls=False,
            port=8883,
            paths=TLSPaths(
                ca_cert_path=PosixPath('/Users/jessica/.config/gridworks/scada/c
erts/admin/ca.crt'),
                cert_path=PosixPath('/Users/jessica/.config/gridworks/scada/cert
s/admin/admin.crt'),
                private_key_path=PosixPath('/Users/jessica/.config/gridworks/sca
da/certs/admin/private/admin.pem')
            ),
            cert_reqs=<VerifyMode.CERT_REQUIRED: 2>,
            ciphers=None,
            keyfile_password=SecretStr('')
        ),
        enabled=True,
        name='admin',
        max_timeout_seconds=86400.0
    ),
    timezone_str='America/New_York',
    latitude=45.6573,
    longitude=-68.7098,
    whitewire_threshold_watts=20.0,
    hp_model=<HpModel.SamsungFiveTonneHydroKit: 'SamsungFiveTonneHydroKit'>,
    airtable_pat='bogus_pat'
)
2026-09-13 09:45:33.821 Proactor <ProactorName(long_name='d1.isone.ct.newhaven.orange1.scada', short_name='s')> reindexing events
2026-09-13 09:45:33.834 Proactor <ProactorName(long_name='d1.isone.ct.newhaven.orange1.scada', short_name='s')> reindexing complete.
  621 events present for upload, using approximately 1988 KB / 1.9 MB storage space.
2026-09-13 09:45:33.834 [scada] SIMULATED
2026-09-13 09:45:33.836 Skip binding of 'trigger' to model due to model override policy.
2026-09-13 09:45:33.836 Skip binding of 'may_trigger' to model due to model override policy.
2026-09-13 09:45:33.849 [la] Params: AlphaTimes10=55 BetaTimes100=-10 GammaEx6=0 IntermediatePowerKw=1.5 IntermediateRswtF=100 DdPowerKw=5.5 DdRswtF=150 DdDeltaTF=20 HpMaxKwEl=9.66 MaxEwtF=170 LoadOverestimationPercent=0 CopIntercept=1.02 CopOatCoeff=0.0257 CopLwtCoeff=0.0 CopMin=1.4 CopMinOatF=15.0 HpTurnOnMinutes=12 TypeName='ha1.params' Version='006'
2026-09-13 09:45:33.849 Creating LeafAlly with strategy AllTanks, using actors.leaf_ally.house0.all_tanks.AllTanksLeafAlly
2026-09-13 09:45:33.850 Skip binding of 'WakeUp' to model due to model override policy.
2026-09-13 09:45:33.850 [derived-generator] self.timezone: America/New_York
2026-09-13 09:45:33.850 [derived-generator] self.latitude: 45.6573
2026-09-13 09:45:33.850 [derived-generator] self.longitude: -68.7098
2026-09-13 09:45:33.850 [derived-generator] Params: AlphaTimes10=55 BetaTimes100=-10 GammaEx6=0 IntermediatePowerKw=1.5 IntermediateRswtF=100 DdPowerKw=5.5 DdRswtF=150 DdDeltaTF=20 HpMaxKwEl=9.66 MaxEwtF=170 LoadOverestimationPercent=0 CopIntercept=1.02 CopOatCoeff=0.0257 CopLwtCoeff=0.0 CopMin=1.4 CopMinOatF=15.0 HpTurnOnMinutes=12 TypeName='ha1.params' Version='006'
2026-09-13 09:45:33.851 [lc] Params: AlphaTimes10=55 BetaTimes100=-10 GammaEx6=0 IntermediatePowerKw=1.5 IntermediateRswtF=100 DdPowerKw=5.5 DdRswtF=150 DdDeltaTF=20 HpMaxKwEl=9.66 MaxEwtF=170 LoadOverestimationPercent=0 CopIntercept=1.02 CopOatCoeff=0.0257 CopLwtCoeff=0.0 CopMin=1.4 CopMinOatF=15.0 HpTurnOnMinutes=12 TypeName='ha1.params' Version='006'
2026-09-13 09:45:33.851 [lc] Set auto.lc.n command tree
2026-09-13 09:45:33.852 Skip binding of 'trigger' to model due to model override policy.
2026-09-13 09:45:33.852 Skip binding of 'may_trigger' to model due to model override policy.
2026-09-13 09:45:33.852 Creating LocalControl with actuation authority Active and seasonal storage mode AllTanks, using actors.local_control.house0.all_tanks_tou.AllTanksTouLocalControl
2026-09-13 09:45:33.852 Skip binding of 'trigger' to model due to model override policy.
2026-09-13 09:45:33.852 Skip binding of 'may_trigger' to model due to model override policy.
2026-09-13 09:45:33.853 
Subscription info for <d1.isone.ct.newhaven.orange1.scada> [construction]
  Client name: <gridworks_mqtt>  topic_dst: <ltn>
    Publish to: gw/d1-isone-ct-newhaven-orange1-scada/to/ltn/SOME_MESSAGE_TYPE
    Subscriptions:
      [('gw/d1-isone-ct-newhaven-orange1/to/s/#', <QOS.AtMostOnce: 0>)]
  Client name: <local_mqtt>  topic_dst: <s2>
    Publish to: gw/d1-isone-ct-newhaven-orange1-scada/to/s2/SOME_MESSAGE_TYPE
    Subscriptions:
      [('gw/d1-isone-ct-newhaven-orange1-scada-s2/to/s/#', <QOS.AtMostOnce: 0>)]
  Client name: <admin>  topic_dst: <admin>
    Publish to: gw/d1-isone-ct-newhaven-orange1-scada/to/admin/SOME_MESSAGE_TYPE
    Subscriptions:
      [('gw/admin/to/d1-isone-ct-newhaven-orange1-scada/#', <QOS.AtMostOnce: 0>)]

2026-09-13 09:45:33.856 ++Proactor<s>.join()
2026-09-13 09:45:33.856 Tasks: 54  [Proactor.join() - all tasks]
	1/54  Derived Generator keepalive     done:False   exception: None  <coroutine object DerivedGenerator.main at 0x12a62dc60>
	2/54  ApiTankModule sim pico          done:False   exception: None  <coroutine object ApiTankModule.sim_pico_main at 0x12a62f3d0>
	3/54  process_messages                done:False   exception: None  <coroutine object Proactor.process_messages at 0x12a67c820>
	4/54  hp-failsafe-relay-boot-adopt    done:False   exception: None  <coroutine object Relay._boot_adopt at 0x12a668f40>
	5/54  Task-1                          done:False   exception: None  <coroutine object Proactor.run_forever at 0x12a0f7a00>
	6/54  primary-pump-scada-ops-relay-boot-adopt  done:False   exception: None  <coroutine object Relay._boot_adopt at 0x12a669440>
	7/54  LocalControl keepalive          done:False   exception: None  <coroutine object LocalControlTouBase.main at 0x12a62dd50>
	8/54  ApiTankModule keepalive         done:False   exception: None  <coroutine object ApiTankModule.main at 0x12a59ac20>
	9/54  relay state reporter            done:False   exception: None  <coroutine object Relay.main at 0x12a62ea70>
	10/54  send_ping<gridworks_mqtt>       done:False   exception: None  <coroutine object LinkManager.send_ping at 0x12a62f5b0>
	11/54  relay state reporter            done:False   exception: None  <coroutine object Relay.main at 0x12a62ef20>
	12/54  ApiTankModule sim pico          done:False   exception: None  <coroutine object ApiTankModule.sim_pico_main at 0x12a62f4c0>
	13/54  Sieg Loop Synchronous Report    done:False   exception: None  <coroutine object SiegLoop.main at 0x12a61d140>
	14/54  send_ping<local_mqtt>           done:False   exception: None  <coroutine object LinkManager.send_ping at 0x12a62f6a0>
	15/54  hp-scada-ops-relay-boot-adopt   done:False   exception: None  <coroutine object Relay._boot_adopt at 0x12a669040>
	16/54  relay state reporter            done:False   exception: None  <coroutine object Relay.main at 0x12a62f010>
	17/54  dist-010v-main                  done:False   exception: None  <coroutine object ZeroTenOutputer.main_loop at 0x12a59acf0>
	18/54  relay state reporter            done:False   exception: None  <coroutine object Relay.main at 0x12a62eb60>
	19/54  send_ping<admin>                done:False   exception: None  <coroutine object LinkManager.send_ping at 0x12a62f790>
	20/54  hp-loop-keep-send-relay-boot-adopt  done:False   exception: None  <coroutine object Relay._boot_adopt at 0x12a669740>
	21/54  vdc-relay-boot-adopt            done:False   exception: None  <coroutine object Relay._boot_adopt at 0x12a668c40>
	22/54  primary-010v-main               done:False   exception: None  <coroutine object ZeroTenOutputer.main_loop at 0x12a59bb90>
	23/54  hp-loop-on-off-relay-boot-adopt  done:False   exception: None  <coroutine object Relay._boot_adopt at 0x12a669640>
	24/54  report_sender                   done:False   exception: None  <coroutine object Scada.report_sending_task at 0x12a521a40>
	25/54  relay state reporter            done:False   exception: None  <coroutine object Relay.main at 0x12a62f100>
	26/54  zone1-main-temp-sensor keepalive  done:False   exception: None  <coroutine object SimSensorActor.main at 0x12a67c160>
	27/54  store-010v-main                 done:False   exception: None  <coroutine object ZeroTenOutputer.main_loop at 0x12a59bd30>
	28/54  aquastat-ctrl-relay-boot-adopt  done:False   exception: None  <coroutine object Relay._boot_adopt at 0x12a669140>
	29/54  snap_sender                     done:False   exception: None  <coroutine object Scada.snap_sending_task at 0x12a69c110>
	30/54  i2c-bus-heartbeat               done:False   exception: None  <coroutine object I2cBus._heartbeat at 0x12a3e0380>
	31/54  zone1-main-failsafe-relay-boot-adopt  done:False   exception: None  <coroutine object Relay._boot_adopt at 0x12a669840>
	32/54  relay state reporter            done:False   exception: None  <coroutine object Relay.main at 0x12a62e7a0>
	33/54  dist-flow keepalive             done:False   exception: None  <coroutine object SimSensorActor.main at 0x12a67c280>
	34/54  relay state reporter            done:False   exception: None  <coroutine object Relay.main at 0x12a62ec50>
	35/54  scada top_state_tracker         done:False   exception: None  <coroutine object Scada.state_tracker at 0x12a67ca60>
	36/54  pat_watchdog                    done:False   exception: None  <coroutine object WatchdogManager._check_pats at 0x12a2b15a0>
	37/54  relay state reporter            done:False   exception: None  <coroutine object Relay.main at 0x12a62f1f0>
	38/54  tstat-common-relay-boot-adopt   done:False   exception: None  <coroutine object Relay._boot_adopt at 0x12a668d40>
	39/54  primary-flow keepalive          done:False   exception: None  <coroutine object SimSensorActor.main at 0x12a67c3a0>
	40/54  store-pump-relay-boot-adopt     done:False   exception: None  <coroutine object Relay._boot_adopt at 0x12a669240>
	41/54  zone1-main-ops-relay-boot-adopt  done:False   exception: None  <coroutine object Relay._boot_adopt at 0x12a669940>
	42/54  relay state reporter            done:False   exception: None  <coroutine object Relay.main at 0x12a62e890>
	43/54  store-flow keepalive            done:False   exception: None  <coroutine object SimSensorActor.main at 0x12a67c4c0>
	44/54  relay state reporter            done:False   exception: None  <coroutine object Relay.main at 0x12a62ed40>
	45/54  relay state reporter            done:False   exception: None  <coroutine object Relay.main at 0x12a62e980>
	46/54  LeafAlly keepalive              done:False   exception: None  <coroutine object AllTanksLeafAlly.main at 0x12a5e25e0>
	47/54  relay state reporter            done:False   exception: None  <coroutine object Relay.main at 0x12a62f2e0>
	48/54  charge-discharge-relay-boot-adopt  done:False   exception: None  <coroutine object Relay._boot_adopt at 0x12a668e40>
	49/54  sieg-flow keepalive             done:False   exception: None  <coroutine object SimSensorActor.main at 0x12a67c5e0>
	50/54  primary-pump-failsafe-relay-boot-adopt  done:False   exception: None  <coroutine object Relay._boot_adopt at 0x12a669340>
	51/54  picocycler keepalive            done:False   exception: None  <coroutine object PicoCycler.main at 0x12a334e00>
	52/54  ApiTankModule keepalive         done:False   exception: None  <coroutine object ApiTankModule.main at 0x12a59af60>
	53/54  sieg-cold keepalive             done:False   exception: None  <coroutine object SimSensorActor.main at 0x12a67c700>
	54/54  relay state reporter            done:False   exception: None  <coroutine object Relay.main at 0x12a62ee30>

2026-09-13 09:45:33.857 Tasks: 89  [WAITING FOR]
	1/89  derived-generator.join          done:False   exception: None  <coroutine object DerivedGenerator.join at 0x12a5c3f40>
	2/89  primary-pump-scada-ops-relay-boot-adopt  done:False   exception: None  <coroutine object Relay._boot_adopt at 0x12a669440>
	3/89  relay state reporter            done:False   exception: None  <coroutine object Relay.main at 0x12a62ef20>
	4/89  dist-010v.join                  done:False   exception: None  <coroutine object ZeroTenOutputer.join at 0x12a6a6080>
	5/89  lc.join                         done:False   exception: None  <coroutine object LocalControl.join at 0x12a6a4100>
	6/89  relay state reporter            done:False   exception: None  <coroutine object Relay.main at 0x12a62f010>
	7/89  hp-loop-keep-send-relay-boot-adopt  done:False   exception: None  <coroutine object Relay._boot_adopt at 0x12a669740>
	8/89  primary-010v.join               done:False   exception: None  <coroutine object ZeroTenOutputer.join at 0x12a6a6200>
	9/89  hp-boss.join                    done:False   exception: None  <coroutine object HpBoss.join at 0x12a6a4280>
	10/89  relay state reporter            done:False   exception: None  <coroutine object Relay.main at 0x12a62f100>
	11/89  zone1-main-failsafe-relay-boot-adopt  done:False   exception: None  <coroutine object Relay._boot_adopt at 0x12a669840>
	12/89  store-010v.join                 done:False   exception: None  <coroutine object ZeroTenOutputer.join at 0x12a6a6380>
	13/89  sieg-loop.join                  done:False   exception: None  <coroutine object SiegLoop.join at 0x12a6a4400>
	14/89  relay state reporter            done:False   exception: None  <coroutine object Relay.main at 0x12a62f1f0>
	15/89  zone1-main-ops-relay-boot-adopt  done:False   exception: None  <coroutine object Relay._boot_adopt at 0x12a669940>
	16/89  dist-flow.join                  done:False   exception: None  <coroutine object SimSensorActor.join at 0x12a6a6500>
	17/89  power-meter.join                done:False   exception: None  <coroutine object SyncThreadActor.join at 0x12a6a4580>
	18/89  relay state reporter            done:False   exception: None  <coroutine object Relay.main at 0x12a62f2e0>
	19/89  ApiTankModule keepalive         done:False   exception: None  <coroutine object ApiTankModule.main at 0x12a59af60>
	20/89  primary-flow.join               done:False   exception: None  <coroutine object SimSensorActor.join at 0x12a6a6680>
	21/89  zone1-main-temp-sensor.join     done:False   exception: None  <coroutine object SimSensorActor.join at 0x12a6a4700>
	22/89  ApiTankModule sim pico          done:False   exception: None  <coroutine object ApiTankModule.sim_pico_main at 0x12a62f3d0>
	23/89  ApiTankModule keepalive         done:False   exception: None  <coroutine object ApiTankModule.main at 0x12a59ac20>
	24/89  store-flow.join                 done:False   exception: None  <coroutine object SimSensorActor.join at 0x12a6a6800>
	25/89  i2c-bus.join                    done:False   exception: None  <coroutine object I2cBus.join at 0x12a6a4880>
	26/89  ApiTankModule sim pico          done:False   exception: None  <coroutine object ApiTankModule.sim_pico_main at 0x12a62f4c0>
	27/89  dist-010v-main                  done:False   exception: None  <coroutine object ZeroTenOutputer.main_loop at 0x12a59acf0>
	28/89  sieg-flow.join                  done:False   exception: None  <coroutine object SimSensorActor.join at 0x12a6a6980>
	29/89  vdc-relay.join                  done:False   exception: None  <coroutine object Relay.join at 0x12a6a4a00>
	30/89  primary-010v-main               done:False   exception: None  <coroutine object ZeroTenOutputer.main_loop at 0x12a59bb90>
	31/89  store-010v-main                 done:False   exception: None  <coroutine object ZeroTenOutputer.main_loop at 0x12a59bd30>
	32/89  sieg-cold.join                  done:False   exception: None  <coroutine object SimSensorActor.join at 0x12a6a6b00>
	33/89  i2c-bus-heartbeat               done:False   exception: None  <coroutine object I2cBus._heartbeat at 0x12a3e0380>
	34/89  tstat-common-relay.join         done:False   exception: None  <coroutine object Relay.join at 0x12a6a4b80>
	35/89  dist-flow keepalive             done:False   exception: None  <coroutine object SimSensorActor.main at 0x12a67c280>
	36/89  primary-flow keepalive          done:False   exception: None  <coroutine object SimSensorActor.main at 0x12a67c3a0>
	37/89  charge-discharge-relay.join     done:False   exception: None  <coroutine object Relay.join at 0x12a6a4d00>
	38/89  store-flow keepalive            done:False   exception: None  <coroutine object SimSensorActor.main at 0x12a67c4c0>
	39/89  LeafAlly keepalive              done:False   exception: None  <coroutine object AllTanksLeafAlly.main at 0x12a5e25e0>
	40/89  sieg-flow keepalive             done:False   exception: None  <coroutine object SimSensorActor.main at 0x12a67c5e0>
	41/89  picocycler keepalive            done:False   exception: None  <coroutine object PicoCycler.main at 0x12a334e00>
	42/89  hp-failsafe-relay.join          done:False   exception: None  <coroutine object Relay.join at 0x12a6a4e80>
	43/89  sieg-cold keepalive             done:False   exception: None  <coroutine object SimSensorActor.main at 0x12a67c700>
	44/89  Derived Generator keepalive     done:False   exception: None  <coroutine object DerivedGenerator.main at 0x12a62dc60>
	45/89  process_messages                done:False   exception: None  <coroutine object Proactor.process_messages at 0x12a67c820>
	46/89  LocalControl keepalive          done:False   exception: None  <coroutine object LocalControlTouBase.main at 0x12a62dd50>
	47/89  hp-scada-ops-relay.join         done:False   exception: None  <coroutine object Relay.join at 0x12a6a5000>
	48/89  send_ping<gridworks_mqtt>       done:False   exception: None  <coroutine object LinkManager.send_ping at 0x12a62f5b0>
	49/89  Sieg Loop Synchronous Report    done:False   exception: None  <coroutine object SiegLoop.main at 0x12a61d140>
	50/89  send_ping<local_mqtt>           done:False   exception: None  <coroutine object LinkManager.send_ping at 0x12a62f6a0>
	51/89  tank1.join                      done:False   exception: None  <coroutine object ApiTankModule.join at 0x12a6a5f00>
	52/89  aquastat-ctrl-relay.join        done:False   exception: None  <coroutine object Relay.join at 0x12a6a5180>
	53/89  send_ping<admin>                done:False   exception: None  <coroutine object LinkManager.send_ping at 0x12a62f790>
	54/89  vdc-relay-boot-adopt            done:False   exception: None  <coroutine object Relay._boot_adopt at 0x12a668c40>
	55/89  report_sender                   done:False   exception: None  <coroutine object Scada.report_sending_task at 0x12a521a40>
	56/89  zone1-main-temp-sensor keepalive  done:False   exception: None  <coroutine object SimSensorActor.main at 0x12a67c160>
	57/89  store-pump-relay.join           done:False   exception: None  <coroutine object Relay.join at 0x12a6a5300>
	58/89  snap_sender                     done:False   exception: None  <coroutine object Scada.snap_sending_task at 0x12a69c110>
	59/89  relay state reporter            done:False   exception: None  <coroutine object Relay.main at 0x12a62e7a0>
	60/89  scada top_state_tracker         done:False   exception: None  <coroutine object Scada.state_tracker at 0x12a67ca60>
	61/89  tstat-common-relay-boot-adopt   done:False   exception: None  <coroutine object Relay._boot_adopt at 0x12a668d40>
	62/89  primary-pump-failsafe-relay.join  done:False   exception: None  <coroutine object Relay.join at 0x12a6a5480>
	63/89  watchdog_manager.join           done:False   exception: None  <coroutine object WatchdogManager.join at 0x12a680f20>
	64/89  relay state reporter            done:False   exception: None  <coroutine object Relay.main at 0x12a62e890>
	65/89  charge-discharge-relay-boot-adopt  done:False   exception: None  <coroutine object Relay._boot_adopt at 0x12a668e40>
	66/89  primary-pump-scada-ops-relay.join  done:False   exception: None  <coroutine object Relay.join at 0x12a6a5600>
	67/89  io_loop_manager.join            done:False   exception: None  <coroutine object IOLoop.join at 0x12a5c3640>
	68/89  relay state reporter            done:False   exception: None  <coroutine object Relay.main at 0x12a62e980>
	69/89  hp-failsafe-relay-boot-adopt    done:False   exception: None  <coroutine object Relay._boot_adopt at 0x12a668f40>
	70/89  hp-loop-on-off-relay.join       done:False   exception: None  <coroutine object Relay.join at 0x12a6a5780>
	71/89  _WebManager.join                done:False   exception: None  <coroutine object _WebManager.join at 0x12a5c37c0>
	72/89  relay state reporter            done:False   exception: None  <coroutine object Relay.main at 0x12a62ea70>
	73/89  hp-scada-ops-relay-boot-adopt   done:False   exception: None  <coroutine object Relay._boot_adopt at 0x12a669040>
	74/89  hp-loop-keep-send-relay.join    done:False   exception: None  <coroutine object Relay.join at 0x12a6a5900>
	75/89  s.join                          done:False   exception: None  <coroutine object PrimeActor.join at 0x12a5c3940>
	76/89  relay state reporter            done:False   exception: None  <coroutine object Relay.main at 0x12a62eb60>
	77/89  hp-loop-on-off-relay-boot-adopt  done:False   exception: None  <coroutine object Relay._boot_adopt at 0x12a669640>
	78/89  zone1-main-failsafe-relay.join  done:False   exception: None  <coroutine object Relay.join at 0x12a6a5a80>
	79/89  la.join                         done:False   exception: None  <coroutine object LeafAlly.join at 0x12a5c3ac0>
	80/89  aquastat-ctrl-relay-boot-adopt  done:False   exception: None  <coroutine object Relay._boot_adopt at 0x12a669140>
	81/89  relay state reporter            done:False   exception: None  <coroutine object Relay.main at 0x12a62ec50>
	82/89  zone1-main-ops-relay.join       done:False   exception: None  <coroutine object Relay.join at 0x12a6a5c00>
	83/89  five-v-boss.join                done:False   exception: None  <coroutine object FiveVBoss.join at 0x12a5c3c40>
	84/89  store-pump-relay-boot-adopt     done:False   exception: None  <coroutine object Relay._boot_adopt at 0x12a669240>
	85/89  relay state reporter            done:False   exception: None  <coroutine object Relay.main at 0x12a62ed40>
	86/89  buffer.join                     done:False   exception: None  <coroutine object ApiTankModule.join at 0x12a6a5d80>
	87/89  pico-cycler.join                done:False   exception: None  <coroutine object PicoCycler.join at 0x12a5c3dc0>
	88/89  primary-pump-failsafe-relay-boot-adopt  done:False   exception: None  <coroutine object Relay._boot_adopt at 0x12a669340>
	89/89  relay state reporter            done:False   exception: None  <coroutine object Relay.main at 0x12a62ee30>

2026-09-13 09:45:33.857 [derived-generator] SynthGen about to get forecasts
2026-09-13 09:45:33.858 [sieg-loop] Engaging brain, control state is Initializing, hp boss state is HpOn
2026-09-13 09:45:33.858 [sieg-loop] Waiting for actuators to be ready to get out of Initializing state
2026-09-13 09:45:33.859 [scada] Sending auto.lc.n.hp-boss state to sieg-loop
2026-09-13 09:45:33.859 [sieg-loop] Just received state HpOff from HpBoss
2026-09-13 09:45:33.859 [sieg-loop] Engaging brain, control state is Initializing, hp boss state is HpOff
2026-09-13 09:45:33.859 [sieg-loop] Waiting for actuators to be ready to get out of Initializing state
2026-09-13 09:45:33.859 [scada] Actuator dist-010v is ready. 1/3
2026-09-13 09:45:33.860 [scada] Actuator primary-010v is ready. 2/3
2026-09-13 09:45:33.860 [scada] Actuator store-010v is ready. 3/3
2026-09-13 09:45:33.860 [scada] All actuators are ready!
2026-09-13 09:45:33.860 [sieg-loop] Engaging brain, control state is Initializing, hp boss state is HpOff
2026-09-13 09:45:33.860 [sieg-loop] DoneInitializingBlind: Initializing -> Blind
2026-09-13 09:45:33.860 [sieg-loop] Moving to full send
2026-09-13 09:45:33.860 [lc] Initializing relays
2026-09-13 09:45:33.860 [lc] de-energizing most relays
2026-09-13 09:45:33.860 [lc] SwitchToHeatPump to primary-pump-failsafe-relay
2026-09-13 09:45:33.860 [lc] OpenRelay to primary-pump-scada-ops-relay
2026-09-13 09:45:33.860 [lc] OpenRelay to store-pump-relay
2026-09-13 09:45:33.860 [lc] CloseRelay to tstat-common-relay
2026-09-13 09:45:33.861 [lc] SwitchToWallThermostat to zone1-main-failsafe-relay
2026-09-13 09:45:33.861 [lc] OpenRelay to zone1-main-ops-relay
2026-09-13 09:45:33.861 [lc] energizing certain critical relays
2026-09-13 09:45:33.861 [lc] auto.lc.n sending SwitchToScada to Hp Failsafe auto.lc.n.hp-failsafe-relay
2026-09-13 09:45:33.861 [lc] auto.lc.n sending SwitchToScada to Aquastat Ctrl auto.lc.n.aquastat-ctrl-relay
2026-09-13 09:45:33.861 [lc] Tried to change a relay but didn't have the rights: 1 validation error for FsmEvent
  Value error, FromHandle auto.lc.n must be immediate boss of ToHandle auto.lc.n.sieg-loop.hp-loop-on-off-relay [type=value_error, input_value={'FromHandle': 'auto.lc.n...4c8b-83b6-05ba39b1ad5c'}, input_type=dict]
    For further information visit https://errors.pydantic.dev/2.11/v/value_error
2026-09-13 09:45:33.861 [lc] Setting 010 defaults inside initialize_actuators
2026-09-13 09:45:33.861 [lc] Just set auto.lc.n.store-010v to 0 from auto.lc.n 
2026-09-13 09:45:33.861 [lc] Just set auto.lc.n.dist-010v to 20 from auto.lc.n 
2026-09-13 09:45:33.861 [lc] Just set auto.lc.n.primary-010v to 40 from auto.lc.n 
2026-09-13 09:45:33.862 [store-010v] Dispatch from auto.lc.n: volts x10 0 -> code 0
2026-09-13 09:45:33.862 [dist-010v] Dispatch from auto.lc.n: volts x10 20 -> code 800
2026-09-13 09:45:33.863 [primary-010v] Dispatch from auto.lc.n: volts x10 40 -> code 1600
2026-09-13 09:45:33.863 [sieg-loop] Task bdb3: move to send for 110 seconds
2026-09-13 09:45:33.864 [scada] First Buffer temps arrived! Sending to LocalControl
2026-09-13 09:45:33.864 [lc] Buffer Temps Available: False
2026-09-13 09:45:33.865 Tasks: 48  [DONE]
	1/48  derived-generator.join          done:True   exception: None  <coroutine object DerivedGenerator.join at 0x12a5c3f40>
	2/48  hp-failsafe-relay-boot-adopt    done:True   exception: None  <coroutine object Relay._boot_adopt at 0x12a668f40>
	3/48  hp-loop-on-off-relay.join       done:True   exception: None  <coroutine object Relay.join at 0x12a6a5780>
	4/48  primary-pump-scada-ops-relay-boot-adopt  done:True   exception: None  <coroutine object Relay._boot_adopt at 0x12a669440>
	5/48  _WebManager.join                done:True   exception: None  <coroutine object _WebManager.join at 0x12a5c37c0>
	6/48  hp-scada-ops-relay.join         done:True   exception: None  <coroutine object Relay.join at 0x12a6a5000>
	7/48  store-flow.join                 done:True   exception: None  <coroutine object SimSensorActor.join at 0x12a6a6800>
	8/48  dist-010v.join                  done:True   exception: None  <coroutine object ZeroTenOutputer.join at 0x12a6a6080>
	9/48  i2c-bus.join                    done:True   exception: None  <coroutine object I2cBus.join at 0x12a6a4880>
	10/48  lc.join                         done:True   exception: None  <coroutine object LocalControl.join at 0x12a6a4100>
	11/48  hp-scada-ops-relay-boot-adopt   done:True   exception: None  <coroutine object Relay._boot_adopt at 0x12a669040>
	12/48  hp-loop-keep-send-relay.join    done:True   exception: None  <coroutine object Relay.join at 0x12a6a5900>
	13/48  tank1.join                      done:True   exception: None  <coroutine object ApiTankModule.join at 0x12a6a5f00>
	14/48  s.join                          done:True   exception: None  <coroutine object PrimeActor.join at 0x12a5c3940>
	15/48  aquastat-ctrl-relay.join        done:True   exception: None  <coroutine object Relay.join at 0x12a6a5180>
	16/48  sieg-flow.join                  done:True   exception: None  <coroutine object SimSensorActor.join at 0x12a6a6980>
	17/48  hp-loop-keep-send-relay-boot-adopt  done:True   exception: None  <coroutine object Relay._boot_adopt at 0x12a669740>
	18/48  primary-010v.join               done:True   exception: None  <coroutine object ZeroTenOutputer.join at 0x12a6a6200>
	19/48  vdc-relay.join                  done:True   exception: None  <coroutine object Relay.join at 0x12a6a4a00>
	20/48  vdc-relay-boot-adopt            done:True   exception: None  <coroutine object Relay._boot_adopt at 0x12a668c40>
	21/48  hp-boss.join                    done:True   exception: None  <coroutine object HpBoss.join at 0x12a6a4280>
	22/48  hp-loop-on-off-relay-boot-adopt  done:True   exception: None  <coroutine object Relay._boot_adopt at 0x12a669640>
	23/48  zone1-main-failsafe-relay.join  done:True   exception: None  <coroutine object Relay.join at 0x12a6a5a80>
	24/48  la.join                         done:True   exception: None  <coroutine object LeafAlly.join at 0x12a5c3ac0>
	25/48  store-pump-relay.join           done:True   exception: None  <coroutine object Relay.join at 0x12a6a5300>
	26/48  sieg-cold.join                  done:True   exception: None  <coroutine object SimSensorActor.join at 0x12a6a6b00>
	27/48  aquastat-ctrl-relay-boot-adopt  done:True   exception: None  <coroutine object Relay._boot_adopt at 0x12a669140>
	28/48  zone1-main-failsafe-relay-boot-adopt  done:True   exception: None  <coroutine object Relay._boot_adopt at 0x12a669840>
	29/48  store-010v.join                 done:True   exception: None  <coroutine object ZeroTenOutputer.join at 0x12a6a6380>
	30/48  tstat-common-relay.join         done:True   exception: None  <coroutine object Relay.join at 0x12a6a4b80>
	31/48  sieg-loop.join                  done:True   exception: None  <coroutine object SiegLoop.join at 0x12a6a4400>
	32/48  zone1-main-ops-relay.join       done:True   exception: None  <coroutine object Relay.join at 0x12a6a5c00>
	33/48  five-v-boss.join                done:True   exception: None  <coroutine object FiveVBoss.join at 0x12a5c3c40>
	34/48  tstat-common-relay-boot-adopt   done:True   exception: None  <coroutine object Relay._boot_adopt at 0x12a668d40>
	35/48  primary-pump-failsafe-relay.join  done:True   exception: None  <coroutine object Relay.join at 0x12a6a5480>
	36/48  store-pump-relay-boot-adopt     done:True   exception: None  <coroutine object Relay._boot_adopt at 0x12a669240>
	37/48  dist-flow.join                  done:True   exception: None  <coroutine object SimSensorActor.join at 0x12a6a6500>
	38/48  zone1-main-ops-relay-boot-adopt  done:True   exception: None  <coroutine object Relay._boot_adopt at 0x12a669940>
	39/48  charge-discharge-relay.join     done:True   exception: None  <coroutine object Relay.join at 0x12a6a4d00>
	40/48  buffer.join                     done:True   exception: None  <coroutine object ApiTankModule.join at 0x12a6a5d80>
	41/48  pico-cycler.join                done:True   exception: None  <coroutine object PicoCycler.join at 0x12a5c3dc0>
	42/48  charge-discharge-relay-boot-adopt  done:True   exception: None  <coroutine object Relay._boot_adopt at 0x12a668e40>
	43/48  primary-pump-scada-ops-relay.join  done:True   exception: None  <coroutine object Relay.join at 0x12a6a5600>
	44/48  io_loop_manager.join            done:True   exception: None  <coroutine object IOLoop.join at 0x12a5c3640>
	45/48  primary-pump-failsafe-relay-boot-adopt  done:True   exception: None  <coroutine object Relay._boot_adopt at 0x12a669340>
	46/48  primary-flow.join               done:True   exception: None  <coroutine object SimSensorActor.join at 0x12a6a6680>
	47/48  hp-failsafe-relay.join          done:True   exception: None  <coroutine object Relay.join at 0x12a6a4e80>
	48/48  zone1-main-temp-sensor.join     done:True   exception: None  <coroutine object SimSensorActor.join at 0x12a6a4700>

2026-09-13 09:45:33.865 Tasks: 41  [PENDING]
	1/41  Derived Generator keepalive     done:False   exception: None  <coroutine object DerivedGenerator.main at 0x12a62dc60>
	2/41  ApiTankModule sim pico          done:False   exception: None  <coroutine object ApiTankModule.sim_pico_main at 0x12a62f3d0>
	3/41  process_messages                done:False   exception: None  <coroutine object Proactor.process_messages at 0x12a67c820>
	4/41  LocalControl keepalive          done:False   exception: None  <coroutine object LocalControlTouBase.main at 0x12a62dd50>
	5/41  ApiTankModule keepalive         done:False   exception: None  <coroutine object ApiTankModule.main at 0x12a59ac20>
	6/41  send_ping<gridworks_mqtt>       done:False   exception: None  <coroutine object LinkManager.send_ping at 0x12a62f5b0>
	7/41  relay state reporter            done:False   exception: None  <coroutine object Relay.main at 0x12a62ea70>
	8/41  relay state reporter            done:False   exception: None  <coroutine object Relay.main at 0x12a62ef20>
	9/41  Sieg Loop Synchronous Report    done:False   exception: None  <coroutine object SiegLoop.main at 0x12a61d140>
	10/41  ApiTankModule sim pico          done:False   exception: None  <coroutine object ApiTankModule.sim_pico_main at 0x12a62f4c0>
	11/41  send_ping<local_mqtt>           done:False   exception: None  <coroutine object LinkManager.send_ping at 0x12a62f6a0>
	12/41  relay state reporter            done:False   exception: None  <coroutine object Relay.main at 0x12a62f010>
	13/41  dist-010v-main                  done:False   exception: None  <coroutine object ZeroTenOutputer.main_loop at 0x12a59acf0>
	14/41  send_ping<admin>                done:False   exception: None  <coroutine object LinkManager.send_ping at 0x12a62f790>
	15/41  relay state reporter            done:False   exception: None  <coroutine object Relay.main at 0x12a62eb60>
	16/41  primary-010v-main               done:False   exception: None  <coroutine object ZeroTenOutputer.main_loop at 0x12a59bb90>
	17/41  report_sender                   done:False   exception: None  <coroutine object Scada.report_sending_task at 0x12a521a40>
	18/41  relay state reporter            done:False   exception: None  <coroutine object Relay.main at 0x12a62f100>
	19/41  zone1-main-temp-sensor keepalive  done:False   exception: None  <coroutine object SimSensorActor.main at 0x12a67c160>
	20/41  store-010v-main                 done:False   exception: None  <coroutine object ZeroTenOutputer.main_loop at 0x12a59bd30>
	21/41  snap_sender                     done:False   exception: None  <coroutine object Scada.snap_sending_task at 0x12a69c110>
	22/41  i2c-bus-heartbeat               done:False   exception: None  <coroutine object I2cBus._heartbeat at 0x12a3e0380>
	23/41  relay state reporter            done:False   exception: None  <coroutine object Relay.main at 0x12a62e7a0>
	24/41  dist-flow keepalive             done:False   exception: None  <coroutine object SimSensorActor.main at 0x12a67c280>
	25/41  scada top_state_tracker         done:False   exception: None  <coroutine object Scada.state_tracker at 0x12a67ca60>
	26/41  relay state reporter            done:False   exception: None  <coroutine object Relay.main at 0x12a62ec50>
	27/41  relay state reporter            done:False   exception: None  <coroutine object Relay.main at 0x12a62f1f0>
	28/41  primary-flow keepalive          done:False   exception: None  <coroutine object SimSensorActor.main at 0x12a67c3a0>
	29/41  watchdog_manager.join           done:False   exception: None  <coroutine object WatchdogManager.join at 0x12a680f20>
	30/41  relay state reporter            done:False   exception: None  <coroutine object Relay.main at 0x12a62e890>
	31/41  store-flow keepalive            done:False   exception: None  <coroutine object SimSensorActor.main at 0x12a67c4c0>
	32/41  power-meter.join                done:False   exception: None  <coroutine object SyncThreadActor.join at 0x12a6a4580>
	33/41  relay state reporter            done:False   exception: None  <coroutine object Relay.main at 0x12a62ed40>
	34/41  relay state reporter            done:False   exception: None  <coroutine object Relay.main at 0x12a62f2e0>
	35/41  LeafAlly keepalive              done:False   exception: None  <coroutine object AllTanksLeafAlly.main at 0x12a5e25e0>
	36/41  sieg-flow keepalive             done:False   exception: None  <coroutine object SimSensorActor.main at 0x12a67c5e0>
	37/41  sieg-cold keepalive             done:False   exception: None  <coroutine object SimSensorActor.main at 0x12a67c700>
	38/41  ApiTankModule keepalive         done:False   exception: None  <coroutine object ApiTankModule.main at 0x12a59af60>
	39/41  picocycler keepalive            done:False   exception: None  <coroutine object PicoCycler.main at 0x12a334e00>
	40/41  relay state reporter            done:False   exception: None  <coroutine object Relay.main at 0x12a62e980>
	41/41  relay state reporter            done:False   exception: None  <coroutine object Relay.main at 0x12a62ee30>

2026-09-13 09:45:33.865 Tasks: 41  [WAITING FOR]
	1/41  Derived Generator keepalive     done:False   exception: None  <coroutine object DerivedGenerator.main at 0x12a62dc60>
	2/41  ApiTankModule sim pico          done:False   exception: None  <coroutine object ApiTankModule.sim_pico_main at 0x12a62f3d0>
	3/41  process_messages                done:False   exception: None  <coroutine object Proactor.process_messages at 0x12a67c820>
	4/41  LocalControl keepalive          done:False   exception: None  <coroutine object LocalControlTouBase.main at 0x12a62dd50>
	5/41  ApiTankModule keepalive         done:False   exception: None  <coroutine object ApiTankModule.main at 0x12a59ac20>
	6/41  send_ping<gridworks_mqtt>       done:False   exception: None  <coroutine object LinkManager.send_ping at 0x12a62f5b0>
	7/41  relay state reporter            done:False   exception: None  <coroutine object Relay.main at 0x12a62ea70>
	8/41  relay state reporter            done:False   exception: None  <coroutine object Relay.main at 0x12a62ef20>
	9/41  Sieg Loop Synchronous Report    done:False   exception: None  <coroutine object SiegLoop.main at 0x12a61d140>
	10/41  ApiTankModule sim pico          done:False   exception: None  <coroutine object ApiTankModule.sim_pico_main at 0x12a62f4c0>
	11/41  send_ping<local_mqtt>           done:False   exception: None  <coroutine object LinkManager.send_ping at 0x12a62f6a0>
	12/41  relay state reporter            done:False   exception: None  <coroutine object Relay.main at 0x12a62f010>
	13/41  dist-010v-main                  done:False   exception: None  <coroutine object ZeroTenOutputer.main_loop at 0x12a59acf0>
	14/41  send_ping<admin>                done:False   exception: None  <coroutine object LinkManager.send_ping at 0x12a62f790>
	15/41  relay state reporter            done:False   exception: None  <coroutine object Relay.main at 0x12a62eb60>
	16/41  primary-010v-main               done:False   exception: None  <coroutine object ZeroTenOutputer.main_loop at 0x12a59bb90>
	17/41  report_sender                   done:False   exception: None  <coroutine object Scada.report_sending_task at 0x12a521a40>
	18/41  relay state reporter            done:False   exception: None  <coroutine object Relay.main at 0x12a62f100>
	19/41  zone1-main-temp-sensor keepalive  done:False   exception: None  <coroutine object SimSensorActor.main at 0x12a67c160>
	20/41  store-010v-main                 done:False   exception: None  <coroutine object ZeroTenOutputer.main_loop at 0x12a59bd30>
	21/41  snap_sender                     done:False   exception: None  <coroutine object Scada.snap_sending_task at 0x12a69c110>
	22/41  i2c-bus-heartbeat               done:False   exception: None  <coroutine object I2cBus._heartbeat at 0x12a3e0380>
	23/41  relay state reporter            done:False   exception: None  <coroutine object Relay.main at 0x12a62e7a0>
	24/41  dist-flow keepalive             done:False   exception: None  <coroutine object SimSensorActor.main at 0x12a67c280>
	25/41  scada top_state_tracker         done:False   exception: None  <coroutine object Scada.state_tracker at 0x12a67ca60>
	26/41  relay state reporter            done:False   exception: None  <coroutine object Relay.main at 0x12a62ec50>
	27/41  relay state reporter            done:False   exception: None  <coroutine object Relay.main at 0x12a62f1f0>
	28/41  primary-flow keepalive          done:False   exception: None  <coroutine object SimSensorActor.main at 0x12a67c3a0>
	29/41  watchdog_manager.join           done:False   exception: None  <coroutine object WatchdogManager.join at 0x12a680f20>
	30/41  relay state reporter            done:False   exception: None  <coroutine object Relay.main at 0x12a62e890>
	31/41  store-flow keepalive            done:False   exception: None  <coroutine object SimSensorActor.main at 0x12a67c4c0>
	32/41  power-meter.join                done:False   exception: None  <coroutine object SyncThreadActor.join at 0x12a6a4580>
	33/41  relay state reporter            done:False   exception: None  <coroutine object Relay.main at 0x12a62ed40>
	34/41  relay state reporter            done:False   exception: None  <coroutine object Relay.main at 0x12a62f2e0>
	35/41  LeafAlly keepalive              done:False   exception: None  <coroutine object AllTanksLeafAlly.main at 0x12a5e25e0>
	36/41  sieg-flow keepalive             done:False   exception: None  <coroutine object SimSensorActor.main at 0x12a67c5e0>
	37/41  sieg-cold keepalive             done:False   exception: None  <coroutine object SimSensorActor.main at 0x12a67c700>
	38/41  ApiTankModule keepalive         done:False   exception: None  <coroutine object ApiTankModule.main at 0x12a59af60>
	39/41  picocycler keepalive            done:False   exception: None  <coroutine object PicoCycler.main at 0x12a334e00>
	40/41  relay state reporter            done:False   exception: None  <coroutine object Relay.main at 0x12a62e980>
	41/41  relay state reporter            done:False   exception: None  <coroutine object Relay.main at 0x12a62ee30>

2026-09-13 09:45:33.865 [sieg-loop] auto.lc.n.sieg-loop sending SendMore to HpLoopKeepSend relay auto.lc.n.sieg-loop.hp-loop-keep-send-relay
2026-09-13 09:45:33.865 [sieg-loop] auto.lc.n.sieg-loop sending CloseRelay to HpLoopOnOff relay auto.lc.n.sieg-loop.hp-loop-on-off-relay
2026-09-13 09:45:33.865 [sieg-loop] StartKeepingLess: FullyKeep -> KeepingLess
2026-09-13 09:45:33.865 [sieg-loop] keep seconds 100  [bdb3]
2026-09-13 09:45:33.867 [sieg-loop] sieg-loop received unexpected message: Src='hp-loop-keep-send-relay' Dst='sieg-loop' MessageType='gw.dispatch.ack' MessageId='' AckRequired=False TypeName='gridworks.header' Version='001'
2026-09-13 09:45:33.867 [sieg-loop] sieg-loop received unexpected message: Src='hp-loop-on-off-relay' Dst='sieg-loop' MessageType='gw.dispatch.ack' MessageId='' AckRequired=False TypeName='gridworks.header' Version='001'
2026-09-13 09:45:33.867 [sieg-loop] sieg-loop received unexpected message: Src='hp-loop-keep-send-relay' Dst='sieg-loop' MessageType='fsm.full.report' MessageId='' AckRequired=False TypeName='gridworks.header' Version='001'
2026-09-13 09:45:33.867 [sieg-loop] sieg-loop received unexpected message: Src='hp-loop-on-off-relay' Dst='sieg-loop' MessageType='fsm.full.report' MessageId='' AckRequired=False TypeName='gridworks.header' Version='001'
2026-09-13 09:45:33.871 local_mqtt:  connecting -- mqtt_connected --> awaiting_setup_and_peer
2026-09-13 09:45:33.871 local_mqtt:  awaiting_setup_and_peer -- mqtt_suback --> awaiting_peer
2026-09-13 09:45:33.872 gridworks_mqtt:  connecting -- mqtt_connected --> awaiting_setup_and_peer
2026-09-13 09:45:33.873 admin:  connecting -- mqtt_connected --> awaiting_setup_and_peer
2026-09-13 09:45:33.879 admin:  awaiting_setup_and_peer -- mqtt_suback --> awaiting_peer
2026-09-13 09:45:33.888 gridworks_mqtt:  awaiting_setup_and_peer -- mqtt_suback --> awaiting_peer
2026-09-13 09:45:33.927 [dist-010v] Warning Glitch: i2c-dac-eeprom-reprogrammed
2026-09-13 09:45:33.928 [primary-010v] Warning Glitch: i2c-dac-eeprom-reprogrammed
2026-09-13 09:45:33.928 [store-010v] Warning Glitch: i2c-dac-eeprom-reprogrammed
2026-09-13 09:45:33.971 [derived-generator] Obtained a 155-hour weather forecast starting at 1789308000
2026-09-13 09:45:33.977 [derived-generator] Calculating rswt_quadratic_params: [ 4.91228070e-04 -4.28070175e-02  8.68421053e-01]
2026-09-13 09:45:33.978 [derived-generator] Updating usable and required energy
2026-09-13 09:45:33.978 [derived-generator] Got forecast starting 2026-09-13 10:00:00
2026-09-13 09:45:34.866 [sieg-loop] keep seconds 99.0  [bdb3]
2026-09-13 09:45:35.866 [sieg-loop] keep seconds 98.0  [bdb3]
2026-09-13 09:45:36.859 [pico-cycler] TRIGGERING PICO REBOOT! startup
2026-09-13 09:45:36.859 [pico-cycler] OpenRelay to vdc-relay
2026-09-13 09:45:36.867 [sieg-loop] keep seconds 97.0  [bdb3]
2026-09-13 09:45:37.863 [scada] About to initialize contracts
2026-09-13 09:45:37.863 No contract
2026-09-13 09:45:37.863 Starting with no contract
2026-09-13 09:45:37.867 [sieg-loop] keep seconds 96.0  [bdb3]
2026-09-13 09:45:38.859 [lc] Top state: Normal
2026-09-13 09:45:38.859 [lc] LocalControl: AllTanks  |  State: Initializing
2026-09-13 09:45:38.860 [lc] All critical zones are at or above their effective setpoint
2026-09-13 09:45:38.868 [sieg-loop] keep seconds 95.0  [bdb3]
2026-09-13 09:45:39.868 [sieg-loop] keep seconds 94.0  [bdb3]
2026-09-13 09:45:40.870 [sieg-loop] keep seconds 93.0  [bdb3]
2026-09-13 09:45:41.862 [pico-cycler] CloseRelay to vdc-relay
2026-09-13 09:45:41.871 [sieg-loop] keep seconds 92.0  [bdb3]
2026-09-13 09:45:42.871 [sieg-loop] keep seconds 91.0  [bdb3]
2026-09-13 09:45:43.872 [sieg-loop] keep seconds 90.0  [bdb3]
2026-09-13 09:45:44.873 [sieg-loop] keep seconds 89.0  [bdb3]
2026-09-13 09:45:45.874 [sieg-loop] keep seconds 88.0  [bdb3]
2026-09-13 09:45:46.875 [sieg-loop] keep seconds 87.0  [bdb3]
2026-09-13 09:45:47.876 [sieg-loop] keep seconds 86.0  [bdb3]
2026-09-13 09:45:48.877 [sieg-loop] keep seconds 85.0  [bdb3]
2026-09-13 09:45:49.878 [sieg-loop] keep seconds 84.0  [bdb3]
2026-09-13 09:45:50.880 [sieg-loop] keep seconds 83.0  [bdb3]
2026-09-13 09:45:51.886 [sieg-loop] keep seconds 82.0  [bdb3]
2026-09-13 09:45:52.888 [sieg-loop] keep seconds 81.0  [bdb3]
2026-09-13 09:45:53.890 [sieg-loop] keep seconds 80.0  [bdb3]
2026-09-13 09:45:54.891 [sieg-loop] keep seconds 79.0  [bdb3]
2026-09-13 09:45:55.893 [sieg-loop] keep seconds 78.0  [bdb3]
2026-09-13 09:45:56.894 [sieg-loop] keep seconds 77.0  [bdb3]
2026-09-13 09:45:57.897 [sieg-loop] keep seconds 76.0  [bdb3]
2026-09-13 09:45:58.801 Top state: Auto
2026-09-13 09:45:58.801 Auto state: LocalControl
2026-09-13 09:45:58.899 [sieg-loop] keep seconds 75.0  [bdb3]
2026-09-13 09:45:59.901 [sieg-loop] keep seconds 74.0  [bdb3]
2026-09-13 09:46:00.901 [sieg-loop] keep seconds 73.0  [bdb3]
2026-09-13 09:46:01.903 [sieg-loop] keep seconds 72.0  [bdb3]
2026-09-13 09:46:02.904 [sieg-loop] keep seconds 71.0  [bdb3]
2026-09-13 09:46:03.859 [sieg-loop] Engaging brain, control state is Blind, hp boss state is HpOff
2026-09-13 09:46:03.906 [sieg-loop] keep seconds 70.0  [bdb3]
2026-09-13 09:46:04.907 [sieg-loop] keep seconds 69.0  [bdb3]
2026-09-13 09:46:05.909 [sieg-loop] keep seconds 68.0  [bdb3]
2026-09-13 09:46:06.910 [sieg-loop] keep seconds 67.0  [bdb3]
2026-09-13 09:46:07.912 [sieg-loop] keep seconds 66.0  [bdb3]
2026-09-13 09:46:08.913 [sieg-loop] keep seconds 65.0  [bdb3]
2026-09-13 09:46:09.916 [sieg-loop] keep seconds 64.0  [bdb3]
2026-09-13 09:46:10.917 [sieg-loop] keep seconds 63.0  [bdb3]
2026-09-13 09:46:11.919 [sieg-loop] keep seconds 62.0  [bdb3]
2026-09-13 09:46:12.921 [sieg-loop] keep seconds 61.0  [bdb3]
2026-09-13 09:46:13.922 [sieg-loop] keep seconds 60.0  [bdb3]
2026-09-13 09:46:14.924 [sieg-loop] keep seconds 59.0  [bdb3]
2026-09-13 09:46:15.926 [sieg-loop] keep seconds 58.0  [bdb3]
2026-09-13 09:46:16.927 [sieg-loop] keep seconds 57.0  [bdb3]
2026-09-13 09:46:17.929 [sieg-loop] keep seconds 56.0  [bdb3]
2026-09-13 09:46:18.930 [sieg-loop] keep seconds 55.0  [bdb3]
2026-09-13 09:46:19.932 [sieg-loop] keep seconds 54.0  [bdb3]
2026-09-13 09:46:20.934 [sieg-loop] keep seconds 53.0  [bdb3]
2026-09-13 09:46:21.935 [sieg-loop] keep seconds 52.0  [bdb3]
2026-09-13 09:46:22.937 [sieg-loop] keep seconds 51.0  [bdb3]
2026-09-13 09:46:23.938 [sieg-loop] keep seconds 50.0  [bdb3]
2026-09-13 09:46:24.939 [sieg-loop] keep seconds 49.0  [bdb3]
2026-09-13 09:46:25.941 [sieg-loop] keep seconds 47.9  [bdb3]
2026-09-13 09:46:26.942 [sieg-loop] keep seconds 46.9  [bdb3]
2026-09-13 09:46:27.944 [sieg-loop] keep seconds 45.9  [bdb3]
2026-09-13 09:46:28.946 [sieg-loop] keep seconds 44.9  [bdb3]
2026-09-13 09:46:29.947 [sieg-loop] keep seconds 43.9  [bdb3]
2026-09-13 09:46:30.950 [sieg-loop] keep seconds 42.9  [bdb3]
2026-09-13 09:46:31.952 [sieg-loop] keep seconds 41.9  [bdb3]
2026-09-13 09:46:32.954 [sieg-loop] keep seconds 40.9  [bdb3]
2026-09-13 09:46:33.860 [sieg-loop] Engaging brain, control state is Blind, hp boss state is HpOff
2026-09-13 09:46:33.956 [sieg-loop] keep seconds 39.9  [bdb3]
2026-09-13 09:46:34.957 [sieg-loop] keep seconds 38.9  [bdb3]
2026-09-13 09:46:35.958 [sieg-loop] keep seconds 37.9  [bdb3]
2026-09-13 09:46:35.999 [derived-generator] Currently in on-peak or no on-peak period coming up soon
2026-09-13 09:46:36.960 [sieg-loop] keep seconds 36.9  [bdb3]
2026-09-13 09:46:37.962 [sieg-loop] keep seconds 35.9  [bdb3]
2026-09-13 09:46:38.861 [lc] Top state: Normal
2026-09-13 09:46:38.861 [lc] LocalControl: AllTanks  |  State: Initializing
2026-09-13 09:46:38.862 [lc] All critical zones are at or above their effective setpoint
2026-09-13 09:46:38.862 [lc] Buffer not empty (buffer-depth1: 131.0 >= 55.0 F), RSWT is 55.0F
2026-09-13 09:46:38.862 [lc] Storage ready (usable 16.6 kWh >= required 0.0 kWh)
2026-09-13 09:46:38.862 [lc] OffPeakBufferFullStorageReady: Initializing -> HpOffStoreOff
2026-09-13 09:46:38.863 [lc] TurnOff to hp-boss
2026-09-13 09:46:38.863 [lc] auto.lc.n sending OpenRelay to StorePump OnOff auto.lc.n.store-pump-relay
2026-09-13 09:46:38.863 [lc] auto.lc.n sending DischargeStore to Store ChargeDischarge auto.lc.n.charge-discharge-relay
2026-09-13 09:46:38.863 [hp-boss] Got FromHandle='auto.lc.n' ToHandle='auto.lc.n.hp-boss' EventType='turn.hp.on.off' EventName='TurnOff' TriggerId='8771223c-ef9f-4a7a-b5b4-3f90800d6c11' SendTimeUnixMs=1789307198862 TypeName='fsm.event' Version='000'
2026-09-13 09:46:38.864 [hp-boss] auto.lc.n.hp-boss sending OpenRelay to auto.lc.n.hp-boss.hp-scada-ops-relay
2026-09-13 09:46:38.864 [scada] Sending auto.lc.n.hp-boss state to sieg-loop
2026-09-13 09:46:38.864 [sieg-loop] Just received state HpOff from HpBoss
2026-09-13 09:46:38.864 [sieg-loop] Engaging brain, control state is Blind, hp boss state is HpOff
2026-09-13 09:46:38.865 [hp-boss] hp-boss received unexpected message: Src='hp-scada-ops-relay' Dst='hp-boss' MessageType='gw.dispatch.ack' MessageId='' AckRequired=False TypeName='gridworks.header' Version='001'
2026-09-13 09:46:38.963 [sieg-loop] keep seconds 34.9  [bdb3]
2026-09-13 09:46:39.964 [sieg-loop] keep seconds 33.9  [bdb3]
2026-09-13 09:46:40.964 [sieg-loop] keep seconds 32.9  [bdb3]
2026-09-13 09:46:41.966 [sieg-loop] keep seconds 31.9  [bdb3]
2026-09-13 09:46:42.967 [sieg-loop] keep seconds 30.9  [bdb3]
2026-09-13 09:46:43.968 [sieg-loop] keep seconds 29.9  [bdb3]
2026-09-13 09:46:44.969 [sieg-loop] keep seconds 28.9  [bdb3]
2026-09-13 09:46:45.972 [sieg-loop] keep seconds 27.9  [bdb3]
2026-09-13 09:46:46.974 [sieg-loop] keep seconds 26.9  [bdb3]
2026-09-13 09:46:47.975 [sieg-loop] keep seconds 25.9  [bdb3]
2026-09-13 09:46:48.976 [sieg-loop] keep seconds 24.9  [bdb3]
2026-09-13 09:46:49.978 [sieg-loop] keep seconds 23.9  [bdb3]
2026-09-13 09:46:50.980 [sieg-loop] keep seconds 22.9  [bdb3]
2026-09-13 09:46:51.981 [sieg-loop] keep seconds 21.9  [bdb3]
2026-09-13 09:46:52.983 [sieg-loop] keep seconds 20.9  [bdb3]
2026-09-13 09:46:53.984 [sieg-loop] keep seconds 19.9  [bdb3]
2026-09-13 09:46:54.985 [sieg-loop] keep seconds 18.9  [bdb3]
2026-09-13 09:46:55.987 [sieg-loop] keep seconds 17.9  [bdb3]
2026-09-13 09:46:56.989 [sieg-loop] keep seconds 16.9  [bdb3]
2026-09-13 09:46:57.990 [sieg-loop] keep seconds 15.9  [bdb3]
2026-09-13 09:46:58.801 Top state: Auto
2026-09-13 09:46:58.801 Auto state: LocalControl
2026-09-13 09:46:58.992 [sieg-loop] keep seconds 14.9  [bdb3]
2026-09-13 09:46:59.993 [sieg-loop] keep seconds 13.9  [bdb3]
2026-09-13 09:47:00.995 [sieg-loop] keep seconds 12.9  [bdb3]
2026-09-13 09:47:01.996 [sieg-loop] keep seconds 11.9  [bdb3]
2026-09-13 09:47:02.997 [sieg-loop] keep seconds 10.9  [bdb3]
2026-09-13 09:47:03.862 [sieg-loop] Engaging brain, control state is Blind, hp boss state is HpOff
2026-09-13 09:47:03.999 [sieg-loop] keep seconds 9.9  [bdb3]
2026-09-13 09:47:05.000 [sieg-loop] keep seconds 8.9  [bdb3]
2026-09-13 09:47:06.002 [sieg-loop] keep seconds 7.9  [bdb3]
2026-09-13 09:47:07.003 [sieg-loop] keep seconds 6.9  [bdb3]
2026-09-13 09:47:08.005 [sieg-loop] keep seconds 5.9  [bdb3]
2026-09-13 09:47:09.007 [sieg-loop] keep seconds 4.9  [bdb3]
2026-09-13 09:47:10.009 [sieg-loop] keep seconds 3.9  [bdb3]
2026-09-13 09:47:11.011 [sieg-loop] keep seconds 2.9  [bdb3]
2026-09-13 09:47:12.013 [sieg-loop] keep seconds 1.9  [bdb3]
2026-09-13 09:47:13.015 [sieg-loop] keep seconds 0.9  [bdb3]
2026-09-13 09:47:14.015 [sieg-loop] keep seconds 0  [bdb3]
2026-09-13 09:47:15.018 [sieg-loop] keep seconds 0  [bdb3]
2026-09-13 09:47:16.020 [sieg-loop] keep seconds 0  [bdb3]
2026-09-13 09:47:17.022 [sieg-loop] keep seconds 0  [bdb3]
2026-09-13 09:47:18.024 [sieg-loop] keep seconds 0  [bdb3]
2026-09-13 09:47:19.026 [sieg-loop] keep seconds 0  [bdb3]
2026-09-13 09:47:20.027 [sieg-loop] keep seconds 0  [bdb3]
2026-09-13 09:47:21.029 [sieg-loop] keep seconds 0  [bdb3]
2026-09-13 09:47:22.031 [sieg-loop] keep seconds 0  [bdb3]
2026-09-13 09:47:23.033 [sieg-loop] keep seconds 0  [bdb3]
2026-09-13 09:47:23.923 [sieg-loop] auto.lc.n.sieg-loop sending OpenRelay to HpLoopOnOff relay auto.lc.n.sieg-loop.hp-loop-on-off-relay
2026-09-13 09:47:23.923 [sieg-loop] StopKeepingLess: KeepingLess -> SteadyBlend
2026-09-13 09:47:23.923 [sieg-loop] Movement bdb3 completed: 0 seconds, state SteadyBlend
2026-09-13 09:47:23.924 [sieg-loop] sieg-loop received unexpected message: Src='hp-loop-on-off-relay' Dst='sieg-loop' MessageType='gw.dispatch.ack' MessageId='' AckRequired=False TypeName='gridworks.header' Version='001'
2026-09-13 09:47:23.924 [sieg-loop] sieg-loop received unexpected message: Src='hp-loop-on-off-relay' Dst='sieg-loop' MessageType='fsm.full.report' MessageId='' AckRequired=False TypeName='gridworks.header' Version='001'
2026-09-13 09:47:33.862 [sieg-loop] Engaging brain, control state is Blind, hp boss state is HpOff
2026-09-13 09:47:36.024 [derived-generator] Currently in on-peak or no on-peak period coming up soon
2026-09-13 09:47:38.865 [lc] Top state: Normal
2026-09-13 09:47:38.865 [lc] LocalControl: AllTanks  |  State: HpOffStoreOff
2026-09-13 09:47:38.866 [lc] All critical zones are at or above their effective setpoint
2026-09-13 09:47:38.866 [lc] Buffer not empty (buffer-depth1: 131.0 >= 55.0 F), RSWT is 55.0F
2026-09-13 09:47:38.867 [lc] Storage ready (usable 16.6 kWh >= required 0.0 kWh)
2026-09-13 09:47:58.801 Top state: Auto
2026-09-13 09:47:58.803 Auto state: LocalControl
2026-09-13 09:48:03.864 [sieg-loop] Engaging brain, control state is Blind, hp boss state is HpOff
2026-09-13 09:48:33.865 [sieg-loop] Engaging brain, control state is Blind, hp boss state is HpOff
2026-09-13 09:48:36.045 [derived-generator] Currently in on-peak or no on-peak period coming up soon
2026-09-13 09:48:38.867 [lc] Top state: Normal
2026-09-13 09:48:38.868 [lc] LocalControl: AllTanks  |  State: HpOffStoreOff
2026-09-13 09:48:38.868 [lc] All critical zones are at or above their effective setpoint
2026-09-13 09:48:38.869 [lc] Buffer not empty (buffer-depth1: 131.0 >= 55.0 F), RSWT is 55.0F
2026-09-13 09:48:38.869 [lc] Storage ready (usable 16.6 kWh >= required 0.0 kWh)
2026-09-13 09:48:58.800 Top state: Auto
2026-09-13 09:48:58.802 Auto state: LocalControl
2026-09-13 09:49:03.868 [sieg-loop] Engaging brain, control state is Blind, hp boss state is HpOff
2026-09-13 09:49:33.870 [sieg-loop] Engaging brain, control state is Blind, hp boss state is HpOff
2026-09-13 09:49:33.890 [pico-cycler] buffer sim-buffer-pico flatlined
2026-09-13 09:49:33.891 [pico-cycler] TRIGGERING PICO REBOOT! triggered by buffer sim-buffer-pico
2026-09-13 09:49:33.892 [pico-cycler] OpenRelay to vdc-relay
2026-09-13 09:49:33.894 [pico-cycler] tank1 sim-tank1-pico flatlined
2026-09-13 09:49:36.073 [derived-generator] Currently in on-peak or no on-peak period coming up soon
2026-09-13 09:49:38.870 [lc] Top state: Normal
2026-09-13 09:49:38.871 [lc] LocalControl: AllTanks  |  State: HpOffStoreOff
2026-09-13 09:49:38.872 [lc] All critical zones are at or above their effective setpoint
2026-09-13 09:49:38.872 [lc] Buffer not empty (buffer-depth1: 131.0 >= 55.0 F), RSWT is 55.0F
2026-09-13 09:49:38.872 [lc] Storage ready (usable 16.6 kWh >= required 0.0 kWh)
2026-09-13 09:49:38.896 [pico-cycler] CloseRelay to vdc-relay
2026-09-13 09:49:58.800 Top state: Auto
2026-09-13 09:49:58.802 Auto state: LocalControl
2026-09-13 09:50:03.872 [sieg-loop] Engaging brain, control state is Blind, hp boss state is HpOff
2026-09-13 09:50:33.873 [sieg-loop] Engaging brain, control state is Blind, hp boss state is HpOff
2026-09-13 09:50:36.100 [derived-generator] Currently in on-peak or no on-peak period coming up soon
2026-09-13 09:50:38.872 [lc] Top state: Normal
2026-09-13 09:50:38.873 [lc] LocalControl: AllTanks  |  State: HpOffStoreOff
2026-09-13 09:50:38.873 [lc] All critical zones are at or above their effective setpoint
2026-09-13 09:50:38.873 [lc] Buffer not empty (buffer-depth1: 131.0 >= 55.0 F), RSWT is 55.0F
2026-09-13 09:50:38.873 [lc] Storage ready (usable 16.6 kWh >= required 0.0 kWh)
2026-09-13 09:50:58.801 Top state: Auto
2026-09-13 09:50:58.803 Auto state: LocalControl
2026-09-13 09:51:03.875 [sieg-loop] Engaging brain, control state is Blind, hp boss state is HpOff
2026-09-13 09:51:33.878 [sieg-loop] Engaging brain, control state is Blind, hp boss state is HpOff
2026-09-13 09:51:36.122 [derived-generator] Currently in on-peak or no on-peak period coming up soon
2026-09-13 09:51:38.875 [lc] Top state: Normal
2026-09-13 09:51:38.875 [lc] LocalControl: AllTanks  |  State: HpOffStoreOff
2026-09-13 09:51:38.876 [lc] All critical zones are at or above their effective setpoint
2026-09-13 09:51:38.876 [lc] Buffer not empty (buffer-depth1: 131.0 >= 55.0 F), RSWT is 55.0F
2026-09-13 09:51:38.876 [lc] Storage ready (usable 16.6 kWh >= required 0.0 kWh)
2026-09-13 09:51:58.801 Top state: Auto
2026-09-13 09:51:58.802 Auto state: LocalControl
2026-09-13 09:52:03.882 [sieg-loop] Engaging brain, control state is Blind, hp boss state is HpOff
2026-09-13 09:52:33.883 [sieg-loop] Engaging brain, control state is Blind, hp boss state is HpOff
2026-09-13 09:52:36.145 [derived-generator] Currently in on-peak or no on-peak period coming up soon
2026-09-13 09:52:38.877 [lc] Top state: Normal
2026-09-13 09:52:38.878 [lc] LocalControl: AllTanks  |  State: HpOffStoreOff
2026-09-13 09:52:38.878 [lc] All critical zones are at or above their effective setpoint
2026-09-13 09:52:38.878 [lc] Buffer not empty (buffer-depth1: 131.0 >= 55.0 F), RSWT is 55.0F
2026-09-13 09:52:38.878 [lc] Storage ready (usable 16.6 kWh >= required 0.0 kWh)
2026-09-13 09:52:58.801 Top state: Auto
2026-09-13 09:52:58.803 Auto state: LocalControl
2026-09-13 09:53:03.884 [sieg-loop] Engaging brain, control state is Blind, hp boss state is HpOff
2026-09-13 09:53:33.885 [sieg-loop] Engaging brain, control state is Blind, hp boss state is HpOff
2026-09-13 09:53:33.921 [pico-cycler] buffer sim-buffer-pico flatlined
2026-09-13 09:53:33.922 [pico-cycler] TRIGGERING PICO REBOOT! triggered by buffer sim-buffer-pico
2026-09-13 09:53:33.923 [pico-cycler] OpenRelay to vdc-relay
2026-09-13 09:53:33.923 [pico-cycler] tank1 sim-tank1-pico flatlined
2026-09-13 09:53:36.171 [derived-generator] Currently in on-peak or no on-peak period coming up soon
2026-09-13 09:53:38.880 [lc] Top state: Normal
2026-09-13 09:53:38.881 [lc] LocalControl: AllTanks  |  State: HpOffStoreOff
2026-09-13 09:53:38.881 [lc] All critical zones are at or above their effective setpoint
2026-09-13 09:53:38.882 [lc] Buffer not empty (buffer-depth1: 131.0 >= 55.0 F), RSWT is 55.0F
2026-09-13 09:53:38.882 [lc] Storage ready (usable 16.6 kWh >= required 0.0 kWh)
2026-09-13 09:53:38.929 [pico-cycler] CloseRelay to vdc-relay
2026-09-13 09:53:58.801 Top state: Auto
2026-09-13 09:53:58.802 Auto state: LocalControl
2026-09-13 09:54:03.887 [sieg-loop] Engaging brain, control state is Blind, hp boss state is HpOff
2026-09-13 09:54:33.889 [sieg-loop] Engaging brain, control state is Blind, hp boss state is HpOff
2026-09-13 09:54:36.193 [derived-generator] Currently in on-peak or no on-peak period coming up soon
2026-09-13 09:54:38.883 [lc] Top state: Normal
2026-09-13 09:54:38.884 [lc] LocalControl: AllTanks  |  State: HpOffStoreOff
2026-09-13 09:54:38.884 [lc] All critical zones are at or above their effective setpoint
2026-09-13 09:54:38.884 [lc] Buffer not empty (buffer-depth1: 131.0 >= 55.0 F), RSWT is 55.0F
2026-09-13 09:54:38.884 [lc] Storage ready (usable 16.6 kWh >= required 0.0 kWh)
2026-09-13 09:54:58.802 Top state: Auto
2026-09-13 09:54:58.804 Auto state: LocalControl
2026-09-13 09:55:03.891 [sieg-loop] Engaging brain, control state is Blind, hp boss state is HpOff
2026-09-13 09:55:33.892 [sieg-loop] Engaging brain, control state is Blind, hp boss state is HpOff
2026-09-13 09:55:36.221 [derived-generator] Currently in on-peak or no on-peak period coming up soon
2026-09-13 09:55:38.886 [lc] Top state: Normal
2026-09-13 09:55:38.887 [lc] LocalControl: AllTanks  |  State: HpOffStoreOff
2026-09-13 09:55:38.887 [lc] All critical zones are at or above their effective setpoint
2026-09-13 09:55:38.887 [lc] Buffer not empty (buffer-depth1: 131.0 >= 55.0 F), RSWT is 55.0F
2026-09-13 09:55:38.887 [lc] Storage ready (usable 16.6 kWh >= required 0.0 kWh)
2026-09-13 09:55:58.800 Top state: Auto
2026-09-13 09:55:58.803 Auto state: LocalControl
2026-09-13 09:56:02.421 Shutting down due to ShutdownMessage, [Signal received: SIGTERM (15)]
2026-09-13 09:56:02.862 Tasks: 40  [DONE]
	1/40  Derived Generator keepalive     done:True   (cancelled)  <coroutine object DerivedGenerator.main at 0x12a62dc60>
	2/40  ApiTankModule sim pico          done:True   (cancelled)  <coroutine object ApiTankModule.sim_pico_main at 0x12a62f3d0>
	3/40  process_messages                done:True   (cancelled)  <coroutine object Proactor.process_messages at 0x12a67c820>
	4/40  ApiTankModule keepalive         done:True   (cancelled)  <coroutine object ApiTankModule.main at 0x12a59ac20>
	5/40  LocalControl keepalive          done:True   (cancelled)  <coroutine object LocalControlTouBase.main at 0x12a62dd50>
	6/40  send_ping<gridworks_mqtt>       done:True   (cancelled)  <coroutine object LinkManager.send_ping at 0x12a62f5b0>
	7/40  relay state reporter            done:True   (cancelled)  <coroutine object Relay.main at 0x12a62ea70>
	8/40  relay state reporter            done:True   (cancelled)  <coroutine object Relay.main at 0x12a62ef20>
	9/40  ApiTankModule sim pico          done:True   (cancelled)  <coroutine object ApiTankModule.sim_pico_main at 0x12a62f4c0>
	10/40  Sieg Loop Synchronous Report    done:True   (cancelled)  <coroutine object SiegLoop.main at 0x12a61d140>
	11/40  send_ping<local_mqtt>           done:True   (cancelled)  <coroutine object LinkManager.send_ping at 0x12a62f6a0>
	12/40  relay state reporter            done:True   (cancelled)  <coroutine object Relay.main at 0x12a62f010>
	13/40  dist-010v-main                  done:True   (cancelled)  <coroutine object ZeroTenOutputer.main_loop at 0x12a59acf0>
	14/40  send_ping<admin>                done:True   (cancelled)  <coroutine object LinkManager.send_ping at 0x12a62f790>
	15/40  relay state reporter            done:True   (cancelled)  <coroutine object Relay.main at 0x12a62eb60>
	16/40  primary-010v-main               done:True   (cancelled)  <coroutine object ZeroTenOutputer.main_loop at 0x12a59bb90>
	17/40  report_sender                   done:True   (cancelled)  <coroutine object Scada.report_sending_task at 0x12a521a40>
	18/40  relay state reporter            done:True   (cancelled)  <coroutine object Relay.main at 0x12a62f100>
	19/40  zone1-main-temp-sensor keepalive  done:True   (cancelled)  <coroutine object SimSensorActor.main at 0x12a67c160>
	20/40  store-010v-main                 done:True   (cancelled)  <coroutine object ZeroTenOutputer.main_loop at 0x12a59bd30>
	21/40  snap_sender                     done:True   (cancelled)  <coroutine object Scada.snap_sending_task at 0x12a69c110>
	22/40  i2c-bus-heartbeat               done:True   (cancelled)  <coroutine object I2cBus._heartbeat at 0x12a3e0380>
	23/40  relay state reporter            done:True   (cancelled)  <coroutine object Relay.main at 0x12a62e7a0>
	24/40  dist-flow keepalive             done:True   (cancelled)  <coroutine object SimSensorActor.main at 0x12a67c280>
	25/40  scada top_state_tracker         done:True   (cancelled)  <coroutine object Scada.state_tracker at 0x12a67ca60>
	26/40  relay state reporter            done:True   (cancelled)  <coroutine object Relay.main at 0x12a62ec50>
	27/40  relay state reporter            done:True   (cancelled)  <coroutine object Relay.main at 0x12a62f1f0>
	28/40  primary-flow keepalive          done:True   (cancelled)  <coroutine object SimSensorActor.main at 0x12a67c3a0>
	29/40  watchdog_manager.join           done:True   exception: None  <coroutine object WatchdogManager.join at 0x12a680f20>
	30/40  relay state reporter            done:True   (cancelled)  <coroutine object Relay.main at 0x12a62e890>
	31/40  store-flow keepalive            done:True   (cancelled)  <coroutine object SimSensorActor.main at 0x12a67c4c0>
	32/40  relay state reporter            done:True   (cancelled)  <coroutine object Relay.main at 0x12a62ed40>
	33/40  relay state reporter            done:True   (cancelled)  <coroutine object Relay.main at 0x12a62e980>
	34/40  relay state reporter            done:True   (cancelled)  <coroutine object Relay.main at 0x12a62f2e0>
	35/40  LeafAlly keepalive              done:True   (cancelled)  <coroutine object AllTanksLeafAlly.main at 0x12a5e25e0>
	36/40  sieg-flow keepalive             done:True   (cancelled)  <coroutine object SimSensorActor.main at 0x12a67c5e0>
	37/40  ApiTankModule keepalive         done:True   (cancelled)  <coroutine object ApiTankModule.main at 0x12a59af60>
	38/40  picocycler keepalive            done:True   (cancelled)  <coroutine object PicoCycler.main at 0x12a334e00>
	39/40  sieg-cold keepalive             done:True   (cancelled)  <coroutine object SimSensorActor.main at 0x12a67c700>
	40/40  relay state reporter            done:True   (cancelled)  <coroutine object Relay.main at 0x12a62ee30>

2026-09-13 09:56:02.862 Tasks: 1  [PENDING]
	1/1  power-meter.join                done:False   exception: None  <coroutine object SyncThreadActor.join at 0x12a6a4580>

2026-09-13 09:56:02.863 Tasks: 1  [WAITING FOR]
	1/1  power-meter.join                done:False   exception: None  <coroutine object SyncThreadActor.join at 0x12a6a4580>

2026-09-13 09:56:03.863 Tasks: 1  [DONE]
	1/1  power-meter.join                done:True   exception: None  <coroutine object SyncThreadActor.join at 0x12a6a4580>

2026-09-13 09:56:03.864 Tasks: 0  [PENDING]

2026-09-13 09:56:03.864 --Proactor<s>.join()
[pico-cycler] Sleeping for 261.1402518749237
Channel buffer-depth1-device flatlined - removing from snapshots!
Channel buffer-depth2-device flatlined - removing from snapshots!
Channel buffer-depth3-device flatlined - removing from snapshots!
Channel buffer-depth1-micro-v flatlined - removing from snapshots!
Channel buffer-depth2-micro-v flatlined - removing from snapshots!
Channel buffer-depth3-micro-v flatlined - removing from snapshots!
Channel tank1-depth1-device flatlined - removing from snapshots!
Channel tank1-depth2-device flatlined - removing from snapshots!
Channel tank1-depth3-device flatlined - removing from snapshots!
Channel tank1-depth1-micro-v flatlined - removing from snapshots!
Channel tank1-depth2-micro-v flatlined - removing from snapshots!
Channel tank1-depth3-micro-v flatlined - removing from snapshots!
[pico-cycler] Sleeping for 2.2
[pico-cycler] Sleeping for 297.793231010437
Channel buffer-depth1-device flatlined - removing from snapshots!
Channel buffer-depth2-device flatlined - removing from snapshots!
Channel buffer-depth3-device flatlined - removing from snapshots!
Channel buffer-depth1-micro-v flatlined - removing from snapshots!
Channel buffer-depth2-micro-v flatlined - removing from snapshots!
Channel buffer-depth3-micro-v flatlined - removing from snapshots!
Channel tank1-depth1-device flatlined - removing from snapshots!
Channel tank1-depth2-device flatlined - removing from snapshots!
Channel tank1-depth3-device flatlined - removing from snapshots!
Channel tank1-depth1-micro-v flatlined - removing from snapshots!
Channel tank1-depth2-micro-v flatlined - removing from snapshots!
Channel tank1-depth3-micro-v flatlined - removing from snapshots!
[pico-cycler] Sleeping for 2.2
[pico-cycler] Sleeping for 297.794921875
