2026-08-23 14:29:49,119 INFO relay_stress run B100: TARGET=iso PERIODS=[1.0] LOADS=[0] SPACINGS=[0.0] TOGGLES=100 posture={'iso': 1, 'hp': 0, 'charge': 0, 'pump': 0} (1 phases). Baseline registers: r0=00000000 r1=00000100 r2=00000000 r3=00000100 r6=00000000 r7=00000000. Log: /home/pi/relay-stress-runs/relay-stress-B100.log
2026-08-23 14:29:49,119 INFO === PHASE target=iso period=1.0s load=0 spacing=0.0s: 100 toggles ===
2026-08-23 14:29:52,450 CRITICAL RESET #1 [target=iso period=1.0s load=0 spacing=0.0s toggle 2 after iso->1] REGISTERS: r0=00000000 r1=00000000 r2=11111111 r3=11111111 r6=11111111 r7=11111111
2026-08-23 14:29:59,335 CRITICAL RESET #2 [target=iso period=1.0s load=0 spacing=0.0s toggle 8 after iso->1] REGISTERS: r0=00000000 r1=00000000 r2=11111111 r3=11111111 r6=11111111 r7=11111111
2026-08-23 14:30:00,862 CRITICAL I2C ERROR during pin read secondary-pump (attempt 1/4): [Errno 121] Remote I/O error
2026-08-23 14:30:03,167 CRITICAL RESET #3 [target=iso period=1.0s load=0 spacing=0.0s toggle 10 after iso->1] REGISTERS: r0=00000000 r1=00000000 r2=11111111 r3=11111111 r6=11111111 r7=11111111
2026-08-23 14:30:04,682 CRITICAL I2C ERROR during pin read secondary-pump (attempt 1/4): [Errno 121] Remote I/O error
2026-08-23 14:30:06,995 CRITICAL RESET #4 [target=iso period=1.0s load=0 spacing=0.0s toggle 12 after iso->1] REGISTERS: r0=00000000 r1=00000000 r2=11111111 r3=11111111 r6=11111111 r7=11111111
2026-08-23 14:30:17,925 CRITICAL RESET #5 [target=iso period=1.0s load=0 spacing=0.0s toggle 22 after iso->1] REGISTERS: r0=00000000 r1=00000000 r2=11111111 r3=11111111 r6=11111111 r7=11111111
2026-08-23 14:30:19,455 CRITICAL I2C ERROR during pin read iso-valve (attempt 1/4): [Errno 121] Remote I/O error
2026-08-23 14:30:21,770 CRITICAL RESET #6 [target=iso period=1.0s load=0 spacing=0.0s toggle 24 after iso->1] REGISTERS: r0=00000000 r1=00000000 r2=11111111 r3=11111111 r6=11111111 r7=11111111
2026-08-23 14:30:24,616 CRITICAL RESET #7 [target=iso period=1.0s load=0 spacing=0.0s toggle 26 after iso->1] REGISTERS: r0=00000000 r1=00000000 r2=11111111 r3=11111111 r6=11111111 r7=11111111
2026-08-23 14:30:27,464 CRITICAL RESET #8 [target=iso period=1.0s load=0 spacing=0.0s toggle 28 after iso->1] REGISTERS: r0=00000000 r1=00000000 r2=11111111 r3=11111111 r6=11111111 r7=11111111
2026-08-23 14:30:30,313 CRITICAL RESET #9 [target=iso period=1.0s load=0 spacing=0.0s toggle 30 after iso->1] REGISTERS: r0=00000000 r1=00000000 r2=11111111 r3=11111111 r6=11111111 r7=11111111
2026-08-23 14:30:35,180 CRITICAL RESET #10 [target=iso period=1.0s load=0 spacing=0.0s toggle 34 after iso->1] REGISTERS: r0=00000000 r1=00000000 r2=11111111 r3=11111111 r6=11111111 r7=11111111
2026-08-23 14:30:37,051 CRITICAL RESET #11 [target=iso period=1.0s load=0 spacing=0.0s toggle 35 after iso->0] REGISTERS: r0=00000000 r1=00000000 r2=11111111 r3=11111111 r6=11111111 r7=11111111
2026-08-23 14:30:40,909 CRITICAL RESET #12 [target=iso period=1.0s load=0 spacing=0.0s toggle 38 after iso->1] REGISTERS: r0=00000000 r1=00000000 r2=11111111 r3=11111111 r6=11111111 r7=11111111
2026-08-23 14:30:42,441 CRITICAL I2C ERROR during pin read iso-valve (attempt 1/4): [Errno 121] Remote I/O error
2026-08-23 14:30:44,757 CRITICAL RESET #13 [target=iso period=1.0s load=0 spacing=0.0s toggle 40 after iso->1] REGISTERS: r0=00000000 r1=00000000 r2=11111111 r3=11111111 r6=11111111 r7=11111111
2026-08-23 14:30:46,289 CRITICAL I2C ERROR during pin read iso-valve (attempt 1/4): [Errno 5] Input/output error
2026-08-23 14:30:49,632 CRITICAL RESET #14 [target=iso period=1.0s load=0 spacing=0.0s toggle 43 after iso->0] REGISTERS: r0=00000000 r1=00000000 r2=11111111 r3=11111111 r6=11111111 r7=11111111
2026-08-23 14:30:53,490 CRITICAL RESET #15 [target=iso period=1.0s load=0 spacing=0.0s toggle 46 after iso->1] REGISTERS: r0=00000000 r1=00000000 r2=11111111 r3=11111111 r6=11111111 r7=11111111
2026-08-23 14:31:00,374 CRITICAL RESET #16 [target=iso period=1.0s load=0 spacing=0.0s toggle 52 after iso->1] REGISTERS: r0=00000000 r1=00000000 r2=11111111 r3=11111111 r6=11111111 r7=11111111
2026-08-23 14:31:03,222 CRITICAL RESET #17 [target=iso period=1.0s load=0 spacing=0.0s toggle 54 after iso->1] REGISTERS: r0=00000000 r1=00000000 r2=11111111 r3=11111111 r6=11111111 r7=11111111
2026-08-23 14:31:08,088 CRITICAL RESET #18 [target=iso period=1.0s load=0 spacing=0.0s toggle 58 after iso->1] REGISTERS: r0=00000000 r1=00000000 r2=11111111 r3=11111111 r6=11111111 r7=11111111
2026-08-23 14:31:10,936 CRITICAL RESET #19 [target=iso period=1.0s load=0 spacing=0.0s toggle 60 after iso->1] REGISTERS: r0=00000000 r1=00000000 r2=11111111 r3=11111111 r6=11111111 r7=11111111
2026-08-23 14:31:12,465 CRITICAL I2C ERROR during pin read iso-valve (attempt 1/4): [Errno 121] Remote I/O error
2026-08-23 14:31:14,780 CRITICAL RESET #20 [target=iso period=1.0s load=0 spacing=0.0s toggle 62 after iso->1] REGISTERS: r0=00000000 r1=00000000 r2=11111111 r3=11111111 r6=11111111 r7=11111111
2026-08-23 14:31:17,629 CRITICAL RESET #21 [target=iso period=1.0s load=0 spacing=0.0s toggle 64 after iso->1] REGISTERS: r0=00000000 r1=00000000 r2=11111111 r3=11111111 r6=11111111 r7=11111111
2026-08-23 14:31:20,479 CRITICAL RESET #22 [target=iso period=1.0s load=0 spacing=0.0s toggle 66 after iso->1] REGISTERS: r0=00000000 r1=00000000 r2=11111111 r3=11111111 r6=11111111 r7=11111111
2026-08-23 14:31:25,375 CRITICAL RESET #23 [target=iso period=1.0s load=0 spacing=0.0s toggle 70 after iso->1] REGISTERS: r0=00000000 r1=00000000 r2=11111111 r3=11111111 r6=11111111 r7=11111111
2026-08-23 14:31:28,223 CRITICAL RESET #24 [target=iso period=1.0s load=0 spacing=0.0s toggle 72 after iso->1] REGISTERS: r0=00000000 r1=00000000 r2=11111111 r3=11111111 r6=11111111 r7=11111111
2026-08-23 14:31:31,072 CRITICAL RESET #25 [target=iso period=1.0s load=0 spacing=0.0s toggle 74 after iso->1] REGISTERS: r0=00000000 r1=00000000 r2=11111111 r3=11111111 r6=11111111 r7=11111111
2026-08-23 14:31:33,922 CRITICAL RESET #26 [target=iso period=1.0s load=0 spacing=0.0s toggle 76 after iso->1] REGISTERS: r0=00000000 r1=00000000 r2=11111111 r3=11111111 r6=11111111 r7=11111111
2026-08-23 14:31:37,470 CRITICAL I2C ERROR during pin read iso-valve (attempt 1/4): [Errno 5] Input/output error
2026-08-23 14:31:39,785 CRITICAL RESET #27 [target=iso period=1.0s load=0 spacing=0.0s toggle 80 after iso->1] REGISTERS: r0=00000000 r1=00000000 r2=11111111 r3=11111111 r6=11111111 r7=11111111
2026-08-23 14:31:42,634 CRITICAL RESET #28 [target=iso period=1.0s load=0 spacing=0.0s toggle 82 after iso->1] REGISTERS: r0=00000000 r1=00000000 r2=11111111 r3=11111111 r6=11111111 r7=11111111
2026-08-23 14:31:44,161 CRITICAL I2C ERROR during pin read iso-valve (attempt 1/4): [Errno 5] Input/output error
2026-08-23 14:31:48,508 CRITICAL RESET #29 [target=iso period=1.0s load=0 spacing=0.0s toggle 86 after iso->1] REGISTERS: r0=00000000 r1=00000000 r2=11111111 r3=11111111 r6=11111111 r7=11111111
2026-08-23 14:31:51,357 CRITICAL RESET #30 [target=iso period=1.0s load=0 spacing=0.0s toggle 88 after iso->1] REGISTERS: r0=00000000 r1=00000000 r2=11111111 r3=11111111 r6=11111111 r7=11111111
2026-08-23 14:31:54,205 CRITICAL RESET #31 [target=iso period=1.0s load=0 spacing=0.0s toggle 90 after iso->1] REGISTERS: r0=00000000 r1=00000000 r2=11111111 r3=11111111 r6=11111111 r7=11111111
2026-08-23 14:31:59,076 CRITICAL RESET #32 [target=iso period=1.0s load=0 spacing=0.0s toggle 94 after iso->1] REGISTERS: r0=00000000 r1=00000000 r2=11111111 r3=11111111 r6=11111111 r7=11111111
2026-08-23 14:32:01,925 CRITICAL RESET #33 [target=iso period=1.0s load=0 spacing=0.0s toggle 96 after iso->1] REGISTERS: r0=00000000 r1=00000000 r2=11111111 r3=11111111 r6=11111111 r7=11111111
2026-08-23 14:32:03,455 CRITICAL I2C ERROR during pin read iso-valve (attempt 1/4): [Errno 5] Input/output error
2026-08-23 14:32:05,771 CRITICAL RESET #34 [target=iso period=1.0s load=0 spacing=0.0s toggle 98 after iso->1] REGISTERS: r0=00000000 r1=00000000 r2=11111111 r3=11111111 r6=11111111 r7=11111111
2026-08-23 14:32:08,624 CRITICAL RESET #35 [target=iso period=1.0s load=0 spacing=0.0s toggle 100 after iso->1] REGISTERS: r0=00000000 r1=00000000 r2=11111111 r3=11111111 r6=11111111 r7=11111111
2026-08-23 14:32:10,153 INFO PHASE RESULT {"target": "iso", "period_s": 1.0, "load": 0, "spacing_s": 0.0, "toggles": 100, "resets": 35, "first_reset_toggle": 2, "pin_mismatch": 0, "elapsed_s": 139.0, "start_unix_ms": 1787509791130, "end_unix_ms": 1787509930152}
2026-08-23 14:32:21,193 INFO exit posture: loads OFF, hp-call 0, store-pump 0, iso OPEN, secondary-pump ON, charge-valve OFF. Restart the hack: sudo systemctl start spruce-summer-hack
2026-08-23 14:32:21,195 INFO RESULTS (35 resets total) -> /home/pi/relay-stress-runs/relay-stress-B100-results.json
2026-08-23 14:32:21,195 INFO   period=1.0s load=0 spacing=0.0s -> resets 35/100 (first at 2)
2026-08-23 14:32:21,196 INFO ACTUATION WINDOW: 2026-08-23 14:29:49 EDT -> 2026-08-23 14:32:21 EDT (1787509789119 -> 1787509941193 unix ms)
