2026-10-07 10:17:48,480 INFO alembic.runtime.migration: Context impl SQLiteImpl.
2026-10-07 10:17:48,480 INFO alembic.runtime.migration: Will assume non-transactional DDL.
2026-10-07 10:17:48,482 INFO alembic.runtime.migration: Running upgrade  -> 0001, initial schema: g_nodes, layouts, readings, alerts
2026-10-07 10:17:48,516 INFO httpx: HTTP Request: POST http://localhost:8000/gnr/g-node-forest-request "HTTP/1.1 200 OK"
2026-10-07 10:17:48,521 INFO gwalerter.cli: Tracking ['d1.isone.me.versant.keene.spruce.ta'] under ['d1.isone.me.versant.keene.spruce']
2026-10-07 10:17:48,521 INFO gwbase.actor_base: Connecting to localhost:5672 vhost=d1__1
2026-10-07 10:17:48,522 INFO pika.adapters.utils.connection_workflow: Pika version 1.4.4 connecting to ('::1', 5672, 0, 0)
2026-10-07 10:17:48,523 INFO pika.adapters.utils.io_services_utils: Socket connected: <socket.socket fd=10, family=30, type=1, proto=6, laddr=('::1', 53201, 0, 0), raddr=('::1', 5672, 0, 0)>
2026-10-07 10:17:48,523 INFO pika.adapters.utils.connection_workflow: Streaming transport linked up: (<pika.adapters.utils.io_services_utils._AsyncPlaintextTransport object at 0x106257fe0>, _StreamingProtocolShim: <SelectConnection PROTOCOL transport=<pika.adapters.utils.io_services_utils._AsyncPlaintextTransport object at 0x106257fe0> params=<URLParameters host=localhost port=5672 virtual_host=d1__1 ssl=False>>).
2026-10-07 10:17:48,528 INFO gwbase.actor_base: Connection opened
2026-10-07 10:17:48,528 INFO gwbase.actor_base: Creating a new channel
2026-10-07 10:17:48,528 INFO pika.adapters.utils.connection_workflow: AMQPConnector - reporting success: <SelectConnection OPEN transport=<pika.adapters.utils.io_services_utils._AsyncPlaintextTransport object at 0x106257fe0> params=<URLParameters host=localhost port=5672 virtual_host=d1__1 ssl=False>>
2026-10-07 10:17:48,528 INFO pika.adapters.utils.connection_workflow: AMQPConnectionWorkflow - reporting success: <SelectConnection OPEN transport=<pika.adapters.utils.io_services_utils._AsyncPlaintextTransport object at 0x106257fe0> params=<URLParameters host=localhost port=5672 virtual_host=d1__1 ssl=False>>
2026-10-07 10:17:48,529 INFO gwbase.actor_base: Channel opened
2026-10-07 10:17:48,529 INFO gwbase.actor_base: Adding consumer channel close callback
2026-10-07 10:17:48,529 INFO gwbase.actor_base: Asserting consume exchange exists: alerts_tx
2026-10-07 10:17:48,530 INFO gwbase.actor_base: Consume exchange present: alerts_tx
2026-10-07 10:17:48,530 INFO gwbase.actor_base: Declaring queue d1.alerts-F329
2026-10-07 10:17:48,532 INFO gwbase.orchestrator: Binding alerts_tx to d1.alerts-F329 with rj.*.*.*.*.d1-alerts
2026-10-07 10:17:48,533 INFO gwbase.actor_base: Queue d1.alerts-F329 bound with rj.*.*.*.*.d1-alerts
2026-10-07 10:17:48,534 INFO gwbase.actor_base: QOS set to: 1
2026-10-07 10:17:48,534 INFO gwbase.actor_base: Start consuming
2026-10-07 10:17:48,534 INFO gwbase.actor_base: Adding consumer cancellation callback
2026-10-07 10:18:55,224 INFO pika.adapters.utils.io_services_utils: Aborting transport connection: state=1; <socket.socket fd=10, family=30, type=1, proto=6, laddr=('::1', 53201, 0, 0), raddr=('::1', 5672, 0, 0)>
2026-10-07 10:18:55,225 INFO pika.adapters.utils.io_services_utils: _AsyncTransportBase._initate_abort(): Initiating abrupt asynchronous transport shutdown: state=1; error=None; <socket.socket fd=10, family=30, type=1, proto=6, laddr=('::1', 53201, 0, 0), raddr=('::1', 5672, 0, 0)>
2026-10-07 10:18:55,225 INFO pika.adapters.utils.io_services_utils: Deactivating transport: state=1; <socket.socket fd=10, family=30, type=1, proto=6, laddr=('::1', 53201, 0, 0), raddr=('::1', 5672, 0, 0)>
2026-10-07 10:18:55,225 INFO pika.connection: AMQP stack terminated, failed to connect, or aborted: opened=True, error-arg=None; pending-error=ConnectionClosedByBroker: (320) "CONNECTION_FORCED - broker forced connection closure with reason 'shutdown'"
2026-10-07 10:18:55,225 WARNING gwbase.actor_base: Consume channel 1 was closed: (320, "CONNECTION_FORCED - broker forced connection closure with reason 'shutdown'")
2026-10-07 10:18:55,226 INFO pika.connection: Stack terminated due to ConnectionClosedByBroker: (320) "CONNECTION_FORCED - broker forced connection closure with reason 'shutdown'"
2026-10-07 10:18:55,226 WARNING gwbase.actor_base: Consumer connection closed, reconnect necessary: (320, "CONNECTION_FORCED - broker forced connection closure with reason 'shutdown'")
2026-10-07 10:18:55,226 INFO gwbase.actor_base: Consumer connection stopping
2026-10-07 10:18:55,226 INFO gwbase.actor_base: Consumer connection stopped
2026-10-07 10:18:55,226 INFO pika.adapters.utils.io_services_utils: Closing transport socket and unlinking: state=3; <socket.socket fd=10, family=30, type=1, proto=6, laddr=('::1', 53201, 0, 0), raddr=('::1', 5672, 0, 0)>
2026-10-07 10:18:55,226 INFO gwbase.actor_base: Reconnecting after 0 seconds
2026-10-07 10:18:55,226 INFO gwbase.actor_base: Connecting to localhost:5672 vhost=d1__1
2026-10-07 10:18:55,228 INFO pika.adapters.utils.connection_workflow: Pika version 1.4.4 connecting to ('::1', 5672, 0, 0)
2026-10-07 10:18:55,228 INFO pika.adapters.utils.io_services_utils: Socket connected: <socket.socket fd=12, family=30, type=1, proto=6, laddr=('::1', 53842, 0, 0), raddr=('::1', 5672, 0, 0)>
2026-10-07 10:18:55,228 INFO pika.adapters.utils.connection_workflow: Streaming transport linked up: (<pika.adapters.utils.io_services_utils._AsyncPlaintextTransport object at 0x1062c1b80>, _StreamingProtocolShim: <SelectConnection PROTOCOL transport=<pika.adapters.utils.io_services_utils._AsyncPlaintextTransport object at 0x1062c1b80> params=<URLParameters host=localhost port=5672 virtual_host=d1__1 ssl=False>>).
2026-10-07 10:18:55,228 ERROR pika.adapters.utils.io_services_utils: Socket EOF; <socket.socket fd=12, family=30, type=1, proto=6, laddr=('::1', 53842, 0, 0), raddr=('::1', 5672, 0, 0)>
2026-10-07 10:18:55,229 ERROR pika.adapters.base_connection: Transport indicated EOF.
2026-10-07 10:18:55,229 INFO pika.adapters.utils.io_services_utils: protocol.eof_received() elected to close: <socket.socket fd=12, family=30, type=1, proto=6, laddr=('::1', 53842, 0, 0), raddr=('::1', 5672, 0, 0)>
2026-10-07 10:18:55,229 INFO pika.adapters.utils.io_services_utils: _AsyncTransportBase._initate_abort(): Initiating abrupt asynchronous transport shutdown: state=1; error=None; <socket.socket fd=12, family=30, type=1, proto=6, laddr=('::1', 53842, 0, 0), raddr=('::1', 5672, 0, 0)>
2026-10-07 10:18:55,229 INFO pika.adapters.utils.io_services_utils: Deactivating transport: state=1; <socket.socket fd=12, family=30, type=1, proto=6, laddr=('::1', 53842, 0, 0), raddr=('::1', 5672, 0, 0)>
2026-10-07 10:18:55,229 ERROR pika.adapters.base_connection: connection_lost: StreamLostError: ('Transport indicated EOF',)
2026-10-07 10:18:55,229 INFO pika.connection: AMQP stack terminated, failed to connect, or aborted: opened=False, error-arg=StreamLostError: ('Transport indicated EOF',); pending-error=None
2026-10-07 10:18:55,229 ERROR pika.connection: Probably incompatible Protocol Versions
2026-10-07 10:18:55,229 INFO pika.connection: Connection setup terminated due to IncompatibleProtocolError: The protocol returned by the server is not supported: ("StreamLostError: ('Transport indicated EOF',)",)
2026-10-07 10:18:55,229 ERROR gwbase.actor_base: Consumer connection open failed: StreamLostError: ('Transport indicated EOF',)
2026-10-07 10:18:55,229 INFO gwbase.actor_base: Consumer connection stopping
2026-10-07 10:18:55,229 INFO gwbase.actor_base: Consumer connection stopped
2026-10-07 10:18:55,229 ERROR pika.adapters.utils.connection_workflow: AMQPConnector - reporting failure: AMQPConnectorAMQPHandshakeError: IncompatibleProtocolError: The protocol returned by the server is not supported: ("StreamLostError: ('Transport indicated EOF',)",)
2026-10-07 10:18:55,229 ERROR pika.adapters.utils.connection_workflow: AMQPConnectionWorkflow - reporting failure: AMQPConnectionWorkflowFailed: 1 exceptions in all; last exception - AMQPConnectorAMQPHandshakeError: IncompatibleProtocolError: The protocol returned by the server is not supported: ("StreamLostError: ('Transport indicated EOF',)",); first exception - None
2026-10-07 10:18:55,229 ERROR pika.adapters.base_connection: Full-stack connection workflow failed: AMQPConnectionWorkflowFailed: 1 exceptions in all; last exception - AMQPConnectorAMQPHandshakeError: IncompatibleProtocolError: The protocol returned by the server is not supported: ("StreamLostError: ('Transport indicated EOF',)",); first exception - None
2026-10-07 10:18:55,229 ERROR pika.adapters.base_connection: Self-initiated stack bring-up failed: AMQPConnectionWorkflowFailed: 1 exceptions in all; last exception - AMQPConnectorAMQPHandshakeError: IncompatibleProtocolError: The protocol returned by the server is not supported: ("StreamLostError: ('Transport indicated EOF',)",); first exception - None
2026-10-07 10:18:55,229 INFO pika.adapters.utils.io_services_utils: Closing transport socket and unlinking: state=3; <socket.socket fd=12, family=30, type=1, proto=6, laddr=('::1', 53842, 0, 0), raddr=('::1', 5672, 0, 0)>
2026-10-07 10:18:55,229 INFO gwbase.actor_base: Reconnecting after 1 seconds
2026-10-07 10:18:56,235 INFO gwbase.actor_base: Connecting to localhost:5672 vhost=d1__1
2026-10-07 10:18:56,238 INFO pika.adapters.utils.connection_workflow: Pika version 1.4.4 connecting to ('::1', 5672, 0, 0)
2026-10-07 10:18:56,239 INFO pika.adapters.utils.io_services_utils: Socket connected: <socket.socket fd=10, family=30, type=1, proto=6, laddr=('::1', 53848, 0, 0), raddr=('::1', 5672, 0, 0)>
2026-10-07 10:18:56,239 INFO pika.adapters.utils.connection_workflow: Streaming transport linked up: (<pika.adapters.utils.io_services_utils._AsyncPlaintextTransport object at 0x106296870>, _StreamingProtocolShim: <SelectConnection PROTOCOL transport=<pika.adapters.utils.io_services_utils._AsyncPlaintextTransport object at 0x106296870> params=<URLParameters host=localhost port=5672 virtual_host=d1__1 ssl=False>>).
2026-10-07 10:18:56,240 ERROR pika.adapters.utils.io_services_utils: Socket EOF; <socket.socket fd=10, family=30, type=1, proto=6, laddr=('::1', 53848, 0, 0), raddr=('::1', 5672, 0, 0)>
2026-10-07 10:18:56,240 ERROR pika.adapters.base_connection: Transport indicated EOF.
2026-10-07 10:18:56,240 INFO pika.adapters.utils.io_services_utils: protocol.eof_received() elected to close: <socket.socket fd=10, family=30, type=1, proto=6, laddr=('::1', 53848, 0, 0), raddr=('::1', 5672, 0, 0)>
2026-10-07 10:18:56,240 INFO pika.adapters.utils.io_services_utils: _AsyncTransportBase._initate_abort(): Initiating abrupt asynchronous transport shutdown: state=1; error=None; <socket.socket fd=10, family=30, type=1, proto=6, laddr=('::1', 53848, 0, 0), raddr=('::1', 5672, 0, 0)>
2026-10-07 10:18:56,240 INFO pika.adapters.utils.io_services_utils: Deactivating transport: state=1; <socket.socket fd=10, family=30, type=1, proto=6, laddr=('::1', 53848, 0, 0), raddr=('::1', 5672, 0, 0)>
2026-10-07 10:18:56,240 ERROR pika.adapters.base_connection: connection_lost: StreamLostError: ('Transport indicated EOF',)
2026-10-07 10:18:56,240 INFO pika.connection: AMQP stack terminated, failed to connect, or aborted: opened=False, error-arg=StreamLostError: ('Transport indicated EOF',); pending-error=None
2026-10-07 10:18:56,240 ERROR pika.connection: Probably incompatible Protocol Versions
2026-10-07 10:18:56,240 INFO pika.connection: Connection setup terminated due to IncompatibleProtocolError: The protocol returned by the server is not supported: ("StreamLostError: ('Transport indicated EOF',)",)
2026-10-07 10:18:56,240 ERROR gwbase.actor_base: Consumer connection open failed: StreamLostError: ('Transport indicated EOF',)
2026-10-07 10:18:56,241 INFO gwbase.actor_base: Consumer connection stopping
2026-10-07 10:18:56,241 INFO gwbase.actor_base: Consumer connection stopped
2026-10-07 10:18:56,241 ERROR pika.adapters.utils.connection_workflow: AMQPConnector - reporting failure: AMQPConnectorAMQPHandshakeError: IncompatibleProtocolError: The protocol returned by the server is not supported: ("StreamLostError: ('Transport indicated EOF',)",)
2026-10-07 10:18:56,241 ERROR pika.adapters.utils.connection_workflow: AMQPConnectionWorkflow - reporting failure: AMQPConnectionWorkflowFailed: 1 exceptions in all; last exception - AMQPConnectorAMQPHandshakeError: IncompatibleProtocolError: The protocol returned by the server is not supported: ("StreamLostError: ('Transport indicated EOF',)",); first exception - None
2026-10-07 10:18:56,241 ERROR pika.adapters.base_connection: Full-stack connection workflow failed: AMQPConnectionWorkflowFailed: 1 exceptions in all; last exception - AMQPConnectorAMQPHandshakeError: IncompatibleProtocolError: The protocol returned by the server is not supported: ("StreamLostError: ('Transport indicated EOF',)",); first exception - None
2026-10-07 10:18:56,241 ERROR pika.adapters.base_connection: Self-initiated stack bring-up failed: AMQPConnectionWorkflowFailed: 1 exceptions in all; last exception - AMQPConnectorAMQPHandshakeError: IncompatibleProtocolError: The protocol returned by the server is not supported: ("StreamLostError: ('Transport indicated EOF',)",); first exception - None
2026-10-07 10:18:56,241 INFO pika.adapters.utils.io_services_utils: Closing transport socket and unlinking: state=3; <socket.socket fd=10, family=30, type=1, proto=6, laddr=('::1', 53848, 0, 0), raddr=('::1', 5672, 0, 0)>
2026-10-07 10:18:56,241 INFO gwbase.actor_base: Reconnecting after 2 seconds
2026-10-07 10:18:58,242 INFO gwbase.actor_base: Connecting to localhost:5672 vhost=d1__1
2026-10-07 10:18:58,243 INFO pika.adapters.utils.connection_workflow: Pika version 1.4.4 connecting to ('::1', 5672, 0, 0)
2026-10-07 10:18:58,243 ERROR pika.adapters.utils.io_services_utils: Socket failed to connect: <socket.socket fd=14, family=30, type=1, proto=6, laddr=('::1', 53864, 0, 0)>; error=61 (Connection refused)
2026-10-07 10:18:58,243 ERROR pika.adapters.utils.connection_workflow: TCP Connection attempt failed: ConnectionRefusedError(61, 'Connection refused'); dest=(<AddressFamily.AF_INET6: 30>, <SocketKind.SOCK_STREAM: 1>, 6, '', ('::1', 5672, 0, 0))
2026-10-07 10:18:58,243 ERROR pika.adapters.utils.connection_workflow: AMQPConnector - reporting failure: AMQPConnectorSocketConnectError: ConnectionRefusedError(61, 'Connection refused')
2026-10-07 10:18:58,244 INFO pika.adapters.utils.connection_workflow: Pika version 1.4.4 connecting to ('127.0.0.1', 5672)
2026-10-07 10:18:58,244 ERROR pika.adapters.utils.io_services_utils: Socket failed to connect: <socket.socket fd=14, family=2, type=1, proto=6, laddr=('127.0.0.1', 53865)>; error=61 (Connection refused)
2026-10-07 10:18:58,244 ERROR pika.adapters.utils.connection_workflow: TCP Connection attempt failed: ConnectionRefusedError(61, 'Connection refused'); dest=(<AddressFamily.AF_INET: 2>, <SocketKind.SOCK_STREAM: 1>, 6, '', ('127.0.0.1', 5672))
2026-10-07 10:18:58,244 ERROR pika.adapters.utils.connection_workflow: AMQPConnector - reporting failure: AMQPConnectorSocketConnectError: ConnectionRefusedError(61, 'Connection refused')
2026-10-07 10:18:58,244 ERROR pika.adapters.utils.connection_workflow: AMQP connection workflow failed: AMQPConnectionWorkflowFailed: 2 exceptions in all; last exception - AMQPConnectorSocketConnectError: ConnectionRefusedError(61, 'Connection refused'); first exception - AMQPConnectorSocketConnectError: ConnectionRefusedError(61, 'Connection refused').
2026-10-07 10:18:58,244 ERROR pika.adapters.utils.connection_workflow: AMQPConnectionWorkflow - reporting failure: AMQPConnectionWorkflowFailed: 2 exceptions in all; last exception - AMQPConnectorSocketConnectError: ConnectionRefusedError(61, 'Connection refused'); first exception - AMQPConnectorSocketConnectError: ConnectionRefusedError(61, 'Connection refused')
2026-10-07 10:18:58,244 ERROR pika.adapters.base_connection: Full-stack connection workflow failed: AMQPConnectionWorkflowFailed: 2 exceptions in all; last exception - AMQPConnectorSocketConnectError: ConnectionRefusedError(61, 'Connection refused'); first exception - AMQPConnectorSocketConnectError: ConnectionRefusedError(61, 'Connection refused')
2026-10-07 10:18:58,244 ERROR pika.adapters.base_connection: Self-initiated stack bring-up failed: AMQPConnectionError: (AMQPConnectionWorkflowFailed: 2 exceptions in all; last exception - AMQPConnectorSocketConnectError: ConnectionRefusedError(61, 'Connection refused'); first exception - AMQPConnectorSocketConnectError: ConnectionRefusedError(61, 'Connection refused'),)
2026-10-07 10:18:58,244 INFO pika.connection: AMQP stack terminated, failed to connect, or aborted: opened=False, error-arg=AMQPConnectionError: (AMQPConnectionWorkflowFailed: 2 exceptions in all; last exception - AMQPConnectorSocketConnectError: ConnectionRefusedError(61, 'Connection refused'); first exception - AMQPConnectorSocketConnectError: ConnectionRefusedError(61, 'Connection refused'),); pending-error=None
2026-10-07 10:18:58,244 INFO pika.connection: Connection setup terminated due to AMQPConnectionError: (AMQPConnectionWorkflowFailed: 2 exceptions in all; last exception - AMQPConnectorSocketConnectError: ConnectionRefusedError(61, 'Connection refused'); first exception - AMQPConnectorSocketConnectError: ConnectionRefusedError(61, 'Connection refused'),)
2026-10-07 10:18:58,244 ERROR gwbase.actor_base: Consumer connection open failed: 
2026-10-07 10:18:58,244 INFO gwbase.actor_base: Consumer connection stopping
2026-10-07 10:18:58,244 INFO gwbase.actor_base: Consumer connection stopped
2026-10-07 10:18:58,244 INFO gwbase.actor_base: Reconnecting after 3 seconds
2026-10-07 10:19:01,246 INFO gwbase.actor_base: Connecting to localhost:5672 vhost=d1__1
2026-10-07 10:19:01,250 INFO pika.adapters.utils.connection_workflow: Pika version 1.4.4 connecting to ('::1', 5672, 0, 0)
2026-10-07 10:19:01,251 ERROR pika.adapters.utils.io_services_utils: Socket failed to connect: <socket.socket fd=16, family=30, type=1, proto=6, laddr=('::1', 53879, 0, 0)>; error=61 (Connection refused)
2026-10-07 10:19:01,251 ERROR pika.adapters.utils.connection_workflow: TCP Connection attempt failed: ConnectionRefusedError(61, 'Connection refused'); dest=(<AddressFamily.AF_INET6: 30>, <SocketKind.SOCK_STREAM: 1>, 6, '', ('::1', 5672, 0, 0))
2026-10-07 10:19:01,252 ERROR pika.adapters.utils.connection_workflow: AMQPConnector - reporting failure: AMQPConnectorSocketConnectError: ConnectionRefusedError(61, 'Connection refused')
2026-10-07 10:19:01,252 INFO pika.adapters.utils.connection_workflow: Pika version 1.4.4 connecting to ('127.0.0.1', 5672)
2026-10-07 10:19:01,252 ERROR pika.adapters.utils.io_services_utils: Socket failed to connect: <socket.socket fd=16, family=2, type=1, proto=6, laddr=('127.0.0.1', 53881)>; error=61 (Connection refused)
2026-10-07 10:19:01,253 ERROR pika.adapters.utils.connection_workflow: TCP Connection attempt failed: ConnectionRefusedError(61, 'Connection refused'); dest=(<AddressFamily.AF_INET: 2>, <SocketKind.SOCK_STREAM: 1>, 6, '', ('127.0.0.1', 5672))
2026-10-07 10:19:01,253 ERROR pika.adapters.utils.connection_workflow: AMQPConnector - reporting failure: AMQPConnectorSocketConnectError: ConnectionRefusedError(61, 'Connection refused')
2026-10-07 10:19:01,253 ERROR pika.adapters.utils.connection_workflow: AMQP connection workflow failed: AMQPConnectionWorkflowFailed: 2 exceptions in all; last exception - AMQPConnectorSocketConnectError: ConnectionRefusedError(61, 'Connection refused'); first exception - AMQPConnectorSocketConnectError: ConnectionRefusedError(61, 'Connection refused').
2026-10-07 10:19:01,253 ERROR pika.adapters.utils.connection_workflow: AMQPConnectionWorkflow - reporting failure: AMQPConnectionWorkflowFailed: 2 exceptions in all; last exception - AMQPConnectorSocketConnectError: ConnectionRefusedError(61, 'Connection refused'); first exception - AMQPConnectorSocketConnectError: ConnectionRefusedError(61, 'Connection refused')
2026-10-07 10:19:01,253 ERROR pika.adapters.base_connection: Full-stack connection workflow failed: AMQPConnectionWorkflowFailed: 2 exceptions in all; last exception - AMQPConnectorSocketConnectError: ConnectionRefusedError(61, 'Connection refused'); first exception - AMQPConnectorSocketConnectError: ConnectionRefusedError(61, 'Connection refused')
2026-10-07 10:19:01,253 ERROR pika.adapters.base_connection: Self-initiated stack bring-up failed: AMQPConnectionError: (AMQPConnectionWorkflowFailed: 2 exceptions in all; last exception - AMQPConnectorSocketConnectError: ConnectionRefusedError(61, 'Connection refused'); first exception - AMQPConnectorSocketConnectError: ConnectionRefusedError(61, 'Connection refused'),)
2026-10-07 10:19:01,253 INFO pika.connection: AMQP stack terminated, failed to connect, or aborted: opened=False, error-arg=AMQPConnectionError: (AMQPConnectionWorkflowFailed: 2 exceptions in all; last exception - AMQPConnectorSocketConnectError: ConnectionRefusedError(61, 'Connection refused'); first exception - AMQPConnectorSocketConnectError: ConnectionRefusedError(61, 'Connection refused'),); pending-error=None
2026-10-07 10:19:01,253 INFO pika.connection: Connection setup terminated due to AMQPConnectionError: (AMQPConnectionWorkflowFailed: 2 exceptions in all; last exception - AMQPConnectorSocketConnectError: ConnectionRefusedError(61, 'Connection refused'); first exception - AMQPConnectorSocketConnectError: ConnectionRefusedError(61, 'Connection refused'),)
2026-10-07 10:19:01,254 ERROR gwbase.actor_base: Consumer connection open failed: 
2026-10-07 10:19:01,254 INFO gwbase.actor_base: Consumer connection stopping
2026-10-07 10:19:01,254 INFO gwbase.actor_base: Consumer connection stopped
2026-10-07 10:19:01,254 INFO gwbase.actor_base: Reconnecting after 4 seconds
2026-10-07 10:19:05,256 INFO gwbase.actor_base: Connecting to localhost:5672 vhost=d1__1
2026-10-07 10:19:05,257 INFO pika.adapters.utils.connection_workflow: Pika version 1.4.4 connecting to ('::1', 5672, 0, 0)
2026-10-07 10:19:05,257 ERROR pika.adapters.utils.io_services_utils: Socket failed to connect: <socket.socket fd=18, family=30, type=1, proto=6, laddr=('::1', 53907, 0, 0)>; error=61 (Connection refused)
2026-10-07 10:19:05,257 ERROR pika.adapters.utils.connection_workflow: TCP Connection attempt failed: ConnectionRefusedError(61, 'Connection refused'); dest=(<AddressFamily.AF_INET6: 30>, <SocketKind.SOCK_STREAM: 1>, 6, '', ('::1', 5672, 0, 0))
2026-10-07 10:19:05,257 ERROR pika.adapters.utils.connection_workflow: AMQPConnector - reporting failure: AMQPConnectorSocketConnectError: ConnectionRefusedError(61, 'Connection refused')
2026-10-07 10:19:05,257 INFO pika.adapters.utils.connection_workflow: Pika version 1.4.4 connecting to ('127.0.0.1', 5672)
2026-10-07 10:19:05,257 ERROR pika.adapters.utils.io_services_utils: Socket failed to connect: <socket.socket fd=18, family=2, type=1, proto=6, laddr=('127.0.0.1', 53909)>; error=61 (Connection refused)
2026-10-07 10:19:05,257 ERROR pika.adapters.utils.connection_workflow: TCP Connection attempt failed: ConnectionRefusedError(61, 'Connection refused'); dest=(<AddressFamily.AF_INET: 2>, <SocketKind.SOCK_STREAM: 1>, 6, '', ('127.0.0.1', 5672))
2026-10-07 10:19:05,257 ERROR pika.adapters.utils.connection_workflow: AMQPConnector - reporting failure: AMQPConnectorSocketConnectError: ConnectionRefusedError(61, 'Connection refused')
2026-10-07 10:19:05,257 ERROR pika.adapters.utils.connection_workflow: AMQP connection workflow failed: AMQPConnectionWorkflowFailed: 2 exceptions in all; last exception - AMQPConnectorSocketConnectError: ConnectionRefusedError(61, 'Connection refused'); first exception - AMQPConnectorSocketConnectError: ConnectionRefusedError(61, 'Connection refused').
2026-10-07 10:19:05,257 ERROR pika.adapters.utils.connection_workflow: AMQPConnectionWorkflow - reporting failure: AMQPConnectionWorkflowFailed: 2 exceptions in all; last exception - AMQPConnectorSocketConnectError: ConnectionRefusedError(61, 'Connection refused'); first exception - AMQPConnectorSocketConnectError: ConnectionRefusedError(61, 'Connection refused')
2026-10-07 10:19:05,257 ERROR pika.adapters.base_connection: Full-stack connection workflow failed: AMQPConnectionWorkflowFailed: 2 exceptions in all; last exception - AMQPConnectorSocketConnectError: ConnectionRefusedError(61, 'Connection refused'); first exception - AMQPConnectorSocketConnectError: ConnectionRefusedError(61, 'Connection refused')
2026-10-07 10:19:05,257 ERROR pika.adapters.base_connection: Self-initiated stack bring-up failed: AMQPConnectionError: (AMQPConnectionWorkflowFailed: 2 exceptions in all; last exception - AMQPConnectorSocketConnectError: ConnectionRefusedError(61, 'Connection refused'); first exception - AMQPConnectorSocketConnectError: ConnectionRefusedError(61, 'Connection refused'),)
2026-10-07 10:19:05,257 INFO pika.connection: AMQP stack terminated, failed to connect, or aborted: opened=False, error-arg=AMQPConnectionError: (AMQPConnectionWorkflowFailed: 2 exceptions in all; last exception - AMQPConnectorSocketConnectError: ConnectionRefusedError(61, 'Connection refused'); first exception - AMQPConnectorSocketConnectError: ConnectionRefusedError(61, 'Connection refused'),); pending-error=None
2026-10-07 10:19:05,257 INFO pika.connection: Connection setup terminated due to AMQPConnectionError: (AMQPConnectionWorkflowFailed: 2 exceptions in all; last exception - AMQPConnectorSocketConnectError: ConnectionRefusedError(61, 'Connection refused'); first exception - AMQPConnectorSocketConnectError: ConnectionRefusedError(61, 'Connection refused'),)
2026-10-07 10:19:05,257 ERROR gwbase.actor_base: Consumer connection open failed: 
2026-10-07 10:19:05,257 INFO gwbase.actor_base: Consumer connection stopping
2026-10-07 10:19:05,257 INFO gwbase.actor_base: Consumer connection stopped
2026-10-07 10:19:05,257 INFO gwbase.actor_base: Reconnecting after 5 seconds
2026-10-07 10:19:10,260 INFO gwbase.actor_base: Connecting to localhost:5672 vhost=d1__1
2026-10-07 10:19:10,264 INFO pika.adapters.utils.connection_workflow: Pika version 1.4.4 connecting to ('::1', 5672, 0, 0)
2026-10-07 10:19:10,265 ERROR pika.adapters.utils.io_services_utils: Socket failed to connect: <socket.socket fd=20, family=30, type=1, proto=6, laddr=('::1', 54032, 0, 0)>; error=61 (Connection refused)
2026-10-07 10:19:10,265 ERROR pika.adapters.utils.connection_workflow: TCP Connection attempt failed: ConnectionRefusedError(61, 'Connection refused'); dest=(<AddressFamily.AF_INET6: 30>, <SocketKind.SOCK_STREAM: 1>, 6, '', ('::1', 5672, 0, 0))
2026-10-07 10:19:10,265 ERROR pika.adapters.utils.connection_workflow: AMQPConnector - reporting failure: AMQPConnectorSocketConnectError: ConnectionRefusedError(61, 'Connection refused')
2026-10-07 10:19:10,265 INFO pika.adapters.utils.connection_workflow: Pika version 1.4.4 connecting to ('127.0.0.1', 5672)
2026-10-07 10:19:10,266 ERROR pika.adapters.utils.io_services_utils: Socket failed to connect: <socket.socket fd=20, family=2, type=1, proto=6, laddr=('127.0.0.1', 54033)>; error=61 (Connection refused)
2026-10-07 10:19:10,266 ERROR pika.adapters.utils.connection_workflow: TCP Connection attempt failed: ConnectionRefusedError(61, 'Connection refused'); dest=(<AddressFamily.AF_INET: 2>, <SocketKind.SOCK_STREAM: 1>, 6, '', ('127.0.0.1', 5672))
2026-10-07 10:19:10,266 ERROR pika.adapters.utils.connection_workflow: AMQPConnector - reporting failure: AMQPConnectorSocketConnectError: ConnectionRefusedError(61, 'Connection refused')
2026-10-07 10:19:10,266 ERROR pika.adapters.utils.connection_workflow: AMQP connection workflow failed: AMQPConnectionWorkflowFailed: 2 exceptions in all; last exception - AMQPConnectorSocketConnectError: ConnectionRefusedError(61, 'Connection refused'); first exception - AMQPConnectorSocketConnectError: ConnectionRefusedError(61, 'Connection refused').
2026-10-07 10:19:10,266 ERROR pika.adapters.utils.connection_workflow: AMQPConnectionWorkflow - reporting failure: AMQPConnectionWorkflowFailed: 2 exceptions in all; last exception - AMQPConnectorSocketConnectError: ConnectionRefusedError(61, 'Connection refused'); first exception - AMQPConnectorSocketConnectError: ConnectionRefusedError(61, 'Connection refused')
2026-10-07 10:19:10,266 ERROR pika.adapters.base_connection: Full-stack connection workflow failed: AMQPConnectionWorkflowFailed: 2 exceptions in all; last exception - AMQPConnectorSocketConnectError: ConnectionRefusedError(61, 'Connection refused'); first exception - AMQPConnectorSocketConnectError: ConnectionRefusedError(61, 'Connection refused')
2026-10-07 10:19:10,266 ERROR pika.adapters.base_connection: Self-initiated stack bring-up failed: AMQPConnectionError: (AMQPConnectionWorkflowFailed: 2 exceptions in all; last exception - AMQPConnectorSocketConnectError: ConnectionRefusedError(61, 'Connection refused'); first exception - AMQPConnectorSocketConnectError: ConnectionRefusedError(61, 'Connection refused'),)
2026-10-07 10:19:10,266 INFO pika.connection: AMQP stack terminated, failed to connect, or aborted: opened=False, error-arg=AMQPConnectionError: (AMQPConnectionWorkflowFailed: 2 exceptions in all; last exception - AMQPConnectorSocketConnectError: ConnectionRefusedError(61, 'Connection refused'); first exception - AMQPConnectorSocketConnectError: ConnectionRefusedError(61, 'Connection refused'),); pending-error=None
2026-10-07 10:19:10,267 INFO pika.connection: Connection setup terminated due to AMQPConnectionError: (AMQPConnectionWorkflowFailed: 2 exceptions in all; last exception - AMQPConnectorSocketConnectError: ConnectionRefusedError(61, 'Connection refused'); first exception - AMQPConnectorSocketConnectError: ConnectionRefusedError(61, 'Connection refused'),)
2026-10-07 10:19:10,267 ERROR gwbase.actor_base: Consumer connection open failed: 
2026-10-07 10:19:10,267 INFO gwbase.actor_base: Consumer connection stopping
2026-10-07 10:19:10,267 INFO gwbase.actor_base: Consumer connection stopped
2026-10-07 10:19:10,267 INFO gwbase.actor_base: Reconnecting after 6 seconds
2026-10-07 10:19:16,271 INFO gwbase.actor_base: Connecting to localhost:5672 vhost=d1__1
2026-10-07 10:19:16,273 INFO pika.adapters.utils.connection_workflow: Pika version 1.4.4 connecting to ('::1', 5672, 0, 0)
2026-10-07 10:19:16,273 ERROR pika.adapters.utils.io_services_utils: Socket failed to connect: <socket.socket fd=22, family=30, type=1, proto=6, laddr=('::1', 54054, 0, 0)>; error=61 (Connection refused)
2026-10-07 10:19:16,273 ERROR pika.adapters.utils.connection_workflow: TCP Connection attempt failed: ConnectionRefusedError(61, 'Connection refused'); dest=(<AddressFamily.AF_INET6: 30>, <SocketKind.SOCK_STREAM: 1>, 6, '', ('::1', 5672, 0, 0))
2026-10-07 10:19:16,273 ERROR pika.adapters.utils.connection_workflow: AMQPConnector - reporting failure: AMQPConnectorSocketConnectError: ConnectionRefusedError(61, 'Connection refused')
2026-10-07 10:19:16,274 INFO pika.adapters.utils.connection_workflow: Pika version 1.4.4 connecting to ('127.0.0.1', 5672)
2026-10-07 10:19:16,274 ERROR pika.adapters.utils.io_services_utils: Socket failed to connect: <socket.socket fd=22, family=2, type=1, proto=6, laddr=('127.0.0.1', 54055)>; error=61 (Connection refused)
2026-10-07 10:19:16,274 ERROR pika.adapters.utils.connection_workflow: TCP Connection attempt failed: ConnectionRefusedError(61, 'Connection refused'); dest=(<AddressFamily.AF_INET: 2>, <SocketKind.SOCK_STREAM: 1>, 6, '', ('127.0.0.1', 5672))
2026-10-07 10:19:16,274 ERROR pika.adapters.utils.connection_workflow: AMQPConnector - reporting failure: AMQPConnectorSocketConnectError: ConnectionRefusedError(61, 'Connection refused')
2026-10-07 10:19:16,274 ERROR pika.adapters.utils.connection_workflow: AMQP connection workflow failed: AMQPConnectionWorkflowFailed: 2 exceptions in all; last exception - AMQPConnectorSocketConnectError: ConnectionRefusedError(61, 'Connection refused'); first exception - AMQPConnectorSocketConnectError: ConnectionRefusedError(61, 'Connection refused').
2026-10-07 10:19:16,274 ERROR pika.adapters.utils.connection_workflow: AMQPConnectionWorkflow - reporting failure: AMQPConnectionWorkflowFailed: 2 exceptions in all; last exception - AMQPConnectorSocketConnectError: ConnectionRefusedError(61, 'Connection refused'); first exception - AMQPConnectorSocketConnectError: ConnectionRefusedError(61, 'Connection refused')
2026-10-07 10:19:16,274 ERROR pika.adapters.base_connection: Full-stack connection workflow failed: AMQPConnectionWorkflowFailed: 2 exceptions in all; last exception - AMQPConnectorSocketConnectError: ConnectionRefusedError(61, 'Connection refused'); first exception - AMQPConnectorSocketConnectError: ConnectionRefusedError(61, 'Connection refused')
2026-10-07 10:19:16,274 ERROR pika.adapters.base_connection: Self-initiated stack bring-up failed: AMQPConnectionError: (AMQPConnectionWorkflowFailed: 2 exceptions in all; last exception - AMQPConnectorSocketConnectError: ConnectionRefusedError(61, 'Connection refused'); first exception - AMQPConnectorSocketConnectError: ConnectionRefusedError(61, 'Connection refused'),)
2026-10-07 10:19:16,274 INFO pika.connection: AMQP stack terminated, failed to connect, or aborted: opened=False, error-arg=AMQPConnectionError: (AMQPConnectionWorkflowFailed: 2 exceptions in all; last exception - AMQPConnectorSocketConnectError: ConnectionRefusedError(61, 'Connection refused'); first exception - AMQPConnectorSocketConnectError: ConnectionRefusedError(61, 'Connection refused'),); pending-error=None
2026-10-07 10:19:16,274 INFO pika.connection: Connection setup terminated due to AMQPConnectionError: (AMQPConnectionWorkflowFailed: 2 exceptions in all; last exception - AMQPConnectorSocketConnectError: ConnectionRefusedError(61, 'Connection refused'); first exception - AMQPConnectorSocketConnectError: ConnectionRefusedError(61, 'Connection refused'),)
2026-10-07 10:19:16,275 ERROR gwbase.actor_base: Consumer connection open failed: 
2026-10-07 10:19:16,275 INFO gwbase.actor_base: Consumer connection stopping
2026-10-07 10:19:16,275 INFO gwbase.actor_base: Consumer connection stopped
2026-10-07 10:19:16,275 INFO gwbase.actor_base: Reconnecting after 7 seconds
2026-10-07 10:19:23,277 INFO gwbase.actor_base: Connecting to localhost:5672 vhost=d1__1
2026-10-07 10:19:23,280 INFO pika.adapters.utils.connection_workflow: Pika version 1.4.4 connecting to ('::1', 5672, 0, 0)
2026-10-07 10:19:23,281 ERROR pika.adapters.utils.io_services_utils: Socket failed to connect: <socket.socket fd=24, family=30, type=1, proto=6, laddr=('::1', 54072, 0, 0)>; error=61 (Connection refused)
2026-10-07 10:19:23,281 ERROR pika.adapters.utils.connection_workflow: TCP Connection attempt failed: ConnectionRefusedError(61, 'Connection refused'); dest=(<AddressFamily.AF_INET6: 30>, <SocketKind.SOCK_STREAM: 1>, 6, '', ('::1', 5672, 0, 0))
2026-10-07 10:19:23,281 ERROR pika.adapters.utils.connection_workflow: AMQPConnector - reporting failure: AMQPConnectorSocketConnectError: ConnectionRefusedError(61, 'Connection refused')
2026-10-07 10:19:23,281 INFO pika.adapters.utils.connection_workflow: Pika version 1.4.4 connecting to ('127.0.0.1', 5672)
2026-10-07 10:19:23,281 ERROR pika.adapters.utils.io_services_utils: Socket failed to connect: <socket.socket fd=24, family=2, type=1, proto=6, laddr=('127.0.0.1', 54073)>; error=61 (Connection refused)
2026-10-07 10:19:23,282 ERROR pika.adapters.utils.connection_workflow: TCP Connection attempt failed: ConnectionRefusedError(61, 'Connection refused'); dest=(<AddressFamily.AF_INET: 2>, <SocketKind.SOCK_STREAM: 1>, 6, '', ('127.0.0.1', 5672))
2026-10-07 10:19:23,282 ERROR pika.adapters.utils.connection_workflow: AMQPConnector - reporting failure: AMQPConnectorSocketConnectError: ConnectionRefusedError(61, 'Connection refused')
2026-10-07 10:19:23,282 ERROR pika.adapters.utils.connection_workflow: AMQP connection workflow failed: AMQPConnectionWorkflowFailed: 2 exceptions in all; last exception - AMQPConnectorSocketConnectError: ConnectionRefusedError(61, 'Connection refused'); first exception - AMQPConnectorSocketConnectError: ConnectionRefusedError(61, 'Connection refused').
2026-10-07 10:19:23,282 ERROR pika.adapters.utils.connection_workflow: AMQPConnectionWorkflow - reporting failure: AMQPConnectionWorkflowFailed: 2 exceptions in all; last exception - AMQPConnectorSocketConnectError: ConnectionRefusedError(61, 'Connection refused'); first exception - AMQPConnectorSocketConnectError: ConnectionRefusedError(61, 'Connection refused')
2026-10-07 10:19:23,282 ERROR pika.adapters.base_connection: Full-stack connection workflow failed: AMQPConnectionWorkflowFailed: 2 exceptions in all; last exception - AMQPConnectorSocketConnectError: ConnectionRefusedError(61, 'Connection refused'); first exception - AMQPConnectorSocketConnectError: ConnectionRefusedError(61, 'Connection refused')
2026-10-07 10:19:23,282 ERROR pika.adapters.base_connection: Self-initiated stack bring-up failed: AMQPConnectionError: (AMQPConnectionWorkflowFailed: 2 exceptions in all; last exception - AMQPConnectorSocketConnectError: ConnectionRefusedError(61, 'Connection refused'); first exception - AMQPConnectorSocketConnectError: ConnectionRefusedError(61, 'Connection refused'),)
2026-10-07 10:19:23,282 INFO pika.connection: AMQP stack terminated, failed to connect, or aborted: opened=False, error-arg=AMQPConnectionError: (AMQPConnectionWorkflowFailed: 2 exceptions in all; last exception - AMQPConnectorSocketConnectError: ConnectionRefusedError(61, 'Connection refused'); first exception - AMQPConnectorSocketConnectError: ConnectionRefusedError(61, 'Connection refused'),); pending-error=None
2026-10-07 10:19:23,282 INFO pika.connection: Connection setup terminated due to AMQPConnectionError: (AMQPConnectionWorkflowFailed: 2 exceptions in all; last exception - AMQPConnectorSocketConnectError: ConnectionRefusedError(61, 'Connection refused'); first exception - AMQPConnectorSocketConnectError: ConnectionRefusedError(61, 'Connection refused'),)
2026-10-07 10:19:23,283 ERROR gwbase.actor_base: Consumer connection open failed: 
2026-10-07 10:19:23,283 INFO gwbase.actor_base: Consumer connection stopping
2026-10-07 10:19:23,283 INFO gwbase.actor_base: Consumer connection stopped
2026-10-07 10:19:23,283 INFO gwbase.actor_base: Reconnecting after 8 seconds
2026-10-07 10:19:31,287 INFO gwbase.actor_base: Connecting to localhost:5672 vhost=d1__1
2026-10-07 10:19:31,288 INFO pika.adapters.utils.connection_workflow: Pika version 1.4.4 connecting to ('::1', 5672, 0, 0)
2026-10-07 10:19:31,288 ERROR pika.adapters.utils.io_services_utils: Socket failed to connect: <socket.socket fd=26, family=30, type=1, proto=6, laddr=('::1', 54098, 0, 0)>; error=61 (Connection refused)
2026-10-07 10:19:31,288 ERROR pika.adapters.utils.connection_workflow: TCP Connection attempt failed: ConnectionRefusedError(61, 'Connection refused'); dest=(<AddressFamily.AF_INET6: 30>, <SocketKind.SOCK_STREAM: 1>, 6, '', ('::1', 5672, 0, 0))
2026-10-07 10:19:31,288 ERROR pika.adapters.utils.connection_workflow: AMQPConnector - reporting failure: AMQPConnectorSocketConnectError: ConnectionRefusedError(61, 'Connection refused')
2026-10-07 10:19:31,288 INFO pika.adapters.utils.connection_workflow: Pika version 1.4.4 connecting to ('127.0.0.1', 5672)
2026-10-07 10:19:31,288 ERROR pika.adapters.utils.io_services_utils: Socket failed to connect: <socket.socket fd=26, family=2, type=1, proto=6, laddr=('127.0.0.1', 54099)>; error=61 (Connection refused)
2026-10-07 10:19:31,288 ERROR pika.adapters.utils.connection_workflow: TCP Connection attempt failed: ConnectionRefusedError(61, 'Connection refused'); dest=(<AddressFamily.AF_INET: 2>, <SocketKind.SOCK_STREAM: 1>, 6, '', ('127.0.0.1', 5672))
2026-10-07 10:19:31,288 ERROR pika.adapters.utils.connection_workflow: AMQPConnector - reporting failure: AMQPConnectorSocketConnectError: ConnectionRefusedError(61, 'Connection refused')
2026-10-07 10:19:31,289 ERROR pika.adapters.utils.connection_workflow: AMQP connection workflow failed: AMQPConnectionWorkflowFailed: 2 exceptions in all; last exception - AMQPConnectorSocketConnectError: ConnectionRefusedError(61, 'Connection refused'); first exception - AMQPConnectorSocketConnectError: ConnectionRefusedError(61, 'Connection refused').
2026-10-07 10:19:31,289 ERROR pika.adapters.utils.connection_workflow: AMQPConnectionWorkflow - reporting failure: AMQPConnectionWorkflowFailed: 2 exceptions in all; last exception - AMQPConnectorSocketConnectError: ConnectionRefusedError(61, 'Connection refused'); first exception - AMQPConnectorSocketConnectError: ConnectionRefusedError(61, 'Connection refused')
2026-10-07 10:19:31,289 ERROR pika.adapters.base_connection: Full-stack connection workflow failed: AMQPConnectionWorkflowFailed: 2 exceptions in all; last exception - AMQPConnectorSocketConnectError: ConnectionRefusedError(61, 'Connection refused'); first exception - AMQPConnectorSocketConnectError: ConnectionRefusedError(61, 'Connection refused')
2026-10-07 10:19:31,289 ERROR pika.adapters.base_connection: Self-initiated stack bring-up failed: AMQPConnectionError: (AMQPConnectionWorkflowFailed: 2 exceptions in all; last exception - AMQPConnectorSocketConnectError: ConnectionRefusedError(61, 'Connection refused'); first exception - AMQPConnectorSocketConnectError: ConnectionRefusedError(61, 'Connection refused'),)
2026-10-07 10:19:31,289 INFO pika.connection: AMQP stack terminated, failed to connect, or aborted: opened=False, error-arg=AMQPConnectionError: (AMQPConnectionWorkflowFailed: 2 exceptions in all; last exception - AMQPConnectorSocketConnectError: ConnectionRefusedError(61, 'Connection refused'); first exception - AMQPConnectorSocketConnectError: ConnectionRefusedError(61, 'Connection refused'),); pending-error=None
2026-10-07 10:19:31,289 INFO pika.connection: Connection setup terminated due to AMQPConnectionError: (AMQPConnectionWorkflowFailed: 2 exceptions in all; last exception - AMQPConnectorSocketConnectError: ConnectionRefusedError(61, 'Connection refused'); first exception - AMQPConnectorSocketConnectError: ConnectionRefusedError(61, 'Connection refused'),)
2026-10-07 10:19:31,289 ERROR gwbase.actor_base: Consumer connection open failed: 
2026-10-07 10:19:31,289 INFO gwbase.actor_base: Consumer connection stopping
2026-10-07 10:19:31,289 INFO gwbase.actor_base: Consumer connection stopped
2026-10-07 10:19:31,289 INFO gwbase.actor_base: Reconnecting after 9 seconds
2026-10-07 10:19:40,289 INFO gwbase.actor_base: Connecting to localhost:5672 vhost=d1__1
2026-10-07 10:19:40,290 INFO pika.adapters.utils.connection_workflow: Pika version 1.4.4 connecting to ('::1', 5672, 0, 0)
2026-10-07 10:19:40,290 ERROR pika.adapters.utils.io_services_utils: Socket failed to connect: <socket.socket fd=28, family=30, type=1, proto=6, laddr=('::1', 54129, 0, 0)>; error=61 (Connection refused)
2026-10-07 10:19:40,290 ERROR pika.adapters.utils.connection_workflow: TCP Connection attempt failed: ConnectionRefusedError(61, 'Connection refused'); dest=(<AddressFamily.AF_INET6: 30>, <SocketKind.SOCK_STREAM: 1>, 6, '', ('::1', 5672, 0, 0))
2026-10-07 10:19:40,290 ERROR pika.adapters.utils.connection_workflow: AMQPConnector - reporting failure: AMQPConnectorSocketConnectError: ConnectionRefusedError(61, 'Connection refused')
2026-10-07 10:19:40,290 INFO pika.adapters.utils.connection_workflow: Pika version 1.4.4 connecting to ('127.0.0.1', 5672)
2026-10-07 10:19:40,290 ERROR pika.adapters.utils.io_services_utils: Socket failed to connect: <socket.socket fd=28, family=2, type=1, proto=6, laddr=('127.0.0.1', 54131)>; error=61 (Connection refused)
2026-10-07 10:19:40,290 ERROR pika.adapters.utils.connection_workflow: TCP Connection attempt failed: ConnectionRefusedError(61, 'Connection refused'); dest=(<AddressFamily.AF_INET: 2>, <SocketKind.SOCK_STREAM: 1>, 6, '', ('127.0.0.1', 5672))
2026-10-07 10:19:40,290 ERROR pika.adapters.utils.connection_workflow: AMQPConnector - reporting failure: AMQPConnectorSocketConnectError: ConnectionRefusedError(61, 'Connection refused')
2026-10-07 10:19:40,290 ERROR pika.adapters.utils.connection_workflow: AMQP connection workflow failed: AMQPConnectionWorkflowFailed: 2 exceptions in all; last exception - AMQPConnectorSocketConnectError: ConnectionRefusedError(61, 'Connection refused'); first exception - AMQPConnectorSocketConnectError: ConnectionRefusedError(61, 'Connection refused').
2026-10-07 10:19:40,290 ERROR pika.adapters.utils.connection_workflow: AMQPConnectionWorkflow - reporting failure: AMQPConnectionWorkflowFailed: 2 exceptions in all; last exception - AMQPConnectorSocketConnectError: ConnectionRefusedError(61, 'Connection refused'); first exception - AMQPConnectorSocketConnectError: ConnectionRefusedError(61, 'Connection refused')
2026-10-07 10:19:40,290 ERROR pika.adapters.base_connection: Full-stack connection workflow failed: AMQPConnectionWorkflowFailed: 2 exceptions in all; last exception - AMQPConnectorSocketConnectError: ConnectionRefusedError(61, 'Connection refused'); first exception - AMQPConnectorSocketConnectError: ConnectionRefusedError(61, 'Connection refused')
2026-10-07 10:19:40,290 ERROR pika.adapters.base_connection: Self-initiated stack bring-up failed: AMQPConnectionError: (AMQPConnectionWorkflowFailed: 2 exceptions in all; last exception - AMQPConnectorSocketConnectError: ConnectionRefusedError(61, 'Connection refused'); first exception - AMQPConnectorSocketConnectError: ConnectionRefusedError(61, 'Connection refused'),)
2026-10-07 10:19:40,290 INFO pika.connection: AMQP stack terminated, failed to connect, or aborted: opened=False, error-arg=AMQPConnectionError: (AMQPConnectionWorkflowFailed: 2 exceptions in all; last exception - AMQPConnectorSocketConnectError: ConnectionRefusedError(61, 'Connection refused'); first exception - AMQPConnectorSocketConnectError: ConnectionRefusedError(61, 'Connection refused'),); pending-error=None
2026-10-07 10:19:40,291 INFO pika.connection: Connection setup terminated due to AMQPConnectionError: (AMQPConnectionWorkflowFailed: 2 exceptions in all; last exception - AMQPConnectorSocketConnectError: ConnectionRefusedError(61, 'Connection refused'); first exception - AMQPConnectorSocketConnectError: ConnectionRefusedError(61, 'Connection refused'),)
2026-10-07 10:19:40,291 ERROR gwbase.actor_base: Consumer connection open failed: 
2026-10-07 10:19:40,291 INFO gwbase.actor_base: Consumer connection stopping
2026-10-07 10:19:40,291 INFO gwbase.actor_base: Consumer connection stopped
2026-10-07 10:19:40,291 INFO gwbase.actor_base: Reconnecting after 10 seconds
2026-10-07 10:19:50,296 INFO gwbase.actor_base: Connecting to localhost:5672 vhost=d1__1
2026-10-07 10:19:50,299 INFO pika.adapters.utils.connection_workflow: Pika version 1.4.4 connecting to ('::1', 5672, 0, 0)
2026-10-07 10:19:50,300 ERROR pika.adapters.utils.io_services_utils: Socket failed to connect: <socket.socket fd=30, family=30, type=1, proto=6, laddr=('::1', 54156, 0, 0)>; error=61 (Connection refused)
2026-10-07 10:19:50,300 ERROR pika.adapters.utils.connection_workflow: TCP Connection attempt failed: ConnectionRefusedError(61, 'Connection refused'); dest=(<AddressFamily.AF_INET6: 30>, <SocketKind.SOCK_STREAM: 1>, 6, '', ('::1', 5672, 0, 0))
2026-10-07 10:19:50,300 ERROR pika.adapters.utils.connection_workflow: AMQPConnector - reporting failure: AMQPConnectorSocketConnectError: ConnectionRefusedError(61, 'Connection refused')
2026-10-07 10:19:50,300 INFO pika.adapters.utils.connection_workflow: Pika version 1.4.4 connecting to ('127.0.0.1', 5672)
2026-10-07 10:19:50,300 ERROR pika.adapters.utils.io_services_utils: Socket failed to connect: <socket.socket fd=30, family=2, type=1, proto=6, laddr=('127.0.0.1', 54157)>; error=61 (Connection refused)
2026-10-07 10:19:50,300 ERROR pika.adapters.utils.connection_workflow: TCP Connection attempt failed: ConnectionRefusedError(61, 'Connection refused'); dest=(<AddressFamily.AF_INET: 2>, <SocketKind.SOCK_STREAM: 1>, 6, '', ('127.0.0.1', 5672))
2026-10-07 10:19:50,300 ERROR pika.adapters.utils.connection_workflow: AMQPConnector - reporting failure: AMQPConnectorSocketConnectError: ConnectionRefusedError(61, 'Connection refused')
2026-10-07 10:19:50,300 ERROR pika.adapters.utils.connection_workflow: AMQP connection workflow failed: AMQPConnectionWorkflowFailed: 2 exceptions in all; last exception - AMQPConnectorSocketConnectError: ConnectionRefusedError(61, 'Connection refused'); first exception - AMQPConnectorSocketConnectError: ConnectionRefusedError(61, 'Connection refused').
2026-10-07 10:19:50,300 ERROR pika.adapters.utils.connection_workflow: AMQPConnectionWorkflow - reporting failure: AMQPConnectionWorkflowFailed: 2 exceptions in all; last exception - AMQPConnectorSocketConnectError: ConnectionRefusedError(61, 'Connection refused'); first exception - AMQPConnectorSocketConnectError: ConnectionRefusedError(61, 'Connection refused')
2026-10-07 10:19:50,300 ERROR pika.adapters.base_connection: Full-stack connection workflow failed: AMQPConnectionWorkflowFailed: 2 exceptions in all; last exception - AMQPConnectorSocketConnectError: ConnectionRefusedError(61, 'Connection refused'); first exception - AMQPConnectorSocketConnectError: ConnectionRefusedError(61, 'Connection refused')
2026-10-07 10:19:50,301 ERROR pika.adapters.base_connection: Self-initiated stack bring-up failed: AMQPConnectionError: (AMQPConnectionWorkflowFailed: 2 exceptions in all; last exception - AMQPConnectorSocketConnectError: ConnectionRefusedError(61, 'Connection refused'); first exception - AMQPConnectorSocketConnectError: ConnectionRefusedError(61, 'Connection refused'),)
2026-10-07 10:19:50,301 INFO pika.connection: AMQP stack terminated, failed to connect, or aborted: opened=False, error-arg=AMQPConnectionError: (AMQPConnectionWorkflowFailed: 2 exceptions in all; last exception - AMQPConnectorSocketConnectError: ConnectionRefusedError(61, 'Connection refused'); first exception - AMQPConnectorSocketConnectError: ConnectionRefusedError(61, 'Connection refused'),); pending-error=None
2026-10-07 10:19:50,301 INFO pika.connection: Connection setup terminated due to AMQPConnectionError: (AMQPConnectionWorkflowFailed: 2 exceptions in all; last exception - AMQPConnectorSocketConnectError: ConnectionRefusedError(61, 'Connection refused'); first exception - AMQPConnectorSocketConnectError: ConnectionRefusedError(61, 'Connection refused'),)
2026-10-07 10:19:50,301 ERROR gwbase.actor_base: Consumer connection open failed: 
2026-10-07 10:19:50,301 INFO gwbase.actor_base: Consumer connection stopping
2026-10-07 10:19:50,301 INFO gwbase.actor_base: Consumer connection stopped
2026-10-07 10:19:50,301 INFO gwbase.actor_base: Reconnecting after 11 seconds
2026-10-07 10:20:01,302 INFO gwbase.actor_base: Connecting to localhost:5672 vhost=d1__1
2026-10-07 10:20:01,306 INFO pika.adapters.utils.connection_workflow: Pika version 1.4.4 connecting to ('::1', 5672, 0, 0)
2026-10-07 10:20:01,306 ERROR pika.adapters.utils.io_services_utils: Socket failed to connect: <socket.socket fd=32, family=30, type=1, proto=6, laddr=('::1', 54185, 0, 0)>; error=61 (Connection refused)
2026-10-07 10:20:01,307 ERROR pika.adapters.utils.connection_workflow: TCP Connection attempt failed: ConnectionRefusedError(61, 'Connection refused'); dest=(<AddressFamily.AF_INET6: 30>, <SocketKind.SOCK_STREAM: 1>, 6, '', ('::1', 5672, 0, 0))
2026-10-07 10:20:01,307 ERROR pika.adapters.utils.connection_workflow: AMQPConnector - reporting failure: AMQPConnectorSocketConnectError: ConnectionRefusedError(61, 'Connection refused')
2026-10-07 10:20:01,307 INFO pika.adapters.utils.connection_workflow: Pika version 1.4.4 connecting to ('127.0.0.1', 5672)
2026-10-07 10:20:01,307 ERROR pika.adapters.utils.io_services_utils: Socket failed to connect: <socket.socket fd=32, family=2, type=1, proto=6, laddr=('127.0.0.1', 54187)>; error=61 (Connection refused)
2026-10-07 10:20:01,307 ERROR pika.adapters.utils.connection_workflow: TCP Connection attempt failed: ConnectionRefusedError(61, 'Connection refused'); dest=(<AddressFamily.AF_INET: 2>, <SocketKind.SOCK_STREAM: 1>, 6, '', ('127.0.0.1', 5672))
2026-10-07 10:20:01,307 ERROR pika.adapters.utils.connection_workflow: AMQPConnector - reporting failure: AMQPConnectorSocketConnectError: ConnectionRefusedError(61, 'Connection refused')
2026-10-07 10:20:01,307 ERROR pika.adapters.utils.connection_workflow: AMQP connection workflow failed: AMQPConnectionWorkflowFailed: 2 exceptions in all; last exception - AMQPConnectorSocketConnectError: ConnectionRefusedError(61, 'Connection refused'); first exception - AMQPConnectorSocketConnectError: ConnectionRefusedError(61, 'Connection refused').
2026-10-07 10:20:01,307 ERROR pika.adapters.utils.connection_workflow: AMQPConnectionWorkflow - reporting failure: AMQPConnectionWorkflowFailed: 2 exceptions in all; last exception - AMQPConnectorSocketConnectError: ConnectionRefusedError(61, 'Connection refused'); first exception - AMQPConnectorSocketConnectError: ConnectionRefusedError(61, 'Connection refused')
2026-10-07 10:20:01,307 ERROR pika.adapters.base_connection: Full-stack connection workflow failed: AMQPConnectionWorkflowFailed: 2 exceptions in all; last exception - AMQPConnectorSocketConnectError: ConnectionRefusedError(61, 'Connection refused'); first exception - AMQPConnectorSocketConnectError: ConnectionRefusedError(61, 'Connection refused')
2026-10-07 10:20:01,307 ERROR pika.adapters.base_connection: Self-initiated stack bring-up failed: AMQPConnectionError: (AMQPConnectionWorkflowFailed: 2 exceptions in all; last exception - AMQPConnectorSocketConnectError: ConnectionRefusedError(61, 'Connection refused'); first exception - AMQPConnectorSocketConnectError: ConnectionRefusedError(61, 'Connection refused'),)
2026-10-07 10:20:01,307 INFO pika.connection: AMQP stack terminated, failed to connect, or aborted: opened=False, error-arg=AMQPConnectionError: (AMQPConnectionWorkflowFailed: 2 exceptions in all; last exception - AMQPConnectorSocketConnectError: ConnectionRefusedError(61, 'Connection refused'); first exception - AMQPConnectorSocketConnectError: ConnectionRefusedError(61, 'Connection refused'),); pending-error=None
2026-10-07 10:20:01,308 INFO pika.connection: Connection setup terminated due to AMQPConnectionError: (AMQPConnectionWorkflowFailed: 2 exceptions in all; last exception - AMQPConnectorSocketConnectError: ConnectionRefusedError(61, 'Connection refused'); first exception - AMQPConnectorSocketConnectError: ConnectionRefusedError(61, 'Connection refused'),)
2026-10-07 10:20:01,308 ERROR gwbase.actor_base: Consumer connection open failed: 
2026-10-07 10:20:01,308 INFO gwbase.actor_base: Consumer connection stopping
2026-10-07 10:20:01,308 INFO gwbase.actor_base: Consumer connection stopped
2026-10-07 10:20:01,308 INFO gwbase.actor_base: Reconnecting after 12 seconds
2026-10-07 10:20:13,310 INFO gwbase.actor_base: Connecting to localhost:5672 vhost=d1__1
2026-10-07 10:20:13,312 INFO pika.adapters.utils.connection_workflow: Pika version 1.4.4 connecting to ('::1', 5672, 0, 0)
2026-10-07 10:20:13,312 ERROR pika.adapters.utils.io_services_utils: Socket failed to connect: <socket.socket fd=34, family=30, type=1, proto=6, laddr=('::1', 54256, 0, 0)>; error=61 (Connection refused)
2026-10-07 10:20:13,312 ERROR pika.adapters.utils.connection_workflow: TCP Connection attempt failed: ConnectionRefusedError(61, 'Connection refused'); dest=(<AddressFamily.AF_INET6: 30>, <SocketKind.SOCK_STREAM: 1>, 6, '', ('::1', 5672, 0, 0))
2026-10-07 10:20:13,312 ERROR pika.adapters.utils.connection_workflow: AMQPConnector - reporting failure: AMQPConnectorSocketConnectError: ConnectionRefusedError(61, 'Connection refused')
2026-10-07 10:20:13,312 INFO pika.adapters.utils.connection_workflow: Pika version 1.4.4 connecting to ('127.0.0.1', 5672)
2026-10-07 10:20:13,313 ERROR pika.adapters.utils.io_services_utils: Socket failed to connect: <socket.socket fd=34, family=2, type=1, proto=6, laddr=('127.0.0.1', 54257)>; error=61 (Connection refused)
2026-10-07 10:20:13,313 ERROR pika.adapters.utils.connection_workflow: TCP Connection attempt failed: ConnectionRefusedError(61, 'Connection refused'); dest=(<AddressFamily.AF_INET: 2>, <SocketKind.SOCK_STREAM: 1>, 6, '', ('127.0.0.1', 5672))
2026-10-07 10:20:13,313 ERROR pika.adapters.utils.connection_workflow: AMQPConnector - reporting failure: AMQPConnectorSocketConnectError: ConnectionRefusedError(61, 'Connection refused')
2026-10-07 10:20:13,313 ERROR pika.adapters.utils.connection_workflow: AMQP connection workflow failed: AMQPConnectionWorkflowFailed: 2 exceptions in all; last exception - AMQPConnectorSocketConnectError: ConnectionRefusedError(61, 'Connection refused'); first exception - AMQPConnectorSocketConnectError: ConnectionRefusedError(61, 'Connection refused').
2026-10-07 10:20:13,313 ERROR pika.adapters.utils.connection_workflow: AMQPConnectionWorkflow - reporting failure: AMQPConnectionWorkflowFailed: 2 exceptions in all; last exception - AMQPConnectorSocketConnectError: ConnectionRefusedError(61, 'Connection refused'); first exception - AMQPConnectorSocketConnectError: ConnectionRefusedError(61, 'Connection refused')
2026-10-07 10:20:13,313 ERROR pika.adapters.base_connection: Full-stack connection workflow failed: AMQPConnectionWorkflowFailed: 2 exceptions in all; last exception - AMQPConnectorSocketConnectError: ConnectionRefusedError(61, 'Connection refused'); first exception - AMQPConnectorSocketConnectError: ConnectionRefusedError(61, 'Connection refused')
2026-10-07 10:20:13,313 ERROR pika.adapters.base_connection: Self-initiated stack bring-up failed: AMQPConnectionError: (AMQPConnectionWorkflowFailed: 2 exceptions in all; last exception - AMQPConnectorSocketConnectError: ConnectionRefusedError(61, 'Connection refused'); first exception - AMQPConnectorSocketConnectError: ConnectionRefusedError(61, 'Connection refused'),)
2026-10-07 10:20:13,313 INFO pika.connection: AMQP stack terminated, failed to connect, or aborted: opened=False, error-arg=AMQPConnectionError: (AMQPConnectionWorkflowFailed: 2 exceptions in all; last exception - AMQPConnectorSocketConnectError: ConnectionRefusedError(61, 'Connection refused'); first exception - AMQPConnectorSocketConnectError: ConnectionRefusedError(61, 'Connection refused'),); pending-error=None
2026-10-07 10:20:13,313 INFO pika.connection: Connection setup terminated due to AMQPConnectionError: (AMQPConnectionWorkflowFailed: 2 exceptions in all; last exception - AMQPConnectorSocketConnectError: ConnectionRefusedError(61, 'Connection refused'); first exception - AMQPConnectorSocketConnectError: ConnectionRefusedError(61, 'Connection refused'),)
2026-10-07 10:20:13,313 ERROR gwbase.actor_base: Consumer connection open failed: 
2026-10-07 10:20:13,313 INFO gwbase.actor_base: Consumer connection stopping
2026-10-07 10:20:13,313 INFO gwbase.actor_base: Consumer connection stopped
2026-10-07 10:20:13,313 INFO gwbase.actor_base: Reconnecting after 13 seconds
2026-10-07 10:20:26,316 INFO gwbase.actor_base: Connecting to localhost:5672 vhost=d1__1
2026-10-07 10:20:26,317 INFO pika.adapters.utils.connection_workflow: Pika version 1.4.4 connecting to ('::1', 5672, 0, 0)
2026-10-07 10:20:26,317 ERROR pika.adapters.utils.io_services_utils: Socket failed to connect: <socket.socket fd=36, family=30, type=1, proto=6, laddr=('::1', 54295, 0, 0)>; error=61 (Connection refused)
2026-10-07 10:20:26,317 ERROR pika.adapters.utils.connection_workflow: TCP Connection attempt failed: ConnectionRefusedError(61, 'Connection refused'); dest=(<AddressFamily.AF_INET6: 30>, <SocketKind.SOCK_STREAM: 1>, 6, '', ('::1', 5672, 0, 0))
2026-10-07 10:20:26,317 ERROR pika.adapters.utils.connection_workflow: AMQPConnector - reporting failure: AMQPConnectorSocketConnectError: ConnectionRefusedError(61, 'Connection refused')
2026-10-07 10:20:26,317 INFO pika.adapters.utils.connection_workflow: Pika version 1.4.4 connecting to ('127.0.0.1', 5672)
2026-10-07 10:20:26,317 ERROR pika.adapters.utils.io_services_utils: Socket failed to connect: <socket.socket fd=36, family=2, type=1, proto=6, laddr=('127.0.0.1', 54297)>; error=61 (Connection refused)
2026-10-07 10:20:26,317 ERROR pika.adapters.utils.connection_workflow: TCP Connection attempt failed: ConnectionRefusedError(61, 'Connection refused'); dest=(<AddressFamily.AF_INET: 2>, <SocketKind.SOCK_STREAM: 1>, 6, '', ('127.0.0.1', 5672))
2026-10-07 10:20:26,317 ERROR pika.adapters.utils.connection_workflow: AMQPConnector - reporting failure: AMQPConnectorSocketConnectError: ConnectionRefusedError(61, 'Connection refused')
2026-10-07 10:20:26,317 ERROR pika.adapters.utils.connection_workflow: AMQP connection workflow failed: AMQPConnectionWorkflowFailed: 2 exceptions in all; last exception - AMQPConnectorSocketConnectError: ConnectionRefusedError(61, 'Connection refused'); first exception - AMQPConnectorSocketConnectError: ConnectionRefusedError(61, 'Connection refused').
2026-10-07 10:20:26,318 ERROR pika.adapters.utils.connection_workflow: AMQPConnectionWorkflow - reporting failure: AMQPConnectionWorkflowFailed: 2 exceptions in all; last exception - AMQPConnectorSocketConnectError: ConnectionRefusedError(61, 'Connection refused'); first exception - AMQPConnectorSocketConnectError: ConnectionRefusedError(61, 'Connection refused')
2026-10-07 10:20:26,318 ERROR pika.adapters.base_connection: Full-stack connection workflow failed: AMQPConnectionWorkflowFailed: 2 exceptions in all; last exception - AMQPConnectorSocketConnectError: ConnectionRefusedError(61, 'Connection refused'); first exception - AMQPConnectorSocketConnectError: ConnectionRefusedError(61, 'Connection refused')
2026-10-07 10:20:26,318 ERROR pika.adapters.base_connection: Self-initiated stack bring-up failed: AMQPConnectionError: (AMQPConnectionWorkflowFailed: 2 exceptions in all; last exception - AMQPConnectorSocketConnectError: ConnectionRefusedError(61, 'Connection refused'); first exception - AMQPConnectorSocketConnectError: ConnectionRefusedError(61, 'Connection refused'),)
2026-10-07 10:20:26,318 INFO pika.connection: AMQP stack terminated, failed to connect, or aborted: opened=False, error-arg=AMQPConnectionError: (AMQPConnectionWorkflowFailed: 2 exceptions in all; last exception - AMQPConnectorSocketConnectError: ConnectionRefusedError(61, 'Connection refused'); first exception - AMQPConnectorSocketConnectError: ConnectionRefusedError(61, 'Connection refused'),); pending-error=None
2026-10-07 10:20:26,318 INFO pika.connection: Connection setup terminated due to AMQPConnectionError: (AMQPConnectionWorkflowFailed: 2 exceptions in all; last exception - AMQPConnectorSocketConnectError: ConnectionRefusedError(61, 'Connection refused'); first exception - AMQPConnectorSocketConnectError: ConnectionRefusedError(61, 'Connection refused'),)
2026-10-07 10:20:26,318 ERROR gwbase.actor_base: Consumer connection open failed: 
2026-10-07 10:20:26,318 INFO gwbase.actor_base: Consumer connection stopping
2026-10-07 10:20:26,318 INFO gwbase.actor_base: Consumer connection stopped
2026-10-07 10:20:26,318 INFO gwbase.actor_base: Reconnecting after 14 seconds
2026-10-07 10:20:40,323 INFO gwbase.actor_base: Connecting to localhost:5672 vhost=d1__1
2026-10-07 10:20:40,328 INFO pika.adapters.utils.connection_workflow: Pika version 1.4.4 connecting to ('::1', 5672, 0, 0)
2026-10-07 10:20:40,329 ERROR pika.adapters.utils.io_services_utils: Socket failed to connect: <socket.socket fd=10, family=30, type=1, proto=6, laddr=('::1', 54331, 0, 0)>; error=61 (Connection refused)
2026-10-07 10:20:40,329 ERROR pika.adapters.utils.connection_workflow: TCP Connection attempt failed: ConnectionRefusedError(61, 'Connection refused'); dest=(<AddressFamily.AF_INET6: 30>, <SocketKind.SOCK_STREAM: 1>, 6, '', ('::1', 5672, 0, 0))
2026-10-07 10:20:40,329 ERROR pika.adapters.utils.connection_workflow: AMQPConnector - reporting failure: AMQPConnectorSocketConnectError: ConnectionRefusedError(61, 'Connection refused')
2026-10-07 10:20:40,329 INFO pika.adapters.utils.connection_workflow: Pika version 1.4.4 connecting to ('127.0.0.1', 5672)
2026-10-07 10:20:40,330 ERROR pika.adapters.utils.io_services_utils: Socket failed to connect: <socket.socket fd=10, family=2, type=1, proto=6, laddr=('127.0.0.1', 54332)>; error=61 (Connection refused)
2026-10-07 10:20:40,330 ERROR pika.adapters.utils.connection_workflow: TCP Connection attempt failed: ConnectionRefusedError(61, 'Connection refused'); dest=(<AddressFamily.AF_INET: 2>, <SocketKind.SOCK_STREAM: 1>, 6, '', ('127.0.0.1', 5672))
2026-10-07 10:20:40,330 ERROR pika.adapters.utils.connection_workflow: AMQPConnector - reporting failure: AMQPConnectorSocketConnectError: ConnectionRefusedError(61, 'Connection refused')
2026-10-07 10:20:40,330 ERROR pika.adapters.utils.connection_workflow: AMQP connection workflow failed: AMQPConnectionWorkflowFailed: 2 exceptions in all; last exception - AMQPConnectorSocketConnectError: ConnectionRefusedError(61, 'Connection refused'); first exception - AMQPConnectorSocketConnectError: ConnectionRefusedError(61, 'Connection refused').
2026-10-07 10:20:40,330 ERROR pika.adapters.utils.connection_workflow: AMQPConnectionWorkflow - reporting failure: AMQPConnectionWorkflowFailed: 2 exceptions in all; last exception - AMQPConnectorSocketConnectError: ConnectionRefusedError(61, 'Connection refused'); first exception - AMQPConnectorSocketConnectError: ConnectionRefusedError(61, 'Connection refused')
2026-10-07 10:20:40,330 ERROR pika.adapters.base_connection: Full-stack connection workflow failed: AMQPConnectionWorkflowFailed: 2 exceptions in all; last exception - AMQPConnectorSocketConnectError: ConnectionRefusedError(61, 'Connection refused'); first exception - AMQPConnectorSocketConnectError: ConnectionRefusedError(61, 'Connection refused')
2026-10-07 10:20:40,331 ERROR pika.adapters.base_connection: Self-initiated stack bring-up failed: AMQPConnectionError: (AMQPConnectionWorkflowFailed: 2 exceptions in all; last exception - AMQPConnectorSocketConnectError: ConnectionRefusedError(61, 'Connection refused'); first exception - AMQPConnectorSocketConnectError: ConnectionRefusedError(61, 'Connection refused'),)
2026-10-07 10:20:40,331 INFO pika.connection: AMQP stack terminated, failed to connect, or aborted: opened=False, error-arg=AMQPConnectionError: (AMQPConnectionWorkflowFailed: 2 exceptions in all; last exception - AMQPConnectorSocketConnectError: ConnectionRefusedError(61, 'Connection refused'); first exception - AMQPConnectorSocketConnectError: ConnectionRefusedError(61, 'Connection refused'),); pending-error=None
2026-10-07 10:20:40,331 INFO pika.connection: Connection setup terminated due to AMQPConnectionError: (AMQPConnectionWorkflowFailed: 2 exceptions in all; last exception - AMQPConnectorSocketConnectError: ConnectionRefusedError(61, 'Connection refused'); first exception - AMQPConnectorSocketConnectError: ConnectionRefusedError(61, 'Connection refused'),)
2026-10-07 10:20:40,331 ERROR gwbase.actor_base: Consumer connection open failed: 
2026-10-07 10:20:40,331 INFO gwbase.actor_base: Consumer connection stopping
2026-10-07 10:20:40,331 INFO gwbase.actor_base: Consumer connection stopped
2026-10-07 10:20:40,331 INFO gwbase.actor_base: Reconnecting after 15 seconds
2026-10-07 10:20:55,332 INFO gwbase.actor_base: Connecting to localhost:5672 vhost=d1__1
2026-10-07 10:20:55,334 INFO pika.adapters.utils.connection_workflow: Pika version 1.4.4 connecting to ('::1', 5672, 0, 0)
2026-10-07 10:20:55,334 ERROR pika.adapters.utils.io_services_utils: Socket failed to connect: <socket.socket fd=14, family=30, type=1, proto=6, laddr=('::1', 54374, 0, 0)>; error=61 (Connection refused)
2026-10-07 10:20:55,334 ERROR pika.adapters.utils.connection_workflow: TCP Connection attempt failed: ConnectionRefusedError(61, 'Connection refused'); dest=(<AddressFamily.AF_INET6: 30>, <SocketKind.SOCK_STREAM: 1>, 6, '', ('::1', 5672, 0, 0))
2026-10-07 10:20:55,334 ERROR pika.adapters.utils.connection_workflow: AMQPConnector - reporting failure: AMQPConnectorSocketConnectError: ConnectionRefusedError(61, 'Connection refused')
2026-10-07 10:20:55,334 INFO pika.adapters.utils.connection_workflow: Pika version 1.4.4 connecting to ('127.0.0.1', 5672)
2026-10-07 10:20:55,335 ERROR pika.adapters.utils.io_services_utils: Socket failed to connect: <socket.socket fd=14, family=2, type=1, proto=6, laddr=('127.0.0.1', 54375)>; error=61 (Connection refused)
2026-10-07 10:20:55,335 ERROR pika.adapters.utils.connection_workflow: TCP Connection attempt failed: ConnectionRefusedError(61, 'Connection refused'); dest=(<AddressFamily.AF_INET: 2>, <SocketKind.SOCK_STREAM: 1>, 6, '', ('127.0.0.1', 5672))
2026-10-07 10:20:55,335 ERROR pika.adapters.utils.connection_workflow: AMQPConnector - reporting failure: AMQPConnectorSocketConnectError: ConnectionRefusedError(61, 'Connection refused')
2026-10-07 10:20:55,335 ERROR pika.adapters.utils.connection_workflow: AMQP connection workflow failed: AMQPConnectionWorkflowFailed: 2 exceptions in all; last exception - AMQPConnectorSocketConnectError: ConnectionRefusedError(61, 'Connection refused'); first exception - AMQPConnectorSocketConnectError: ConnectionRefusedError(61, 'Connection refused').
2026-10-07 10:20:55,335 ERROR pika.adapters.utils.connection_workflow: AMQPConnectionWorkflow - reporting failure: AMQPConnectionWorkflowFailed: 2 exceptions in all; last exception - AMQPConnectorSocketConnectError: ConnectionRefusedError(61, 'Connection refused'); first exception - AMQPConnectorSocketConnectError: ConnectionRefusedError(61, 'Connection refused')
2026-10-07 10:20:55,335 ERROR pika.adapters.base_connection: Full-stack connection workflow failed: AMQPConnectionWorkflowFailed: 2 exceptions in all; last exception - AMQPConnectorSocketConnectError: ConnectionRefusedError(61, 'Connection refused'); first exception - AMQPConnectorSocketConnectError: ConnectionRefusedError(61, 'Connection refused')
2026-10-07 10:20:55,335 ERROR pika.adapters.base_connection: Self-initiated stack bring-up failed: AMQPConnectionError: (AMQPConnectionWorkflowFailed: 2 exceptions in all; last exception - AMQPConnectorSocketConnectError: ConnectionRefusedError(61, 'Connection refused'); first exception - AMQPConnectorSocketConnectError: ConnectionRefusedError(61, 'Connection refused'),)
2026-10-07 10:20:55,335 INFO pika.connection: AMQP stack terminated, failed to connect, or aborted: opened=False, error-arg=AMQPConnectionError: (AMQPConnectionWorkflowFailed: 2 exceptions in all; last exception - AMQPConnectorSocketConnectError: ConnectionRefusedError(61, 'Connection refused'); first exception - AMQPConnectorSocketConnectError: ConnectionRefusedError(61, 'Connection refused'),); pending-error=None
2026-10-07 10:20:55,335 INFO pika.connection: Connection setup terminated due to AMQPConnectionError: (AMQPConnectionWorkflowFailed: 2 exceptions in all; last exception - AMQPConnectorSocketConnectError: ConnectionRefusedError(61, 'Connection refused'); first exception - AMQPConnectorSocketConnectError: ConnectionRefusedError(61, 'Connection refused'),)
2026-10-07 10:20:55,335 ERROR gwbase.actor_base: Consumer connection open failed: 
2026-10-07 10:20:55,335 INFO gwbase.actor_base: Consumer connection stopping
2026-10-07 10:20:55,335 INFO gwbase.actor_base: Consumer connection stopped
2026-10-07 10:20:55,335 INFO gwbase.actor_base: Reconnecting after 16 seconds
2026-10-07 10:21:11,340 INFO gwbase.actor_base: Connecting to localhost:5672 vhost=d1__1
2026-10-07 10:21:11,342 INFO pika.adapters.utils.connection_workflow: Pika version 1.4.4 connecting to ('::1', 5672, 0, 0)
2026-10-07 10:21:11,343 ERROR pika.adapters.utils.io_services_utils: Socket failed to connect: <socket.socket fd=16, family=30, type=1, proto=6, laddr=('::1', 54410, 0, 0)>; error=61 (Connection refused)
2026-10-07 10:21:11,343 ERROR pika.adapters.utils.connection_workflow: TCP Connection attempt failed: ConnectionRefusedError(61, 'Connection refused'); dest=(<AddressFamily.AF_INET6: 30>, <SocketKind.SOCK_STREAM: 1>, 6, '', ('::1', 5672, 0, 0))
2026-10-07 10:21:11,343 ERROR pika.adapters.utils.connection_workflow: AMQPConnector - reporting failure: AMQPConnectorSocketConnectError: ConnectionRefusedError(61, 'Connection refused')
2026-10-07 10:21:11,343 INFO pika.adapters.utils.connection_workflow: Pika version 1.4.4 connecting to ('127.0.0.1', 5672)
2026-10-07 10:21:11,343 ERROR pika.adapters.utils.io_services_utils: Socket failed to connect: <socket.socket fd=16, family=2, type=1, proto=6, laddr=('127.0.0.1', 54411)>; error=61 (Connection refused)
2026-10-07 10:21:11,343 ERROR pika.adapters.utils.connection_workflow: TCP Connection attempt failed: ConnectionRefusedError(61, 'Connection refused'); dest=(<AddressFamily.AF_INET: 2>, <SocketKind.SOCK_STREAM: 1>, 6, '', ('127.0.0.1', 5672))
2026-10-07 10:21:11,343 ERROR pika.adapters.utils.connection_workflow: AMQPConnector - reporting failure: AMQPConnectorSocketConnectError: ConnectionRefusedError(61, 'Connection refused')
2026-10-07 10:21:11,343 ERROR pika.adapters.utils.connection_workflow: AMQP connection workflow failed: AMQPConnectionWorkflowFailed: 2 exceptions in all; last exception - AMQPConnectorSocketConnectError: ConnectionRefusedError(61, 'Connection refused'); first exception - AMQPConnectorSocketConnectError: ConnectionRefusedError(61, 'Connection refused').
2026-10-07 10:21:11,343 ERROR pika.adapters.utils.connection_workflow: AMQPConnectionWorkflow - reporting failure: AMQPConnectionWorkflowFailed: 2 exceptions in all; last exception - AMQPConnectorSocketConnectError: ConnectionRefusedError(61, 'Connection refused'); first exception - AMQPConnectorSocketConnectError: ConnectionRefusedError(61, 'Connection refused')
2026-10-07 10:21:11,343 ERROR pika.adapters.base_connection: Full-stack connection workflow failed: AMQPConnectionWorkflowFailed: 2 exceptions in all; last exception - AMQPConnectorSocketConnectError: ConnectionRefusedError(61, 'Connection refused'); first exception - AMQPConnectorSocketConnectError: ConnectionRefusedError(61, 'Connection refused')
2026-10-07 10:21:11,343 ERROR pika.adapters.base_connection: Self-initiated stack bring-up failed: AMQPConnectionError: (AMQPConnectionWorkflowFailed: 2 exceptions in all; last exception - AMQPConnectorSocketConnectError: ConnectionRefusedError(61, 'Connection refused'); first exception - AMQPConnectorSocketConnectError: ConnectionRefusedError(61, 'Connection refused'),)
2026-10-07 10:21:11,343 INFO pika.connection: AMQP stack terminated, failed to connect, or aborted: opened=False, error-arg=AMQPConnectionError: (AMQPConnectionWorkflowFailed: 2 exceptions in all; last exception - AMQPConnectorSocketConnectError: ConnectionRefusedError(61, 'Connection refused'); first exception - AMQPConnectorSocketConnectError: ConnectionRefusedError(61, 'Connection refused'),); pending-error=None
2026-10-07 10:21:11,344 INFO pika.connection: Connection setup terminated due to AMQPConnectionError: (AMQPConnectionWorkflowFailed: 2 exceptions in all; last exception - AMQPConnectorSocketConnectError: ConnectionRefusedError(61, 'Connection refused'); first exception - AMQPConnectorSocketConnectError: ConnectionRefusedError(61, 'Connection refused'),)
2026-10-07 10:21:11,344 ERROR gwbase.actor_base: Consumer connection open failed: 
2026-10-07 10:21:11,344 INFO gwbase.actor_base: Consumer connection stopping
2026-10-07 10:21:11,344 INFO gwbase.actor_base: Consumer connection stopped
2026-10-07 10:21:11,344 INFO gwbase.actor_base: Reconnecting after 17 seconds
2026-10-07 10:21:28,349 INFO gwbase.actor_base: Connecting to localhost:5672 vhost=d1__1
2026-10-07 10:21:28,351 INFO pika.adapters.utils.connection_workflow: Pika version 1.4.4 connecting to ('::1', 5672, 0, 0)
2026-10-07 10:21:28,351 ERROR pika.adapters.utils.io_services_utils: Socket failed to connect: <socket.socket fd=18, family=30, type=1, proto=6, laddr=('::1', 54458, 0, 0)>; error=61 (Connection refused)
2026-10-07 10:21:28,352 ERROR pika.adapters.utils.connection_workflow: TCP Connection attempt failed: ConnectionRefusedError(61, 'Connection refused'); dest=(<AddressFamily.AF_INET6: 30>, <SocketKind.SOCK_STREAM: 1>, 6, '', ('::1', 5672, 0, 0))
2026-10-07 10:21:28,352 ERROR pika.adapters.utils.connection_workflow: AMQPConnector - reporting failure: AMQPConnectorSocketConnectError: ConnectionRefusedError(61, 'Connection refused')
2026-10-07 10:21:28,352 INFO pika.adapters.utils.connection_workflow: Pika version 1.4.4 connecting to ('127.0.0.1', 5672)
2026-10-07 10:21:28,352 ERROR pika.adapters.utils.io_services_utils: Socket failed to connect: <socket.socket fd=18, family=2, type=1, proto=6, laddr=('127.0.0.1', 54459)>; error=61 (Connection refused)
2026-10-07 10:21:28,352 ERROR pika.adapters.utils.connection_workflow: TCP Connection attempt failed: ConnectionRefusedError(61, 'Connection refused'); dest=(<AddressFamily.AF_INET: 2>, <SocketKind.SOCK_STREAM: 1>, 6, '', ('127.0.0.1', 5672))
2026-10-07 10:21:28,352 ERROR pika.adapters.utils.connection_workflow: AMQPConnector - reporting failure: AMQPConnectorSocketConnectError: ConnectionRefusedError(61, 'Connection refused')
2026-10-07 10:21:28,352 ERROR pika.adapters.utils.connection_workflow: AMQP connection workflow failed: AMQPConnectionWorkflowFailed: 2 exceptions in all; last exception - AMQPConnectorSocketConnectError: ConnectionRefusedError(61, 'Connection refused'); first exception - AMQPConnectorSocketConnectError: ConnectionRefusedError(61, 'Connection refused').
2026-10-07 10:21:28,352 ERROR pika.adapters.utils.connection_workflow: AMQPConnectionWorkflow - reporting failure: AMQPConnectionWorkflowFailed: 2 exceptions in all; last exception - AMQPConnectorSocketConnectError: ConnectionRefusedError(61, 'Connection refused'); first exception - AMQPConnectorSocketConnectError: ConnectionRefusedError(61, 'Connection refused')
2026-10-07 10:21:28,352 ERROR pika.adapters.base_connection: Full-stack connection workflow failed: AMQPConnectionWorkflowFailed: 2 exceptions in all; last exception - AMQPConnectorSocketConnectError: ConnectionRefusedError(61, 'Connection refused'); first exception - AMQPConnectorSocketConnectError: ConnectionRefusedError(61, 'Connection refused')
2026-10-07 10:21:28,352 ERROR pika.adapters.base_connection: Self-initiated stack bring-up failed: AMQPConnectionError: (AMQPConnectionWorkflowFailed: 2 exceptions in all; last exception - AMQPConnectorSocketConnectError: ConnectionRefusedError(61, 'Connection refused'); first exception - AMQPConnectorSocketConnectError: ConnectionRefusedError(61, 'Connection refused'),)
2026-10-07 10:21:28,352 INFO pika.connection: AMQP stack terminated, failed to connect, or aborted: opened=False, error-arg=AMQPConnectionError: (AMQPConnectionWorkflowFailed: 2 exceptions in all; last exception - AMQPConnectorSocketConnectError: ConnectionRefusedError(61, 'Connection refused'); first exception - AMQPConnectorSocketConnectError: ConnectionRefusedError(61, 'Connection refused'),); pending-error=None
2026-10-07 10:21:28,352 INFO pika.connection: Connection setup terminated due to AMQPConnectionError: (AMQPConnectionWorkflowFailed: 2 exceptions in all; last exception - AMQPConnectorSocketConnectError: ConnectionRefusedError(61, 'Connection refused'); first exception - AMQPConnectorSocketConnectError: ConnectionRefusedError(61, 'Connection refused'),)
2026-10-07 10:21:28,352 ERROR gwbase.actor_base: Consumer connection open failed: 
2026-10-07 10:21:28,353 INFO gwbase.actor_base: Consumer connection stopping
2026-10-07 10:21:28,353 INFO gwbase.actor_base: Consumer connection stopped
2026-10-07 10:21:28,353 INFO gwbase.actor_base: Reconnecting after 18 seconds
2026-10-07 10:21:46,358 INFO gwbase.actor_base: Connecting to localhost:5672 vhost=d1__1
2026-10-07 10:21:46,360 INFO pika.adapters.utils.connection_workflow: Pika version 1.4.4 connecting to ('::1', 5672, 0, 0)
2026-10-07 10:21:46,360 ERROR pika.adapters.utils.io_services_utils: Socket failed to connect: <socket.socket fd=20, family=30, type=1, proto=6, laddr=('::1', 54506, 0, 0)>; error=61 (Connection refused)
2026-10-07 10:21:46,360 ERROR pika.adapters.utils.connection_workflow: TCP Connection attempt failed: ConnectionRefusedError(61, 'Connection refused'); dest=(<AddressFamily.AF_INET6: 30>, <SocketKind.SOCK_STREAM: 1>, 6, '', ('::1', 5672, 0, 0))
2026-10-07 10:21:46,360 ERROR pika.adapters.utils.connection_workflow: AMQPConnector - reporting failure: AMQPConnectorSocketConnectError: ConnectionRefusedError(61, 'Connection refused')
2026-10-07 10:21:46,360 INFO pika.adapters.utils.connection_workflow: Pika version 1.4.4 connecting to ('127.0.0.1', 5672)
2026-10-07 10:21:46,360 ERROR pika.adapters.utils.io_services_utils: Socket failed to connect: <socket.socket fd=20, family=2, type=1, proto=6, laddr=('127.0.0.1', 54507)>; error=61 (Connection refused)
2026-10-07 10:21:46,360 ERROR pika.adapters.utils.connection_workflow: TCP Connection attempt failed: ConnectionRefusedError(61, 'Connection refused'); dest=(<AddressFamily.AF_INET: 2>, <SocketKind.SOCK_STREAM: 1>, 6, '', ('127.0.0.1', 5672))
2026-10-07 10:21:46,361 ERROR pika.adapters.utils.connection_workflow: AMQPConnector - reporting failure: AMQPConnectorSocketConnectError: ConnectionRefusedError(61, 'Connection refused')
2026-10-07 10:21:46,361 ERROR pika.adapters.utils.connection_workflow: AMQP connection workflow failed: AMQPConnectionWorkflowFailed: 2 exceptions in all; last exception - AMQPConnectorSocketConnectError: ConnectionRefusedError(61, 'Connection refused'); first exception - AMQPConnectorSocketConnectError: ConnectionRefusedError(61, 'Connection refused').
2026-10-07 10:21:46,361 ERROR pika.adapters.utils.connection_workflow: AMQPConnectionWorkflow - reporting failure: AMQPConnectionWorkflowFailed: 2 exceptions in all; last exception - AMQPConnectorSocketConnectError: ConnectionRefusedError(61, 'Connection refused'); first exception - AMQPConnectorSocketConnectError: ConnectionRefusedError(61, 'Connection refused')
2026-10-07 10:21:46,361 ERROR pika.adapters.base_connection: Full-stack connection workflow failed: AMQPConnectionWorkflowFailed: 2 exceptions in all; last exception - AMQPConnectorSocketConnectError: ConnectionRefusedError(61, 'Connection refused'); first exception - AMQPConnectorSocketConnectError: ConnectionRefusedError(61, 'Connection refused')
2026-10-07 10:21:46,361 ERROR pika.adapters.base_connection: Self-initiated stack bring-up failed: AMQPConnectionError: (AMQPConnectionWorkflowFailed: 2 exceptions in all; last exception - AMQPConnectorSocketConnectError: ConnectionRefusedError(61, 'Connection refused'); first exception - AMQPConnectorSocketConnectError: ConnectionRefusedError(61, 'Connection refused'),)
2026-10-07 10:21:46,361 INFO pika.connection: AMQP stack terminated, failed to connect, or aborted: opened=False, error-arg=AMQPConnectionError: (AMQPConnectionWorkflowFailed: 2 exceptions in all; last exception - AMQPConnectorSocketConnectError: ConnectionRefusedError(61, 'Connection refused'); first exception - AMQPConnectorSocketConnectError: ConnectionRefusedError(61, 'Connection refused'),); pending-error=None
2026-10-07 10:21:46,361 INFO pika.connection: Connection setup terminated due to AMQPConnectionError: (AMQPConnectionWorkflowFailed: 2 exceptions in all; last exception - AMQPConnectorSocketConnectError: ConnectionRefusedError(61, 'Connection refused'); first exception - AMQPConnectorSocketConnectError: ConnectionRefusedError(61, 'Connection refused'),)
2026-10-07 10:21:46,361 ERROR gwbase.actor_base: Consumer connection open failed: 
2026-10-07 10:21:46,361 INFO gwbase.actor_base: Consumer connection stopping
2026-10-07 10:21:46,361 INFO gwbase.actor_base: Consumer connection stopped
2026-10-07 10:21:46,361 INFO gwbase.actor_base: Reconnecting after 19 seconds
2026-10-07 10:22:05,363 INFO gwbase.actor_base: Connecting to localhost:5672 vhost=d1__1
2026-10-07 10:22:05,367 INFO pika.adapters.utils.connection_workflow: Pika version 1.4.4 connecting to ('::1', 5672, 0, 0)
2026-10-07 10:22:05,367 ERROR pika.adapters.utils.io_services_utils: Socket failed to connect: <socket.socket fd=22, family=30, type=1, proto=6, laddr=('::1', 54552, 0, 0)>; error=61 (Connection refused)
2026-10-07 10:22:05,367 ERROR pika.adapters.utils.connection_workflow: TCP Connection attempt failed: ConnectionRefusedError(61, 'Connection refused'); dest=(<AddressFamily.AF_INET6: 30>, <SocketKind.SOCK_STREAM: 1>, 6, '', ('::1', 5672, 0, 0))
2026-10-07 10:22:05,368 ERROR pika.adapters.utils.connection_workflow: AMQPConnector - reporting failure: AMQPConnectorSocketConnectError: ConnectionRefusedError(61, 'Connection refused')
2026-10-07 10:22:05,368 INFO pika.adapters.utils.connection_workflow: Pika version 1.4.4 connecting to ('127.0.0.1', 5672)
2026-10-07 10:22:05,368 ERROR pika.adapters.utils.io_services_utils: Socket failed to connect: <socket.socket fd=22, family=2, type=1, proto=6, laddr=('127.0.0.1', 54553)>; error=61 (Connection refused)
2026-10-07 10:22:05,368 ERROR pika.adapters.utils.connection_workflow: TCP Connection attempt failed: ConnectionRefusedError(61, 'Connection refused'); dest=(<AddressFamily.AF_INET: 2>, <SocketKind.SOCK_STREAM: 1>, 6, '', ('127.0.0.1', 5672))
2026-10-07 10:22:05,368 ERROR pika.adapters.utils.connection_workflow: AMQPConnector - reporting failure: AMQPConnectorSocketConnectError: ConnectionRefusedError(61, 'Connection refused')
2026-10-07 10:22:05,368 ERROR pika.adapters.utils.connection_workflow: AMQP connection workflow failed: AMQPConnectionWorkflowFailed: 2 exceptions in all; last exception - AMQPConnectorSocketConnectError: ConnectionRefusedError(61, 'Connection refused'); first exception - AMQPConnectorSocketConnectError: ConnectionRefusedError(61, 'Connection refused').
2026-10-07 10:22:05,368 ERROR pika.adapters.utils.connection_workflow: AMQPConnectionWorkflow - reporting failure: AMQPConnectionWorkflowFailed: 2 exceptions in all; last exception - AMQPConnectorSocketConnectError: ConnectionRefusedError(61, 'Connection refused'); first exception - AMQPConnectorSocketConnectError: ConnectionRefusedError(61, 'Connection refused')
2026-10-07 10:22:05,368 ERROR pika.adapters.base_connection: Full-stack connection workflow failed: AMQPConnectionWorkflowFailed: 2 exceptions in all; last exception - AMQPConnectorSocketConnectError: ConnectionRefusedError(61, 'Connection refused'); first exception - AMQPConnectorSocketConnectError: ConnectionRefusedError(61, 'Connection refused')
2026-10-07 10:22:05,368 ERROR pika.adapters.base_connection: Self-initiated stack bring-up failed: AMQPConnectionError: (AMQPConnectionWorkflowFailed: 2 exceptions in all; last exception - AMQPConnectorSocketConnectError: ConnectionRefusedError(61, 'Connection refused'); first exception - AMQPConnectorSocketConnectError: ConnectionRefusedError(61, 'Connection refused'),)
2026-10-07 10:22:05,368 INFO pika.connection: AMQP stack terminated, failed to connect, or aborted: opened=False, error-arg=AMQPConnectionError: (AMQPConnectionWorkflowFailed: 2 exceptions in all; last exception - AMQPConnectorSocketConnectError: ConnectionRefusedError(61, 'Connection refused'); first exception - AMQPConnectorSocketConnectError: ConnectionRefusedError(61, 'Connection refused'),); pending-error=None
2026-10-07 10:22:05,368 INFO pika.connection: Connection setup terminated due to AMQPConnectionError: (AMQPConnectionWorkflowFailed: 2 exceptions in all; last exception - AMQPConnectorSocketConnectError: ConnectionRefusedError(61, 'Connection refused'); first exception - AMQPConnectorSocketConnectError: ConnectionRefusedError(61, 'Connection refused'),)
2026-10-07 10:22:05,369 ERROR gwbase.actor_base: Consumer connection open failed: 
2026-10-07 10:22:05,369 INFO gwbase.actor_base: Consumer connection stopping
2026-10-07 10:22:05,369 INFO gwbase.actor_base: Consumer connection stopped
2026-10-07 10:22:05,369 INFO gwbase.actor_base: Reconnecting after 20 seconds
2026-10-07 10:22:25,370 INFO gwbase.actor_base: Connecting to localhost:5672 vhost=d1__1
2026-10-07 10:22:25,373 INFO pika.adapters.utils.connection_workflow: Pika version 1.4.4 connecting to ('::1', 5672, 0, 0)
2026-10-07 10:22:25,373 ERROR pika.adapters.utils.io_services_utils: Socket failed to connect: <socket.socket fd=24, family=30, type=1, proto=6, laddr=('::1', 54607, 0, 0)>; error=61 (Connection refused)
2026-10-07 10:22:25,373 ERROR pika.adapters.utils.connection_workflow: TCP Connection attempt failed: ConnectionRefusedError(61, 'Connection refused'); dest=(<AddressFamily.AF_INET6: 30>, <SocketKind.SOCK_STREAM: 1>, 6, '', ('::1', 5672, 0, 0))
2026-10-07 10:22:25,373 ERROR pika.adapters.utils.connection_workflow: AMQPConnector - reporting failure: AMQPConnectorSocketConnectError: ConnectionRefusedError(61, 'Connection refused')
2026-10-07 10:22:25,374 INFO pika.adapters.utils.connection_workflow: Pika version 1.4.4 connecting to ('127.0.0.1', 5672)
2026-10-07 10:22:25,374 ERROR pika.adapters.utils.io_services_utils: Socket failed to connect: <socket.socket fd=24, family=2, type=1, proto=6, laddr=('127.0.0.1', 54608)>; error=61 (Connection refused)
2026-10-07 10:22:25,374 ERROR pika.adapters.utils.connection_workflow: TCP Connection attempt failed: ConnectionRefusedError(61, 'Connection refused'); dest=(<AddressFamily.AF_INET: 2>, <SocketKind.SOCK_STREAM: 1>, 6, '', ('127.0.0.1', 5672))
2026-10-07 10:22:25,374 ERROR pika.adapters.utils.connection_workflow: AMQPConnector - reporting failure: AMQPConnectorSocketConnectError: ConnectionRefusedError(61, 'Connection refused')
2026-10-07 10:22:25,374 ERROR pika.adapters.utils.connection_workflow: AMQP connection workflow failed: AMQPConnectionWorkflowFailed: 2 exceptions in all; last exception - AMQPConnectorSocketConnectError: ConnectionRefusedError(61, 'Connection refused'); first exception - AMQPConnectorSocketConnectError: ConnectionRefusedError(61, 'Connection refused').
2026-10-07 10:22:25,374 ERROR pika.adapters.utils.connection_workflow: AMQPConnectionWorkflow - reporting failure: AMQPConnectionWorkflowFailed: 2 exceptions in all; last exception - AMQPConnectorSocketConnectError: ConnectionRefusedError(61, 'Connection refused'); first exception - AMQPConnectorSocketConnectError: ConnectionRefusedError(61, 'Connection refused')
2026-10-07 10:22:25,374 ERROR pika.adapters.base_connection: Full-stack connection workflow failed: AMQPConnectionWorkflowFailed: 2 exceptions in all; last exception - AMQPConnectorSocketConnectError: ConnectionRefusedError(61, 'Connection refused'); first exception - AMQPConnectorSocketConnectError: ConnectionRefusedError(61, 'Connection refused')
2026-10-07 10:22:25,374 ERROR pika.adapters.base_connection: Self-initiated stack bring-up failed: AMQPConnectionError: (AMQPConnectionWorkflowFailed: 2 exceptions in all; last exception - AMQPConnectorSocketConnectError: ConnectionRefusedError(61, 'Connection refused'); first exception - AMQPConnectorSocketConnectError: ConnectionRefusedError(61, 'Connection refused'),)
2026-10-07 10:22:25,374 INFO pika.connection: AMQP stack terminated, failed to connect, or aborted: opened=False, error-arg=AMQPConnectionError: (AMQPConnectionWorkflowFailed: 2 exceptions in all; last exception - AMQPConnectorSocketConnectError: ConnectionRefusedError(61, 'Connection refused'); first exception - AMQPConnectorSocketConnectError: ConnectionRefusedError(61, 'Connection refused'),); pending-error=None
2026-10-07 10:22:25,374 INFO pika.connection: Connection setup terminated due to AMQPConnectionError: (AMQPConnectionWorkflowFailed: 2 exceptions in all; last exception - AMQPConnectorSocketConnectError: ConnectionRefusedError(61, 'Connection refused'); first exception - AMQPConnectorSocketConnectError: ConnectionRefusedError(61, 'Connection refused'),)
2026-10-07 10:22:25,374 ERROR gwbase.actor_base: Consumer connection open failed: 
2026-10-07 10:22:25,374 INFO gwbase.actor_base: Consumer connection stopping
2026-10-07 10:22:25,374 INFO gwbase.actor_base: Consumer connection stopped
2026-10-07 10:22:25,374 INFO gwbase.actor_base: Reconnecting after 21 seconds
2026-10-07 10:22:46,376 INFO gwbase.actor_base: Connecting to localhost:5672 vhost=d1__1
2026-10-07 10:22:46,379 INFO pika.adapters.utils.connection_workflow: Pika version 1.4.4 connecting to ('::1', 5672, 0, 0)
2026-10-07 10:22:46,379 ERROR pika.adapters.utils.io_services_utils: Socket failed to connect: <socket.socket fd=26, family=30, type=1, proto=6, laddr=('::1', 54666, 0, 0)>; error=61 (Connection refused)
2026-10-07 10:22:46,380 ERROR pika.adapters.utils.connection_workflow: TCP Connection attempt failed: ConnectionRefusedError(61, 'Connection refused'); dest=(<AddressFamily.AF_INET6: 30>, <SocketKind.SOCK_STREAM: 1>, 6, '', ('::1', 5672, 0, 0))
2026-10-07 10:22:46,380 ERROR pika.adapters.utils.connection_workflow: AMQPConnector - reporting failure: AMQPConnectorSocketConnectError: ConnectionRefusedError(61, 'Connection refused')
2026-10-07 10:22:46,380 INFO pika.adapters.utils.connection_workflow: Pika version 1.4.4 connecting to ('127.0.0.1', 5672)
2026-10-07 10:22:46,380 ERROR pika.adapters.utils.io_services_utils: Socket failed to connect: <socket.socket fd=26, family=2, type=1, proto=6, laddr=('127.0.0.1', 54668)>; error=61 (Connection refused)
2026-10-07 10:22:46,380 ERROR pika.adapters.utils.connection_workflow: TCP Connection attempt failed: ConnectionRefusedError(61, 'Connection refused'); dest=(<AddressFamily.AF_INET: 2>, <SocketKind.SOCK_STREAM: 1>, 6, '', ('127.0.0.1', 5672))
2026-10-07 10:22:46,380 ERROR pika.adapters.utils.connection_workflow: AMQPConnector - reporting failure: AMQPConnectorSocketConnectError: ConnectionRefusedError(61, 'Connection refused')
2026-10-07 10:22:46,381 ERROR pika.adapters.utils.connection_workflow: AMQP connection workflow failed: AMQPConnectionWorkflowFailed: 2 exceptions in all; last exception - AMQPConnectorSocketConnectError: ConnectionRefusedError(61, 'Connection refused'); first exception - AMQPConnectorSocketConnectError: ConnectionRefusedError(61, 'Connection refused').
2026-10-07 10:22:46,381 ERROR pika.adapters.utils.connection_workflow: AMQPConnectionWorkflow - reporting failure: AMQPConnectionWorkflowFailed: 2 exceptions in all; last exception - AMQPConnectorSocketConnectError: ConnectionRefusedError(61, 'Connection refused'); first exception - AMQPConnectorSocketConnectError: ConnectionRefusedError(61, 'Connection refused')
2026-10-07 10:22:46,381 ERROR pika.adapters.base_connection: Full-stack connection workflow failed: AMQPConnectionWorkflowFailed: 2 exceptions in all; last exception - AMQPConnectorSocketConnectError: ConnectionRefusedError(61, 'Connection refused'); first exception - AMQPConnectorSocketConnectError: ConnectionRefusedError(61, 'Connection refused')
2026-10-07 10:22:46,381 ERROR pika.adapters.base_connection: Self-initiated stack bring-up failed: AMQPConnectionError: (AMQPConnectionWorkflowFailed: 2 exceptions in all; last exception - AMQPConnectorSocketConnectError: ConnectionRefusedError(61, 'Connection refused'); first exception - AMQPConnectorSocketConnectError: ConnectionRefusedError(61, 'Connection refused'),)
2026-10-07 10:22:46,381 INFO pika.connection: AMQP stack terminated, failed to connect, or aborted: opened=False, error-arg=AMQPConnectionError: (AMQPConnectionWorkflowFailed: 2 exceptions in all; last exception - AMQPConnectorSocketConnectError: ConnectionRefusedError(61, 'Connection refused'); first exception - AMQPConnectorSocketConnectError: ConnectionRefusedError(61, 'Connection refused'),); pending-error=None
2026-10-07 10:22:46,381 INFO pika.connection: Connection setup terminated due to AMQPConnectionError: (AMQPConnectionWorkflowFailed: 2 exceptions in all; last exception - AMQPConnectorSocketConnectError: ConnectionRefusedError(61, 'Connection refused'); first exception - AMQPConnectorSocketConnectError: ConnectionRefusedError(61, 'Connection refused'),)
2026-10-07 10:22:46,381 ERROR gwbase.actor_base: Consumer connection open failed: 
2026-10-07 10:22:46,381 INFO gwbase.actor_base: Consumer connection stopping
2026-10-07 10:22:46,381 INFO gwbase.actor_base: Consumer connection stopped
2026-10-07 10:22:46,381 INFO gwbase.actor_base: Reconnecting after 22 seconds
2026-10-07 10:23:08,385 INFO gwbase.actor_base: Connecting to localhost:5672 vhost=d1__1
2026-10-07 10:23:08,387 INFO pika.adapters.utils.connection_workflow: Pika version 1.4.4 connecting to ('::1', 5672, 0, 0)
2026-10-07 10:23:08,388 INFO pika.adapters.utils.io_services_utils: Socket connected: <socket.socket fd=28, family=30, type=1, proto=6, laddr=('::1', 54873, 0, 0), raddr=('::1', 5672, 0, 0)>
2026-10-07 10:23:08,388 INFO pika.adapters.utils.connection_workflow: Streaming transport linked up: (<pika.adapters.utils.io_services_utils._AsyncPlaintextTransport object at 0x106296a80>, _StreamingProtocolShim: <SelectConnection PROTOCOL transport=<pika.adapters.utils.io_services_utils._AsyncPlaintextTransport object at 0x106296a80> params=<URLParameters host=localhost port=5672 virtual_host=d1__1 ssl=False>>).
2026-10-07 10:23:08,397 INFO gwbase.actor_base: Connection opened
2026-10-07 10:23:08,397 INFO gwbase.actor_base: Creating a new channel
2026-10-07 10:23:08,397 INFO pika.adapters.utils.connection_workflow: AMQPConnector - reporting success: <SelectConnection OPEN transport=<pika.adapters.utils.io_services_utils._AsyncPlaintextTransport object at 0x106296a80> params=<URLParameters host=localhost port=5672 virtual_host=d1__1 ssl=False>>
2026-10-07 10:23:08,397 INFO pika.adapters.utils.connection_workflow: AMQPConnectionWorkflow - reporting success: <SelectConnection OPEN transport=<pika.adapters.utils.io_services_utils._AsyncPlaintextTransport object at 0x106296a80> params=<URLParameters host=localhost port=5672 virtual_host=d1__1 ssl=False>>
2026-10-07 10:23:08,399 INFO gwbase.actor_base: Channel opened
2026-10-07 10:23:08,399 INFO gwbase.actor_base: Adding consumer channel close callback
2026-10-07 10:23:08,399 INFO gwbase.actor_base: Asserting consume exchange exists: alerts_tx
2026-10-07 10:23:08,400 INFO gwbase.actor_base: Consume exchange present: alerts_tx
2026-10-07 10:23:08,400 INFO gwbase.actor_base: Declaring queue d1.alerts-F329
2026-10-07 10:23:08,404 INFO gwbase.orchestrator: Binding alerts_tx to d1.alerts-F329 with rj.*.*.*.*.d1-alerts
2026-10-07 10:23:08,406 INFO gwbase.actor_base: Queue d1.alerts-F329 bound with rj.*.*.*.*.d1-alerts
2026-10-07 10:23:08,407 INFO gwbase.actor_base: QOS set to: 1
2026-10-07 10:23:08,407 INFO gwbase.actor_base: Start consuming
2026-10-07 10:23:08,407 INFO gwbase.actor_base: Adding consumer cancellation callback
