2026-08-23 15:54:41,749 INFO waiting up to 60s for a first snapshot...
2026-08-23 15:55:00,754 INFO   store-pump -> 0
2026-08-23 15:55:00,756 INFO   secondary-pump -> 1
2026-08-23 15:55:00,758 INFO   hp-call -> 0
2026-08-23 15:55:00,759 INFO   [baseline t+0s] sec-flow=7.41gpm sec-ewt=9.69C sec-lwt=8.62C store-hot-pipe=--C tank1-top=59.75F odu=1356W
2026-08-23 15:55:00,759 INFO === LEG D: iso CLOSED, pump ON, charge-valve DE-ENERGIZED, up to 300s ===
2026-08-23 15:55:00,760 INFO   charge-valve -> 0
2026-08-23 15:55:02,763 INFO   iso-valve -> 0
2026-08-23 15:55:14,764 INFO   [D t+0s] sec-flow=7.41gpm sec-ewt=9.69C sec-lwt=8.62C store-hot-pipe=--C tank1-top=59.75F odu=1356W
2026-08-23 15:55:15,068 CRITICAL 0x21 RESET #1 [D poll] — re-init + re-assert
2026-08-23 15:55:15,582 INFO   re-asserted: [('store-pump', 0), ('secondary-pump', 1), ('hp-call', 0), ('charge-valve', 0), ('iso-valve', 0)]
2026-08-23 15:55:25,583 INFO   [D t+11s] sec-flow=7.41gpm sec-ewt=9.69C sec-lwt=8.62C store-hot-pipe=--C tank1-top=59.75F odu=1356W
2026-08-23 15:55:35,587 INFO   [D t+21s] sec-flow=0.0gpm sec-ewt=9.69C sec-lwt=8.16C store-hot-pipe=15.85C tank1-top=59.75F odu=1488W
2026-08-23 15:55:45,591 INFO   [D t+31s] sec-flow=0.0gpm sec-ewt=9.69C sec-lwt=8.16C store-hot-pipe=15.85C tank1-top=59.75F odu=1488W
2026-08-23 15:55:55,594 INFO   [D t+41s] sec-flow=0.0gpm sec-ewt=9.69C sec-lwt=8.16C store-hot-pipe=15.85C tank1-top=59.75F odu=1488W
2026-08-23 15:56:05,600 INFO   [D t+51s] sec-flow=0.0gpm sec-ewt=9.69C sec-lwt=8.16C store-hot-pipe=15.85C tank1-top=59.75F odu=25W
2026-08-23 15:56:15,604 INFO   [D t+61s] sec-flow=0.0gpm sec-ewt=9.69C sec-lwt=8.16C store-hot-pipe=15.85C tank1-top=59.75F odu=25W
2026-08-23 15:56:25,608 INFO   [D t+71s] sec-flow=0.0gpm sec-ewt=9.69C sec-lwt=8.16C store-hot-pipe=15.85C tank1-top=59.75F odu=25W
2026-08-23 15:56:35,611 INFO   [D t+81s] sec-flow=0.0gpm sec-ewt=9.89C sec-lwt=8.16C store-hot-pipe=15.85C tank1-top=59.75F odu=25W
2026-08-23 15:56:45,615 INFO   [D t+91s] sec-flow=0.0gpm sec-ewt=9.89C sec-lwt=8.16C store-hot-pipe=15.85C tank1-top=59.75F odu=25W
2026-08-23 15:56:55,619 INFO   [D t+101s] sec-flow=0.0gpm sec-ewt=9.89C sec-lwt=8.16C store-hot-pipe=15.85C tank1-top=59.75F odu=25W
2026-08-23 15:57:05,622 INFO   [D t+111s] sec-flow=0.0gpm sec-ewt=9.89C sec-lwt=8.36C store-hot-pipe=15.85C tank1-top=59.75F odu=25W
2026-08-23 15:57:15,626 INFO   [D t+121s] sec-flow=0.0gpm sec-ewt=9.89C sec-lwt=8.36C store-hot-pipe=15.85C tank1-top=59.75F odu=25W
2026-08-23 15:57:25,629 INFO   [D t+131s] sec-flow=0.0gpm sec-ewt=9.89C sec-lwt=8.36C store-hot-pipe=15.85C tank1-top=59.75F odu=25W
2026-08-23 15:57:35,633 INFO   [D t+141s] sec-flow=0.0gpm sec-ewt=9.89C sec-lwt=8.36C store-hot-pipe=15.85C tank1-top=59.75F odu=25W
2026-08-23 15:57:45,637 INFO   [D t+151s] sec-flow=0.0gpm sec-ewt=9.89C sec-lwt=8.36C store-hot-pipe=15.85C tank1-top=59.75F odu=25W
2026-08-23 15:57:45,637 CRITICAL DEAD-HEAD GUARD [D]: fresh secondary-flow 0.00 gpm for 60s — ending leg
2026-08-23 15:57:45,638 INFO LEG D ended: dead-head guard
2026-08-23 15:57:45,641 INFO   charge-valve -> 1
2026-08-23 15:57:45,645 INFO   hp-call -> 1
2026-08-23 15:57:47,650 INFO   iso-valve -> 1
2026-08-23 15:57:59,656 INFO   hp-call -> 0
2026-08-23 15:57:59,661 INFO   charge-valve -> 0
2026-08-23 15:57:59,664 INFO   [D-post t+0s] sec-flow=0.0gpm sec-ewt=9.89C sec-lwt=8.36C store-hot-pipe=15.85C tank1-top=59.75F odu=25W
2026-08-23 15:57:59,665 INFO === LEG E: iso CLOSED, pump ON, charge-valve ENERGIZED, up to 300s ===
2026-08-23 15:57:59,668 INFO   charge-valve -> 1
2026-08-23 15:58:01,673 INFO   iso-valve -> 0
2026-08-23 15:58:13,677 INFO   [E t+0s] sec-flow=0.0gpm sec-ewt=10.09C sec-lwt=8.36C store-hot-pipe=15.85C tank1-top=59.75F odu=25W
2026-08-23 15:58:23,680 INFO   [E t+10s] sec-flow=0.0gpm sec-ewt=10.09C sec-lwt=8.36C store-hot-pipe=15.85C tank1-top=59.75F odu=25W
2026-08-23 15:58:33,684 INFO   [E t+20s] sec-flow=0.0gpm sec-ewt=10.09C sec-lwt=8.57C store-hot-pipe=15.85C tank1-top=59.75F odu=25W
2026-08-23 15:58:43,687 INFO   [E t+30s] sec-flow=0.0gpm sec-ewt=10.09C sec-lwt=8.57C store-hot-pipe=15.85C tank1-top=59.75F odu=25W
2026-08-23 15:58:53,691 INFO   [E t+40s] sec-flow=0.0gpm sec-ewt=10.09C sec-lwt=8.57C store-hot-pipe=15.85C tank1-top=59.75F odu=25W
2026-08-23 15:59:03,694 INFO   [E t+50s] sec-flow=0.0gpm sec-ewt=10.09C sec-lwt=8.57C store-hot-pipe=15.85C tank1-top=59.75F odu=25W
2026-08-23 15:59:13,698 INFO   [E t+60s] sec-flow=0.0gpm sec-ewt=10.09C sec-lwt=8.57C store-hot-pipe=15.85C tank1-top=59.75F odu=25W
2026-08-23 15:59:23,702 INFO   [E t+70s] sec-flow=0.0gpm sec-ewt=10.09C sec-lwt=8.57C store-hot-pipe=15.85C tank1-top=59.75F odu=25W
2026-08-23 15:59:33,708 INFO   [E t+80s] sec-flow=0.0gpm sec-ewt=10.09C sec-lwt=8.57C store-hot-pipe=15.85C tank1-top=59.77F odu=25W
2026-08-23 15:59:43,711 INFO   [E t+90s] sec-flow=0.0gpm sec-ewt=10.09C sec-lwt=8.57C store-hot-pipe=15.85C tank1-top=59.77F odu=25W
2026-08-23 15:59:53,715 INFO   [E t+100s] sec-flow=0.0gpm sec-ewt=10.09C sec-lwt=8.57C store-hot-pipe=15.85C tank1-top=59.77F odu=25W
2026-08-23 16:00:03,718 INFO   [E t+110s] sec-flow=0.0gpm sec-ewt=10.26C sec-lwt=8.77C store-hot-pipe=--C tank1-top=59.77F odu=25W
2026-08-23 16:00:13,722 INFO   [E t+120s] sec-flow=0.0gpm sec-ewt=10.26C sec-lwt=8.77C store-hot-pipe=--C tank1-top=59.77F odu=25W
2026-08-23 16:00:23,728 INFO   [E t+130s] sec-flow=0.0gpm sec-ewt=10.26C sec-lwt=8.77C store-hot-pipe=--C tank1-top=59.77F odu=25W
2026-08-23 16:00:33,731 INFO   [E t+140s] sec-flow=0.0gpm sec-ewt=10.26C sec-lwt=8.77C store-hot-pipe=15.88C tank1-top=59.77F odu=25W
2026-08-23 16:00:43,734 INFO   [E t+150s] sec-flow=0.0gpm sec-ewt=10.26C sec-lwt=8.77C store-hot-pipe=15.88C tank1-top=59.77F odu=NoneW
2026-08-23 16:00:43,735 CRITICAL DEAD-HEAD GUARD [E]: fresh secondary-flow 0.00 gpm for 60s — ending leg
2026-08-23 16:00:43,736 INFO LEG E ended: dead-head guard
2026-08-23 16:00:43,738 INFO   charge-valve -> 1
2026-08-23 16:00:43,744 INFO   hp-call -> 1
2026-08-23 16:00:45,749 INFO   iso-valve -> 1
2026-08-23 16:00:57,755 INFO   hp-call -> 0
2026-08-23 16:00:57,764 INFO   charge-valve -> 0
2026-08-23 16:00:57,770 INFO   [E-post t+0s] sec-flow=0.0gpm sec-ewt=10.26C sec-lwt=8.77C store-hot-pipe=15.88C tank1-top=59.77F odu=NoneW
2026-08-23 16:00:57,774 INFO   charge-valve -> 1
2026-08-23 16:00:57,783 INFO   hp-call -> 1
2026-08-23 16:00:59,789 INFO   iso-valve -> 1
2026-08-23 16:01:11,794 INFO   hp-call -> 0
2026-08-23 16:01:11,799 INFO   charge-valve -> 0
2026-08-23 16:01:11,804 INFO   secondary-pump -> 1
2026-08-23 16:01:11,809 INFO   hp-call -> 0
2026-08-23 16:01:12,075 INFO exit posture: iso OPEN, pump ON, hp 0, charge 0. Results -> /home/pi/relay-stress-runs/charge-valve-polarity-results.json. ACTUATION WINDOW: 2026-08-23 15:54:41 EDT -> 2026-08-23 16:01:11 EDT (1787514881741 -> 1787515271812 unix ms). Restart the hack: sudo systemctl start spruce-summer-hack
