2026-08-23 18:04:38,829 INFO waiting up to 60s for a first snapshot...
2026-08-23 18:05:00,834 INFO   store-pump -> 0
2026-08-23 18:05:00,836 INFO   secondary-pump -> 1
2026-08-23 18:05:00,838 INFO   hp-call -> 0
2026-08-23 18:05:00,839 INFO   [baseline t+0s] sec-flow=7.41gpm sec-ewt=9.22C sec-lwt=7.1C store-hot-pipe=--C tank1-top=59.77F odu=29W
2026-08-23 18:05:00,840 INFO === LEG E: charge-valve ENERGIZED; soak 1200s with iso OPEN + pump ON (slow actuator), then iso CLOSED for up to 300s ===
2026-08-23 18:05:00,841 INFO   charge-valve -> 1
2026-08-23 18:05:00,842 INFO   [E-soak t+0s] sec-flow=7.41gpm sec-ewt=9.22C sec-lwt=7.1C store-hot-pipe=--C tank1-top=59.77F odu=29W
2026-08-23 18:05:30,844 INFO   [E-soak t+30s] sec-flow=7.41gpm sec-ewt=9.22C sec-lwt=8.28C store-hot-pipe=16.19C tank1-top=59.77F odu=29W
2026-08-23 18:06:00,848 INFO   [E-soak t+60s] sec-flow=7.41gpm sec-ewt=9.22C sec-lwt=9.44C store-hot-pipe=16.19C tank1-top=59.77F odu=29W
2026-08-23 18:06:30,851 INFO   [E-soak t+90s] sec-flow=7.41gpm sec-ewt=9.22C sec-lwt=9.87C store-hot-pipe=16.19C tank1-top=59.77F odu=29W
2026-08-23 18:07:00,855 INFO   [E-soak t+120s] sec-flow=7.41gpm sec-ewt=9.22C sec-lwt=9.87C store-hot-pipe=16.19C tank1-top=59.77F odu=29W
2026-08-23 18:07:30,859 INFO   [E-soak t+150s] sec-flow=7.41gpm sec-ewt=9.22C sec-lwt=9.87C store-hot-pipe=16.19C tank1-top=59.77F odu=29W
2026-08-23 18:08:00,862 INFO   [E-soak t+180s] sec-flow=7.41gpm sec-ewt=9.22C sec-lwt=9.45C store-hot-pipe=16.19C tank1-top=59.77F odu=29W
2026-08-23 18:08:30,866 INFO   [E-soak t+210s] sec-flow=7.41gpm sec-ewt=9.22C sec-lwt=9.24C store-hot-pipe=16.19C tank1-top=59.77F odu=29W
2026-08-23 18:09:00,870 INFO   [E-soak t+240s] sec-flow=7.41gpm sec-ewt=9.22C sec-lwt=9.24C store-hot-pipe=16.19C tank1-top=59.77F odu=29W
2026-08-23 18:09:30,873 INFO   [E-soak t+270s] sec-flow=7.41gpm sec-ewt=9.22C sec-lwt=9.24C store-hot-pipe=16.19C tank1-top=59.77F odu=56W
2026-08-23 18:10:00,876 INFO   [E-soak t+300s] sec-flow=7.41gpm sec-ewt=9.23C sec-lwt=9.22C store-hot-pipe=--C tank1-top=59.77F odu=56W
2026-08-23 18:10:30,878 INFO   [E-soak t+330s] sec-flow=7.41gpm sec-ewt=9.23C sec-lwt=9.22C store-hot-pipe=16.2C tank1-top=59.77F odu=56W
2026-08-23 18:11:00,886 INFO   [E-soak t+360s] sec-flow=7.41gpm sec-ewt=9.23C sec-lwt=9.22C store-hot-pipe=16.2C tank1-top=59.77F odu=56W
2026-08-23 18:11:30,889 INFO   [E-soak t+390s] sec-flow=7.41gpm sec-ewt=9.23C sec-lwt=9.22C store-hot-pipe=16.2C tank1-top=59.77F odu=56W
2026-08-23 18:12:00,893 INFO   [E-soak t+420s] sec-flow=7.41gpm sec-ewt=9.23C sec-lwt=9.22C store-hot-pipe=16.2C tank1-top=59.77F odu=34W
2026-08-23 18:12:30,896 INFO   [E-soak t+450s] sec-flow=7.41gpm sec-ewt=9.23C sec-lwt=10.07C store-hot-pipe=16.2C tank1-top=59.77F odu=788W
2026-08-23 18:13:00,900 INFO   [E-soak t+480s] sec-flow=7.41gpm sec-ewt=9.23C sec-lwt=9.18C store-hot-pipe=16.2C tank1-top=59.77F odu=1022W
2026-08-23 18:13:30,903 INFO   [E-soak t+510s] sec-flow=7.41gpm sec-ewt=9.23C sec-lwt=8.33C store-hot-pipe=16.2C tank1-top=59.77F odu=1114W
2026-08-23 18:14:00,907 INFO   [E-soak t+540s] sec-flow=7.41gpm sec-ewt=9.23C sec-lwt=7.9C store-hot-pipe=16.2C tank1-top=59.77F odu=1352W
2026-08-23 18:14:30,910 INFO   [E-soak t+570s] sec-flow=7.41gpm sec-ewt=9.23C sec-lwt=7.27C store-hot-pipe=16.2C tank1-top=59.77F odu=23W
2026-08-23 18:15:00,914 INFO   [E-soak t+600s] sec-flow=7.42gpm sec-ewt=9.34C sec-lwt=8.12C store-hot-pipe=--C tank1-top=59.77F odu=44W
2026-08-23 18:15:30,915 INFO   [E-soak t+630s] sec-flow=7.42gpm sec-ewt=9.34C sec-lwt=9.01C store-hot-pipe=16.2C tank1-top=59.77F odu=22W
2026-08-23 18:16:00,919 INFO   [E-soak t+660s] sec-flow=7.42gpm sec-ewt=9.34C sec-lwt=9.85C store-hot-pipe=16.2C tank1-top=59.77F odu=22W
2026-08-23 18:16:30,922 INFO   [E-soak t+690s] sec-flow=7.42gpm sec-ewt=9.34C sec-lwt=10.07C store-hot-pipe=16.2C tank1-top=59.77F odu=22W
2026-08-23 18:17:00,928 INFO   [E-soak t+720s] sec-flow=7.42gpm sec-ewt=9.34C sec-lwt=10.07C store-hot-pipe=16.2C tank1-top=59.77F odu=22W
2026-08-23 18:17:30,932 INFO   [E-soak t+750s] sec-flow=0.0gpm sec-ewt=9.34C sec-lwt=10.07C store-hot-pipe=16.2C tank1-top=59.77F odu=22W
2026-08-23 18:18:00,936 INFO   [E-soak t+780s] sec-flow=0.0gpm sec-ewt=9.34C sec-lwt=10.07C store-hot-pipe=16.2C tank1-top=59.77F odu=22W
2026-08-23 18:18:30,939 INFO   [E-soak t+810s] sec-flow=0.0gpm sec-ewt=9.54C sec-lwt=10.07C store-hot-pipe=16.2C tank1-top=59.77F odu=22W
2026-08-23 18:19:00,943 INFO   [E-soak t+840s] sec-flow=0.0gpm sec-ewt=9.54C sec-lwt=10.07C store-hot-pipe=16.2C tank1-top=59.77F odu=22W
2026-08-23 18:19:30,946 INFO   [E-soak t+870s] sec-flow=0.0gpm sec-ewt=9.75C sec-lwt=10.28C store-hot-pipe=16.2C tank1-top=59.77F odu=22W
2026-08-23 18:20:00,950 INFO   [E-soak t+900s] sec-flow=0.0gpm sec-ewt=9.82C sec-lwt=10.36C store-hot-pipe=--C tank1-top=59.77F odu=22W
2026-08-23 18:20:30,952 INFO   [E-soak t+930s] sec-flow=0.0gpm sec-ewt=9.82C sec-lwt=10.36C store-hot-pipe=16.22C tank1-top=59.77F odu=12W
2026-08-23 18:21:00,955 INFO   [E-soak t+960s] sec-flow=0.0gpm sec-ewt=9.82C sec-lwt=10.36C store-hot-pipe=16.22C tank1-top=59.77F odu=12W
2026-08-23 18:21:30,958 INFO   [E-soak t+990s] sec-flow=0.0gpm sec-ewt=10.02C sec-lwt=10.36C store-hot-pipe=16.22C tank1-top=59.77F odu=12W
2026-08-23 18:21:33,528 INFO interrupted
2026-08-23 18:21:33,530 INFO   charge-valve -> 1
2026-08-23 18:21:33,532 INFO   hp-call -> 1
2026-08-23 18:21:35,534 INFO   iso-valve -> 1
2026-08-23 18:21:47,538 INFO   hp-call -> 0
2026-08-23 18:21:47,543 INFO   charge-valve -> 0
2026-08-23 18:21:47,548 INFO   secondary-pump -> 1
2026-08-23 18:21:47,553 INFO   hp-call -> 0
2026-08-23 18:21:48,032 INFO exit posture: iso OPEN, pump ON, hp 0, charge 0. Results -> /home/pi/relay-stress-runs/charge-valve-polarity-results.json. ACTUATION WINDOW: 2026-08-23 18:04:38 EDT -> 2026-08-23 18:21:47 EDT (1787522678821 -> 1787523707555 unix ms). Restart the hack: sudo systemctl start spruce-summer-hack
