/home/pi/starter-scripts/snap_watch.py:62: DeprecationWarning: Callback API version 1 is deprecated, update to latest version
  client = mqtt.Client()
listening for gw/+/to/+/snapshot-spaceheat on localhost … Ctrl-C to stop

=== snapshot 11:25:30 on gw/hw1-isone-me-versant-keene-spruce-scada/to/ltn/snapshot-spaceheat — 29/29 channels fresh, pico-family 2/2 ===
    dist-pump-pwr                               1     8s
    economy-energy-l1-pwr                      74     8s
    economy-energy-l2-pwr                      73     8s
    elt-buffer-bottom-pwr                       0     8s
    elt-buffer-top-pwr                          0     8s
    elt-store-bottom-pwr                        0     8s
    elt-store-top-pwr                           0     8s
    hp-ctrl-box-pwr                           100     8s
  * hp-ewt                                   6000     8s
  * hp-lwt                                   6510     8s
    hp-odu-pwr                                 22     4s
    usable-energy                               0     8s
    zone1-bedrooms-gw-microvolts          2200375     8s
    zone1-bedrooms-gw-temp                   2243     8s
    zone1-bedrooms-heat-call                    0     8s
    zone1-bedrooms-opto-input                   1     8s
    zone2-living-rm-gw-microvolts         2201500     8s
    zone2-living-rm-gw-temp                  2239     8s
    zone2-living-rm-heat-call                   0     8s
    zone2-living-rm-opto-input                  1     8s
    zone3-upstairs-gw-microvolts          2184250     8s
    zone3-upstairs-gw-temp                   2291     8s
    zone3-upstairs-heat-call                    0     8s
    zone3-upstairs-opto-input                   1     8s
    zone4-garage-gw-microvolts            2347250     7s
    zone4-garage-gw-temp                     1793     7s
    zone4-garage-heat-call                      0     8s
    zone4-garage-opto-input                     1     8s
    zone5-living-rm-fancoil-opto-input            1     8s
  (* = pico-family channel)

=== snapshot 11:26:00 on gw/hw1-isone-me-versant-keene-spruce-scada/to/ltn/snapshot-spaceheat — 58/58 channels fresh, pico-family 26/26 ===
  * buffer-depth1                            4910    19s
  * buffer-depth1-device                     9500    19s
  * buffer-depth1-micro-v                 2594945    19s
  * buffer-depth2                            4874    19s
  * buffer-depth2-device                     9300    19s
  * buffer-depth2-micro-v                 2600599    19s
  * buffer-depth3                            4881    19s
  * buffer-depth3-device                     9340    19s
  * buffer-depth3-micro-v                 2599439    19s
  * dist-flow                                   0    21s
    dist-pump-pwr                               1    38s
    dist-rwt                                15430    21s
    dist-swt                                15200    21s
    economy-energy-l1-pwr                      74    38s
    economy-energy-l2-pwr                      73    38s
    elt-buffer-bottom-pwr                       0    38s
    elt-buffer-top-pwr                          0    38s
    elt-store-bottom-pwr                        0    38s
    elt-store-top-pwr                           0    38s
    hp-ctrl-box-pwr                           100    38s
  * hp-ewt                                   7390     3s
  * hp-lwt                                   7540     6s
    hp-odu-pwr                                 22    34s
  * primary-flow                              748    15s
  * secondary-ewt                           15940    21s
  * secondary-flow                              0    21s
  * secondary-lwt                           15780    21s
    secondary-pump-ct                         167    21s
    store-cold-pipe                        129940     1s
  * store-flow                                  0    20s
    store-hot-pipe                          16360    20s
  * tank1-depth1                             6305    19s
  * tank1-depth1-device                     17250    19s
  * tank1-depth1-micro-v                  2364380    19s
  * tank1-depth2                             6060    19s
  * tank1-depth2-device                     15890    19s
  * tank1-depth2-micro-v                  2407092    19s
  * tank1-depth3                             5918    19s
  * tank1-depth3-device                     15100    19s
  * tank1-depth3-micro-v                  2431484    19s
    usable-energy                               0    38s
    zone1-bedrooms-gw-microvolts          2200375    38s
    zone1-bedrooms-gw-temp                   2243    38s
    zone1-bedrooms-heat-call                    0    38s
    zone1-bedrooms-opto-input                   1    38s
    zone2-living-rm-gw-microvolts         2201500    38s
    zone2-living-rm-gw-temp                  2239    38s
    zone2-living-rm-heat-call                   0    38s
    zone2-living-rm-opto-input                  1    38s
    zone3-upstairs-gw-microvolts          2184250    38s
    zone3-upstairs-gw-temp                   2291    38s
    zone3-upstairs-heat-call                    0    38s
    zone3-upstairs-opto-input                   1    38s
    zone4-garage-gw-microvolts            2347250    37s
    zone4-garage-gw-temp                     1793    37s
    zone4-garage-heat-call                      0    38s
    zone4-garage-opto-input                     1    38s
    zone5-living-rm-fancoil-opto-input            1    38s
  (* = pico-family channel)

=== snapshot 11:26:30 on gw/hw1-isone-me-versant-keene-spruce-scada/to/ltn/snapshot-spaceheat — 58/58 channels fresh, pico-family 26/26 ===
  * buffer-depth1                            4913    17s
  * buffer-depth1-device                     9520    17s
  * buffer-depth1-micro-v                 2594540    17s
  * buffer-depth2                            4875    17s
  * buffer-depth2-device                     9310    17s
  * buffer-depth2-micro-v                 2600252    17s
  * buffer-depth3                            4883    17s
  * buffer-depth3-device                     9350    17s
  * buffer-depth3-micro-v                 2599143    17s
  * dist-flow                                   0    51s
    dist-pump-pwr                               1    68s
    dist-rwt                                15430    51s
    dist-swt                                15200    51s
    economy-energy-l1-pwr                      74    68s
    economy-energy-l2-pwr                      73    68s
    elt-buffer-bottom-pwr                       0    68s
    elt-buffer-top-pwr                          0    68s
    elt-store-bottom-pwr                        0    68s
    elt-store-top-pwr                           0    68s
    hp-ctrl-box-pwr                           100    68s
  * hp-ewt                                   8280     4s
  * hp-lwt                                   8390     4s
    hp-odu-pwr                                 22    64s
  * primary-flow                              748    45s
  * secondary-ewt                           15940    51s
  * secondary-flow                              0    51s
  * secondary-lwt                           15780    51s
    secondary-pump-ct                         167    51s
    store-cold-pipe                        129930    12s
  * store-flow                                  0    50s
    store-hot-pipe                          16360    50s
  * tank1-depth1                             6308    17s
  * tank1-depth1-device                     17270    17s
  * tank1-depth1-micro-v                  2363845    17s
  * tank1-depth2                             6062    17s
  * tank1-depth2-device                     15900    17s
  * tank1-depth2-micro-v                  2406739    17s
  * tank1-depth3                             5919    17s
  * tank1-depth3-device                     15110    17s
  * tank1-depth3-micro-v                  2431178    17s
    usable-energy                               0    68s
    zone1-bedrooms-gw-microvolts          2200500    30s
    zone1-bedrooms-gw-temp                   2242    30s
    zone1-bedrooms-heat-call                    0    68s
    zone1-bedrooms-opto-input                   1    68s
    zone2-living-rm-gw-microvolts         2201250    30s
    zone2-living-rm-gw-temp                  2240    30s
    zone2-living-rm-heat-call                   0    68s
    zone2-living-rm-opto-input                  1    68s
    zone3-upstairs-gw-microvolts          2184500    30s
    zone3-upstairs-gw-temp                   2290    30s
    zone3-upstairs-heat-call                    0    68s
    zone3-upstairs-opto-input                   1    68s
    zone4-garage-gw-microvolts            2347625    30s
    zone4-garage-gw-temp                     1792    30s
    zone4-garage-heat-call                      0    68s
    zone4-garage-opto-input                     1    68s
    zone5-living-rm-fancoil-opto-input            1    68s
  (* = pico-family channel)

=== snapshot 11:27:00 on gw/hw1-isone-me-versant-keene-spruce-scada/to/ltn/snapshot-spaceheat — 58/58 channels fresh, pico-family 26/26 ===
  * buffer-depth1                            4913    47s
  * buffer-depth1-device                     9520    47s
  * buffer-depth1-micro-v                 2594540    47s
  * buffer-depth2                            4875    47s
  * buffer-depth2-device                     9310    47s
  * buffer-depth2-micro-v                 2600252    47s
  * buffer-depth3                            4883    47s
  * buffer-depth3-device                     9350    47s
  * buffer-depth3-micro-v                 2599143    47s
  * dist-flow                                 158    24s
    dist-pump-pwr                               1    98s
    dist-rwt                                16670     1s
    dist-swt                                15190     0s
    economy-energy-l1-pwr                      74    98s
    economy-energy-l2-pwr                      73    98s
    elt-buffer-bottom-pwr                       0    98s
    elt-buffer-top-pwr                          0    98s
    elt-store-bottom-pwr                        0    98s
    elt-store-top-pwr                           0    98s
    hp-ctrl-box-pwr                           100    98s
  * hp-ewt                                   9340     6s
  * hp-lwt                                   9480    12s
    hp-odu-pwr                                 22    94s
  * primary-flow                              748    75s
  * secondary-ewt                           15940    81s
  * secondary-flow                              0    81s
  * secondary-lwt                           15780    81s
    secondary-pump-ct                         167    20s
    store-cold-pipe                        129890    11s
  * store-flow                                  0    80s
    store-hot-pipe                          16360    80s
  * tank1-depth1                             6308    47s
  * tank1-depth1-device                     17270    47s
  * tank1-depth1-micro-v                  2363845    47s
  * tank1-depth2                             6062    47s
  * tank1-depth2-device                     15900    47s
  * tank1-depth2-micro-v                  2406739    47s
  * tank1-depth3                             5919    47s
  * tank1-depth3-device                     15110    47s
  * tank1-depth3-micro-v                  2431178    47s
    usable-energy                               0    98s
    zone1-bedrooms-gw-microvolts          2200500    60s
    zone1-bedrooms-gw-temp                   2242    60s
    zone1-bedrooms-heat-call                    0    98s
    zone1-bedrooms-opto-input                   1    98s
    zone2-living-rm-gw-microvolts         2201250    60s
    zone2-living-rm-gw-temp                  2240    60s
    zone2-living-rm-heat-call                   0    98s
    zone2-living-rm-opto-input                  1    98s
    zone3-upstairs-gw-microvolts          2184500    60s
    zone3-upstairs-gw-temp                   2290    60s
    zone3-upstairs-heat-call                    0    98s
    zone3-upstairs-opto-input                   1    98s
    zone4-garage-gw-microvolts            2347625    60s
    zone4-garage-gw-temp                     1792    60s
    zone4-garage-heat-call                      0    98s
    zone4-garage-opto-input                     1    98s
    zone5-living-rm-fancoil-opto-input            1    98s
  (* = pico-family channel)

=== snapshot 11:27:30 on gw/hw1-isone-me-versant-keene-spruce-scada/to/ltn/snapshot-spaceheat — 53/53 channels fresh, pico-family 26/26 ===
  * buffer-depth1                            4911    27s
  * buffer-depth1-device                     9510    27s
  * buffer-depth1-micro-v                 2594609    27s
  * buffer-depth2                            4875    27s
  * buffer-depth2-device                     9310    27s
  * buffer-depth2-micro-v                 2600332    27s
  * buffer-depth3                            5041     3s
  * buffer-depth3-device                    10230     3s
  * buffer-depth3-micro-v                 2574784     3s
  * dist-flow                                 158    54s
    dist-pump-pwr                               1     2m
    dist-rwt                                16250     5s
    dist-swt                                11480     4s
    economy-energy-l1-pwr                      74     2m
    economy-energy-l2-pwr                      73     2m
    elt-buffer-bottom-pwr                       0     2m
    elt-buffer-top-pwr                          0     2m
    elt-store-bottom-pwr                        0     2m
    elt-store-top-pwr                           0     2m
    hp-ctrl-box-pwr                             4     7s
  * hp-ewt                                   9800     3s
  * hp-lwt                                   9690    11s
    hp-odu-pwr                                 22     2m
  * primary-flow                                6     6s
  * secondary-ewt                           15940   111s
  * secondary-flow                              0   111s
  * secondary-lwt                           15780   111s
    secondary-pump-ct                         167    50s
    store-cold-pipe                        129890     0s
  * store-flow                                  0   110s
    store-hot-pipe                          16360   110s
  * tank1-depth1                             6308    27s
  * tank1-depth1-device                     17270    27s
  * tank1-depth1-micro-v                  2363859    27s
  * tank1-depth2                             6062    27s
  * tank1-depth2-device                     15900    27s
  * tank1-depth2-micro-v                  2406720    27s
  * tank1-depth3                             5919    27s
  * tank1-depth3-device                     15110    27s
  * tank1-depth3-micro-v                  2431194    27s
    zone1-bedrooms-gw-microvolts          2199875    30s
    zone1-bedrooms-gw-temp                   2244    30s
    zone1-bedrooms-opto-input                   1     2m
    zone2-living-rm-gw-microvolts         2201000    30s
    zone2-living-rm-gw-temp                  2241    30s
    zone2-living-rm-opto-input                  1     2m
    zone3-upstairs-gw-microvolts          2184375    30s
    zone3-upstairs-gw-temp                   2290    30s
    zone3-upstairs-opto-input                   1     2m
    zone4-garage-gw-microvolts            2344125    30s
    zone4-garage-gw-temp                     1803    30s
    zone4-garage-opto-input                     1     2m
    zone5-living-rm-fancoil-opto-input            1     2m
  (* = pico-family channel)

=== snapshot 11:28:00 on gw/hw1-isone-me-versant-keene-spruce-scada/to/ltn/snapshot-spaceheat — 53/53 channels fresh, pico-family 26/26 ===
  * buffer-depth1                            4911    57s
  * buffer-depth1-device                     9510    57s
  * buffer-depth1-micro-v                 2594609    57s
  * buffer-depth2                            4875    57s
  * buffer-depth2-device                     9310    57s
  * buffer-depth2-micro-v                 2600332    57s
  * buffer-depth3                            5158    11s
  * buffer-depth3-device                    10880    11s
  * buffer-depth3-micro-v                 2556249    11s
  * dist-flow                                   0    18s
    dist-pump-pwr                               1     3m
    dist-rwt                                14290     5s
    dist-swt                                10630     5s
    economy-energy-l1-pwr                      74     3m
    economy-energy-l2-pwr                      73     3m
    elt-buffer-bottom-pwr                       0     3m
    elt-buffer-top-pwr                          0     3m
    elt-store-bottom-pwr                        0     3m
    elt-store-top-pwr                           0     3m
    hp-ctrl-box-pwr                             4    37s
  * hp-ewt                                   9800    33s
  * hp-lwt                                   9900    10s
    hp-odu-pwr                                 22     3m
  * primary-flow                                6    36s
  * secondary-ewt                           15940     2m
  * secondary-flow                              0     2m
  * secondary-lwt                           15780     2m
    secondary-pump-ct                         167     6s
    store-cold-pipe                        129850     1s
  * store-flow                                  0     2m
    store-hot-pipe                          16360     2m
  * tank1-depth1                             6308    57s
  * tank1-depth1-device                     17270    57s
  * tank1-depth1-micro-v                  2363859    57s
  * tank1-depth2                             6062    57s
  * tank1-depth2-device                     15900    57s
  * tank1-depth2-micro-v                  2406720    57s
  * tank1-depth3                             5919    57s
  * tank1-depth3-device                     15110    57s
  * tank1-depth3-micro-v                  2431194    57s
    zone1-bedrooms-gw-microvolts          2199875    60s
    zone1-bedrooms-gw-temp                   2244    60s
    zone1-bedrooms-opto-input                   1     3m
    zone2-living-rm-gw-microvolts         2201000    60s
    zone2-living-rm-gw-temp                  2241    60s
    zone2-living-rm-opto-input                  1     3m
    zone3-upstairs-gw-microvolts          2184375    60s
    zone3-upstairs-gw-temp                   2290    60s
    zone3-upstairs-opto-input                   1     3m
    zone4-garage-gw-microvolts            2344125    60s
    zone4-garage-gw-temp                     1803    60s
    zone4-garage-opto-input                     1     3m
    zone5-living-rm-fancoil-opto-input            1     3m
  (* = pico-family channel)

=== snapshot 11:28:30 on gw/hw1-isone-me-versant-keene-spruce-scada/to/ltn/snapshot-spaceheat — 53/53 channels fresh, pico-family 26/26 ===
  * buffer-depth1                            4944     1s
  * buffer-depth1-device                     9690     1s
  * buffer-depth1-micro-v                 2589875     1s
  * buffer-depth2                            4982     6s
  * buffer-depth2-device                     9900     6s
  * buffer-depth2-micro-v                 2583844     6s
  * buffer-depth3                            4935     0s
  * buffer-depth3-device                     9640     0s
  * buffer-depth3-micro-v                 2591142     0s
  * dist-flow                                   0    48s
    dist-pump-pwr                               1     3m
    dist-rwt                                13660    14s
    dist-swt                                10630    35s
    economy-energy-l1-pwr                      74     3m
    economy-energy-l2-pwr                      73     3m
    elt-buffer-bottom-pwr                       0     3m
    elt-buffer-top-pwr                          0     3m
    elt-store-bottom-pwr                        0     3m
    elt-store-top-pwr                           0     3m
    hp-ctrl-box-pwr                             4    67s
  * hp-ewt                                  10000    27s
  * hp-lwt                                   9900    40s
    hp-odu-pwr                                 22     3m
  * primary-flow                                6    66s
  * secondary-ewt                           12740     1s
  * secondary-flow                            746    18s
  * secondary-lwt                           13340     1s
    secondary-pump-ct                         167    36s
    store-cold-pipe                        129850     4s
  * store-flow                                  0     3m
    store-hot-pipe                          16360     3m
  * tank1-depth1                             6308    27s
  * tank1-depth1-device                     17270    27s
  * tank1-depth1-micro-v                  2363830    27s
  * tank1-depth2                             6062    27s
  * tank1-depth2-device                     15900    27s
  * tank1-depth2-micro-v                  2406734    27s
  * tank1-depth3                             5919    27s
  * tank1-depth3-device                     15110    27s
  * tank1-depth3-micro-v                  2431196    27s
    zone1-bedrooms-gw-microvolts          2199625    30s
    zone1-bedrooms-gw-temp                   2245    30s
    zone1-bedrooms-opto-input                   1     3m
    zone2-living-rm-gw-microvolts         2200625    30s
    zone2-living-rm-gw-temp                  2242    30s
    zone2-living-rm-opto-input                  1     3m
    zone3-upstairs-gw-microvolts          2183750    30s
    zone3-upstairs-gw-temp                   2292    30s
    zone3-upstairs-opto-input                   1     3m
    zone4-garage-gw-microvolts            2347125    30s
    zone4-garage-gw-temp                     1794    30s
    zone4-garage-opto-input                     1     3m
    zone5-living-rm-fancoil-opto-input            1     3m
  (* = pico-family channel)

=== snapshot 11:29:00 on gw/hw1-isone-me-versant-keene-spruce-scada/to/ltn/snapshot-spaceheat — 53/53 channels fresh, pico-family 26/26 ===
  * buffer-depth1                            5072     3s
  * buffer-depth1-device                    10400     3s
  * buffer-depth1-micro-v                 2569972     3s
  * buffer-depth2                            4935     2s
  * buffer-depth2-device                     9640     2s
  * buffer-depth2-micro-v                 2591085     2s
  * buffer-depth3                            4913    19s
  * buffer-depth3-device                     9520    19s
  * buffer-depth3-micro-v                 2594455    19s
  * dist-flow                                   0    78s
    dist-pump-pwr                               1     4m
    dist-rwt                                12550     2s
    dist-swt                                10430    25s
    economy-energy-l1-pwr                      74     4m
    economy-energy-l2-pwr                      73     4m
    elt-buffer-bottom-pwr                       0     4m
    elt-buffer-top-pwr                          0     4m
    elt-store-bottom-pwr                        0     4m
    elt-store-top-pwr                           0     4m
    hp-ctrl-box-pwr                             4    96s
  * hp-ewt                                  10000    57s
  * hp-lwt                                  10120    15s
    hp-odu-pwr                                 22     4m
  * primary-flow                                6    96s
  * secondary-ewt                           10350     2s
  * secondary-flow                            746    48s
  * secondary-lwt                           12360     2s
    secondary-pump-ct                         167    11s
    store-cold-pipe                        129900    25s
  * store-flow                                  0     3m
    store-hot-pipe                          16360     3m
  * tank1-depth1                             6308    57s
  * tank1-depth1-device                     17270    57s
  * tank1-depth1-micro-v                  2363830    57s
  * tank1-depth2                             6062    57s
  * tank1-depth2-device                     15900    57s
  * tank1-depth2-micro-v                  2406734    57s
  * tank1-depth3                             5919    57s
  * tank1-depth3-device                     15110    57s
  * tank1-depth3-micro-v                  2431196    57s
    zone1-bedrooms-gw-microvolts          2199625    60s
    zone1-bedrooms-gw-temp                   2245    60s
    zone1-bedrooms-opto-input                   1     4m
    zone2-living-rm-gw-microvolts         2200625    60s
    zone2-living-rm-gw-temp                  2242    60s
    zone2-living-rm-opto-input                  1     4m
    zone3-upstairs-gw-microvolts          2183750    60s
    zone3-upstairs-gw-temp                   2292    60s
    zone3-upstairs-opto-input                   1     4m
    zone4-garage-gw-microvolts            2347125    60s
    zone4-garage-gw-temp                     1794    60s
    zone4-garage-opto-input                     1     4m
    zone5-living-rm-fancoil-opto-input            1     4m
  (* = pico-family channel)

=== snapshot 11:29:30 on gw/hw1-isone-me-versant-keene-spruce-scada/to/ltn/snapshot-spaceheat — 53/53 channels fresh, pico-family 26/26 ===
  * buffer-depth1                            5043     5s
  * buffer-depth1-device                    10240     5s
  * buffer-depth1-micro-v                 2574393     5s
  * buffer-depth2                            4917    16s
  * buffer-depth2-device                     9540    16s
  * buffer-depth2-micro-v                 2593914    16s
  * buffer-depth3                            4901    16s
  * buffer-depth3-device                     9450    16s
  * buffer-depth3-micro-v                 2596509    16s
  * dist-flow                                   0   108s
    dist-pump-pwr                               1     4m
    dist-rwt                                11910     2s
    dist-swt                                10430    55s
    economy-energy-l1-pwr                      74     4m
    economy-energy-l2-pwr                      73     4m
    elt-buffer-bottom-pwr                       0     4m
    elt-buffer-top-pwr                          0     4m
    elt-store-bottom-pwr                        0     4m
    elt-store-top-pwr                           0     4m
    hp-ctrl-box-pwr                             4     2m
  * hp-ewt                                  10200    28s
  * hp-lwt                                  10120    45s
    hp-odu-pwr                                 22     4m
  * primary-flow                                6     2m
  * secondary-ewt                           10350    31s
  * secondary-flow                              6    19s
  * secondary-lwt                           10880    15s
    secondary-pump-ct                         167    41s
    store-cold-pipe                        129900    55s
  * store-flow                                  0     4m
    store-hot-pipe                          16360     4m
  * tank1-depth1                             6308    27s
  * tank1-depth1-device                     17270    27s
  * tank1-depth1-micro-v                  2363835    27s
  * tank1-depth2                             6062    27s
  * tank1-depth2-device                     15900    27s
  * tank1-depth2-micro-v                  2406722    27s
  * tank1-depth3                             5919    27s
  * tank1-depth3-device                     15110    27s
  * tank1-depth3-micro-v                  2431186    27s
    zone1-bedrooms-gw-microvolts          2199875    30s
    zone1-bedrooms-gw-temp                   2244    30s
    zone1-bedrooms-opto-input                   1     4m
    zone2-living-rm-gw-microvolts         2200375    30s
    zone2-living-rm-gw-temp                  2243    30s
    zone2-living-rm-opto-input                  1     4m
    zone3-upstairs-gw-microvolts          2182500    30s
    zone3-upstairs-gw-temp                   2296    30s
    zone3-upstairs-opto-input                   1     4m
    zone4-garage-gw-microvolts            2339250    30s
    zone4-garage-gw-temp                     1818    30s
    zone4-garage-opto-input                     1     4m
    zone5-living-rm-fancoil-opto-input            1     4m
  (* = pico-family channel)

=== snapshot 11:30:00 on gw/hw1-isone-me-versant-keene-spruce-scada/to/ltn/snapshot-spaceheat — 53/53 channels fresh, pico-family 26/26 ===
  * buffer-depth1                            5009    19s
  * buffer-depth1-device                    10050    19s
  * buffer-depth1-micro-v                 2579843    19s
  * buffer-depth2                            4969    13s
  * buffer-depth2-device                     9830    13s
  * buffer-depth2-micro-v                 2585924    13s
  * buffer-depth3                            4901    46s
  * buffer-depth3-device                     9450    46s
  * buffer-depth3-micro-v                 2596509    46s
  * dist-flow                                   0     2m
    dist-pump-pwr                               1     5m
    dist-rwt                                11910    32s
    dist-swt                                10430    85s
    economy-energy-l1-pwr                      74     5m
    economy-energy-l2-pwr                      73     5m
    elt-buffer-bottom-pwr                       0     5m
    elt-buffer-top-pwr                          0     5m
    elt-store-bottom-pwr                        0     5m
    elt-store-top-pwr                           0     5m
    hp-ctrl-box-pwr                             4     3m
  * hp-ewt                                  10200    58s
  * hp-lwt                                  10120    75s
    hp-odu-pwr                                 22     5m
  * primary-flow                                6     3m
  * secondary-ewt                           10350    62s
  * secondary-flow                              6    49s
  * secondary-lwt                           10680    25s
    secondary-pump-ct                         167    17s
    store-cold-pipe                        129900    85s
  * store-flow                                  0     4m
    store-hot-pipe                          16360     4m
  * tank1-depth1                             6308    57s
  * tank1-depth1-device                     17270    57s
  * tank1-depth1-micro-v                  2363835    57s
  * tank1-depth2                             6062    57s
  * tank1-depth2-device                     15900    57s
  * tank1-depth2-micro-v                  2406722    57s
  * tank1-depth3                             5919    57s
  * tank1-depth3-device                     15110    57s
  * tank1-depth3-micro-v                  2431186    57s
    zone1-bedrooms-gw-microvolts          2199875    60s
    zone1-bedrooms-gw-temp                   2244    60s
    zone1-bedrooms-opto-input                   1     5m
    zone2-living-rm-gw-microvolts         2200375    60s
    zone2-living-rm-gw-temp                  2243    60s
    zone2-living-rm-opto-input                  1     5m
    zone3-upstairs-gw-microvolts          2182500    60s
    zone3-upstairs-gw-temp                   2296    60s
    zone3-upstairs-opto-input                   1     5m
    zone4-garage-gw-microvolts            2339250    60s
    zone4-garage-gw-temp                     1818    60s
    zone4-garage-opto-input                     1     5m
    zone5-living-rm-fancoil-opto-input            1     5m
  (* = pico-family channel)

=== snapshot 11:30:30 on gw/hw1-isone-me-versant-keene-spruce-scada/to/ltn/snapshot-spaceheat — 57/57 channels fresh, pico-family 26/26 ===
  * buffer-depth1                            5000    27s
  * buffer-depth1-device                    10000    27s
  * buffer-depth1-micro-v                 2581169    27s
  * buffer-depth2                            4955     1s
  * buffer-depth2-device                     9750     1s
  * buffer-depth2-micro-v                 2587952     1s
  * buffer-depth3                            4899    27s
  * buffer-depth3-device                     9440    27s
  * buffer-depth3-micro-v                 2596656    27s
  * dist-flow                                   0    30s
    dist-pump-pwr                               0     7s
    dist-rwt                                11720    30s
    dist-swt                                10470    30s
    economy-energy-l1-pwr                       6     7s
    economy-energy-l2-pwr                       5     7s
    elt-buffer-bottom-pwr                       0     7s
    elt-buffer-top-pwr                          0     7s
    elt-store-bottom-pwr                        0     7s
    elt-store-top-pwr                           0     7s
    hp-ctrl-box-pwr                             4     3m
  * hp-ewt                                  10320    30s
  * hp-lwt                                  10210    30s
    hp-odu-pwr                                 10     4s
  * primary-flow                                0    30s
  * secondary-ewt                           10190    30s
  * secondary-flow                              0    30s
  * secondary-lwt                           10620    30s
    secondary-pump-ct                         167    30s
    store-cold-pipe                        129980    29s
  * store-flow                                  0    29s
    store-hot-pipe                          16420    29s
  * tank1-depth1                             6308    27s
  * tank1-depth1-device                     17270    27s
  * tank1-depth1-micro-v                  2363839    27s
  * tank1-depth2                             6062    27s
  * tank1-depth2-device                     15900    27s
  * tank1-depth2-micro-v                  2406699    27s
  * tank1-depth3                             5919    27s
  * tank1-depth3-device                     15110    27s
  * tank1-depth3-micro-v                  2431166    27s
    zone1-bedrooms-gw-microvolts          2199625    30s
    zone1-bedrooms-gw-temp                   2245    30s
    zone1-bedrooms-heat-call                    0    30s
    zone1-bedrooms-opto-input                   1    30s
    zone2-living-rm-gw-microvolts         2200125    30s
    zone2-living-rm-gw-temp                  2243    30s
    zone2-living-rm-heat-call                   0    30s
    zone2-living-rm-opto-input                  1    30s
    zone3-upstairs-gw-microvolts          2182375    30s
    zone3-upstairs-gw-temp                   2296    30s
    zone3-upstairs-heat-call                    0    30s
    zone3-upstairs-opto-input                   1    30s
    zone4-garage-gw-microvolts            2330875    10s
    zone4-garage-gw-temp                     1844    10s
    zone4-garage-heat-call                      0    30s
    zone4-garage-opto-input                     1    30s
    zone5-living-rm-fancoil-opto-input            1    30s
  (* = pico-family channel)

=== snapshot 11:31:00 on gw/hw1-isone-me-versant-keene-spruce-scada/to/ltn/snapshot-spaceheat — 57/57 channels fresh, pico-family 26/26 ===
  * buffer-depth1                            5000    57s
  * buffer-depth1-device                    10000    57s
  * buffer-depth1-micro-v                 2581169    57s
  * buffer-depth2                            4940    10s
  * buffer-depth2-device                     9670    10s
  * buffer-depth2-micro-v                 2590178    10s
  * buffer-depth3                            4899    57s
  * buffer-depth3-device                     9440    57s
  * buffer-depth3-micro-v                 2596656    57s
  * dist-flow                                   0    60s
    dist-pump-pwr                               0    37s
    dist-rwt                                11720    60s
    dist-swt                                10470    60s
    economy-energy-l1-pwr                       6    37s
    economy-energy-l2-pwr                       5    37s
    elt-buffer-bottom-pwr                       0    37s
    elt-buffer-top-pwr                          0    37s
    elt-store-bottom-pwr                        0    37s
    elt-store-top-pwr                           0    37s
    hp-ctrl-box-pwr                             4     4m
  * hp-ewt                                  10320    60s
  * hp-lwt                                  10210    60s
    hp-odu-pwr                                 10    34s
  * primary-flow                                0    60s
  * secondary-ewt                           10190    60s
  * secondary-flow                              0    60s
  * secondary-lwt                           10620    60s
    secondary-pump-ct                         167    60s
    store-cold-pipe                        129980    59s
  * store-flow                                  0    59s
    store-hot-pipe                          16420    59s
  * tank1-depth1                             6308    57s
  * tank1-depth1-device                     17270    57s
  * tank1-depth1-micro-v                  2363839    57s
  * tank1-depth2                             6062    57s
  * tank1-depth2-device                     15900    57s
  * tank1-depth2-micro-v                  2406699    57s
  * tank1-depth3                             5919    57s
  * tank1-depth3-device                     15110    57s
  * tank1-depth3-micro-v                  2431166    57s
    zone1-bedrooms-gw-microvolts          2199625    60s
    zone1-bedrooms-gw-temp                   2245    60s
    zone1-bedrooms-heat-call                    0    60s
    zone1-bedrooms-opto-input                   1    60s
    zone2-living-rm-gw-microvolts         2200125    60s
    zone2-living-rm-gw-temp                  2243    60s
    zone2-living-rm-heat-call                   0    60s
    zone2-living-rm-opto-input                  1    60s
    zone3-upstairs-gw-microvolts          2182375    60s
    zone3-upstairs-gw-temp                   2296    60s
    zone3-upstairs-heat-call                    0    60s
    zone3-upstairs-opto-input                   1    60s
    zone4-garage-gw-microvolts            2330875    40s
    zone4-garage-gw-temp                     1844    40s
    zone4-garage-heat-call                      0    60s
    zone4-garage-opto-input                     1    60s
    zone5-living-rm-fancoil-opto-input            1    60s
  (* = pico-family channel)

=== snapshot 11:31:30 on gw/hw1-isone-me-versant-keene-spruce-scada/to/ltn/snapshot-spaceheat — 57/57 channels fresh, pico-family 26/26 ===
  * buffer-depth1                            5010    27s
  * buffer-depth1-device                    10060    27s
  * buffer-depth1-micro-v                 2579409    27s
  * buffer-depth2                            4926     8s
  * buffer-depth2-device                     9590     8s
  * buffer-depth2-micro-v                 2592414     8s
  * buffer-depth3                            4901    27s
  * buffer-depth3-device                     9450    27s
  * buffer-depth3-micro-v                 2596449    27s
  * dist-flow                                   0    90s
    dist-pump-pwr                               0    66s
    dist-rwt                                11720    90s
    dist-swt                                10470    90s
    economy-energy-l1-pwr                       6    66s
    economy-energy-l2-pwr                       5    66s
    elt-buffer-bottom-pwr                       0    66s
    elt-buffer-top-pwr                          0    66s
    elt-store-bottom-pwr                        0    66s
    elt-store-top-pwr                           0    66s
    hp-ctrl-box-pwr                             4     4m
  * hp-ewt                                  10320    90s
  * hp-lwt                                  10210    90s
    hp-odu-pwr                                 10    63s
  * primary-flow                                0    90s
  * secondary-ewt                           10190    90s
  * secondary-flow                              0    90s
  * secondary-lwt                           10620    90s
    secondary-pump-ct                         167    90s
    store-cold-pipe                        129920    22s
  * store-flow                                  0    89s
    store-hot-pipe                          16420    89s
  * tank1-depth1                             6308    27s
  * tank1-depth1-device                     17270    27s
  * tank1-depth1-micro-v                  2363832    27s
  * tank1-depth2                             6062    27s
  * tank1-depth2-device                     15900    27s
  * tank1-depth2-micro-v                  2406758    27s
  * tank1-depth3                             5919    27s
  * tank1-depth3-device                     15110    27s
  * tank1-depth3-micro-v                  2431179    27s
    zone1-bedrooms-gw-microvolts          2199250    30s
    zone1-bedrooms-gw-temp                   2246    30s
    zone1-bedrooms-heat-call                    0    90s
    zone1-bedrooms-opto-input                   1    90s
    zone2-living-rm-gw-microvolts         2199875    30s
    zone2-living-rm-gw-temp                  2244    30s
    zone2-living-rm-heat-call                   0    90s
    zone2-living-rm-opto-input                  1    90s
    zone3-upstairs-gw-microvolts          2182250    30s
    zone3-upstairs-gw-temp                   2297    30s
    zone3-upstairs-heat-call                    0    90s
    zone3-upstairs-opto-input                   1    90s
    zone4-garage-gw-microvolts            2332375    30s
    zone4-garage-gw-temp                     1840    30s
    zone4-garage-heat-call                      0    90s
    zone4-garage-opto-input                     1    90s
    zone5-living-rm-fancoil-opto-input            1    90s
  (* = pico-family channel)

=== snapshot 11:32:00 on gw/hw1-isone-me-versant-keene-spruce-scada/to/ltn/snapshot-spaceheat — 57/57 channels fresh, pico-family 26/26 ===
  * buffer-depth1                            5010    57s
  * buffer-depth1-device                    10060    57s
  * buffer-depth1-micro-v                 2579409    57s
  * buffer-depth2                            4926    38s
  * buffer-depth2-device                     9590    38s
  * buffer-depth2-micro-v                 2592414    38s
  * buffer-depth3                            4901    57s
  * buffer-depth3-device                     9450    57s
  * buffer-depth3-micro-v                 2596449    57s
  * dist-flow                                   0     2m
    dist-pump-pwr                               0    96s
    dist-rwt                                11720     2m
    dist-swt                                10470     2m
    economy-energy-l1-pwr                       6    96s
    economy-energy-l2-pwr                       5    96s
    elt-buffer-bottom-pwr                       0    96s
    elt-buffer-top-pwr                          0    96s
    elt-store-bottom-pwr                        0    96s
    elt-store-top-pwr                           0    96s
    hp-ctrl-box-pwr                             4     5m
  * hp-ewt                                  10530    29s
  * hp-lwt                                  10410     5s
    hp-odu-pwr                                 10    93s
  * primary-flow                                0   120s
  * secondary-ewt                           10190   120s
  * secondary-flow                              0   120s
  * secondary-lwt                           10620   120s
    secondary-pump-ct                         167    17s
    store-cold-pipe                        129830     1s
  * store-flow                                  0   119s
    store-hot-pipe                          16420   119s
  * tank1-depth1                             6308    57s
  * tank1-depth1-device                     17270    57s
  * tank1-depth1-micro-v                  2363832    57s
  * tank1-depth2                             6062    57s
  * tank1-depth2-device                     15900    57s
  * tank1-depth2-micro-v                  2406758    57s
  * tank1-depth3                             5919    57s
  * tank1-depth3-device                     15110    57s
  * tank1-depth3-micro-v                  2431179    57s
    zone1-bedrooms-gw-microvolts          2199250    60s
    zone1-bedrooms-gw-temp                   2246    60s
    zone1-bedrooms-heat-call                    0   120s
    zone1-bedrooms-opto-input                   1   120s
    zone2-living-rm-gw-microvolts         2199875    60s
    zone2-living-rm-gw-temp                  2244    60s
    zone2-living-rm-heat-call                   0   120s
    zone2-living-rm-opto-input                  1   120s
    zone3-upstairs-gw-microvolts          2182250    60s
    zone3-upstairs-gw-temp                   2297    60s
    zone3-upstairs-heat-call                    0   120s
    zone3-upstairs-opto-input                   1   120s
    zone4-garage-gw-microvolts            2332375    60s
    zone4-garage-gw-temp                     1840    60s
    zone4-garage-heat-call                      0   120s
    zone4-garage-opto-input                     1   120s
    zone5-living-rm-fancoil-opto-input            1   120s
  (* = pico-family channel)

=== snapshot 11:32:30 on gw/hw1-isone-me-versant-keene-spruce-scada/to/ltn/snapshot-spaceheat — 53/53 channels fresh, pico-family 26/26 ===
  * buffer-depth1                            5005    27s
  * buffer-depth1-device                    10030    27s
  * buffer-depth1-micro-v                 2580183    27s
  * buffer-depth2                            4919    27s
  * buffer-depth2-device                     9550    27s
  * buffer-depth2-micro-v                 2593672    27s
  * buffer-depth3                            4901    27s
  * buffer-depth3-device                     9450    27s
  * buffer-depth3-micro-v                 2596397    27s
  * dist-flow                                   0     3m
    dist-pump-pwr                               0     2m
    dist-rwt                                11720     3m
    dist-swt                                10680    23s
    economy-energy-l1-pwr                       6     2m
    economy-energy-l2-pwr                       5     2m
    elt-buffer-bottom-pwr                       0     2m
    elt-buffer-top-pwr                          0     2m
    elt-store-bottom-pwr                        0     2m
    elt-store-top-pwr                           0     2m
    hp-ctrl-box-pwr                             4     7s
  * hp-ewt                                  10530    59s
  * hp-lwt                                  10410    35s
    hp-odu-pwr                                 10     2m
  * primary-flow                                0     3m
  * secondary-ewt                           10190     2m
  * secondary-flow                              0     2m
  * secondary-lwt                           10830     1s
    secondary-pump-ct                         167    47s
    store-cold-pipe                        129850     1s
  * store-flow                                  0     2m
    store-hot-pipe                          16420     2m
  * tank1-depth1                             6308    27s
  * tank1-depth1-device                     17270    27s
  * tank1-depth1-micro-v                  2363756    27s
  * tank1-depth2                             6062    27s
  * tank1-depth2-device                     15900    27s
  * tank1-depth2-micro-v                  2406684    27s
  * tank1-depth3                             5919    27s
  * tank1-depth3-device                     15110    27s
  * tank1-depth3-micro-v                  2431108    27s
    zone1-bedrooms-gw-microvolts          2198750    30s
    zone1-bedrooms-gw-temp                   2248    30s
    zone1-bedrooms-opto-input                   1     2m
    zone2-living-rm-gw-microvolts         2200250    30s
    zone2-living-rm-gw-temp                  2243    30s
    zone2-living-rm-opto-input                  1     2m
    zone3-upstairs-gw-microvolts          2181375    30s
    zone3-upstairs-gw-temp                   2299    30s
    zone3-upstairs-opto-input                   1     2m
    zone4-garage-gw-microvolts            2332250    30s
    zone4-garage-gw-temp                     1840    30s
    zone4-garage-opto-input                     1     2m
    zone5-living-rm-fancoil-opto-input            1     2m
  (* = pico-family channel)

=== snapshot 11:33:00 on gw/hw1-isone-me-versant-keene-spruce-scada/to/ltn/snapshot-spaceheat — 53/53 channels fresh, pico-family 26/26 ===
  * buffer-depth1                            5005    57s
  * buffer-depth1-device                    10030    57s
  * buffer-depth1-micro-v                 2580183    57s
  * buffer-depth2                            4919    57s
  * buffer-depth2-device                     9550    57s
  * buffer-depth2-micro-v                 2593672    57s
  * buffer-depth3                            4901    57s
  * buffer-depth3-device                     9450    57s
  * buffer-depth3-micro-v                 2596397    57s
  * dist-flow                                   0     3m
    dist-pump-pwr                               0     3m
    dist-rwt                                11720     3m
    dist-swt                                10680    53s
    economy-energy-l1-pwr                       6     3m
    economy-energy-l2-pwr                       5     3m
    elt-buffer-bottom-pwr                       0     3m
    elt-buffer-top-pwr                          0     3m
    elt-store-bottom-pwr                        0     3m
    elt-store-top-pwr                           0     3m
    hp-ctrl-box-pwr                             4    37s
  * hp-ewt                                  10530    89s
  * hp-lwt                                  10410    65s
    hp-odu-pwr                                 10     3m
  * primary-flow                                0     3m
  * secondary-ewt                           10400    17s
  * secondary-flow                              0     3m
  * secondary-lwt                           10830    31s
    secondary-pump-ct                         167    25s
    store-cold-pipe                        129880     1s
  * store-flow                                  0     3m
    store-hot-pipe                          16420     3m
  * tank1-depth1                             6308    57s
  * tank1-depth1-device                     17270    57s
  * tank1-depth1-micro-v                  2363756    57s
  * tank1-depth2                             6062    57s
  * tank1-depth2-device                     15900    57s
  * tank1-depth2-micro-v                  2406684    57s
  * tank1-depth3                             5919    57s
  * tank1-depth3-device                     15110    57s
  * tank1-depth3-micro-v                  2431108    57s
    zone1-bedrooms-gw-microvolts          2198750    60s
    zone1-bedrooms-gw-temp                   2248    60s
    zone1-bedrooms-opto-input                   1     3m
    zone2-living-rm-gw-microvolts         2200250    60s
    zone2-living-rm-gw-temp                  2243    60s
    zone2-living-rm-opto-input                  1     3m
    zone3-upstairs-gw-microvolts          2181375    60s
    zone3-upstairs-gw-temp                   2299    60s
    zone3-upstairs-opto-input                   1     3m
    zone4-garage-gw-microvolts            2332250    60s
    zone4-garage-gw-temp                     1840    60s
    zone4-garage-opto-input                     1     3m
    zone5-living-rm-fancoil-opto-input            1     3m
  (* = pico-family channel)

=== snapshot 11:33:30 on gw/hw1-isone-me-versant-keene-spruce-scada/to/ltn/snapshot-spaceheat — 53/53 channels fresh, pico-family 26/26 ===
  * buffer-depth1                            5005    27s
  * buffer-depth1-device                    10030    27s
  * buffer-depth1-micro-v                 2580315    27s
  * buffer-depth2                            4920    27s
  * buffer-depth2-device                     9560    27s
  * buffer-depth2-micro-v                 2593233    27s
  * buffer-depth3                            4899    27s
  * buffer-depth3-device                     9440    27s
  * buffer-depth3-micro-v                 2596557    27s
  * dist-flow                                   0     4m
    dist-pump-pwr                               0     3m
    dist-rwt                                11920    21s
    dist-swt                                10680    83s
    economy-energy-l1-pwr                       6     3m
    economy-energy-l2-pwr                       5     3m
    elt-buffer-bottom-pwr                       0     3m
    elt-buffer-top-pwr                          0     3m
    elt-store-bottom-pwr                        0     3m
    elt-store-top-pwr                           0     3m
    hp-ctrl-box-pwr                             4    67s
  * hp-ewt                                  10530   119s
  * hp-lwt                                  10410    95s
    hp-odu-pwr                                 10     3m
  * primary-flow                                0     3m
  * secondary-ewt                           10400    47s
  * secondary-flow                              0     3m
  * secondary-lwt                           10830    61s
    secondary-pump-ct                         167    27s
    store-cold-pipe                        130010     7s
  * store-flow                                  0     3m
    store-hot-pipe                          16420     3m
  * tank1-depth1                             6308    27s
  * tank1-depth1-device                     17270    27s
  * tank1-depth1-micro-v                  2363757    27s
  * tank1-depth2                             6062    27s
  * tank1-depth2-device                     15900    27s
  * tank1-depth2-micro-v                  2406754    27s
  * tank1-depth3                             5919    27s
  * tank1-depth3-device                     15110    27s
  * tank1-depth3-micro-v                  2431122    27s
    zone1-bedrooms-gw-microvolts          2199000    30s
    zone1-bedrooms-gw-temp                   2247    30s
    zone1-bedrooms-opto-input                   1     3m
    zone2-living-rm-gw-microvolts         2199875    30s
    zone2-living-rm-gw-temp                  2244    30s
    zone2-living-rm-opto-input                  1     3m
    zone3-upstairs-gw-microvolts          2182875    30s
    zone3-upstairs-gw-temp                   2295    30s
    zone3-upstairs-opto-input                   1     3m
    zone4-garage-gw-microvolts            2329125    30s
    zone4-garage-gw-temp                     1850    30s
    zone4-garage-opto-input                     1     3m
    zone5-living-rm-fancoil-opto-input            1     3m
  (* = pico-family channel)

=== snapshot 11:34:00 on gw/hw1-isone-me-versant-keene-spruce-scada/to/ltn/snapshot-spaceheat — 53/53 channels fresh, pico-family 26/26 ===
  * buffer-depth1                            5005    57s
  * buffer-depth1-device                    10030    57s
  * buffer-depth1-micro-v                 2580315    57s
  * buffer-depth2                            4940    23s
  * buffer-depth2-device                     9670    23s
  * buffer-depth2-micro-v                 2590324    23s
  * buffer-depth3                            4899    57s
  * buffer-depth3-device                     9440    57s
  * buffer-depth3-micro-v                 2596557    57s
  * dist-flow                                   0     4m
    dist-pump-pwr                               0     4m
    dist-rwt                                11920    51s
    dist-swt                                10880    19s
    economy-energy-l1-pwr                       6     4m
    economy-energy-l2-pwr                       5     4m
    elt-buffer-bottom-pwr                       0     4m
    elt-buffer-top-pwr                          0     4m
    elt-store-bottom-pwr                        0     4m
    elt-store-top-pwr                           0     4m
    hp-ctrl-box-pwr                             4    97s
  * hp-ewt                                  10750    14s
  * hp-lwt                                  10410     2m
    hp-odu-pwr                                 10     4m
  * primary-flow                                0     4m
  * secondary-ewt                           10400    77s
  * secondary-flow                              0     4m
  * secondary-lwt                           10830    91s
    secondary-pump-ct                         167     8s
    store-cold-pipe                        130010    37s
  * store-flow                                  0     4m
    store-hot-pipe                          16420     4m
  * tank1-depth1                             6308    57s
  * tank1-depth1-device                     17270    57s
  * tank1-depth1-micro-v                  2363757    57s
  * tank1-depth2                             6062    57s
  * tank1-depth2-device                     15900    57s
  * tank1-depth2-micro-v                  2406754    57s
  * tank1-depth3                             5919    57s
