2026-10-07 09:46:55,889 INFO alembic.runtime.migration: Context impl SQLiteImpl.
2026-10-07 09:46:55,889 INFO alembic.runtime.migration: Will assume non-transactional DDL.
2026-10-07 09:46:55,890 INFO alembic.runtime.migration: Running upgrade  -> 0001, initial schema: g_nodes, layouts, readings, alerts
2026-10-07 09:46:55,920 INFO httpx: HTTP Request: POST http://localhost:8000/gnr/g-node-forest-request "HTTP/1.1 200 OK"
2026-10-07 09:46:55,925 INFO gwalerter.cli: Tracking ['d1.isone.me.versant.keene.spruce.ta'] under ['d1.isone.me.versant.keene.spruce']
2026-10-07 09:46:55,925 INFO gwbase.actor_base: Connecting to localhost:5672 vhost=d1__1
2026-10-07 09:46:55,926 INFO pika.adapters.utils.connection_workflow: Pika version 1.4.4 connecting to ('::1', 5672, 0, 0)
2026-10-07 09:46:55,926 INFO pika.adapters.utils.io_services_utils: Socket connected: <socket.socket fd=10, family=30, type=1, proto=6, laddr=('::1', 50855, 0, 0), raddr=('::1', 5672, 0, 0)>
2026-10-07 09:46:55,927 INFO pika.adapters.utils.connection_workflow: Streaming transport linked up: (<pika.adapters.utils.io_services_utils._AsyncPlaintextTransport object at 0x1110e83b0>, _StreamingProtocolShim: <SelectConnection PROTOCOL transport=<pika.adapters.utils.io_services_utils._AsyncPlaintextTransport object at 0x1110e83b0> params=<URLParameters host=localhost port=5672 virtual_host=d1__1 ssl=False>>).
2026-10-07 09:46:55,932 INFO gwbase.actor_base: Connection opened
2026-10-07 09:46:55,932 INFO gwbase.actor_base: Creating a new channel
2026-10-07 09:46:55,932 INFO pika.adapters.utils.connection_workflow: AMQPConnector - reporting success: <SelectConnection OPEN transport=<pika.adapters.utils.io_services_utils._AsyncPlaintextTransport object at 0x1110e83b0> params=<URLParameters host=localhost port=5672 virtual_host=d1__1 ssl=False>>
2026-10-07 09:46:55,932 INFO pika.adapters.utils.connection_workflow: AMQPConnectionWorkflow - reporting success: <SelectConnection OPEN transport=<pika.adapters.utils.io_services_utils._AsyncPlaintextTransport object at 0x1110e83b0> params=<URLParameters host=localhost port=5672 virtual_host=d1__1 ssl=False>>
2026-10-07 09:46:55,934 INFO gwbase.actor_base: Channel opened
2026-10-07 09:46:55,934 INFO gwbase.actor_base: Adding consumer channel close callback
2026-10-07 09:46:55,934 INFO gwbase.actor_base: Asserting consume exchange exists: alerts_tx
2026-10-07 09:46:55,934 INFO gwbase.actor_base: Consume exchange present: alerts_tx
2026-10-07 09:46:55,934 INFO gwbase.actor_base: Declaring queue d1.alerts-F01a
2026-10-07 09:46:55,936 INFO gwbase.orchestrator: Binding alerts_tx to d1.alerts-F01a with rj.*.*.*.*.d1-alerts
2026-10-07 09:46:55,937 INFO gwbase.actor_base: Queue d1.alerts-F01a bound with rj.*.*.*.*.d1-alerts
2026-10-07 09:46:55,938 INFO gwbase.actor_base: QOS set to: 1
2026-10-07 09:46:55,938 INFO gwbase.actor_base: Start consuming
2026-10-07 09:46:55,938 INFO gwbase.actor_base: Adding consumer cancellation callback
2026-10-07 09:48:02,639 INFO pika.adapters.utils.io_services_utils: Aborting transport connection: state=1; <socket.socket fd=10, family=30, type=1, proto=6, laddr=('::1', 50855, 0, 0), raddr=('::1', 5672, 0, 0)>
2026-10-07 09:48:02,639 INFO pika.adapters.utils.io_services_utils: _AsyncTransportBase._initate_abort(): Initiating abrupt asynchronous transport shutdown: state=1; error=None; <socket.socket fd=10, family=30, type=1, proto=6, laddr=('::1', 50855, 0, 0), raddr=('::1', 5672, 0, 0)>
2026-10-07 09:48:02,639 INFO pika.adapters.utils.io_services_utils: Deactivating transport: state=1; <socket.socket fd=10, family=30, type=1, proto=6, laddr=('::1', 50855, 0, 0), raddr=('::1', 5672, 0, 0)>
2026-10-07 09:48:02,639 INFO pika.connection: AMQP stack terminated, failed to connect, or aborted: opened=True, error-arg=None; pending-error=ConnectionClosedByBroker: (320) "CONNECTION_FORCED - broker forced connection closure with reason 'shutdown'"
2026-10-07 09:48:02,639 WARNING gwbase.actor_base: Consume channel 1 was closed: (320, "CONNECTION_FORCED - broker forced connection closure with reason 'shutdown'")
2026-10-07 09:48:02,639 INFO pika.connection: Stack terminated due to ConnectionClosedByBroker: (320) "CONNECTION_FORCED - broker forced connection closure with reason 'shutdown'"
2026-10-07 09:48:02,639 WARNING gwbase.actor_base: Consumer connection closed, reconnect necessary: (320, "CONNECTION_FORCED - broker forced connection closure with reason 'shutdown'")
2026-10-07 09:48:02,639 INFO gwbase.actor_base: Consumer connection stopping
2026-10-07 09:48:02,639 INFO gwbase.actor_base: Consumer connection stopped
2026-10-07 09:48:02,639 INFO pika.adapters.utils.io_services_utils: Closing transport socket and unlinking: state=3; <socket.socket fd=10, family=30, type=1, proto=6, laddr=('::1', 50855, 0, 0), raddr=('::1', 5672, 0, 0)>
2026-10-07 09:48:02,639 INFO gwbase.actor_base: Reconnecting after 0 seconds
2026-10-07 09:48:02,640 INFO gwbase.actor_base: Connecting to localhost:5672 vhost=d1__1
2026-10-07 09:48:02,640 INFO pika.adapters.utils.connection_workflow: Pika version 1.4.4 connecting to ('::1', 5672, 0, 0)
2026-10-07 09:48:02,641 INFO pika.adapters.utils.io_services_utils: Socket connected: <socket.socket fd=12, family=30, type=1, proto=6, laddr=('::1', 50903, 0, 0), raddr=('::1', 5672, 0, 0)>
2026-10-07 09:48:02,641 INFO pika.adapters.utils.connection_workflow: Streaming transport linked up: (<pika.adapters.utils.io_services_utils._AsyncPlaintextTransport object at 0x1110e8170>, _StreamingProtocolShim: <SelectConnection PROTOCOL transport=<pika.adapters.utils.io_services_utils._AsyncPlaintextTransport object at 0x1110e8170> params=<URLParameters host=localhost port=5672 virtual_host=d1__1 ssl=False>>).
2026-10-07 09:48:02,641 ERROR pika.adapters.utils.io_services_utils: Socket EOF; <socket.socket fd=12, family=30, type=1, proto=6, laddr=('::1', 50903, 0, 0), raddr=('::1', 5672, 0, 0)>
2026-10-07 09:48:02,641 ERROR pika.adapters.base_connection: Transport indicated EOF.
2026-10-07 09:48:02,641 INFO pika.adapters.utils.io_services_utils: protocol.eof_received() elected to close: <socket.socket fd=12, family=30, type=1, proto=6, laddr=('::1', 50903, 0, 0), raddr=('::1', 5672, 0, 0)>
2026-10-07 09:48:02,641 INFO pika.adapters.utils.io_services_utils: _AsyncTransportBase._initate_abort(): Initiating abrupt asynchronous transport shutdown: state=1; error=None; <socket.socket fd=12, family=30, type=1, proto=6, laddr=('::1', 50903, 0, 0), raddr=('::1', 5672, 0, 0)>
2026-10-07 09:48:02,641 INFO pika.adapters.utils.io_services_utils: Deactivating transport: state=1; <socket.socket fd=12, family=30, type=1, proto=6, laddr=('::1', 50903, 0, 0), raddr=('::1', 5672, 0, 0)>
2026-10-07 09:48:02,641 ERROR pika.adapters.base_connection: connection_lost: StreamLostError: ('Transport indicated EOF',)
2026-10-07 09:48:02,641 INFO pika.connection: AMQP stack terminated, failed to connect, or aborted: opened=False, error-arg=StreamLostError: ('Transport indicated EOF',); pending-error=None
2026-10-07 09:48:02,641 ERROR pika.connection: Probably incompatible Protocol Versions
2026-10-07 09:48:02,641 INFO pika.connection: Connection setup terminated due to IncompatibleProtocolError: The protocol returned by the server is not supported: ("StreamLostError: ('Transport indicated EOF',)",)
2026-10-07 09:48:02,641 ERROR gwbase.actor_base: Consumer connection open failed: StreamLostError: ('Transport indicated EOF',)
2026-10-07 09:48:02,641 INFO gwbase.actor_base: Consumer connection stopping
2026-10-07 09:48:02,642 INFO gwbase.actor_base: Consumer connection stopped
2026-10-07 09:48:02,642 ERROR pika.adapters.utils.connection_workflow: AMQPConnector - reporting failure: AMQPConnectorAMQPHandshakeError: IncompatibleProtocolError: The protocol returned by the server is not supported: ("StreamLostError: ('Transport indicated EOF',)",)
2026-10-07 09:48:02,642 ERROR pika.adapters.utils.connection_workflow: AMQPConnectionWorkflow - reporting failure: AMQPConnectionWorkflowFailed: 1 exceptions in all; last exception - AMQPConnectorAMQPHandshakeError: IncompatibleProtocolError: The protocol returned by the server is not supported: ("StreamLostError: ('Transport indicated EOF',)",); first exception - None
2026-10-07 09:48:02,642 ERROR pika.adapters.base_connection: Full-stack connection workflow failed: AMQPConnectionWorkflowFailed: 1 exceptions in all; last exception - AMQPConnectorAMQPHandshakeError: IncompatibleProtocolError: The protocol returned by the server is not supported: ("StreamLostError: ('Transport indicated EOF',)",); first exception - None
2026-10-07 09:48:02,642 ERROR pika.adapters.base_connection: Self-initiated stack bring-up failed: AMQPConnectionWorkflowFailed: 1 exceptions in all; last exception - AMQPConnectorAMQPHandshakeError: IncompatibleProtocolError: The protocol returned by the server is not supported: ("StreamLostError: ('Transport indicated EOF',)",); first exception - None
2026-10-07 09:48:02,642 INFO pika.adapters.utils.io_services_utils: Closing transport socket and unlinking: state=3; <socket.socket fd=12, family=30, type=1, proto=6, laddr=('::1', 50903, 0, 0), raddr=('::1', 5672, 0, 0)>
2026-10-07 09:48:02,642 INFO gwbase.actor_base: Reconnecting after 1 seconds
2026-10-07 09:48:03,645 INFO gwbase.actor_base: Connecting to localhost:5672 vhost=d1__1
2026-10-07 09:48:03,648 INFO pika.adapters.utils.connection_workflow: Pika version 1.4.4 connecting to ('::1', 5672, 0, 0)
2026-10-07 09:48:03,649 INFO pika.adapters.utils.io_services_utils: Socket connected: <socket.socket fd=10, family=30, type=1, proto=6, laddr=('::1', 50910, 0, 0), raddr=('::1', 5672, 0, 0)>
2026-10-07 09:48:03,650 INFO pika.adapters.utils.connection_workflow: Streaming transport linked up: (<pika.adapters.utils.io_services_utils._AsyncPlaintextTransport object at 0x1110e8560>, _StreamingProtocolShim: <SelectConnection PROTOCOL transport=<pika.adapters.utils.io_services_utils._AsyncPlaintextTransport object at 0x1110e8560> params=<URLParameters host=localhost port=5672 virtual_host=d1__1 ssl=False>>).
2026-10-07 09:48:03,651 ERROR pika.adapters.utils.io_services_utils: Socket EOF; <socket.socket fd=10, family=30, type=1, proto=6, laddr=('::1', 50910, 0, 0), raddr=('::1', 5672, 0, 0)>
2026-10-07 09:48:03,652 ERROR pika.adapters.base_connection: Transport indicated EOF.
2026-10-07 09:48:03,653 INFO pika.adapters.utils.io_services_utils: protocol.eof_received() elected to close: <socket.socket fd=10, family=30, type=1, proto=6, laddr=('::1', 50910, 0, 0), raddr=('::1', 5672, 0, 0)>
2026-10-07 09:48:03,654 INFO pika.adapters.utils.io_services_utils: _AsyncTransportBase._initate_abort(): Initiating abrupt asynchronous transport shutdown: state=1; error=None; <socket.socket fd=10, family=30, type=1, proto=6, laddr=('::1', 50910, 0, 0), raddr=('::1', 5672, 0, 0)>
2026-10-07 09:48:03,654 INFO pika.adapters.utils.io_services_utils: Deactivating transport: state=1; <socket.socket fd=10, family=30, type=1, proto=6, laddr=('::1', 50910, 0, 0), raddr=('::1', 5672, 0, 0)>
2026-10-07 09:48:03,654 ERROR pika.adapters.base_connection: connection_lost: StreamLostError: ('Transport indicated EOF',)
2026-10-07 09:48:03,654 INFO pika.connection: AMQP stack terminated, failed to connect, or aborted: opened=False, error-arg=StreamLostError: ('Transport indicated EOF',); pending-error=None
2026-10-07 09:48:03,654 ERROR pika.connection: Probably incompatible Protocol Versions
2026-10-07 09:48:03,654 INFO pika.connection: Connection setup terminated due to IncompatibleProtocolError: The protocol returned by the server is not supported: ("StreamLostError: ('Transport indicated EOF',)",)
2026-10-07 09:48:03,654 ERROR gwbase.actor_base: Consumer connection open failed: StreamLostError: ('Transport indicated EOF',)
2026-10-07 09:48:03,654 INFO gwbase.actor_base: Consumer connection stopping
2026-10-07 09:48:03,654 INFO gwbase.actor_base: Consumer connection stopped
2026-10-07 09:48:03,654 ERROR pika.adapters.utils.connection_workflow: AMQPConnector - reporting failure: AMQPConnectorAMQPHandshakeError: IncompatibleProtocolError: The protocol returned by the server is not supported: ("StreamLostError: ('Transport indicated EOF',)",)
2026-10-07 09:48:03,654 ERROR pika.adapters.utils.connection_workflow: AMQPConnectionWorkflow - reporting failure: AMQPConnectionWorkflowFailed: 1 exceptions in all; last exception - AMQPConnectorAMQPHandshakeError: IncompatibleProtocolError: The protocol returned by the server is not supported: ("StreamLostError: ('Transport indicated EOF',)",); first exception - None
2026-10-07 09:48:03,654 ERROR pika.adapters.base_connection: Full-stack connection workflow failed: AMQPConnectionWorkflowFailed: 1 exceptions in all; last exception - AMQPConnectorAMQPHandshakeError: IncompatibleProtocolError: The protocol returned by the server is not supported: ("StreamLostError: ('Transport indicated EOF',)",); first exception - None
2026-10-07 09:48:03,654 ERROR pika.adapters.base_connection: Self-initiated stack bring-up failed: AMQPConnectionWorkflowFailed: 1 exceptions in all; last exception - AMQPConnectorAMQPHandshakeError: IncompatibleProtocolError: The protocol returned by the server is not supported: ("StreamLostError: ('Transport indicated EOF',)",); first exception - None
2026-10-07 09:48:03,654 INFO pika.adapters.utils.io_services_utils: Closing transport socket and unlinking: state=3; <socket.socket fd=10, family=30, type=1, proto=6, laddr=('::1', 50910, 0, 0), raddr=('::1', 5672, 0, 0)>
2026-10-07 09:48:03,655 INFO gwbase.actor_base: Reconnecting after 2 seconds
2026-10-07 09:48:05,659 INFO gwbase.actor_base: Connecting to localhost:5672 vhost=d1__1
2026-10-07 09:48:05,662 INFO pika.adapters.utils.connection_workflow: Pika version 1.4.4 connecting to ('::1', 5672, 0, 0)
2026-10-07 09:48:05,662 ERROR pika.adapters.utils.io_services_utils: Socket failed to connect: <socket.socket fd=14, family=30, type=1, proto=6, laddr=('::1', 50927, 0, 0)>; error=61 (Connection refused)
2026-10-07 09:48:05,662 ERROR pika.adapters.utils.connection_workflow: TCP Connection attempt failed: ConnectionRefusedError(61, 'Connection refused'); dest=(<AddressFamily.AF_INET6: 30>, <SocketKind.SOCK_STREAM: 1>, 6, '', ('::1', 5672, 0, 0))
2026-10-07 09:48:05,662 ERROR pika.adapters.utils.connection_workflow: AMQPConnector - reporting failure: AMQPConnectorSocketConnectError: ConnectionRefusedError(61, 'Connection refused')
2026-10-07 09:48:05,663 INFO pika.adapters.utils.connection_workflow: Pika version 1.4.4 connecting to ('127.0.0.1', 5672)
2026-10-07 09:48:05,663 ERROR pika.adapters.utils.io_services_utils: Socket failed to connect: <socket.socket fd=14, family=2, type=1, proto=6, laddr=('127.0.0.1', 50929)>; error=61 (Connection refused)
2026-10-07 09:48:05,663 ERROR pika.adapters.utils.connection_workflow: TCP Connection attempt failed: ConnectionRefusedError(61, 'Connection refused'); dest=(<AddressFamily.AF_INET: 2>, <SocketKind.SOCK_STREAM: 1>, 6, '', ('127.0.0.1', 5672))
2026-10-07 09:48:05,663 ERROR pika.adapters.utils.connection_workflow: AMQPConnector - reporting failure: AMQPConnectorSocketConnectError: ConnectionRefusedError(61, 'Connection refused')
2026-10-07 09:48:05,663 ERROR pika.adapters.utils.connection_workflow: AMQP connection workflow failed: AMQPConnectionWorkflowFailed: 2 exceptions in all; last exception - AMQPConnectorSocketConnectError: ConnectionRefusedError(61, 'Connection refused'); first exception - AMQPConnectorSocketConnectError: ConnectionRefusedError(61, 'Connection refused').
2026-10-07 09:48:05,663 ERROR pika.adapters.utils.connection_workflow: AMQPConnectionWorkflow - reporting failure: AMQPConnectionWorkflowFailed: 2 exceptions in all; last exception - AMQPConnectorSocketConnectError: ConnectionRefusedError(61, 'Connection refused'); first exception - AMQPConnectorSocketConnectError: ConnectionRefusedError(61, 'Connection refused')
2026-10-07 09:48:05,663 ERROR pika.adapters.base_connection: Full-stack connection workflow failed: AMQPConnectionWorkflowFailed: 2 exceptions in all; last exception - AMQPConnectorSocketConnectError: ConnectionRefusedError(61, 'Connection refused'); first exception - AMQPConnectorSocketConnectError: ConnectionRefusedError(61, 'Connection refused')
2026-10-07 09:48:05,663 ERROR pika.adapters.base_connection: Self-initiated stack bring-up failed: AMQPConnectionError: (AMQPConnectionWorkflowFailed: 2 exceptions in all; last exception - AMQPConnectorSocketConnectError: ConnectionRefusedError(61, 'Connection refused'); first exception - AMQPConnectorSocketConnectError: ConnectionRefusedError(61, 'Connection refused'),)
2026-10-07 09:48:05,663 INFO pika.connection: AMQP stack terminated, failed to connect, or aborted: opened=False, error-arg=AMQPConnectionError: (AMQPConnectionWorkflowFailed: 2 exceptions in all; last exception - AMQPConnectorSocketConnectError: ConnectionRefusedError(61, 'Connection refused'); first exception - AMQPConnectorSocketConnectError: ConnectionRefusedError(61, 'Connection refused'),); pending-error=None
2026-10-07 09:48:05,664 INFO pika.connection: Connection setup terminated due to AMQPConnectionError: (AMQPConnectionWorkflowFailed: 2 exceptions in all; last exception - AMQPConnectorSocketConnectError: ConnectionRefusedError(61, 'Connection refused'); first exception - AMQPConnectorSocketConnectError: ConnectionRefusedError(61, 'Connection refused'),)
2026-10-07 09:48:05,664 ERROR gwbase.actor_base: Consumer connection open failed: 
2026-10-07 09:48:05,664 INFO gwbase.actor_base: Consumer connection stopping
2026-10-07 09:48:05,664 INFO gwbase.actor_base: Consumer connection stopped
2026-10-07 09:48:05,664 INFO gwbase.actor_base: Reconnecting after 3 seconds
2026-10-07 09:48:08,667 INFO gwbase.actor_base: Connecting to localhost:5672 vhost=d1__1
2026-10-07 09:48:08,669 INFO pika.adapters.utils.connection_workflow: Pika version 1.4.4 connecting to ('::1', 5672, 0, 0)
2026-10-07 09:48:08,670 ERROR pika.adapters.utils.io_services_utils: Socket failed to connect: <socket.socket fd=16, family=30, type=1, proto=6, laddr=('::1', 50942, 0, 0)>; error=61 (Connection refused)
2026-10-07 09:48:08,670 ERROR pika.adapters.utils.connection_workflow: TCP Connection attempt failed: ConnectionRefusedError(61, 'Connection refused'); dest=(<AddressFamily.AF_INET6: 30>, <SocketKind.SOCK_STREAM: 1>, 6, '', ('::1', 5672, 0, 0))
2026-10-07 09:48:08,670 ERROR pika.adapters.utils.connection_workflow: AMQPConnector - reporting failure: AMQPConnectorSocketConnectError: ConnectionRefusedError(61, 'Connection refused')
2026-10-07 09:48:08,670 INFO pika.adapters.utils.connection_workflow: Pika version 1.4.4 connecting to ('127.0.0.1', 5672)
2026-10-07 09:48:08,670 ERROR pika.adapters.utils.io_services_utils: Socket failed to connect: <socket.socket fd=16, family=2, type=1, proto=6, laddr=('127.0.0.1', 50943)>; error=61 (Connection refused)
2026-10-07 09:48:08,670 ERROR pika.adapters.utils.connection_workflow: TCP Connection attempt failed: ConnectionRefusedError(61, 'Connection refused'); dest=(<AddressFamily.AF_INET: 2>, <SocketKind.SOCK_STREAM: 1>, 6, '', ('127.0.0.1', 5672))
2026-10-07 09:48:08,671 ERROR pika.adapters.utils.connection_workflow: AMQPConnector - reporting failure: AMQPConnectorSocketConnectError: ConnectionRefusedError(61, 'Connection refused')
2026-10-07 09:48:08,671 ERROR pika.adapters.utils.connection_workflow: AMQP connection workflow failed: AMQPConnectionWorkflowFailed: 2 exceptions in all; last exception - AMQPConnectorSocketConnectError: ConnectionRefusedError(61, 'Connection refused'); first exception - AMQPConnectorSocketConnectError: ConnectionRefusedError(61, 'Connection refused').
2026-10-07 09:48:08,671 ERROR pika.adapters.utils.connection_workflow: AMQPConnectionWorkflow - reporting failure: AMQPConnectionWorkflowFailed: 2 exceptions in all; last exception - AMQPConnectorSocketConnectError: ConnectionRefusedError(61, 'Connection refused'); first exception - AMQPConnectorSocketConnectError: ConnectionRefusedError(61, 'Connection refused')
2026-10-07 09:48:08,671 ERROR pika.adapters.base_connection: Full-stack connection workflow failed: AMQPConnectionWorkflowFailed: 2 exceptions in all; last exception - AMQPConnectorSocketConnectError: ConnectionRefusedError(61, 'Connection refused'); first exception - AMQPConnectorSocketConnectError: ConnectionRefusedError(61, 'Connection refused')
2026-10-07 09:48:08,671 ERROR pika.adapters.base_connection: Self-initiated stack bring-up failed: AMQPConnectionError: (AMQPConnectionWorkflowFailed: 2 exceptions in all; last exception - AMQPConnectorSocketConnectError: ConnectionRefusedError(61, 'Connection refused'); first exception - AMQPConnectorSocketConnectError: ConnectionRefusedError(61, 'Connection refused'),)
2026-10-07 09:48:08,671 INFO pika.connection: AMQP stack terminated, failed to connect, or aborted: opened=False, error-arg=AMQPConnectionError: (AMQPConnectionWorkflowFailed: 2 exceptions in all; last exception - AMQPConnectorSocketConnectError: ConnectionRefusedError(61, 'Connection refused'); first exception - AMQPConnectorSocketConnectError: ConnectionRefusedError(61, 'Connection refused'),); pending-error=None
2026-10-07 09:48:08,671 INFO pika.connection: Connection setup terminated due to AMQPConnectionError: (AMQPConnectionWorkflowFailed: 2 exceptions in all; last exception - AMQPConnectorSocketConnectError: ConnectionRefusedError(61, 'Connection refused'); first exception - AMQPConnectorSocketConnectError: ConnectionRefusedError(61, 'Connection refused'),)
2026-10-07 09:48:08,671 ERROR gwbase.actor_base: Consumer connection open failed: 
2026-10-07 09:48:08,671 INFO gwbase.actor_base: Consumer connection stopping
2026-10-07 09:48:08,671 INFO gwbase.actor_base: Consumer connection stopped
2026-10-07 09:48:08,671 INFO gwbase.actor_base: Reconnecting after 4 seconds
2026-10-07 09:48:12,676 INFO gwbase.actor_base: Connecting to localhost:5672 vhost=d1__1
2026-10-07 09:48:12,677 INFO pika.adapters.utils.connection_workflow: Pika version 1.4.4 connecting to ('::1', 5672, 0, 0)
2026-10-07 09:48:12,677 ERROR pika.adapters.utils.io_services_utils: Socket failed to connect: <socket.socket fd=18, family=30, type=1, proto=6, laddr=('::1', 50971, 0, 0)>; error=61 (Connection refused)
2026-10-07 09:48:12,677 ERROR pika.adapters.utils.connection_workflow: TCP Connection attempt failed: ConnectionRefusedError(61, 'Connection refused'); dest=(<AddressFamily.AF_INET6: 30>, <SocketKind.SOCK_STREAM: 1>, 6, '', ('::1', 5672, 0, 0))
2026-10-07 09:48:12,677 ERROR pika.adapters.utils.connection_workflow: AMQPConnector - reporting failure: AMQPConnectorSocketConnectError: ConnectionRefusedError(61, 'Connection refused')
2026-10-07 09:48:12,677 INFO pika.adapters.utils.connection_workflow: Pika version 1.4.4 connecting to ('127.0.0.1', 5672)
2026-10-07 09:48:12,677 ERROR pika.adapters.utils.io_services_utils: Socket failed to connect: <socket.socket fd=18, family=2, type=1, proto=6, laddr=('127.0.0.1', 50973)>; error=61 (Connection refused)
2026-10-07 09:48:12,677 ERROR pika.adapters.utils.connection_workflow: TCP Connection attempt failed: ConnectionRefusedError(61, 'Connection refused'); dest=(<AddressFamily.AF_INET: 2>, <SocketKind.SOCK_STREAM: 1>, 6, '', ('127.0.0.1', 5672))
2026-10-07 09:48:12,677 ERROR pika.adapters.utils.connection_workflow: AMQPConnector - reporting failure: AMQPConnectorSocketConnectError: ConnectionRefusedError(61, 'Connection refused')
2026-10-07 09:48:12,677 ERROR pika.adapters.utils.connection_workflow: AMQP connection workflow failed: AMQPConnectionWorkflowFailed: 2 exceptions in all; last exception - AMQPConnectorSocketConnectError: ConnectionRefusedError(61, 'Connection refused'); first exception - AMQPConnectorSocketConnectError: ConnectionRefusedError(61, 'Connection refused').
2026-10-07 09:48:12,677 ERROR pika.adapters.utils.connection_workflow: AMQPConnectionWorkflow - reporting failure: AMQPConnectionWorkflowFailed: 2 exceptions in all; last exception - AMQPConnectorSocketConnectError: ConnectionRefusedError(61, 'Connection refused'); first exception - AMQPConnectorSocketConnectError: ConnectionRefusedError(61, 'Connection refused')
2026-10-07 09:48:12,677 ERROR pika.adapters.base_connection: Full-stack connection workflow failed: AMQPConnectionWorkflowFailed: 2 exceptions in all; last exception - AMQPConnectorSocketConnectError: ConnectionRefusedError(61, 'Connection refused'); first exception - AMQPConnectorSocketConnectError: ConnectionRefusedError(61, 'Connection refused')
2026-10-07 09:48:12,677 ERROR pika.adapters.base_connection: Self-initiated stack bring-up failed: AMQPConnectionError: (AMQPConnectionWorkflowFailed: 2 exceptions in all; last exception - AMQPConnectorSocketConnectError: ConnectionRefusedError(61, 'Connection refused'); first exception - AMQPConnectorSocketConnectError: ConnectionRefusedError(61, 'Connection refused'),)
2026-10-07 09:48:12,677 INFO pika.connection: AMQP stack terminated, failed to connect, or aborted: opened=False, error-arg=AMQPConnectionError: (AMQPConnectionWorkflowFailed: 2 exceptions in all; last exception - AMQPConnectorSocketConnectError: ConnectionRefusedError(61, 'Connection refused'); first exception - AMQPConnectorSocketConnectError: ConnectionRefusedError(61, 'Connection refused'),); pending-error=None
2026-10-07 09:48:12,677 INFO pika.connection: Connection setup terminated due to AMQPConnectionError: (AMQPConnectionWorkflowFailed: 2 exceptions in all; last exception - AMQPConnectorSocketConnectError: ConnectionRefusedError(61, 'Connection refused'); first exception - AMQPConnectorSocketConnectError: ConnectionRefusedError(61, 'Connection refused'),)
2026-10-07 09:48:12,677 ERROR gwbase.actor_base: Consumer connection open failed: 
2026-10-07 09:48:12,677 INFO gwbase.actor_base: Consumer connection stopping
2026-10-07 09:48:12,677 INFO gwbase.actor_base: Consumer connection stopped
2026-10-07 09:48:12,677 INFO gwbase.actor_base: Reconnecting after 5 seconds
2026-10-07 09:48:17,678 INFO gwbase.actor_base: Connecting to localhost:5672 vhost=d1__1
2026-10-07 09:48:17,680 INFO pika.adapters.utils.connection_workflow: Pika version 1.4.4 connecting to ('::1', 5672, 0, 0)
2026-10-07 09:48:17,680 ERROR pika.adapters.utils.io_services_utils: Socket failed to connect: <socket.socket fd=20, family=30, type=1, proto=6, laddr=('::1', 50992, 0, 0)>; error=61 (Connection refused)
2026-10-07 09:48:17,680 ERROR pika.adapters.utils.connection_workflow: TCP Connection attempt failed: ConnectionRefusedError(61, 'Connection refused'); dest=(<AddressFamily.AF_INET6: 30>, <SocketKind.SOCK_STREAM: 1>, 6, '', ('::1', 5672, 0, 0))
2026-10-07 09:48:17,680 ERROR pika.adapters.utils.connection_workflow: AMQPConnector - reporting failure: AMQPConnectorSocketConnectError: ConnectionRefusedError(61, 'Connection refused')
2026-10-07 09:48:17,680 INFO pika.adapters.utils.connection_workflow: Pika version 1.4.4 connecting to ('127.0.0.1', 5672)
2026-10-07 09:48:17,681 ERROR pika.adapters.utils.io_services_utils: Socket failed to connect: <socket.socket fd=20, family=2, type=1, proto=6, laddr=('127.0.0.1', 50994)>; error=61 (Connection refused)
2026-10-07 09:48:17,681 ERROR pika.adapters.utils.connection_workflow: TCP Connection attempt failed: ConnectionRefusedError(61, 'Connection refused'); dest=(<AddressFamily.AF_INET: 2>, <SocketKind.SOCK_STREAM: 1>, 6, '', ('127.0.0.1', 5672))
2026-10-07 09:48:17,681 ERROR pika.adapters.utils.connection_workflow: AMQPConnector - reporting failure: AMQPConnectorSocketConnectError: ConnectionRefusedError(61, 'Connection refused')
2026-10-07 09:48:17,681 ERROR pika.adapters.utils.connection_workflow: AMQP connection workflow failed: AMQPConnectionWorkflowFailed: 2 exceptions in all; last exception - AMQPConnectorSocketConnectError: ConnectionRefusedError(61, 'Connection refused'); first exception - AMQPConnectorSocketConnectError: ConnectionRefusedError(61, 'Connection refused').
2026-10-07 09:48:17,681 ERROR pika.adapters.utils.connection_workflow: AMQPConnectionWorkflow - reporting failure: AMQPConnectionWorkflowFailed: 2 exceptions in all; last exception - AMQPConnectorSocketConnectError: ConnectionRefusedError(61, 'Connection refused'); first exception - AMQPConnectorSocketConnectError: ConnectionRefusedError(61, 'Connection refused')
2026-10-07 09:48:17,681 ERROR pika.adapters.base_connection: Full-stack connection workflow failed: AMQPConnectionWorkflowFailed: 2 exceptions in all; last exception - AMQPConnectorSocketConnectError: ConnectionRefusedError(61, 'Connection refused'); first exception - AMQPConnectorSocketConnectError: ConnectionRefusedError(61, 'Connection refused')
2026-10-07 09:48:17,681 ERROR pika.adapters.base_connection: Self-initiated stack bring-up failed: AMQPConnectionError: (AMQPConnectionWorkflowFailed: 2 exceptions in all; last exception - AMQPConnectorSocketConnectError: ConnectionRefusedError(61, 'Connection refused'); first exception - AMQPConnectorSocketConnectError: ConnectionRefusedError(61, 'Connection refused'),)
2026-10-07 09:48:17,681 INFO pika.connection: AMQP stack terminated, failed to connect, or aborted: opened=False, error-arg=AMQPConnectionError: (AMQPConnectionWorkflowFailed: 2 exceptions in all; last exception - AMQPConnectorSocketConnectError: ConnectionRefusedError(61, 'Connection refused'); first exception - AMQPConnectorSocketConnectError: ConnectionRefusedError(61, 'Connection refused'),); pending-error=None
2026-10-07 09:48:17,681 INFO pika.connection: Connection setup terminated due to AMQPConnectionError: (AMQPConnectionWorkflowFailed: 2 exceptions in all; last exception - AMQPConnectorSocketConnectError: ConnectionRefusedError(61, 'Connection refused'); first exception - AMQPConnectorSocketConnectError: ConnectionRefusedError(61, 'Connection refused'),)
2026-10-07 09:48:17,681 ERROR gwbase.actor_base: Consumer connection open failed: 
2026-10-07 09:48:17,681 INFO gwbase.actor_base: Consumer connection stopping
2026-10-07 09:48:17,681 INFO gwbase.actor_base: Consumer connection stopped
2026-10-07 09:48:17,681 INFO gwbase.actor_base: Reconnecting after 6 seconds
2026-10-07 09:48:23,686 INFO gwbase.actor_base: Connecting to localhost:5672 vhost=d1__1
2026-10-07 09:48:23,688 INFO pika.adapters.utils.connection_workflow: Pika version 1.4.4 connecting to ('::1', 5672, 0, 0)
2026-10-07 09:48:23,688 ERROR pika.adapters.utils.io_services_utils: Socket failed to connect: <socket.socket fd=22, family=30, type=1, proto=6, laddr=('::1', 51024, 0, 0)>; error=61 (Connection refused)
2026-10-07 09:48:23,689 ERROR pika.adapters.utils.connection_workflow: TCP Connection attempt failed: ConnectionRefusedError(61, 'Connection refused'); dest=(<AddressFamily.AF_INET6: 30>, <SocketKind.SOCK_STREAM: 1>, 6, '', ('::1', 5672, 0, 0))
2026-10-07 09:48:23,689 ERROR pika.adapters.utils.connection_workflow: AMQPConnector - reporting failure: AMQPConnectorSocketConnectError: ConnectionRefusedError(61, 'Connection refused')
2026-10-07 09:48:23,689 INFO pika.adapters.utils.connection_workflow: Pika version 1.4.4 connecting to ('127.0.0.1', 5672)
2026-10-07 09:48:23,689 ERROR pika.adapters.utils.io_services_utils: Socket failed to connect: <socket.socket fd=22, family=2, type=1, proto=6, laddr=('127.0.0.1', 51026)>; error=61 (Connection refused)
2026-10-07 09:48:23,689 ERROR pika.adapters.utils.connection_workflow: TCP Connection attempt failed: ConnectionRefusedError(61, 'Connection refused'); dest=(<AddressFamily.AF_INET: 2>, <SocketKind.SOCK_STREAM: 1>, 6, '', ('127.0.0.1', 5672))
2026-10-07 09:48:23,689 ERROR pika.adapters.utils.connection_workflow: AMQPConnector - reporting failure: AMQPConnectorSocketConnectError: ConnectionRefusedError(61, 'Connection refused')
2026-10-07 09:48:23,689 ERROR pika.adapters.utils.connection_workflow: AMQP connection workflow failed: AMQPConnectionWorkflowFailed: 2 exceptions in all; last exception - AMQPConnectorSocketConnectError: ConnectionRefusedError(61, 'Connection refused'); first exception - AMQPConnectorSocketConnectError: ConnectionRefusedError(61, 'Connection refused').
2026-10-07 09:48:23,689 ERROR pika.adapters.utils.connection_workflow: AMQPConnectionWorkflow - reporting failure: AMQPConnectionWorkflowFailed: 2 exceptions in all; last exception - AMQPConnectorSocketConnectError: ConnectionRefusedError(61, 'Connection refused'); first exception - AMQPConnectorSocketConnectError: ConnectionRefusedError(61, 'Connection refused')
2026-10-07 09:48:23,689 ERROR pika.adapters.base_connection: Full-stack connection workflow failed: AMQPConnectionWorkflowFailed: 2 exceptions in all; last exception - AMQPConnectorSocketConnectError: ConnectionRefusedError(61, 'Connection refused'); first exception - AMQPConnectorSocketConnectError: ConnectionRefusedError(61, 'Connection refused')
2026-10-07 09:48:23,689 ERROR pika.adapters.base_connection: Self-initiated stack bring-up failed: AMQPConnectionError: (AMQPConnectionWorkflowFailed: 2 exceptions in all; last exception - AMQPConnectorSocketConnectError: ConnectionRefusedError(61, 'Connection refused'); first exception - AMQPConnectorSocketConnectError: ConnectionRefusedError(61, 'Connection refused'),)
2026-10-07 09:48:23,689 INFO pika.connection: AMQP stack terminated, failed to connect, or aborted: opened=False, error-arg=AMQPConnectionError: (AMQPConnectionWorkflowFailed: 2 exceptions in all; last exception - AMQPConnectorSocketConnectError: ConnectionRefusedError(61, 'Connection refused'); first exception - AMQPConnectorSocketConnectError: ConnectionRefusedError(61, 'Connection refused'),); pending-error=None
2026-10-07 09:48:23,689 INFO pika.connection: Connection setup terminated due to AMQPConnectionError: (AMQPConnectionWorkflowFailed: 2 exceptions in all; last exception - AMQPConnectorSocketConnectError: ConnectionRefusedError(61, 'Connection refused'); first exception - AMQPConnectorSocketConnectError: ConnectionRefusedError(61, 'Connection refused'),)
2026-10-07 09:48:23,689 ERROR gwbase.actor_base: Consumer connection open failed: 
2026-10-07 09:48:23,689 INFO gwbase.actor_base: Consumer connection stopping
2026-10-07 09:48:23,689 INFO gwbase.actor_base: Consumer connection stopped
2026-10-07 09:48:23,689 INFO gwbase.actor_base: Reconnecting after 7 seconds
2026-10-07 09:48:30,695 INFO gwbase.actor_base: Connecting to localhost:5672 vhost=d1__1
2026-10-07 09:48:30,697 INFO pika.adapters.utils.connection_workflow: Pika version 1.4.4 connecting to ('::1', 5672, 0, 0)
2026-10-07 09:48:30,697 ERROR pika.adapters.utils.io_services_utils: Socket failed to connect: <socket.socket fd=24, family=30, type=1, proto=6, laddr=('::1', 51048, 0, 0)>; error=61 (Connection refused)
2026-10-07 09:48:30,697 ERROR pika.adapters.utils.connection_workflow: TCP Connection attempt failed: ConnectionRefusedError(61, 'Connection refused'); dest=(<AddressFamily.AF_INET6: 30>, <SocketKind.SOCK_STREAM: 1>, 6, '', ('::1', 5672, 0, 0))
2026-10-07 09:48:30,698 ERROR pika.adapters.utils.connection_workflow: AMQPConnector - reporting failure: AMQPConnectorSocketConnectError: ConnectionRefusedError(61, 'Connection refused')
2026-10-07 09:48:30,698 INFO pika.adapters.utils.connection_workflow: Pika version 1.4.4 connecting to ('127.0.0.1', 5672)
2026-10-07 09:48:30,698 ERROR pika.adapters.utils.io_services_utils: Socket failed to connect: <socket.socket fd=24, family=2, type=1, proto=6, laddr=('127.0.0.1', 51050)>; error=61 (Connection refused)
2026-10-07 09:48:30,698 ERROR pika.adapters.utils.connection_workflow: TCP Connection attempt failed: ConnectionRefusedError(61, 'Connection refused'); dest=(<AddressFamily.AF_INET: 2>, <SocketKind.SOCK_STREAM: 1>, 6, '', ('127.0.0.1', 5672))
2026-10-07 09:48:30,698 ERROR pika.adapters.utils.connection_workflow: AMQPConnector - reporting failure: AMQPConnectorSocketConnectError: ConnectionRefusedError(61, 'Connection refused')
2026-10-07 09:48:30,698 ERROR pika.adapters.utils.connection_workflow: AMQP connection workflow failed: AMQPConnectionWorkflowFailed: 2 exceptions in all; last exception - AMQPConnectorSocketConnectError: ConnectionRefusedError(61, 'Connection refused'); first exception - AMQPConnectorSocketConnectError: ConnectionRefusedError(61, 'Connection refused').
2026-10-07 09:48:30,699 ERROR pika.adapters.utils.connection_workflow: AMQPConnectionWorkflow - reporting failure: AMQPConnectionWorkflowFailed: 2 exceptions in all; last exception - AMQPConnectorSocketConnectError: ConnectionRefusedError(61, 'Connection refused'); first exception - AMQPConnectorSocketConnectError: ConnectionRefusedError(61, 'Connection refused')
2026-10-07 09:48:30,699 ERROR pika.adapters.base_connection: Full-stack connection workflow failed: AMQPConnectionWorkflowFailed: 2 exceptions in all; last exception - AMQPConnectorSocketConnectError: ConnectionRefusedError(61, 'Connection refused'); first exception - AMQPConnectorSocketConnectError: ConnectionRefusedError(61, 'Connection refused')
2026-10-07 09:48:30,699 ERROR pika.adapters.base_connection: Self-initiated stack bring-up failed: AMQPConnectionError: (AMQPConnectionWorkflowFailed: 2 exceptions in all; last exception - AMQPConnectorSocketConnectError: ConnectionRefusedError(61, 'Connection refused'); first exception - AMQPConnectorSocketConnectError: ConnectionRefusedError(61, 'Connection refused'),)
2026-10-07 09:48:30,699 INFO pika.connection: AMQP stack terminated, failed to connect, or aborted: opened=False, error-arg=AMQPConnectionError: (AMQPConnectionWorkflowFailed: 2 exceptions in all; last exception - AMQPConnectorSocketConnectError: ConnectionRefusedError(61, 'Connection refused'); first exception - AMQPConnectorSocketConnectError: ConnectionRefusedError(61, 'Connection refused'),); pending-error=None
2026-10-07 09:48:30,699 INFO pika.connection: Connection setup terminated due to AMQPConnectionError: (AMQPConnectionWorkflowFailed: 2 exceptions in all; last exception - AMQPConnectorSocketConnectError: ConnectionRefusedError(61, 'Connection refused'); first exception - AMQPConnectorSocketConnectError: ConnectionRefusedError(61, 'Connection refused'),)
2026-10-07 09:48:30,699 ERROR gwbase.actor_base: Consumer connection open failed: 
2026-10-07 09:48:30,699 INFO gwbase.actor_base: Consumer connection stopping
2026-10-07 09:48:30,699 INFO gwbase.actor_base: Consumer connection stopped
2026-10-07 09:48:30,699 INFO gwbase.actor_base: Reconnecting after 8 seconds
2026-10-07 09:48:38,700 INFO gwbase.actor_base: Connecting to localhost:5672 vhost=d1__1
2026-10-07 09:48:38,702 INFO pika.adapters.utils.connection_workflow: Pika version 1.4.4 connecting to ('::1', 5672, 0, 0)
2026-10-07 09:48:38,702 ERROR pika.adapters.utils.io_services_utils: Socket failed to connect: <socket.socket fd=26, family=30, type=1, proto=6, laddr=('::1', 51084, 0, 0)>; error=61 (Connection refused)
2026-10-07 09:48:38,702 ERROR pika.adapters.utils.connection_workflow: TCP Connection attempt failed: ConnectionRefusedError(61, 'Connection refused'); dest=(<AddressFamily.AF_INET6: 30>, <SocketKind.SOCK_STREAM: 1>, 6, '', ('::1', 5672, 0, 0))
2026-10-07 09:48:38,702 ERROR pika.adapters.utils.connection_workflow: AMQPConnector - reporting failure: AMQPConnectorSocketConnectError: ConnectionRefusedError(61, 'Connection refused')
2026-10-07 09:48:38,702 INFO pika.adapters.utils.connection_workflow: Pika version 1.4.4 connecting to ('127.0.0.1', 5672)
2026-10-07 09:48:38,702 ERROR pika.adapters.utils.io_services_utils: Socket failed to connect: <socket.socket fd=26, family=2, type=1, proto=6, laddr=('127.0.0.1', 51086)>; error=61 (Connection refused)
2026-10-07 09:48:38,702 ERROR pika.adapters.utils.connection_workflow: TCP Connection attempt failed: ConnectionRefusedError(61, 'Connection refused'); dest=(<AddressFamily.AF_INET: 2>, <SocketKind.SOCK_STREAM: 1>, 6, '', ('127.0.0.1', 5672))
2026-10-07 09:48:38,702 ERROR pika.adapters.utils.connection_workflow: AMQPConnector - reporting failure: AMQPConnectorSocketConnectError: ConnectionRefusedError(61, 'Connection refused')
2026-10-07 09:48:38,702 ERROR pika.adapters.utils.connection_workflow: AMQP connection workflow failed: AMQPConnectionWorkflowFailed: 2 exceptions in all; last exception - AMQPConnectorSocketConnectError: ConnectionRefusedError(61, 'Connection refused'); first exception - AMQPConnectorSocketConnectError: ConnectionRefusedError(61, 'Connection refused').
2026-10-07 09:48:38,703 ERROR pika.adapters.utils.connection_workflow: AMQPConnectionWorkflow - reporting failure: AMQPConnectionWorkflowFailed: 2 exceptions in all; last exception - AMQPConnectorSocketConnectError: ConnectionRefusedError(61, 'Connection refused'); first exception - AMQPConnectorSocketConnectError: ConnectionRefusedError(61, 'Connection refused')
2026-10-07 09:48:38,703 ERROR pika.adapters.base_connection: Full-stack connection workflow failed: AMQPConnectionWorkflowFailed: 2 exceptions in all; last exception - AMQPConnectorSocketConnectError: ConnectionRefusedError(61, 'Connection refused'); first exception - AMQPConnectorSocketConnectError: ConnectionRefusedError(61, 'Connection refused')
2026-10-07 09:48:38,703 ERROR pika.adapters.base_connection: Self-initiated stack bring-up failed: AMQPConnectionError: (AMQPConnectionWorkflowFailed: 2 exceptions in all; last exception - AMQPConnectorSocketConnectError: ConnectionRefusedError(61, 'Connection refused'); first exception - AMQPConnectorSocketConnectError: ConnectionRefusedError(61, 'Connection refused'),)
2026-10-07 09:48:38,703 INFO pika.connection: AMQP stack terminated, failed to connect, or aborted: opened=False, error-arg=AMQPConnectionError: (AMQPConnectionWorkflowFailed: 2 exceptions in all; last exception - AMQPConnectorSocketConnectError: ConnectionRefusedError(61, 'Connection refused'); first exception - AMQPConnectorSocketConnectError: ConnectionRefusedError(61, 'Connection refused'),); pending-error=None
2026-10-07 09:48:38,703 INFO pika.connection: Connection setup terminated due to AMQPConnectionError: (AMQPConnectionWorkflowFailed: 2 exceptions in all; last exception - AMQPConnectorSocketConnectError: ConnectionRefusedError(61, 'Connection refused'); first exception - AMQPConnectorSocketConnectError: ConnectionRefusedError(61, 'Connection refused'),)
2026-10-07 09:48:38,703 ERROR gwbase.actor_base: Consumer connection open failed: 
2026-10-07 09:48:38,703 INFO gwbase.actor_base: Consumer connection stopping
2026-10-07 09:48:38,703 INFO gwbase.actor_base: Consumer connection stopped
2026-10-07 09:48:38,703 INFO gwbase.actor_base: Reconnecting after 9 seconds
2026-10-07 09:48:47,708 INFO gwbase.actor_base: Connecting to localhost:5672 vhost=d1__1
2026-10-07 09:48:47,710 INFO pika.adapters.utils.connection_workflow: Pika version 1.4.4 connecting to ('::1', 5672, 0, 0)
2026-10-07 09:48:47,710 ERROR pika.adapters.utils.io_services_utils: Socket failed to connect: <socket.socket fd=28, family=30, type=1, proto=6, laddr=('::1', 51119, 0, 0)>; error=61 (Connection refused)
2026-10-07 09:48:47,710 ERROR pika.adapters.utils.connection_workflow: TCP Connection attempt failed: ConnectionRefusedError(61, 'Connection refused'); dest=(<AddressFamily.AF_INET6: 30>, <SocketKind.SOCK_STREAM: 1>, 6, '', ('::1', 5672, 0, 0))
2026-10-07 09:48:47,710 ERROR pika.adapters.utils.connection_workflow: AMQPConnector - reporting failure: AMQPConnectorSocketConnectError: ConnectionRefusedError(61, 'Connection refused')
2026-10-07 09:48:47,710 INFO pika.adapters.utils.connection_workflow: Pika version 1.4.4 connecting to ('127.0.0.1', 5672)
2026-10-07 09:48:47,710 ERROR pika.adapters.utils.io_services_utils: Socket failed to connect: <socket.socket fd=28, family=2, type=1, proto=6, laddr=('127.0.0.1', 51120)>; error=61 (Connection refused)
2026-10-07 09:48:47,710 ERROR pika.adapters.utils.connection_workflow: TCP Connection attempt failed: ConnectionRefusedError(61, 'Connection refused'); dest=(<AddressFamily.AF_INET: 2>, <SocketKind.SOCK_STREAM: 1>, 6, '', ('127.0.0.1', 5672))
2026-10-07 09:48:47,710 ERROR pika.adapters.utils.connection_workflow: AMQPConnector - reporting failure: AMQPConnectorSocketConnectError: ConnectionRefusedError(61, 'Connection refused')
2026-10-07 09:48:47,710 ERROR pika.adapters.utils.connection_workflow: AMQP connection workflow failed: AMQPConnectionWorkflowFailed: 2 exceptions in all; last exception - AMQPConnectorSocketConnectError: ConnectionRefusedError(61, 'Connection refused'); first exception - AMQPConnectorSocketConnectError: ConnectionRefusedError(61, 'Connection refused').
2026-10-07 09:48:47,710 ERROR pika.adapters.utils.connection_workflow: AMQPConnectionWorkflow - reporting failure: AMQPConnectionWorkflowFailed: 2 exceptions in all; last exception - AMQPConnectorSocketConnectError: ConnectionRefusedError(61, 'Connection refused'); first exception - AMQPConnectorSocketConnectError: ConnectionRefusedError(61, 'Connection refused')
2026-10-07 09:48:47,710 ERROR pika.adapters.base_connection: Full-stack connection workflow failed: AMQPConnectionWorkflowFailed: 2 exceptions in all; last exception - AMQPConnectorSocketConnectError: ConnectionRefusedError(61, 'Connection refused'); first exception - AMQPConnectorSocketConnectError: ConnectionRefusedError(61, 'Connection refused')
2026-10-07 09:48:47,710 ERROR pika.adapters.base_connection: Self-initiated stack bring-up failed: AMQPConnectionError: (AMQPConnectionWorkflowFailed: 2 exceptions in all; last exception - AMQPConnectorSocketConnectError: ConnectionRefusedError(61, 'Connection refused'); first exception - AMQPConnectorSocketConnectError: ConnectionRefusedError(61, 'Connection refused'),)
2026-10-07 09:48:47,710 INFO pika.connection: AMQP stack terminated, failed to connect, or aborted: opened=False, error-arg=AMQPConnectionError: (AMQPConnectionWorkflowFailed: 2 exceptions in all; last exception - AMQPConnectorSocketConnectError: ConnectionRefusedError(61, 'Connection refused'); first exception - AMQPConnectorSocketConnectError: ConnectionRefusedError(61, 'Connection refused'),); pending-error=None
2026-10-07 09:48:47,710 INFO pika.connection: Connection setup terminated due to AMQPConnectionError: (AMQPConnectionWorkflowFailed: 2 exceptions in all; last exception - AMQPConnectorSocketConnectError: ConnectionRefusedError(61, 'Connection refused'); first exception - AMQPConnectorSocketConnectError: ConnectionRefusedError(61, 'Connection refused'),)
2026-10-07 09:48:47,710 ERROR gwbase.actor_base: Consumer connection open failed: 
2026-10-07 09:48:47,710 INFO gwbase.actor_base: Consumer connection stopping
2026-10-07 09:48:47,710 INFO gwbase.actor_base: Consumer connection stopped
2026-10-07 09:48:47,711 INFO gwbase.actor_base: Reconnecting after 10 seconds
2026-10-07 09:48:57,715 INFO gwbase.actor_base: Connecting to localhost:5672 vhost=d1__1
2026-10-07 09:48:57,715 INFO pika.adapters.utils.connection_workflow: Pika version 1.4.4 connecting to ('::1', 5672, 0, 0)
2026-10-07 09:48:57,716 ERROR pika.adapters.utils.io_services_utils: Socket failed to connect: <socket.socket fd=30, family=30, type=1, proto=6, laddr=('::1', 51157, 0, 0)>; error=61 (Connection refused)
2026-10-07 09:48:57,716 ERROR pika.adapters.utils.connection_workflow: TCP Connection attempt failed: ConnectionRefusedError(61, 'Connection refused'); dest=(<AddressFamily.AF_INET6: 30>, <SocketKind.SOCK_STREAM: 1>, 6, '', ('::1', 5672, 0, 0))
2026-10-07 09:48:57,716 ERROR pika.adapters.utils.connection_workflow: AMQPConnector - reporting failure: AMQPConnectorSocketConnectError: ConnectionRefusedError(61, 'Connection refused')
2026-10-07 09:48:57,716 INFO pika.adapters.utils.connection_workflow: Pika version 1.4.4 connecting to ('127.0.0.1', 5672)
2026-10-07 09:48:57,716 ERROR pika.adapters.utils.io_services_utils: Socket failed to connect: <socket.socket fd=30, family=2, type=1, proto=6, laddr=('127.0.0.1', 51158)>; error=61 (Connection refused)
2026-10-07 09:48:57,716 ERROR pika.adapters.utils.connection_workflow: TCP Connection attempt failed: ConnectionRefusedError(61, 'Connection refused'); dest=(<AddressFamily.AF_INET: 2>, <SocketKind.SOCK_STREAM: 1>, 6, '', ('127.0.0.1', 5672))
2026-10-07 09:48:57,716 ERROR pika.adapters.utils.connection_workflow: AMQPConnector - reporting failure: AMQPConnectorSocketConnectError: ConnectionRefusedError(61, 'Connection refused')
2026-10-07 09:48:57,716 ERROR pika.adapters.utils.connection_workflow: AMQP connection workflow failed: AMQPConnectionWorkflowFailed: 2 exceptions in all; last exception - AMQPConnectorSocketConnectError: ConnectionRefusedError(61, 'Connection refused'); first exception - AMQPConnectorSocketConnectError: ConnectionRefusedError(61, 'Connection refused').
2026-10-07 09:48:57,716 ERROR pika.adapters.utils.connection_workflow: AMQPConnectionWorkflow - reporting failure: AMQPConnectionWorkflowFailed: 2 exceptions in all; last exception - AMQPConnectorSocketConnectError: ConnectionRefusedError(61, 'Connection refused'); first exception - AMQPConnectorSocketConnectError: ConnectionRefusedError(61, 'Connection refused')
2026-10-07 09:48:57,716 ERROR pika.adapters.base_connection: Full-stack connection workflow failed: AMQPConnectionWorkflowFailed: 2 exceptions in all; last exception - AMQPConnectorSocketConnectError: ConnectionRefusedError(61, 'Connection refused'); first exception - AMQPConnectorSocketConnectError: ConnectionRefusedError(61, 'Connection refused')
2026-10-07 09:48:57,716 ERROR pika.adapters.base_connection: Self-initiated stack bring-up failed: AMQPConnectionError: (AMQPConnectionWorkflowFailed: 2 exceptions in all; last exception - AMQPConnectorSocketConnectError: ConnectionRefusedError(61, 'Connection refused'); first exception - AMQPConnectorSocketConnectError: ConnectionRefusedError(61, 'Connection refused'),)
2026-10-07 09:48:57,716 INFO pika.connection: AMQP stack terminated, failed to connect, or aborted: opened=False, error-arg=AMQPConnectionError: (AMQPConnectionWorkflowFailed: 2 exceptions in all; last exception - AMQPConnectorSocketConnectError: ConnectionRefusedError(61, 'Connection refused'); first exception - AMQPConnectorSocketConnectError: ConnectionRefusedError(61, 'Connection refused'),); pending-error=None
2026-10-07 09:48:57,716 INFO pika.connection: Connection setup terminated due to AMQPConnectionError: (AMQPConnectionWorkflowFailed: 2 exceptions in all; last exception - AMQPConnectorSocketConnectError: ConnectionRefusedError(61, 'Connection refused'); first exception - AMQPConnectorSocketConnectError: ConnectionRefusedError(61, 'Connection refused'),)
2026-10-07 09:48:57,716 ERROR gwbase.actor_base: Consumer connection open failed: 
2026-10-07 09:48:57,716 INFO gwbase.actor_base: Consumer connection stopping
2026-10-07 09:48:57,716 INFO gwbase.actor_base: Consumer connection stopped
2026-10-07 09:48:57,716 INFO gwbase.actor_base: Reconnecting after 11 seconds
2026-10-07 09:49:08,718 INFO gwbase.actor_base: Connecting to localhost:5672 vhost=d1__1
2026-10-07 09:49:08,720 INFO pika.adapters.utils.connection_workflow: Pika version 1.4.4 connecting to ('::1', 5672, 0, 0)
2026-10-07 09:49:08,720 ERROR pika.adapters.utils.io_services_utils: Socket failed to connect: <socket.socket fd=32, family=30, type=1, proto=6, laddr=('::1', 51198, 0, 0)>; error=61 (Connection refused)
2026-10-07 09:49:08,720 ERROR pika.adapters.utils.connection_workflow: TCP Connection attempt failed: ConnectionRefusedError(61, 'Connection refused'); dest=(<AddressFamily.AF_INET6: 30>, <SocketKind.SOCK_STREAM: 1>, 6, '', ('::1', 5672, 0, 0))
2026-10-07 09:49:08,720 ERROR pika.adapters.utils.connection_workflow: AMQPConnector - reporting failure: AMQPConnectorSocketConnectError: ConnectionRefusedError(61, 'Connection refused')
2026-10-07 09:49:08,720 INFO pika.adapters.utils.connection_workflow: Pika version 1.4.4 connecting to ('127.0.0.1', 5672)
2026-10-07 09:49:08,720 ERROR pika.adapters.utils.io_services_utils: Socket failed to connect: <socket.socket fd=32, family=2, type=1, proto=6, laddr=('127.0.0.1', 51200)>; error=61 (Connection refused)
2026-10-07 09:49:08,720 ERROR pika.adapters.utils.connection_workflow: TCP Connection attempt failed: ConnectionRefusedError(61, 'Connection refused'); dest=(<AddressFamily.AF_INET: 2>, <SocketKind.SOCK_STREAM: 1>, 6, '', ('127.0.0.1', 5672))
2026-10-07 09:49:08,720 ERROR pika.adapters.utils.connection_workflow: AMQPConnector - reporting failure: AMQPConnectorSocketConnectError: ConnectionRefusedError(61, 'Connection refused')
2026-10-07 09:49:08,720 ERROR pika.adapters.utils.connection_workflow: AMQP connection workflow failed: AMQPConnectionWorkflowFailed: 2 exceptions in all; last exception - AMQPConnectorSocketConnectError: ConnectionRefusedError(61, 'Connection refused'); first exception - AMQPConnectorSocketConnectError: ConnectionRefusedError(61, 'Connection refused').
2026-10-07 09:49:08,720 ERROR pika.adapters.utils.connection_workflow: AMQPConnectionWorkflow - reporting failure: AMQPConnectionWorkflowFailed: 2 exceptions in all; last exception - AMQPConnectorSocketConnectError: ConnectionRefusedError(61, 'Connection refused'); first exception - AMQPConnectorSocketConnectError: ConnectionRefusedError(61, 'Connection refused')
2026-10-07 09:49:08,720 ERROR pika.adapters.base_connection: Full-stack connection workflow failed: AMQPConnectionWorkflowFailed: 2 exceptions in all; last exception - AMQPConnectorSocketConnectError: ConnectionRefusedError(61, 'Connection refused'); first exception - AMQPConnectorSocketConnectError: ConnectionRefusedError(61, 'Connection refused')
2026-10-07 09:49:08,720 ERROR pika.adapters.base_connection: Self-initiated stack bring-up failed: AMQPConnectionError: (AMQPConnectionWorkflowFailed: 2 exceptions in all; last exception - AMQPConnectorSocketConnectError: ConnectionRefusedError(61, 'Connection refused'); first exception - AMQPConnectorSocketConnectError: ConnectionRefusedError(61, 'Connection refused'),)
2026-10-07 09:49:08,720 INFO pika.connection: AMQP stack terminated, failed to connect, or aborted: opened=False, error-arg=AMQPConnectionError: (AMQPConnectionWorkflowFailed: 2 exceptions in all; last exception - AMQPConnectorSocketConnectError: ConnectionRefusedError(61, 'Connection refused'); first exception - AMQPConnectorSocketConnectError: ConnectionRefusedError(61, 'Connection refused'),); pending-error=None
2026-10-07 09:49:08,720 INFO pika.connection: Connection setup terminated due to AMQPConnectionError: (AMQPConnectionWorkflowFailed: 2 exceptions in all; last exception - AMQPConnectorSocketConnectError: ConnectionRefusedError(61, 'Connection refused'); first exception - AMQPConnectorSocketConnectError: ConnectionRefusedError(61, 'Connection refused'),)
2026-10-07 09:49:08,720 ERROR gwbase.actor_base: Consumer connection open failed: 
2026-10-07 09:49:08,720 INFO gwbase.actor_base: Consumer connection stopping
2026-10-07 09:49:08,720 INFO gwbase.actor_base: Consumer connection stopped
2026-10-07 09:49:08,720 INFO gwbase.actor_base: Reconnecting after 12 seconds
2026-10-07 09:49:20,724 INFO gwbase.actor_base: Connecting to localhost:5672 vhost=d1__1
2026-10-07 09:49:20,727 INFO pika.adapters.utils.connection_workflow: Pika version 1.4.4 connecting to ('::1', 5672, 0, 0)
2026-10-07 09:49:20,727 ERROR pika.adapters.utils.io_services_utils: Socket failed to connect: <socket.socket fd=34, family=30, type=1, proto=6, laddr=('::1', 51240, 0, 0)>; error=61 (Connection refused)
2026-10-07 09:49:20,727 ERROR pika.adapters.utils.connection_workflow: TCP Connection attempt failed: ConnectionRefusedError(61, 'Connection refused'); dest=(<AddressFamily.AF_INET6: 30>, <SocketKind.SOCK_STREAM: 1>, 6, '', ('::1', 5672, 0, 0))
2026-10-07 09:49:20,727 ERROR pika.adapters.utils.connection_workflow: AMQPConnector - reporting failure: AMQPConnectorSocketConnectError: ConnectionRefusedError(61, 'Connection refused')
2026-10-07 09:49:20,728 INFO pika.adapters.utils.connection_workflow: Pika version 1.4.4 connecting to ('127.0.0.1', 5672)
2026-10-07 09:49:20,728 ERROR pika.adapters.utils.io_services_utils: Socket failed to connect: <socket.socket fd=34, family=2, type=1, proto=6, laddr=('127.0.0.1', 51242)>; error=61 (Connection refused)
2026-10-07 09:49:20,728 ERROR pika.adapters.utils.connection_workflow: TCP Connection attempt failed: ConnectionRefusedError(61, 'Connection refused'); dest=(<AddressFamily.AF_INET: 2>, <SocketKind.SOCK_STREAM: 1>, 6, '', ('127.0.0.1', 5672))
2026-10-07 09:49:20,728 ERROR pika.adapters.utils.connection_workflow: AMQPConnector - reporting failure: AMQPConnectorSocketConnectError: ConnectionRefusedError(61, 'Connection refused')
2026-10-07 09:49:20,728 ERROR pika.adapters.utils.connection_workflow: AMQP connection workflow failed: AMQPConnectionWorkflowFailed: 2 exceptions in all; last exception - AMQPConnectorSocketConnectError: ConnectionRefusedError(61, 'Connection refused'); first exception - AMQPConnectorSocketConnectError: ConnectionRefusedError(61, 'Connection refused').
2026-10-07 09:49:20,728 ERROR pika.adapters.utils.connection_workflow: AMQPConnectionWorkflow - reporting failure: AMQPConnectionWorkflowFailed: 2 exceptions in all; last exception - AMQPConnectorSocketConnectError: ConnectionRefusedError(61, 'Connection refused'); first exception - AMQPConnectorSocketConnectError: ConnectionRefusedError(61, 'Connection refused')
2026-10-07 09:49:20,728 ERROR pika.adapters.base_connection: Full-stack connection workflow failed: AMQPConnectionWorkflowFailed: 2 exceptions in all; last exception - AMQPConnectorSocketConnectError: ConnectionRefusedError(61, 'Connection refused'); first exception - AMQPConnectorSocketConnectError: ConnectionRefusedError(61, 'Connection refused')
2026-10-07 09:49:20,728 ERROR pika.adapters.base_connection: Self-initiated stack bring-up failed: AMQPConnectionError: (AMQPConnectionWorkflowFailed: 2 exceptions in all; last exception - AMQPConnectorSocketConnectError: ConnectionRefusedError(61, 'Connection refused'); first exception - AMQPConnectorSocketConnectError: ConnectionRefusedError(61, 'Connection refused'),)
2026-10-07 09:49:20,728 INFO pika.connection: AMQP stack terminated, failed to connect, or aborted: opened=False, error-arg=AMQPConnectionError: (AMQPConnectionWorkflowFailed: 2 exceptions in all; last exception - AMQPConnectorSocketConnectError: ConnectionRefusedError(61, 'Connection refused'); first exception - AMQPConnectorSocketConnectError: ConnectionRefusedError(61, 'Connection refused'),); pending-error=None
2026-10-07 09:49:20,728 INFO pika.connection: Connection setup terminated due to AMQPConnectionError: (AMQPConnectionWorkflowFailed: 2 exceptions in all; last exception - AMQPConnectorSocketConnectError: ConnectionRefusedError(61, 'Connection refused'); first exception - AMQPConnectorSocketConnectError: ConnectionRefusedError(61, 'Connection refused'),)
2026-10-07 09:49:20,728 ERROR gwbase.actor_base: Consumer connection open failed: 
2026-10-07 09:49:20,728 INFO gwbase.actor_base: Consumer connection stopping
2026-10-07 09:49:20,728 INFO gwbase.actor_base: Consumer connection stopped
2026-10-07 09:49:20,729 INFO gwbase.actor_base: Reconnecting after 13 seconds
2026-10-07 09:49:33,732 INFO gwbase.actor_base: Connecting to localhost:5672 vhost=d1__1
2026-10-07 09:49:33,735 INFO pika.adapters.utils.connection_workflow: Pika version 1.4.4 connecting to ('::1', 5672, 0, 0)
2026-10-07 09:49:33,735 ERROR pika.adapters.utils.io_services_utils: Socket failed to connect: <socket.socket fd=36, family=30, type=1, proto=6, laddr=('::1', 51293, 0, 0)>; error=61 (Connection refused)
2026-10-07 09:49:33,735 ERROR pika.adapters.utils.connection_workflow: TCP Connection attempt failed: ConnectionRefusedError(61, 'Connection refused'); dest=(<AddressFamily.AF_INET6: 30>, <SocketKind.SOCK_STREAM: 1>, 6, '', ('::1', 5672, 0, 0))
2026-10-07 09:49:33,735 ERROR pika.adapters.utils.connection_workflow: AMQPConnector - reporting failure: AMQPConnectorSocketConnectError: ConnectionRefusedError(61, 'Connection refused')
2026-10-07 09:49:33,735 INFO pika.adapters.utils.connection_workflow: Pika version 1.4.4 connecting to ('127.0.0.1', 5672)
2026-10-07 09:49:33,736 ERROR pika.adapters.utils.io_services_utils: Socket failed to connect: <socket.socket fd=36, family=2, type=1, proto=6, laddr=('127.0.0.1', 51295)>; error=61 (Connection refused)
2026-10-07 09:49:33,736 ERROR pika.adapters.utils.connection_workflow: TCP Connection attempt failed: ConnectionRefusedError(61, 'Connection refused'); dest=(<AddressFamily.AF_INET: 2>, <SocketKind.SOCK_STREAM: 1>, 6, '', ('127.0.0.1', 5672))
2026-10-07 09:49:33,736 ERROR pika.adapters.utils.connection_workflow: AMQPConnector - reporting failure: AMQPConnectorSocketConnectError: ConnectionRefusedError(61, 'Connection refused')
2026-10-07 09:49:33,736 ERROR pika.adapters.utils.connection_workflow: AMQP connection workflow failed: AMQPConnectionWorkflowFailed: 2 exceptions in all; last exception - AMQPConnectorSocketConnectError: ConnectionRefusedError(61, 'Connection refused'); first exception - AMQPConnectorSocketConnectError: ConnectionRefusedError(61, 'Connection refused').
2026-10-07 09:49:33,736 ERROR pika.adapters.utils.connection_workflow: AMQPConnectionWorkflow - reporting failure: AMQPConnectionWorkflowFailed: 2 exceptions in all; last exception - AMQPConnectorSocketConnectError: ConnectionRefusedError(61, 'Connection refused'); first exception - AMQPConnectorSocketConnectError: ConnectionRefusedError(61, 'Connection refused')
2026-10-07 09:49:33,736 ERROR pika.adapters.base_connection: Full-stack connection workflow failed: AMQPConnectionWorkflowFailed: 2 exceptions in all; last exception - AMQPConnectorSocketConnectError: ConnectionRefusedError(61, 'Connection refused'); first exception - AMQPConnectorSocketConnectError: ConnectionRefusedError(61, 'Connection refused')
2026-10-07 09:49:33,736 ERROR pika.adapters.base_connection: Self-initiated stack bring-up failed: AMQPConnectionError: (AMQPConnectionWorkflowFailed: 2 exceptions in all; last exception - AMQPConnectorSocketConnectError: ConnectionRefusedError(61, 'Connection refused'); first exception - AMQPConnectorSocketConnectError: ConnectionRefusedError(61, 'Connection refused'),)
2026-10-07 09:49:33,736 INFO pika.connection: AMQP stack terminated, failed to connect, or aborted: opened=False, error-arg=AMQPConnectionError: (AMQPConnectionWorkflowFailed: 2 exceptions in all; last exception - AMQPConnectorSocketConnectError: ConnectionRefusedError(61, 'Connection refused'); first exception - AMQPConnectorSocketConnectError: ConnectionRefusedError(61, 'Connection refused'),); pending-error=None
2026-10-07 09:49:33,736 INFO pika.connection: Connection setup terminated due to AMQPConnectionError: (AMQPConnectionWorkflowFailed: 2 exceptions in all; last exception - AMQPConnectorSocketConnectError: ConnectionRefusedError(61, 'Connection refused'); first exception - AMQPConnectorSocketConnectError: ConnectionRefusedError(61, 'Connection refused'),)
2026-10-07 09:49:33,736 ERROR gwbase.actor_base: Consumer connection open failed: 
2026-10-07 09:49:33,736 INFO gwbase.actor_base: Consumer connection stopping
2026-10-07 09:49:33,736 INFO gwbase.actor_base: Consumer connection stopped
2026-10-07 09:49:33,737 INFO gwbase.actor_base: Reconnecting after 14 seconds
2026-10-07 09:49:47,741 INFO gwbase.actor_base: Connecting to localhost:5672 vhost=d1__1
2026-10-07 09:49:47,745 INFO pika.adapters.utils.connection_workflow: Pika version 1.4.4 connecting to ('::1', 5672, 0, 0)
2026-10-07 09:49:47,745 ERROR pika.adapters.utils.io_services_utils: Socket failed to connect: <socket.socket fd=10, family=30, type=1, proto=6, laddr=('::1', 51342, 0, 0)>; error=61 (Connection refused)
2026-10-07 09:49:47,745 ERROR pika.adapters.utils.connection_workflow: TCP Connection attempt failed: ConnectionRefusedError(61, 'Connection refused'); dest=(<AddressFamily.AF_INET6: 30>, <SocketKind.SOCK_STREAM: 1>, 6, '', ('::1', 5672, 0, 0))
2026-10-07 09:49:47,745 ERROR pika.adapters.utils.connection_workflow: AMQPConnector - reporting failure: AMQPConnectorSocketConnectError: ConnectionRefusedError(61, 'Connection refused')
2026-10-07 09:49:47,746 INFO pika.adapters.utils.connection_workflow: Pika version 1.4.4 connecting to ('127.0.0.1', 5672)
2026-10-07 09:49:47,746 ERROR pika.adapters.utils.io_services_utils: Socket failed to connect: <socket.socket fd=10, family=2, type=1, proto=6, laddr=('127.0.0.1', 51343)>; error=61 (Connection refused)
2026-10-07 09:49:47,746 ERROR pika.adapters.utils.connection_workflow: TCP Connection attempt failed: ConnectionRefusedError(61, 'Connection refused'); dest=(<AddressFamily.AF_INET: 2>, <SocketKind.SOCK_STREAM: 1>, 6, '', ('127.0.0.1', 5672))
2026-10-07 09:49:47,746 ERROR pika.adapters.utils.connection_workflow: AMQPConnector - reporting failure: AMQPConnectorSocketConnectError: ConnectionRefusedError(61, 'Connection refused')
2026-10-07 09:49:47,746 ERROR pika.adapters.utils.connection_workflow: AMQP connection workflow failed: AMQPConnectionWorkflowFailed: 2 exceptions in all; last exception - AMQPConnectorSocketConnectError: ConnectionRefusedError(61, 'Connection refused'); first exception - AMQPConnectorSocketConnectError: ConnectionRefusedError(61, 'Connection refused').
2026-10-07 09:49:47,746 ERROR pika.adapters.utils.connection_workflow: AMQPConnectionWorkflow - reporting failure: AMQPConnectionWorkflowFailed: 2 exceptions in all; last exception - AMQPConnectorSocketConnectError: ConnectionRefusedError(61, 'Connection refused'); first exception - AMQPConnectorSocketConnectError: ConnectionRefusedError(61, 'Connection refused')
2026-10-07 09:49:47,746 ERROR pika.adapters.base_connection: Full-stack connection workflow failed: AMQPConnectionWorkflowFailed: 2 exceptions in all; last exception - AMQPConnectorSocketConnectError: ConnectionRefusedError(61, 'Connection refused'); first exception - AMQPConnectorSocketConnectError: ConnectionRefusedError(61, 'Connection refused')
2026-10-07 09:49:47,746 ERROR pika.adapters.base_connection: Self-initiated stack bring-up failed: AMQPConnectionError: (AMQPConnectionWorkflowFailed: 2 exceptions in all; last exception - AMQPConnectorSocketConnectError: ConnectionRefusedError(61, 'Connection refused'); first exception - AMQPConnectorSocketConnectError: ConnectionRefusedError(61, 'Connection refused'),)
2026-10-07 09:49:47,746 INFO pika.connection: AMQP stack terminated, failed to connect, or aborted: opened=False, error-arg=AMQPConnectionError: (AMQPConnectionWorkflowFailed: 2 exceptions in all; last exception - AMQPConnectorSocketConnectError: ConnectionRefusedError(61, 'Connection refused'); first exception - AMQPConnectorSocketConnectError: ConnectionRefusedError(61, 'Connection refused'),); pending-error=None
2026-10-07 09:49:47,746 INFO pika.connection: Connection setup terminated due to AMQPConnectionError: (AMQPConnectionWorkflowFailed: 2 exceptions in all; last exception - AMQPConnectorSocketConnectError: ConnectionRefusedError(61, 'Connection refused'); first exception - AMQPConnectorSocketConnectError: ConnectionRefusedError(61, 'Connection refused'),)
2026-10-07 09:49:47,746 ERROR gwbase.actor_base: Consumer connection open failed: 
2026-10-07 09:49:47,746 INFO gwbase.actor_base: Consumer connection stopping
2026-10-07 09:49:47,746 INFO gwbase.actor_base: Consumer connection stopped
2026-10-07 09:49:47,746 INFO gwbase.actor_base: Reconnecting after 15 seconds
2026-10-07 09:50:02,750 INFO gwbase.actor_base: Connecting to localhost:5672 vhost=d1__1
2026-10-07 09:50:02,752 INFO pika.adapters.utils.connection_workflow: Pika version 1.4.4 connecting to ('::1', 5672, 0, 0)
2026-10-07 09:50:02,753 ERROR pika.adapters.utils.io_services_utils: Socket failed to connect: <socket.socket fd=14, family=30, type=1, proto=6, laddr=('::1', 51402, 0, 0)>; error=61 (Connection refused)
2026-10-07 09:50:02,753 ERROR pika.adapters.utils.connection_workflow: TCP Connection attempt failed: ConnectionRefusedError(61, 'Connection refused'); dest=(<AddressFamily.AF_INET6: 30>, <SocketKind.SOCK_STREAM: 1>, 6, '', ('::1', 5672, 0, 0))
2026-10-07 09:50:02,753 ERROR pika.adapters.utils.connection_workflow: AMQPConnector - reporting failure: AMQPConnectorSocketConnectError: ConnectionRefusedError(61, 'Connection refused')
2026-10-07 09:50:02,753 INFO pika.adapters.utils.connection_workflow: Pika version 1.4.4 connecting to ('127.0.0.1', 5672)
2026-10-07 09:50:02,753 ERROR pika.adapters.utils.io_services_utils: Socket failed to connect: <socket.socket fd=14, family=2, type=1, proto=6, laddr=('127.0.0.1', 51403)>; error=61 (Connection refused)
2026-10-07 09:50:02,753 ERROR pika.adapters.utils.connection_workflow: TCP Connection attempt failed: ConnectionRefusedError(61, 'Connection refused'); dest=(<AddressFamily.AF_INET: 2>, <SocketKind.SOCK_STREAM: 1>, 6, '', ('127.0.0.1', 5672))
2026-10-07 09:50:02,753 ERROR pika.adapters.utils.connection_workflow: AMQPConnector - reporting failure: AMQPConnectorSocketConnectError: ConnectionRefusedError(61, 'Connection refused')
2026-10-07 09:50:02,753 ERROR pika.adapters.utils.connection_workflow: AMQP connection workflow failed: AMQPConnectionWorkflowFailed: 2 exceptions in all; last exception - AMQPConnectorSocketConnectError: ConnectionRefusedError(61, 'Connection refused'); first exception - AMQPConnectorSocketConnectError: ConnectionRefusedError(61, 'Connection refused').
2026-10-07 09:50:02,753 ERROR pika.adapters.utils.connection_workflow: AMQPConnectionWorkflow - reporting failure: AMQPConnectionWorkflowFailed: 2 exceptions in all; last exception - AMQPConnectorSocketConnectError: ConnectionRefusedError(61, 'Connection refused'); first exception - AMQPConnectorSocketConnectError: ConnectionRefusedError(61, 'Connection refused')
2026-10-07 09:50:02,753 ERROR pika.adapters.base_connection: Full-stack connection workflow failed: AMQPConnectionWorkflowFailed: 2 exceptions in all; last exception - AMQPConnectorSocketConnectError: ConnectionRefusedError(61, 'Connection refused'); first exception - AMQPConnectorSocketConnectError: ConnectionRefusedError(61, 'Connection refused')
2026-10-07 09:50:02,753 ERROR pika.adapters.base_connection: Self-initiated stack bring-up failed: AMQPConnectionError: (AMQPConnectionWorkflowFailed: 2 exceptions in all; last exception - AMQPConnectorSocketConnectError: ConnectionRefusedError(61, 'Connection refused'); first exception - AMQPConnectorSocketConnectError: ConnectionRefusedError(61, 'Connection refused'),)
2026-10-07 09:50:02,753 INFO pika.connection: AMQP stack terminated, failed to connect, or aborted: opened=False, error-arg=AMQPConnectionError: (AMQPConnectionWorkflowFailed: 2 exceptions in all; last exception - AMQPConnectorSocketConnectError: ConnectionRefusedError(61, 'Connection refused'); first exception - AMQPConnectorSocketConnectError: ConnectionRefusedError(61, 'Connection refused'),); pending-error=None
2026-10-07 09:50:02,753 INFO pika.connection: Connection setup terminated due to AMQPConnectionError: (AMQPConnectionWorkflowFailed: 2 exceptions in all; last exception - AMQPConnectorSocketConnectError: ConnectionRefusedError(61, 'Connection refused'); first exception - AMQPConnectorSocketConnectError: ConnectionRefusedError(61, 'Connection refused'),)
2026-10-07 09:50:02,753 ERROR gwbase.actor_base: Consumer connection open failed: 
2026-10-07 09:50:02,753 INFO gwbase.actor_base: Consumer connection stopping
2026-10-07 09:50:02,753 INFO gwbase.actor_base: Consumer connection stopped
2026-10-07 09:50:02,754 INFO gwbase.actor_base: Reconnecting after 16 seconds
2026-10-07 09:50:18,758 INFO gwbase.actor_base: Connecting to localhost:5672 vhost=d1__1
2026-10-07 09:50:18,759 INFO pika.adapters.utils.connection_workflow: Pika version 1.4.4 connecting to ('::1', 5672, 0, 0)
2026-10-07 09:50:18,759 ERROR pika.adapters.utils.io_services_utils: Socket failed to connect: <socket.socket fd=16, family=30, type=1, proto=6, laddr=('::1', 51456, 0, 0)>; error=61 (Connection refused)
2026-10-07 09:50:18,760 ERROR pika.adapters.utils.connection_workflow: TCP Connection attempt failed: ConnectionRefusedError(61, 'Connection refused'); dest=(<AddressFamily.AF_INET6: 30>, <SocketKind.SOCK_STREAM: 1>, 6, '', ('::1', 5672, 0, 0))
2026-10-07 09:50:18,760 ERROR pika.adapters.utils.connection_workflow: AMQPConnector - reporting failure: AMQPConnectorSocketConnectError: ConnectionRefusedError(61, 'Connection refused')
2026-10-07 09:50:18,760 INFO pika.adapters.utils.connection_workflow: Pika version 1.4.4 connecting to ('127.0.0.1', 5672)
2026-10-07 09:50:18,760 ERROR pika.adapters.utils.io_services_utils: Socket failed to connect: <socket.socket fd=16, family=2, type=1, proto=6, laddr=('127.0.0.1', 51457)>; error=61 (Connection refused)
2026-10-07 09:50:18,760 ERROR pika.adapters.utils.connection_workflow: TCP Connection attempt failed: ConnectionRefusedError(61, 'Connection refused'); dest=(<AddressFamily.AF_INET: 2>, <SocketKind.SOCK_STREAM: 1>, 6, '', ('127.0.0.1', 5672))
2026-10-07 09:50:18,760 ERROR pika.adapters.utils.connection_workflow: AMQPConnector - reporting failure: AMQPConnectorSocketConnectError: ConnectionRefusedError(61, 'Connection refused')
2026-10-07 09:50:18,760 ERROR pika.adapters.utils.connection_workflow: AMQP connection workflow failed: AMQPConnectionWorkflowFailed: 2 exceptions in all; last exception - AMQPConnectorSocketConnectError: ConnectionRefusedError(61, 'Connection refused'); first exception - AMQPConnectorSocketConnectError: ConnectionRefusedError(61, 'Connection refused').
2026-10-07 09:50:18,760 ERROR pika.adapters.utils.connection_workflow: AMQPConnectionWorkflow - reporting failure: AMQPConnectionWorkflowFailed: 2 exceptions in all; last exception - AMQPConnectorSocketConnectError: ConnectionRefusedError(61, 'Connection refused'); first exception - AMQPConnectorSocketConnectError: ConnectionRefusedError(61, 'Connection refused')
2026-10-07 09:50:18,760 ERROR pika.adapters.base_connection: Full-stack connection workflow failed: AMQPConnectionWorkflowFailed: 2 exceptions in all; last exception - AMQPConnectorSocketConnectError: ConnectionRefusedError(61, 'Connection refused'); first exception - AMQPConnectorSocketConnectError: ConnectionRefusedError(61, 'Connection refused')
2026-10-07 09:50:18,760 ERROR pika.adapters.base_connection: Self-initiated stack bring-up failed: AMQPConnectionError: (AMQPConnectionWorkflowFailed: 2 exceptions in all; last exception - AMQPConnectorSocketConnectError: ConnectionRefusedError(61, 'Connection refused'); first exception - AMQPConnectorSocketConnectError: ConnectionRefusedError(61, 'Connection refused'),)
2026-10-07 09:50:18,760 INFO pika.connection: AMQP stack terminated, failed to connect, or aborted: opened=False, error-arg=AMQPConnectionError: (AMQPConnectionWorkflowFailed: 2 exceptions in all; last exception - AMQPConnectorSocketConnectError: ConnectionRefusedError(61, 'Connection refused'); first exception - AMQPConnectorSocketConnectError: ConnectionRefusedError(61, 'Connection refused'),); pending-error=None
2026-10-07 09:50:18,760 INFO pika.connection: Connection setup terminated due to AMQPConnectionError: (AMQPConnectionWorkflowFailed: 2 exceptions in all; last exception - AMQPConnectorSocketConnectError: ConnectionRefusedError(61, 'Connection refused'); first exception - AMQPConnectorSocketConnectError: ConnectionRefusedError(61, 'Connection refused'),)
2026-10-07 09:50:18,760 ERROR gwbase.actor_base: Consumer connection open failed: 
2026-10-07 09:50:18,760 INFO gwbase.actor_base: Consumer connection stopping
2026-10-07 09:50:18,760 INFO gwbase.actor_base: Consumer connection stopped
2026-10-07 09:50:18,760 INFO gwbase.actor_base: Reconnecting after 17 seconds
2026-10-07 09:50:35,765 INFO gwbase.actor_base: Connecting to localhost:5672 vhost=d1__1
2026-10-07 09:50:35,768 INFO pika.adapters.utils.connection_workflow: Pika version 1.4.4 connecting to ('::1', 5672, 0, 0)
2026-10-07 09:50:35,769 ERROR pika.adapters.utils.io_services_utils: Socket failed to connect: <socket.socket fd=18, family=30, type=1, proto=6, laddr=('::1', 51515, 0, 0)>; error=61 (Connection refused)
2026-10-07 09:50:35,769 ERROR pika.adapters.utils.connection_workflow: TCP Connection attempt failed: ConnectionRefusedError(61, 'Connection refused'); dest=(<AddressFamily.AF_INET6: 30>, <SocketKind.SOCK_STREAM: 1>, 6, '', ('::1', 5672, 0, 0))
2026-10-07 09:50:35,769 ERROR pika.adapters.utils.connection_workflow: AMQPConnector - reporting failure: AMQPConnectorSocketConnectError: ConnectionRefusedError(61, 'Connection refused')
2026-10-07 09:50:35,769 INFO pika.adapters.utils.connection_workflow: Pika version 1.4.4 connecting to ('127.0.0.1', 5672)
2026-10-07 09:50:35,769 ERROR pika.adapters.utils.io_services_utils: Socket failed to connect: <socket.socket fd=18, family=2, type=1, proto=6, laddr=('127.0.0.1', 51517)>; error=61 (Connection refused)
2026-10-07 09:50:35,769 ERROR pika.adapters.utils.connection_workflow: TCP Connection attempt failed: ConnectionRefusedError(61, 'Connection refused'); dest=(<AddressFamily.AF_INET: 2>, <SocketKind.SOCK_STREAM: 1>, 6, '', ('127.0.0.1', 5672))
2026-10-07 09:50:35,769 ERROR pika.adapters.utils.connection_workflow: AMQPConnector - reporting failure: AMQPConnectorSocketConnectError: ConnectionRefusedError(61, 'Connection refused')
2026-10-07 09:50:35,770 ERROR pika.adapters.utils.connection_workflow: AMQP connection workflow failed: AMQPConnectionWorkflowFailed: 2 exceptions in all; last exception - AMQPConnectorSocketConnectError: ConnectionRefusedError(61, 'Connection refused'); first exception - AMQPConnectorSocketConnectError: ConnectionRefusedError(61, 'Connection refused').
2026-10-07 09:50:35,770 ERROR pika.adapters.utils.connection_workflow: AMQPConnectionWorkflow - reporting failure: AMQPConnectionWorkflowFailed: 2 exceptions in all; last exception - AMQPConnectorSocketConnectError: ConnectionRefusedError(61, 'Connection refused'); first exception - AMQPConnectorSocketConnectError: ConnectionRefusedError(61, 'Connection refused')
2026-10-07 09:50:35,770 ERROR pika.adapters.base_connection: Full-stack connection workflow failed: AMQPConnectionWorkflowFailed: 2 exceptions in all; last exception - AMQPConnectorSocketConnectError: ConnectionRefusedError(61, 'Connection refused'); first exception - AMQPConnectorSocketConnectError: ConnectionRefusedError(61, 'Connection refused')
2026-10-07 09:50:35,770 ERROR pika.adapters.base_connection: Self-initiated stack bring-up failed: AMQPConnectionError: (AMQPConnectionWorkflowFailed: 2 exceptions in all; last exception - AMQPConnectorSocketConnectError: ConnectionRefusedError(61, 'Connection refused'); first exception - AMQPConnectorSocketConnectError: ConnectionRefusedError(61, 'Connection refused'),)
2026-10-07 09:50:35,770 INFO pika.connection: AMQP stack terminated, failed to connect, or aborted: opened=False, error-arg=AMQPConnectionError: (AMQPConnectionWorkflowFailed: 2 exceptions in all; last exception - AMQPConnectorSocketConnectError: ConnectionRefusedError(61, 'Connection refused'); first exception - AMQPConnectorSocketConnectError: ConnectionRefusedError(61, 'Connection refused'),); pending-error=None
2026-10-07 09:50:35,770 INFO pika.connection: Connection setup terminated due to AMQPConnectionError: (AMQPConnectionWorkflowFailed: 2 exceptions in all; last exception - AMQPConnectorSocketConnectError: ConnectionRefusedError(61, 'Connection refused'); first exception - AMQPConnectorSocketConnectError: ConnectionRefusedError(61, 'Connection refused'),)
2026-10-07 09:50:35,770 ERROR gwbase.actor_base: Consumer connection open failed: 
2026-10-07 09:50:35,770 INFO gwbase.actor_base: Consumer connection stopping
2026-10-07 09:50:35,770 INFO gwbase.actor_base: Consumer connection stopped
2026-10-07 09:50:35,770 INFO gwbase.actor_base: Reconnecting after 18 seconds
2026-10-07 09:50:53,775 INFO gwbase.actor_base: Connecting to localhost:5672 vhost=d1__1
2026-10-07 09:50:53,778 INFO pika.adapters.utils.connection_workflow: Pika version 1.4.4 connecting to ('::1', 5672, 0, 0)
2026-10-07 09:50:53,779 ERROR pika.adapters.utils.io_services_utils: Socket failed to connect: <socket.socket fd=20, family=30, type=1, proto=6, laddr=('::1', 51582, 0, 0)>; error=61 (Connection refused)
2026-10-07 09:50:53,779 ERROR pika.adapters.utils.connection_workflow: TCP Connection attempt failed: ConnectionRefusedError(61, 'Connection refused'); dest=(<AddressFamily.AF_INET6: 30>, <SocketKind.SOCK_STREAM: 1>, 6, '', ('::1', 5672, 0, 0))
2026-10-07 09:50:53,779 ERROR pika.adapters.utils.connection_workflow: AMQPConnector - reporting failure: AMQPConnectorSocketConnectError: ConnectionRefusedError(61, 'Connection refused')
2026-10-07 09:50:53,779 INFO pika.adapters.utils.connection_workflow: Pika version 1.4.4 connecting to ('127.0.0.1', 5672)
2026-10-07 09:50:53,779 ERROR pika.adapters.utils.io_services_utils: Socket failed to connect: <socket.socket fd=20, family=2, type=1, proto=6, laddr=('127.0.0.1', 51584)>; error=61 (Connection refused)
2026-10-07 09:50:53,779 ERROR pika.adapters.utils.connection_workflow: TCP Connection attempt failed: ConnectionRefusedError(61, 'Connection refused'); dest=(<AddressFamily.AF_INET: 2>, <SocketKind.SOCK_STREAM: 1>, 6, '', ('127.0.0.1', 5672))
2026-10-07 09:50:53,779 ERROR pika.adapters.utils.connection_workflow: AMQPConnector - reporting failure: AMQPConnectorSocketConnectError: ConnectionRefusedError(61, 'Connection refused')
2026-10-07 09:50:53,779 ERROR pika.adapters.utils.connection_workflow: AMQP connection workflow failed: AMQPConnectionWorkflowFailed: 2 exceptions in all; last exception - AMQPConnectorSocketConnectError: ConnectionRefusedError(61, 'Connection refused'); first exception - AMQPConnectorSocketConnectError: ConnectionRefusedError(61, 'Connection refused').
2026-10-07 09:50:53,780 ERROR pika.adapters.utils.connection_workflow: AMQPConnectionWorkflow - reporting failure: AMQPConnectionWorkflowFailed: 2 exceptions in all; last exception - AMQPConnectorSocketConnectError: ConnectionRefusedError(61, 'Connection refused'); first exception - AMQPConnectorSocketConnectError: ConnectionRefusedError(61, 'Connection refused')
2026-10-07 09:50:53,780 ERROR pika.adapters.base_connection: Full-stack connection workflow failed: AMQPConnectionWorkflowFailed: 2 exceptions in all; last exception - AMQPConnectorSocketConnectError: ConnectionRefusedError(61, 'Connection refused'); first exception - AMQPConnectorSocketConnectError: ConnectionRefusedError(61, 'Connection refused')
2026-10-07 09:50:53,780 ERROR pika.adapters.base_connection: Self-initiated stack bring-up failed: AMQPConnectionError: (AMQPConnectionWorkflowFailed: 2 exceptions in all; last exception - AMQPConnectorSocketConnectError: ConnectionRefusedError(61, 'Connection refused'); first exception - AMQPConnectorSocketConnectError: ConnectionRefusedError(61, 'Connection refused'),)
2026-10-07 09:50:53,780 INFO pika.connection: AMQP stack terminated, failed to connect, or aborted: opened=False, error-arg=AMQPConnectionError: (AMQPConnectionWorkflowFailed: 2 exceptions in all; last exception - AMQPConnectorSocketConnectError: ConnectionRefusedError(61, 'Connection refused'); first exception - AMQPConnectorSocketConnectError: ConnectionRefusedError(61, 'Connection refused'),); pending-error=None
2026-10-07 09:50:53,780 INFO pika.connection: Connection setup terminated due to AMQPConnectionError: (AMQPConnectionWorkflowFailed: 2 exceptions in all; last exception - AMQPConnectorSocketConnectError: ConnectionRefusedError(61, 'Connection refused'); first exception - AMQPConnectorSocketConnectError: ConnectionRefusedError(61, 'Connection refused'),)
2026-10-07 09:50:53,780 ERROR gwbase.actor_base: Consumer connection open failed: 
2026-10-07 09:50:53,780 INFO gwbase.actor_base: Consumer connection stopping
2026-10-07 09:50:53,780 INFO gwbase.actor_base: Consumer connection stopped
2026-10-07 09:50:53,780 INFO gwbase.actor_base: Reconnecting after 19 seconds
2026-10-07 09:51:12,786 INFO gwbase.actor_base: Connecting to localhost:5672 vhost=d1__1
2026-10-07 09:51:12,787 INFO pika.adapters.utils.connection_workflow: Pika version 1.4.4 connecting to ('::1', 5672, 0, 0)
2026-10-07 09:51:12,788 ERROR pika.adapters.utils.io_services_utils: Socket failed to connect: <socket.socket fd=22, family=30, type=1, proto=6, laddr=('::1', 51647, 0, 0)>; error=61 (Connection refused)
2026-10-07 09:51:12,788 ERROR pika.adapters.utils.connection_workflow: TCP Connection attempt failed: ConnectionRefusedError(61, 'Connection refused'); dest=(<AddressFamily.AF_INET6: 30>, <SocketKind.SOCK_STREAM: 1>, 6, '', ('::1', 5672, 0, 0))
2026-10-07 09:51:12,788 ERROR pika.adapters.utils.connection_workflow: AMQPConnector - reporting failure: AMQPConnectorSocketConnectError: ConnectionRefusedError(61, 'Connection refused')
2026-10-07 09:51:12,788 INFO pika.adapters.utils.connection_workflow: Pika version 1.4.4 connecting to ('127.0.0.1', 5672)
2026-10-07 09:51:12,788 ERROR pika.adapters.utils.io_services_utils: Socket failed to connect: <socket.socket fd=22, family=2, type=1, proto=6, laddr=('127.0.0.1', 51648)>; error=61 (Connection refused)
2026-10-07 09:51:12,788 ERROR pika.adapters.utils.connection_workflow: TCP Connection attempt failed: ConnectionRefusedError(61, 'Connection refused'); dest=(<AddressFamily.AF_INET: 2>, <SocketKind.SOCK_STREAM: 1>, 6, '', ('127.0.0.1', 5672))
2026-10-07 09:51:12,788 ERROR pika.adapters.utils.connection_workflow: AMQPConnector - reporting failure: AMQPConnectorSocketConnectError: ConnectionRefusedError(61, 'Connection refused')
2026-10-07 09:51:12,788 ERROR pika.adapters.utils.connection_workflow: AMQP connection workflow failed: AMQPConnectionWorkflowFailed: 2 exceptions in all; last exception - AMQPConnectorSocketConnectError: ConnectionRefusedError(61, 'Connection refused'); first exception - AMQPConnectorSocketConnectError: ConnectionRefusedError(61, 'Connection refused').
2026-10-07 09:51:12,788 ERROR pika.adapters.utils.connection_workflow: AMQPConnectionWorkflow - reporting failure: AMQPConnectionWorkflowFailed: 2 exceptions in all; last exception - AMQPConnectorSocketConnectError: ConnectionRefusedError(61, 'Connection refused'); first exception - AMQPConnectorSocketConnectError: ConnectionRefusedError(61, 'Connection refused')
2026-10-07 09:51:12,788 ERROR pika.adapters.base_connection: Full-stack connection workflow failed: AMQPConnectionWorkflowFailed: 2 exceptions in all; last exception - AMQPConnectorSocketConnectError: ConnectionRefusedError(61, 'Connection refused'); first exception - AMQPConnectorSocketConnectError: ConnectionRefusedError(61, 'Connection refused')
2026-10-07 09:51:12,788 ERROR pika.adapters.base_connection: Self-initiated stack bring-up failed: AMQPConnectionError: (AMQPConnectionWorkflowFailed: 2 exceptions in all; last exception - AMQPConnectorSocketConnectError: ConnectionRefusedError(61, 'Connection refused'); first exception - AMQPConnectorSocketConnectError: ConnectionRefusedError(61, 'Connection refused'),)
2026-10-07 09:51:12,788 INFO pika.connection: AMQP stack terminated, failed to connect, or aborted: opened=False, error-arg=AMQPConnectionError: (AMQPConnectionWorkflowFailed: 2 exceptions in all; last exception - AMQPConnectorSocketConnectError: ConnectionRefusedError(61, 'Connection refused'); first exception - AMQPConnectorSocketConnectError: ConnectionRefusedError(61, 'Connection refused'),); pending-error=None
2026-10-07 09:51:12,788 INFO pika.connection: Connection setup terminated due to AMQPConnectionError: (AMQPConnectionWorkflowFailed: 2 exceptions in all; last exception - AMQPConnectorSocketConnectError: ConnectionRefusedError(61, 'Connection refused'); first exception - AMQPConnectorSocketConnectError: ConnectionRefusedError(61, 'Connection refused'),)
2026-10-07 09:51:12,788 ERROR gwbase.actor_base: Consumer connection open failed: 
2026-10-07 09:51:12,788 INFO gwbase.actor_base: Consumer connection stopping
2026-10-07 09:51:12,788 INFO gwbase.actor_base: Consumer connection stopped
2026-10-07 09:51:12,788 INFO gwbase.actor_base: Reconnecting after 20 seconds
2026-10-07 09:51:32,791 INFO gwbase.actor_base: Connecting to localhost:5672 vhost=d1__1
2026-10-07 09:51:32,792 INFO pika.adapters.utils.connection_workflow: Pika version 1.4.4 connecting to ('::1', 5672, 0, 0)
2026-10-07 09:51:32,792 ERROR pika.adapters.utils.io_services_utils: Socket failed to connect: <socket.socket fd=24, family=30, type=1, proto=6, laddr=('::1', 51722, 0, 0)>; error=61 (Connection refused)
2026-10-07 09:51:32,792 ERROR pika.adapters.utils.connection_workflow: TCP Connection attempt failed: ConnectionRefusedError(61, 'Connection refused'); dest=(<AddressFamily.AF_INET6: 30>, <SocketKind.SOCK_STREAM: 1>, 6, '', ('::1', 5672, 0, 0))
2026-10-07 09:51:32,792 ERROR pika.adapters.utils.connection_workflow: AMQPConnector - reporting failure: AMQPConnectorSocketConnectError: ConnectionRefusedError(61, 'Connection refused')
2026-10-07 09:51:32,792 INFO pika.adapters.utils.connection_workflow: Pika version 1.4.4 connecting to ('127.0.0.1', 5672)
2026-10-07 09:51:32,792 ERROR pika.adapters.utils.io_services_utils: Socket failed to connect: <socket.socket fd=24, family=2, type=1, proto=6, laddr=('127.0.0.1', 51724)>; error=61 (Connection refused)
2026-10-07 09:51:32,792 ERROR pika.adapters.utils.connection_workflow: TCP Connection attempt failed: ConnectionRefusedError(61, 'Connection refused'); dest=(<AddressFamily.AF_INET: 2>, <SocketKind.SOCK_STREAM: 1>, 6, '', ('127.0.0.1', 5672))
2026-10-07 09:51:32,792 ERROR pika.adapters.utils.connection_workflow: AMQPConnector - reporting failure: AMQPConnectorSocketConnectError: ConnectionRefusedError(61, 'Connection refused')
2026-10-07 09:51:32,792 ERROR pika.adapters.utils.connection_workflow: AMQP connection workflow failed: AMQPConnectionWorkflowFailed: 2 exceptions in all; last exception - AMQPConnectorSocketConnectError: ConnectionRefusedError(61, 'Connection refused'); first exception - AMQPConnectorSocketConnectError: ConnectionRefusedError(61, 'Connection refused').
2026-10-07 09:51:32,792 ERROR pika.adapters.utils.connection_workflow: AMQPConnectionWorkflow - reporting failure: AMQPConnectionWorkflowFailed: 2 exceptions in all; last exception - AMQPConnectorSocketConnectError: ConnectionRefusedError(61, 'Connection refused'); first exception - AMQPConnectorSocketConnectError: ConnectionRefusedError(61, 'Connection refused')
2026-10-07 09:51:32,792 ERROR pika.adapters.base_connection: Full-stack connection workflow failed: AMQPConnectionWorkflowFailed: 2 exceptions in all; last exception - AMQPConnectorSocketConnectError: ConnectionRefusedError(61, 'Connection refused'); first exception - AMQPConnectorSocketConnectError: ConnectionRefusedError(61, 'Connection refused')
2026-10-07 09:51:32,792 ERROR pika.adapters.base_connection: Self-initiated stack bring-up failed: AMQPConnectionError: (AMQPConnectionWorkflowFailed: 2 exceptions in all; last exception - AMQPConnectorSocketConnectError: ConnectionRefusedError(61, 'Connection refused'); first exception - AMQPConnectorSocketConnectError: ConnectionRefusedError(61, 'Connection refused'),)
2026-10-07 09:51:32,792 INFO pika.connection: AMQP stack terminated, failed to connect, or aborted: opened=False, error-arg=AMQPConnectionError: (AMQPConnectionWorkflowFailed: 2 exceptions in all; last exception - AMQPConnectorSocketConnectError: ConnectionRefusedError(61, 'Connection refused'); first exception - AMQPConnectorSocketConnectError: ConnectionRefusedError(61, 'Connection refused'),); pending-error=None
2026-10-07 09:51:32,792 INFO pika.connection: Connection setup terminated due to AMQPConnectionError: (AMQPConnectionWorkflowFailed: 2 exceptions in all; last exception - AMQPConnectorSocketConnectError: ConnectionRefusedError(61, 'Connection refused'); first exception - AMQPConnectorSocketConnectError: ConnectionRefusedError(61, 'Connection refused'),)
2026-10-07 09:51:32,792 ERROR gwbase.actor_base: Consumer connection open failed: 
2026-10-07 09:51:32,792 INFO gwbase.actor_base: Consumer connection stopping
2026-10-07 09:51:32,792 INFO gwbase.actor_base: Consumer connection stopped
2026-10-07 09:51:32,792 INFO gwbase.actor_base: Reconnecting after 21 seconds
2026-10-07 09:51:53,795 INFO gwbase.actor_base: Connecting to localhost:5672 vhost=d1__1
2026-10-07 09:51:53,796 INFO pika.adapters.utils.connection_workflow: Pika version 1.4.4 connecting to ('::1', 5672, 0, 0)
2026-10-07 09:51:53,796 ERROR pika.adapters.utils.io_services_utils: Socket failed to connect: <socket.socket fd=26, family=30, type=1, proto=6, laddr=('::1', 51802, 0, 0)>; error=61 (Connection refused)
2026-10-07 09:51:53,796 ERROR pika.adapters.utils.connection_workflow: TCP Connection attempt failed: ConnectionRefusedError(61, 'Connection refused'); dest=(<AddressFamily.AF_INET6: 30>, <SocketKind.SOCK_STREAM: 1>, 6, '', ('::1', 5672, 0, 0))
2026-10-07 09:51:53,796 ERROR pika.adapters.utils.connection_workflow: AMQPConnector - reporting failure: AMQPConnectorSocketConnectError: ConnectionRefusedError(61, 'Connection refused')
2026-10-07 09:51:53,796 INFO pika.adapters.utils.connection_workflow: Pika version 1.4.4 connecting to ('127.0.0.1', 5672)
2026-10-07 09:51:53,797 ERROR pika.adapters.utils.io_services_utils: Socket failed to connect: <socket.socket fd=26, family=2, type=1, proto=6, laddr=('127.0.0.1', 51804)>; error=61 (Connection refused)
2026-10-07 09:51:53,797 ERROR pika.adapters.utils.connection_workflow: TCP Connection attempt failed: ConnectionRefusedError(61, 'Connection refused'); dest=(<AddressFamily.AF_INET: 2>, <SocketKind.SOCK_STREAM: 1>, 6, '', ('127.0.0.1', 5672))
2026-10-07 09:51:53,797 ERROR pika.adapters.utils.connection_workflow: AMQPConnector - reporting failure: AMQPConnectorSocketConnectError: ConnectionRefusedError(61, 'Connection refused')
2026-10-07 09:51:53,797 ERROR pika.adapters.utils.connection_workflow: AMQP connection workflow failed: AMQPConnectionWorkflowFailed: 2 exceptions in all; last exception - AMQPConnectorSocketConnectError: ConnectionRefusedError(61, 'Connection refused'); first exception - AMQPConnectorSocketConnectError: ConnectionRefusedError(61, 'Connection refused').
2026-10-07 09:51:53,797 ERROR pika.adapters.utils.connection_workflow: AMQPConnectionWorkflow - reporting failure: AMQPConnectionWorkflowFailed: 2 exceptions in all; last exception - AMQPConnectorSocketConnectError: ConnectionRefusedError(61, 'Connection refused'); first exception - AMQPConnectorSocketConnectError: ConnectionRefusedError(61, 'Connection refused')
2026-10-07 09:51:53,797 ERROR pika.adapters.base_connection: Full-stack connection workflow failed: AMQPConnectionWorkflowFailed: 2 exceptions in all; last exception - AMQPConnectorSocketConnectError: ConnectionRefusedError(61, 'Connection refused'); first exception - AMQPConnectorSocketConnectError: ConnectionRefusedError(61, 'Connection refused')
2026-10-07 09:51:53,797 ERROR pika.adapters.base_connection: Self-initiated stack bring-up failed: AMQPConnectionError: (AMQPConnectionWorkflowFailed: 2 exceptions in all; last exception - AMQPConnectorSocketConnectError: ConnectionRefusedError(61, 'Connection refused'); first exception - AMQPConnectorSocketConnectError: ConnectionRefusedError(61, 'Connection refused'),)
2026-10-07 09:51:53,797 INFO pika.connection: AMQP stack terminated, failed to connect, or aborted: opened=False, error-arg=AMQPConnectionError: (AMQPConnectionWorkflowFailed: 2 exceptions in all; last exception - AMQPConnectorSocketConnectError: ConnectionRefusedError(61, 'Connection refused'); first exception - AMQPConnectorSocketConnectError: ConnectionRefusedError(61, 'Connection refused'),); pending-error=None
2026-10-07 09:51:53,797 INFO pika.connection: Connection setup terminated due to AMQPConnectionError: (AMQPConnectionWorkflowFailed: 2 exceptions in all; last exception - AMQPConnectorSocketConnectError: ConnectionRefusedError(61, 'Connection refused'); first exception - AMQPConnectorSocketConnectError: ConnectionRefusedError(61, 'Connection refused'),)
2026-10-07 09:51:53,797 ERROR gwbase.actor_base: Consumer connection open failed: 
2026-10-07 09:51:53,797 INFO gwbase.actor_base: Consumer connection stopping
2026-10-07 09:51:53,797 INFO gwbase.actor_base: Consumer connection stopped
2026-10-07 09:51:53,797 INFO gwbase.actor_base: Reconnecting after 22 seconds
2026-10-07 09:52:15,801 INFO gwbase.actor_base: Connecting to localhost:5672 vhost=d1__1
2026-10-07 09:52:15,802 INFO pika.adapters.utils.connection_workflow: Pika version 1.4.4 connecting to ('::1', 5672, 0, 0)
2026-10-07 09:52:15,803 INFO pika.adapters.utils.io_services_utils: Socket connected: <socket.socket fd=28, family=30, type=1, proto=6, laddr=('::1', 51878, 0, 0), raddr=('::1', 5672, 0, 0)>
2026-10-07 09:52:15,803 INFO pika.adapters.utils.connection_workflow: Streaming transport linked up: (<pika.adapters.utils.io_services_utils._AsyncPlaintextTransport object at 0x1110ea5a0>, _StreamingProtocolShim: <SelectConnection PROTOCOL transport=<pika.adapters.utils.io_services_utils._AsyncPlaintextTransport object at 0x1110ea5a0> params=<URLParameters host=localhost port=5672 virtual_host=d1__1 ssl=False>>).
2026-10-07 09:52:15,809 INFO gwbase.actor_base: Connection opened
2026-10-07 09:52:15,809 INFO gwbase.actor_base: Creating a new channel
2026-10-07 09:52:15,809 INFO pika.adapters.utils.connection_workflow: AMQPConnector - reporting success: <SelectConnection OPEN transport=<pika.adapters.utils.io_services_utils._AsyncPlaintextTransport object at 0x1110ea5a0> params=<URLParameters host=localhost port=5672 virtual_host=d1__1 ssl=False>>
2026-10-07 09:52:15,809 INFO pika.adapters.utils.connection_workflow: AMQPConnectionWorkflow - reporting success: <SelectConnection OPEN transport=<pika.adapters.utils.io_services_utils._AsyncPlaintextTransport object at 0x1110ea5a0> params=<URLParameters host=localhost port=5672 virtual_host=d1__1 ssl=False>>
2026-10-07 09:52:15,810 INFO gwbase.actor_base: Channel opened
2026-10-07 09:52:15,810 INFO gwbase.actor_base: Adding consumer channel close callback
2026-10-07 09:52:15,810 INFO gwbase.actor_base: Asserting consume exchange exists: alerts_tx
2026-10-07 09:52:15,811 INFO gwbase.actor_base: Consume exchange present: alerts_tx
2026-10-07 09:52:15,811 INFO gwbase.actor_base: Declaring queue d1.alerts-F01a
2026-10-07 09:52:15,813 INFO gwbase.orchestrator: Binding alerts_tx to d1.alerts-F01a with rj.*.*.*.*.d1-alerts
2026-10-07 09:52:15,814 INFO gwbase.actor_base: Queue d1.alerts-F01a bound with rj.*.*.*.*.d1-alerts
2026-10-07 09:52:15,814 INFO gwbase.actor_base: QOS set to: 1
2026-10-07 09:52:15,815 INFO gwbase.actor_base: Start consuming
2026-10-07 09:52:15,815 INFO gwbase.actor_base: Adding consumer cancellation callback
