2026-09-08 15:20:51.797 
2026-09-08 15:20:51.798 Env file: </home/pi/envs/dev.env>  exists: True
2026-09-08 15:20:51.798 Settings:
2026-09-08 15:20:51.799 {
  "paths": {
    "base": "gridworks",
    "name": "scada-experiment",
    "relative_path": "gridworks/scada-experiment",
    "data_home": "/home/pi/.local/share",
    "state_home": "/home/pi/.local/state",
    "config_home": "/home/pi/.config",
    "data_dir": "/home/pi/.local/share/gridworks/scada-experiment",
    "config_dir": "/home/pi/.config/gridworks/scada-experiment",
    "certs_dir": "/home/pi/.config/gridworks/scada-experiment/certs",
    "event_dir": "/home/pi/.local/share/gridworks/scada-experiment/event",
    "log_dir": "/home/pi/.local/state/gridworks/scada-experiment/log",
    "hardware_layout": "/home/pi/.config/gridworks/scada-experiment/hardware-layout.json",
    "operational_params": "/home/pi/.config/gridworks/scada-experiment/operational-params.json",
    "tadeed": "/home/pi/.config/gridworks/scada-experiment/tadeed.json"
  },
  "logging": {
    "base_log_name": "gridworks",
    "base_log_level": 30,
    "levels": {
      "message_summary": 30,
      "lifecycle": 20,
      "comm_event": 20,
      "io_loop": 20
    },
    "formatter": {
      "fmt": "%(asctime)s %(message)s",
      "datefmt": "",
      "default_msec_format": "%s.%03d",
      "use_utc": false
    },
    "file_handler": {
      "filename": "proactor.log",
      "bytes_per_log_file": 2097152,
      "num_log_files": 10,
      "level": 0
    },
    "io_loop": {
      "file_handler": {
        "filename": "io_loop.log",
        "bytes_per_log_file": 2097152,
        "num_log_files": 2,
        "level": 0
      },
      "on_screen": false
    },
    "aiohttp_logging": false,
    "paho_logging": false
  },
  "proactor": {
    "mqtt_link_poll_seconds": 60.0,
    "ack_timeout_seconds": 5.0,
    "num_initial_event_reuploads": 5,
    "num_inflight_events": 50
  },
  "pico_cycler_state_logging": true,
  "power_meter_logging_level": 30,
  "contract_rep_logging_level": 20,
  "relay_multiplexer_logging_level": 20,
  "paho_logging": false,
  "local_mqtt": {
    "host": "spruce.local",
    "port": 1883,
    "keepalive": 60,
    "bind_address": "",
    "bind_port": 0,
    "username": "sara",
    "password": "**********",
    "tls": {
      "use_tls": false,
      "port": 8883,
      "paths": {
        "ca_cert_path": "/home/pi/.config/gridworks/scada-experiment/certs/local_mqtt/ca.crt",
        "cert_path": "/home/pi/.config/gridworks/scada-experiment/certs/local_mqtt/local_mqtt.crt",
        "private_key_path": "/home/pi/.config/gridworks/scada-experiment/certs/local_mqtt/private/local_mqtt.pem"
      },
      "cert_reqs": 2,
      "ciphers": null,
      "keyfile_password": ""
    }
  },
  "gridworks_mqtt": {
    "host": "localhost",
    "port": 1885,
    "keepalive": 60,
    "bind_address": "",
    "bind_port": 0,
    "username": "smqPublic",
    "password": "**********",
    "tls": {
      "use_tls": false,
      "port": 8883,
      "paths": {
        "ca_cert_path": "/home/pi/.config/gridworks/scada-experiment/certs/gridworks_mqtt/ca.crt",
        "cert_path": "/home/pi/.config/gridworks/scada-experiment/certs/gridworks_mqtt/gridworks_mqtt.crt",
        "private_key_path": "/home/pi/.config/gridworks/scada-experiment/certs/gridworks_mqtt/private/gridworks_mqtt.pem"
      },
      "cert_reqs": 2,
      "ciphers": null,
      "keyfile_password": ""
    }
  },
  "seconds_per_report": 300,
  "seconds_per_snapshot": 30,
  "async_power_reporting_threshold": 0.02,
  "persister": {
    "max_bytes": 524288000
  },
  "admin": {
    "host": "localhost",
    "port": 1883,
    "keepalive": 60,
    "bind_address": "",
    "bind_port": 0,
    "username": "sara",
    "password": "**********",
    "tls": {
      "use_tls": false,
      "port": 8883,
      "paths": {
        "ca_cert_path": "/home/pi/.config/gridworks/scada-experiment/certs/admin/ca.crt",
        "cert_path": "/home/pi/.config/gridworks/scada-experiment/certs/admin/admin.crt",
        "private_key_path": "/home/pi/.config/gridworks/scada-experiment/certs/admin/private/admin.pem"
      },
      "cert_reqs": 2,
      "ciphers": null,
      "keyfile_password": ""
    },
    "enabled": true,
    "name": "admin",
    "max_timeout_seconds": 86400.0
  },
  "timezone_str": "America/New_York",
  "latitude": 45.6573,
  "longitude": -68.7098,
  "whitewire_threshold_watts": 20.0,
  "hp_model": "SamsungFiveTonneHydroKit",
  "airtable_pat": "bogus_pat"
}
ScadaSettings(
    paths=ScadaPaths(
        base=PosixPath('gridworks'),
        name=PosixPath('scada-experiment'),
        relative_path=PosixPath('gridworks/scada-experiment'),
        data_home=PosixPath('/home/pi/.local/share'),
        state_home=PosixPath('/home/pi/.local/state'),
        config_home=PosixPath('/home/pi/.config'),
        data_dir=PosixPath('/home/pi/.local/share/gridworks/scada-experiment'),
        config_dir=PosixPath('/home/pi/.config/gridworks/scada-experiment'),
        certs_dir=PosixPath('/home/pi/.config/gridworks/scada-experiment/certs')
,
        event_dir=PosixPath('/home/pi/.local/share/gridworks/scada-experiment/ev
ent'),
        log_dir=PosixPath('/home/pi/.local/state/gridworks/scada-experiment/log'
),
        hardware_layout=PosixPath('/home/pi/.config/gridworks/scada-experiment/h
ardware-layout.json'),
        operational_params=PosixPath('/home/pi/.config/gridworks/scada-experimen
t/operational-params.json'),
        tadeed=PosixPath('/home/pi/.config/gridworks/scada-experiment/tadeed.jso
n')
    ),
    logging=LoggingSettings(
        base_log_name='gridworks',
        base_log_level=30,
        levels=LoggerLevels(
            message_summary=30,
            lifecycle=20,
            comm_event=20,
            io_loop=20
        ),
        formatter=FormatterSettings(
            fmt='%(asctime)s %(message)s',
            datefmt='',
            default_msec_format='%s.%03d',
            use_utc=False
        ),
        file_handler=RotatingFileHandlerSettings(
            filename='proactor.log',
            bytes_per_log_file=2097152,
            num_log_files=10,
            level=0
        ),
        io_loop=IOLoopLoggerSettings(
            file_handler=RotatingFileHandlerSettings(
                filename='io_loop.log',
                bytes_per_log_file=2097152,
                num_log_files=2,
                level=0
            ),
            on_screen=False
        ),
        aiohttp_logging=False,
        paho_logging=False
    ),
    proactor=ProactorSettings(
        mqtt_link_poll_seconds=60.0,
        ack_timeout_seconds=5.0,
        num_initial_event_reuploads=5,
        num_inflight_events=50
    ),
    pico_cycler_state_logging=True,
    power_meter_logging_level=30,
    contract_rep_logging_level=20,
    relay_multiplexer_logging_level=20,
    paho_logging=False,
    local_mqtt=MQTTClient(
        host='spruce.local',
        port=1883,
        keepalive=60,
        bind_address='',
        bind_port=0,
        username='sara',
        password=SecretStr('**********'),
        tls=TLSInfo(
            use_tls=False,
            port=8883,
            paths=TLSPaths(
                ca_cert_path=PosixPath('/home/pi/.config/gridworks/scada-experim
ent/certs/local_mqtt/ca.crt'),
                cert_path=PosixPath('/home/pi/.config/gridworks/scada-experiment
/certs/local_mqtt/local_mqtt.crt'),
                private_key_path=PosixPath('/home/pi/.config/gridworks/scada-exp
eriment/certs/local_mqtt/private/local_mqtt.pem')
            ),
            cert_reqs=<VerifyMode.CERT_REQUIRED: 2>,
            ciphers=None,
            keyfile_password=SecretStr('')
        )
    ),
    gridworks_mqtt=MQTTClient(
        host='localhost',
        port=1885,
        keepalive=60,
        bind_address='',
        bind_port=0,
        username='smqPublic',
        password=SecretStr('**********'),
        tls=TLSInfo(
            use_tls=False,
            port=8883,
            paths=TLSPaths(
                ca_cert_path=PosixPath('/home/pi/.config/gridworks/scada-experim
ent/certs/gridworks_mqtt/ca.crt'),
                cert_path=PosixPath('/home/pi/.config/gridworks/scada-experiment
/certs/gridworks_mqtt/gridworks_mqtt.crt'),
                private_key_path=PosixPath('/home/pi/.config/gridworks/scada-exp
eriment/certs/gridworks_mqtt/private/gridworks_mqtt.pem')
            ),
            cert_reqs=<VerifyMode.CERT_REQUIRED: 2>,
            ciphers=None,
            keyfile_password=SecretStr('')
        )
    ),
    seconds_per_report=300,
    seconds_per_snapshot=30,
    async_power_reporting_threshold=0.02,
    persister=PersisterSettings(max_bytes=524288000),
    admin=AdminLinkSettings(
        host='localhost',
        port=1883,
        keepalive=60,
        bind_address='',
        bind_port=0,
        username='sara',
        password=SecretStr('**********'),
        tls=TLSInfo(
            use_tls=False,
            port=8883,
            paths=TLSPaths(
                ca_cert_path=PosixPath('/home/pi/.config/gridworks/scada-experim
ent/certs/admin/ca.crt'),
                cert_path=PosixPath('/home/pi/.config/gridworks/scada-experiment
/certs/admin/admin.crt'),
                private_key_path=PosixPath('/home/pi/.config/gridworks/scada-exp
eriment/certs/admin/private/admin.pem')
            ),
            cert_reqs=<VerifyMode.CERT_REQUIRED: 2>,
            ciphers=None,
            keyfile_password=SecretStr('')
        ),
        enabled=True,
        name='admin',
        max_timeout_seconds=86400.0
    ),
    timezone_str='America/New_York',
    latitude=45.6573,
    longitude=-68.7098,
    whitewire_threshold_watts=20.0,
    hp_model=<HpModel.SamsungFiveTonneHydroKit: 'SamsungFiveTonneHydroKit'>,
    airtable_pat='bogus_pat'
)
2026-09-08 15:20:51.985 Proactor <ProactorName(long_name='hw1.isone.me.versant.keene.spruce.scada', short_name='s')> reindexing events
2026-09-08 15:20:51.989 Proactor <ProactorName(long_name='hw1.isone.me.versant.keene.spruce.scada', short_name='s')> reindexing complete.
  84 events present for upload, using approximately 235 KB / 0.2 MB storage space.
2026-09-08 15:20:51.992 [scada] SIMULATED
2026-09-08 15:20:52.002 Skip binding of 'trigger' to model due to model override policy.
2026-09-08 15:20:52.003 Skip binding of 'may_trigger' to model due to model override policy.
2026-09-08 15:20:52.044 Creating LeafAlly with strategy AllTanks, using actors.leaf_ally.nolan.NolanLeafAlly
2026-09-08 15:20:52.046 Skip binding of 'WakeUp' to model due to model override policy.
2026-09-08 15:20:52.047 [derived-generator] self.timezone: America/New_York
2026-09-08 15:20:52.047 [derived-generator] self.latitude: 45.6573
2026-09-08 15:20:52.047 [derived-generator] self.longitude: -68.7098
2026-09-08 15:20:52.047 [derived-generator] Params: AlphaTimes10=55 BetaTimes100=-10 GammaEx6=0 IntermediatePowerKw=1.5 IntermediateRswtF=100 DdPowerKw=5.5 DdRswtF=150 DdDeltaTF=20 HpMaxKwEl=9.66 MaxEwtF=170 LoadOverestimationPercent=0 CopIntercept=1.02 CopOatCoeff=0.0257 CopLwtCoeff=0.0 CopMin=1.4 CopMinOatF=15.0 HpTurnOnMinutes=12 TypeName='ha1.params' Version='006'
2026-09-08 15:20:52.054 [lc] Set auto.lc.n command tree
2026-09-08 15:20:52.055 [lc] Starting Nolan Local Control in Normal (TOU cooling; ops ActuationAuthority Active, ServiceMode Heating)
2026-09-08 15:20:52.055 Creating LocalControl with actuation authority Active and seasonal storage mode AllTanks, using actors.local_control.nolan.NolanLocalControl
/home/pi/gridworks-scada-unlimbo/gw_spaceheat/actors/relay.py:193: RuntimeWarning: This channel is already in use, continuing anyway.  Use GPIO.setwarnings(False) to disable warnings.
  self.GPIO.setup(self._gpio_pin, GPIO.OUT)
2026-09-08 15:20:52.071 
Subscription info for <hw1.isone.me.versant.keene.spruce.scada> [construction]
  Client name: <gridworks_mqtt>  topic_dst: <ltn>
    Publish to: gw/hw1-isone-me-versant-keene-spruce-scada/to/ltn/SOME_MESSAGE_TYPE
    Subscriptions:
      [('gw/hw1-isone-me-versant-keene-spruce/to/s/#', <QOS.AtMostOnce: 0>)]
  Client name: <local_mqtt>  topic_dst: <s2>
    Publish to: gw/hw1-isone-me-versant-keene-spruce-scada/to/s2/SOME_MESSAGE_TYPE
    Subscriptions:
      [('gw/hw1-isone-me-versant-keene-spruce-scada-s2/to/s/#', <QOS.AtMostOnce: 0>)]
  Client name: <admin>  topic_dst: <admin>
    Publish to: gw/hw1-isone-me-versant-keene-spruce-scada/to/admin/SOME_MESSAGE_TYPE
    Subscriptions:
      [('gw/admin/to/hw1-isone-me-versant-keene-spruce-scada/#', <QOS.AtMostOnce: 0>)]

== window boot: hw1.isone.me.versant.keene.spruce.scada for 14400s, broker localhost:1885 ==
2026-09-08 15:20:52.084 [zone1-bedrooms-opto] GpioSensor started on GPIO 17
2026-09-08 15:20:52.091 [zone2-living-rm-opto] GpioSensor started on GPIO 27
2026-09-08 15:20:52.092 [zone3-upstairs-opto] GpioSensor started on GPIO 22
2026-09-08 15:20:52.092 [zone4-garage-opto] GpioSensor started on GPIO 10
2026-09-08 15:20:52.092 [zone5-living-rm-fancoil-opto] GpioSensor started on GPIO 9
2026-09-08 15:20:52.092 [gw108-thermistor-reader] I2cThermistorReader started at address 73
2026-09-08 15:20:52.093 ++Proactor<s>.join()
2026-09-08 15:20:52.094 Tasks: 68  [Proactor.join() - all tasks]
	1/68  gw108-thermistor-reader-main    done:False   exception: None  <coroutine object I2cThermistorReader.main at 0x7fa8157df0>
	2/68  report_sender                   done:False   exception: None  <coroutine object Scada.report_sending_task at 0x7fa7defbc0>
	3/68  zone3-upstairs-failsafe-relay-boot-adopt  done:False   exception: None  <coroutine object Relay._boot_adopt at 0x7fa7d75340>
	4/68  relay state reporter            done:False   exception: None  <coroutine object Relay.main at 0x7fa7df48b0>
	5/68  Task-2                          done:False   exception: None  <coroutine object Proactor.run_forever at 0x7fa7ebd3c0>
	6/68  relay state reporter            done:False   exception: None  <coroutine object Relay.main at 0x7fa7df4400>
	7/68  zone2-living-rm-opto-main       done:False   exception: None  <coroutine object GpioSensor.main at 0x7fa7d76740>
	8/68  ApiTankModule keepalive         done:False   exception: None  <coroutine object ApiTankModule.main at 0x7fa7ded7e0>
	9/68  relay state reporter            done:False   exception: None  <coroutine object Relay.main at 0x7fa7d83f10>
	10/68  buffer-top-elt-relay-boot-adopt  done:False   exception: None  <coroutine object Relay._boot_adopt at 0x7fa7d75e40>
	11/68  snap_sender                     done:False   exception: None  <coroutine object Scada.snap_sending_task at 0x7fa7defca0>
	12/68  hp-scada-ops-relay-boot-adopt   done:False   exception: None  <coroutine object Relay._boot_adopt at 0x7fa7d75a40>
	13/68  ApiTankModule keepalive         done:False   exception: None  <coroutine object ApiTankModule.main at 0x7fa7ded9a0>
	14/68  relay state reporter            done:False   exception: None  <coroutine object Relay.main at 0x7fa7d83a60>
	15/68  relay state reporter            done:False   exception: None  <coroutine object Relay.main at 0x7fa7df49a0>
	16/68  scada top_state_tracker         done:False   exception: None  <coroutine object Scada.state_tracker at 0x7fa7ed8d50>
	17/68  zone5-living-rm-fancoil-ops-relay-boot-adopt  done:False   exception: None  <coroutine object Relay._boot_adopt at 0x7fa7d75940>
	18/68  pat_watchdog                    done:False   exception: None  <coroutine object WatchdogManager._check_pats at 0x7fa7ed8630>
	19/68  relay state reporter            done:False   exception: None  <coroutine object Relay.main at 0x7fa7df44f0>
	20/68  zone1-bedrooms-failsafe-relay-boot-adopt  done:False   exception: None  <coroutine object Relay._boot_adopt at 0x7fa7d74f40>
	21/68  ApiBtuMeter keepalive           done:False   exception: None  <coroutine object ApiBtuMeter.main at 0x7fa7deda80>
	22/68  zone3-upstairs-ops-relay-boot-adopt  done:False   exception: None  <coroutine object Relay._boot_adopt at 0x7fa7d75440>
	23/68  buffer-bottom-elt-relay-boot-adopt  done:False   exception: None  <coroutine object Relay._boot_adopt at 0x7fa7d75f40>
	24/68  secondary-pump-relay-boot-adopt  done:False   exception: None  <coroutine object Relay._boot_adopt at 0x7fa7d75b40>
	25/68  relay state reporter            done:False   exception: None  <coroutine object Relay.main at 0x7fa7d83b50>
	26/68  ApiBtuMeter keepalive           done:False   exception: None  <coroutine object ApiBtuMeter.main at 0x7fa7def920>
	27/68  relay state reporter            done:False   exception: None  <coroutine object Relay.main at 0x7fa7df4040>
	28/68  relay state reporter            done:False   exception: None  <coroutine object Relay.main at 0x7fa7df4a90>
	29/68  picocycler keepalive            done:False   exception: None  <coroutine object PicoCycler.main at 0x7fa7d58430>
	30/68  relay state reporter            done:False   exception: None  <coroutine object Relay.main at 0x7fa7df45e0>
	31/68  zone1-bedrooms-ops-relay-boot-adopt  done:False   exception: None  <coroutine object Relay._boot_adopt at 0x7fa7d75040>
	32/68  ApiBtuMeter keepalive           done:False   exception: None  <coroutine object ApiBtuMeter.main at 0x7fa7defa00>
	33/68  zone4-garage-failsafe-relay-boot-adopt  done:False   exception: None  <coroutine object Relay._boot_adopt at 0x7fa7d75540>
	34/68  tank1-top-elt-relay-boot-adopt  done:False   exception: None  <coroutine object Relay._boot_adopt at 0x7fa7d76040>
	35/68  Derived Generator keepalive     done:False   exception: None  <coroutine object DerivedGenerator.main at 0x7fa7d83880>
	36/68  iso-valve-relay-boot-adopt      done:False   exception: None  <coroutine object Relay._boot_adopt at 0x7fa7d75c40>
	37/68  Task-1                          done:False   exception: None  <coroutine object _run_bounded at 0x7fa812be60>
	38/68  relay state reporter            done:False   exception: None  <coroutine object Relay.main at 0x7fa7d83c40>
	39/68  ApiBtuMeter keepalive           done:False   exception: None  <coroutine object ApiBtuMeter.main at 0x7fa7defae0>
	40/68  relay state reporter            done:False   exception: None  <coroutine object Relay.main at 0x7fa7df4130>
	41/68  relay state reporter            done:False   exception: None  <coroutine object Relay.main at 0x7fa7df4b80>
	42/68  NolanLocalControl keepalive     done:False   exception: None  <coroutine object NolanLocalControl.main at 0x7fa7ded8c0>
	43/68  relay state reporter            done:False   exception: None  <coroutine object Relay.main at 0x7fa7df46d0>
	44/68  relay state reporter            done:False   exception: None  <coroutine object Relay.main at 0x7fa7d83e20>
	45/68  zone2-living-rm-failsafe-relay-boot-adopt  done:False   exception: None  <coroutine object Relay._boot_adopt at 0x7fa7d75140>
	46/68  process_messages                done:False   exception: None  <coroutine object Proactor.process_messages at 0x7fa7ed8c20>
	47/68  zone4-garage-ops-relay-boot-adopt  done:False   exception: None  <coroutine object Relay._boot_adopt at 0x7fa7d75640>
	48/68  tank1-bottom-elt-relay-boot-adopt  done:False   exception: None  <coroutine object Relay._boot_adopt at 0x7fa7d76140>
	49/68  NolanLocalControl tou           done:False   exception: None  <coroutine object NolanLocalControl.tou_control at 0x7fa7d83970>
	50/68  charge-valve-relay-boot-adopt   done:False   exception: None  <coroutine object Relay._boot_adopt at 0x7fa7d75840>
	51/68  zone3-upstairs-opto-main        done:False   exception: None  <coroutine object GpioSensor.main at 0x7fa7d76840>
	52/68  relay state reporter            done:False   exception: None  <coroutine object Relay.main at 0x7fa7d83d30>
	53/68  send_ping<gridworks_mqtt>       done:False   exception: None  <coroutine object LinkManager.send_ping at 0x7fa7d76b40>
	54/68  relay state reporter            done:False   exception: None  <coroutine object Relay.main at 0x7fa7df4220>
	55/68  relay state reporter            done:False   exception: None  <coroutine object Relay.main at 0x7fa7df4c70>
	56/68  i2c-bus-init-guard              done:False   exception: None  <coroutine object I2cBus._init_expanders at 0x7fa7ed8af0>
	57/68  relay state reporter            done:False   exception: None  <coroutine object Relay.main at 0x7fa7df47c0>
	58/68  zone4-garage-opto-main          done:False   exception: None  <coroutine object GpioSensor.main at 0x7fa7d76940>
	59/68  relay state reporter            done:False   exception: None  <coroutine object Relay.main at 0x7fa7df4310>
	60/68  zone2-living-rm-ops-relay-boot-adopt  done:False   exception: None  <coroutine object Relay._boot_adopt at 0x7fa7d75240>
	61/68  send_ping<local_mqtt>           done:False   exception: None  <coroutine object LinkManager.send_ping at 0x7fa7d76c40>
	62/68  zone5-living-rm-fancoil-failsafe-relay-boot-adopt  done:False   exception: None  <coroutine object Relay._boot_adopt at 0x7fa7d75740>
	63/68  secondary-010v-main             done:False   exception: None  <coroutine object ZeroTenOutputer.main_loop at 0x7fa7f3fae0>
	64/68  i2c-bus-heartbeat               done:False   exception: None  <coroutine object I2cBus._heartbeat at 0x7fa7ded700>
	65/68  store-pump-relay-boot-adopt     done:False   exception: None  <coroutine object Relay._boot_adopt at 0x7fa7d75d40>
	66/68  zone5-living-rm-fancoil-opto-main  done:False   exception: None  <coroutine object GpioSensor.main at 0x7fa7d76a40>
	67/68  send_ping<admin>                done:False   exception: None  <coroutine object LinkManager.send_ping at 0x7fa7d76d40>
	68/68  zone1-bedrooms-opto-main        done:False   exception: None  <coroutine object GpioSensor.main at 0x7fa7d76240>

2026-09-08 15:20:52.096 Tasks: 109  [WAITING FOR]
	1/109  relay state reporter            done:False   exception: None  <coroutine object Relay.main at 0x7fa7df48b0>
	2/109  buffer-top-elt-relay-boot-adopt  done:False   exception: None  <coroutine object Relay._boot_adopt at 0x7fa7d75e40>
	3/109  store-pump-relay.join           done:False   exception: None  <coroutine object Relay.join at 0x7fa4b58040>
	4/109  pico-cycler.join                done:False   exception: None  <coroutine object PicoCycler.join at 0x7fa7dfa080>
	5/109  relay state reporter            done:False   exception: None  <coroutine object Relay.main at 0x7fa7df49a0>
	6/109  buffer-bottom-elt-relay-boot-adopt  done:False   exception: None  <coroutine object Relay._boot_adopt at 0x7fa7d75f40>
	7/109  buffer-top-elt-relay.join       done:False   exception: None  <coroutine object Relay.join at 0x7fa4b581c0>
	8/109  derived-generator.join          done:False   exception: None  <coroutine object DerivedGenerator.join at 0x7fa7dfa200>
	9/109  relay state reporter            done:False   exception: None  <coroutine object Relay.main at 0x7fa7df4a90>
	10/109  picocycler keepalive            done:False   exception: None  <coroutine object PicoCycler.main at 0x7fa7d58430>
	11/109  tank1-top-elt-relay-boot-adopt  done:False   exception: None  <coroutine object Relay._boot_adopt at 0x7fa7d76040>
	12/109  buffer-bottom-elt-relay.join    done:False   exception: None  <coroutine object Relay.join at 0x7fa4b58340>
	13/109  Derived Generator keepalive     done:False   exception: None  <coroutine object DerivedGenerator.main at 0x7fa7d83880>
	14/109  hp-boss.join                    done:False   exception: None  <coroutine object HpBoss.join at 0x7fa7dfa380>
	15/109  relay state reporter            done:False   exception: None  <coroutine object Relay.main at 0x7fa7df4b80>
	16/109  NolanLocalControl keepalive     done:False   exception: None  <coroutine object NolanLocalControl.main at 0x7fa7ded8c0>
	17/109  tank1-bottom-elt-relay-boot-adopt  done:False   exception: None  <coroutine object Relay._boot_adopt at 0x7fa7d76140>
	18/109  tank1-top-elt-relay.join        done:False   exception: None  <coroutine object Relay.join at 0x7fa4b584c0>
	19/109  NolanLocalControl tou           done:False   exception: None  <coroutine object NolanLocalControl.tou_control at 0x7fa7d83970>
	20/109  lc.join                         done:False   exception: None  <coroutine object LocalControl.join at 0x7fa7dfa500>
	21/109  relay state reporter            done:False   exception: None  <coroutine object Relay.main at 0x7fa7df4c70>
	22/109  i2c-bus-init-guard              done:False   exception: None  <coroutine object I2cBus._init_expanders at 0x7fa7ed8af0>
	23/109  secondary-010v-main             done:False   exception: None  <coroutine object ZeroTenOutputer.main_loop at 0x7fa7f3fae0>
	24/109  tank1-bottom-elt-relay.join     done:False   exception: None  <coroutine object Relay.join at 0x7fa4b58640>
	25/109  i2c-bus-heartbeat               done:False   exception: None  <coroutine object I2cBus._heartbeat at 0x7fa7ded700>
	26/109  i2c-bus.join                    done:False   exception: None  <coroutine object I2cBus.join at 0x7fa7dfa680>
	27/109  zone1-bedrooms-opto-main        done:False   exception: None  <coroutine object GpioSensor.main at 0x7fa7d76240>
	28/109  zone2-living-rm-opto-main       done:False   exception: None  <coroutine object GpioSensor.main at 0x7fa7d76740>
	29/109  secondary-010v.join             done:False   exception: None  <coroutine object ZeroTenOutputer.join at 0x7fa4b587c0>
	30/109  power-meter.join                done:False   exception: None  <coroutine object SyncThreadActor.join at 0x7fa7dfa800>
	31/109  relay state reporter            done:False   exception: None  <coroutine object Relay.main at 0x7fa7d83a60>
	32/109  zone1-bedrooms-opto.join        done:False   exception: None  <coroutine object GpioSensor.join at 0x7fa4b58940>
	33/109  zone1-bedrooms-failsafe-relay-boot-adopt  done:False   exception: None  <coroutine object Relay._boot_adopt at 0x7fa7d74f40>
	34/109  vdc-relay.join                  done:False   exception: None  <coroutine object Relay.join at 0x7fa7dfa980>
	35/109  relay state reporter            done:False   exception: None  <coroutine object Relay.main at 0x7fa7d83b50>
	36/109  zone2-living-rm-opto.join       done:False   exception: None  <coroutine object GpioSensor.join at 0x7fa4b58ac0>
	37/109  zone1-bedrooms-ops-relay-boot-adopt  done:False   exception: None  <coroutine object Relay._boot_adopt at 0x7fa7d75040>
	38/109  zone1-bedrooms-failsafe-relay.join  done:False   exception: None  <coroutine object Relay.join at 0x7fa7dfab00>
	39/109  relay state reporter            done:False   exception: None  <coroutine object Relay.main at 0x7fa7d83c40>
	40/109  zone3-upstairs-opto.join        done:False   exception: None  <coroutine object GpioSensor.join at 0x7fa4b58c40>
	41/109  zone2-living-rm-failsafe-relay-boot-adopt  done:False   exception: None  <coroutine object Relay._boot_adopt at 0x7fa7d75140>
	42/109  zone1-bedrooms-ops-relay.join   done:False   exception: None  <coroutine object Relay.join at 0x7fa7dfac80>
	43/109  zone3-upstairs-opto-main        done:False   exception: None  <coroutine object GpioSensor.main at 0x7fa7d76840>
	44/109  relay state reporter            done:False   exception: None  <coroutine object Relay.main at 0x7fa7d83d30>
	45/109  zone4-garage-opto-main          done:False   exception: None  <coroutine object GpioSensor.main at 0x7fa7d76940>
	46/109  zone4-garage-opto.join          done:False   exception: None  <coroutine object GpioSensor.join at 0x7fa4b58dc0>
	47/109  zone2-living-rm-ops-relay-boot-adopt  done:False   exception: None  <coroutine object Relay._boot_adopt at 0x7fa7d75240>
	48/109  zone2-living-rm-failsafe-relay.join  done:False   exception: None  <coroutine object Relay.join at 0x7fa7dfae00>
	49/109  zone5-living-rm-fancoil-opto-main  done:False   exception: None  <coroutine object GpioSensor.main at 0x7fa7d76a40>
	50/109  relay state reporter            done:False   exception: None  <coroutine object Relay.main at 0x7fa7d83e20>
	51/109  gw108-thermistor-reader-main    done:False   exception: None  <coroutine object I2cThermistorReader.main at 0x7fa8157df0>
	52/109  zone5-living-rm-fancoil-opto.join  done:False   exception: None  <coroutine object GpioSensor.join at 0x7fa4b58f40>
	53/109  zone3-upstairs-failsafe-relay-boot-adopt  done:False   exception: None  <coroutine object Relay._boot_adopt at 0x7fa7d75340>
	54/109  zone2-living-rm-ops-relay.join  done:False   exception: None  <coroutine object Relay.join at 0x7fa7dfaf80>
	55/109  ApiTankModule keepalive         done:False   exception: None  <coroutine object ApiTankModule.main at 0x7fa7ded7e0>
	56/109  relay state reporter            done:False   exception: None  <coroutine object Relay.main at 0x7fa7d83f10>
	57/109  ApiTankModule keepalive         done:False   exception: None  <coroutine object ApiTankModule.main at 0x7fa7ded9a0>
	58/109  gw108-thermistor-reader.join    done:False   exception: None  <coroutine object I2cThermistorReader.join at 0x7fa4b590c0>
	59/109  zone5-living-rm-fancoil-ops-relay-boot-adopt  done:False   exception: None  <coroutine object Relay._boot_adopt at 0x7fa7d75940>
	60/109  zone3-upstairs-failsafe-relay.join  done:False   exception: None  <coroutine object Relay.join at 0x7fa7dfb100>
	61/109  ApiBtuMeter keepalive           done:False   exception: None  <coroutine object ApiBtuMeter.main at 0x7fa7deda80>
	62/109  zone3-upstairs-ops-relay-boot-adopt  done:False   exception: None  <coroutine object Relay._boot_adopt at 0x7fa7d75440>
	63/109  ApiBtuMeter keepalive           done:False   exception: None  <coroutine object ApiBtuMeter.main at 0x7fa7def920>
	64/109  buffer.join                     done:False   exception: None  <coroutine object ApiTankModule.join at 0x7fa4b59240>
	65/109  relay state reporter            done:False   exception: None  <coroutine object Relay.main at 0x7fa7df4040>
	66/109  zone3-upstairs-ops-relay.join   done:False   exception: None  <coroutine object Relay.join at 0x7fa7dfb280>
	67/109  ApiBtuMeter keepalive           done:False   exception: None  <coroutine object ApiBtuMeter.main at 0x7fa7defa00>
	68/109  zone4-garage-failsafe-relay-boot-adopt  done:False   exception: None  <coroutine object Relay._boot_adopt at 0x7fa7d75540>
	69/109  ApiBtuMeter keepalive           done:False   exception: None  <coroutine object ApiBtuMeter.main at 0x7fa7defae0>
	70/109  tank1.join                      done:False   exception: None  <coroutine object ApiTankModule.join at 0x7fa4b593c0>
	71/109  relay state reporter            done:False   exception: None  <coroutine object Relay.main at 0x7fa7df4130>
	72/109  zone4-garage-failsafe-relay.join  done:False   exception: None  <coroutine object Relay.join at 0x7fa7dfb400>
	73/109  process_messages                done:False   exception: None  <coroutine object Proactor.process_messages at 0x7fa7ed8c20>
	74/109  zone4-garage-ops-relay-boot-adopt  done:False   exception: None  <coroutine object Relay._boot_adopt at 0x7fa7d75640>
	75/109  send_ping<gridworks_mqtt>       done:False   exception: None  <coroutine object LinkManager.send_ping at 0x7fa7d76b40>
	76/109  primary-btu.join                done:False   exception: None  <coroutine object ApiBtuMeter.join at 0x7fa4b59540>
	77/109  relay state reporter            done:False   exception: None  <coroutine object Relay.main at 0x7fa7df4220>
	78/109  zone4-garage-ops-relay.join     done:False   exception: None  <coroutine object Relay.join at 0x7fa7dfb580>
	79/109  send_ping<local_mqtt>           done:False   exception: None  <coroutine object LinkManager.send_ping at 0x7fa7d76c40>
	80/109  zone5-living-rm-fancoil-failsafe-relay-boot-adopt  done:False   exception: None  <coroutine object Relay._boot_adopt at 0x7fa7d75740>
	81/109  send_ping<admin>                done:False   exception: None  <coroutine object LinkManager.send_ping at 0x7fa7d76d40>
	82/109  secondary-btu.join              done:False   exception: None  <coroutine object ApiBtuMeter.join at 0x7fa4b596c0>
	83/109  relay state reporter            done:False   exception: None  <coroutine object Relay.main at 0x7fa7df4310>
	84/109  zone5-living-rm-fancoil-failsafe-relay.join  done:False   exception: None  <coroutine object Relay.join at 0x7fa7dfb700>
	85/109  report_sender                   done:False   exception: None  <coroutine object Scada.report_sending_task at 0x7fa7defbc0>
	86/109  relay state reporter            done:False   exception: None  <coroutine object Relay.main at 0x7fa7df4400>
	87/109  snap_sender                     done:False   exception: None  <coroutine object Scada.snap_sending_task at 0x7fa7defca0>
	88/109  store-btu.join                  done:False   exception: None  <coroutine object ApiBtuMeter.join at 0x7fa4b59840>
	89/109  hp-scada-ops-relay-boot-adopt   done:False   exception: None  <coroutine object Relay._boot_adopt at 0x7fa7d75a40>
	90/109  zone5-living-rm-fancoil-ops-relay.join  done:False   exception: None  <coroutine object Relay.join at 0x7fa7dfb880>
	91/109  scada top_state_tracker         done:False   exception: None  <coroutine object Scada.state_tracker at 0x7fa7ed8d50>
	92/109  relay state reporter            done:False   exception: None  <coroutine object Relay.main at 0x7fa7df44f0>
	93/109  watchdog_manager.join           done:False   exception: None  <coroutine object WatchdogManager.join at 0x7fa7def3e0>
	94/109  dist-btu.join                   done:False   exception: None  <coroutine object ApiBtuMeter.join at 0x7fa4b599c0>
	95/109  secondary-pump-relay-boot-adopt  done:False   exception: None  <coroutine object Relay._boot_adopt at 0x7fa7d75b40>
	96/109  hp-scada-ops-relay.join         done:False   exception: None  <coroutine object Relay.join at 0x7fa7dfba00>
	97/109  io_loop_manager.join            done:False   exception: None  <coroutine object IOLoop.join at 0x7fa7df8d00>
	98/109  relay state reporter            done:False   exception: None  <coroutine object Relay.main at 0x7fa7df45e0>
	99/109  iso-valve-relay-boot-adopt      done:False   exception: None  <coroutine object Relay._boot_adopt at 0x7fa7d75c40>
	100/109  secondary-pump-relay.join       done:False   exception: None  <coroutine object Relay.join at 0x7fa7dfbb80>
	101/109  _WebManager.join                done:False   exception: None  <coroutine object _WebManager.join at 0x7fa7df9c00>
	102/109  relay state reporter            done:False   exception: None  <coroutine object Relay.main at 0x7fa7df46d0>
	103/109  charge-valve-relay-boot-adopt   done:False   exception: None  <coroutine object Relay._boot_adopt at 0x7fa7d75840>
	104/109  iso-valve-relay.join            done:False   exception: None  <coroutine object Relay.join at 0x7fa7dfbd00>
	105/109  s.join                          done:False   exception: None  <coroutine object PrimeActor.join at 0x7fa7df9d80>
	106/109  relay state reporter            done:False   exception: None  <coroutine object Relay.main at 0x7fa7df47c0>
	107/109  store-pump-relay-boot-adopt     done:False   exception: None  <coroutine object Relay._boot_adopt at 0x7fa7d75d40>
	108/109  charge-valve-relay.join         done:False   exception: None  <coroutine object Relay.join at 0x7fa7dfbe80>
	109/109  la.join                         done:False   exception: None  <coroutine object LeafAlly.join at 0x7fa7df9f00>

2026-09-08 15:20:52.098 [derived-generator] SynthGen about to get forecasts
2026-09-08 15:20:52.101 [i2c-bus] expander 0x20: already configured — warm takeover, outputs left driving
2026-09-08 15:20:52.102 [i2c-bus] expander 0x21: already configured — warm takeover, outputs left driving
2026-09-08 15:20:52.141 admin:  connecting -- mqtt_connected --> awaiting_setup_and_peer
2026-09-08 15:20:52.154 Tasks: 43  [DONE]
	1/43  zone5-living-rm-fancoil-opto.join  done:True   exception: None  <coroutine object GpioSensor.join at 0x7fa4b58f40>
	2/43  zone2-living-rm-ops-relay.join  done:True   exception: None  <coroutine object Relay.join at 0x7fa7dfaf80>
	3/43  secondary-010v.join             done:True   exception: None  <coroutine object ZeroTenOutputer.join at 0x7fa4b587c0>
	4/43  store-pump-relay.join           done:True   exception: None  <coroutine object Relay.join at 0x7fa4b58040>
	5/43  store-btu.join                  done:True   exception: None  <coroutine object ApiBtuMeter.join at 0x7fa4b59840>
	6/43  pico-cycler.join                done:True   exception: None  <coroutine object PicoCycler.join at 0x7fa7dfa080>
	7/43  zone5-living-rm-fancoil-ops-relay.join  done:True   exception: None  <coroutine object Relay.join at 0x7fa7dfb880>
	8/43  gw108-thermistor-reader.join    done:True   exception: None  <coroutine object I2cThermistorReader.join at 0x7fa4b590c0>
	9/43  zone3-upstairs-failsafe-relay.join  done:True   exception: None  <coroutine object Relay.join at 0x7fa7dfb100>
	10/43  zone1-bedrooms-opto.join        done:True   exception: None  <coroutine object GpioSensor.join at 0x7fa4b58940>
	11/43  vdc-relay.join                  done:True   exception: None  <coroutine object Relay.join at 0x7fa7dfa980>
	12/43  buffer-top-elt-relay.join       done:True   exception: None  <coroutine object Relay.join at 0x7fa4b581c0>
	13/43  dist-btu.join                   done:True   exception: None  <coroutine object ApiBtuMeter.join at 0x7fa4b599c0>
	14/43  derived-generator.join          done:True   exception: None  <coroutine object DerivedGenerator.join at 0x7fa7dfa200>
	15/43  hp-scada-ops-relay.join         done:True   exception: None  <coroutine object Relay.join at 0x7fa7dfba00>
	16/43  buffer.join                     done:True   exception: None  <coroutine object ApiTankModule.join at 0x7fa4b59240>
	17/43  zone3-upstairs-ops-relay.join   done:True   exception: None  <coroutine object Relay.join at 0x7fa7dfb280>
	18/43  io_loop_manager.join            done:True   exception: None  <coroutine object IOLoop.join at 0x7fa7df8d00>
	19/43  zone2-living-rm-opto.join       done:True   exception: None  <coroutine object GpioSensor.join at 0x7fa4b58ac0>
	20/43  zone1-bedrooms-failsafe-relay.join  done:True   exception: None  <coroutine object Relay.join at 0x7fa7dfab00>
	21/43  la.join                         done:True   exception: None  <coroutine object LeafAlly.join at 0x7fa7df9f00>
	22/43  buffer-bottom-elt-relay.join    done:True   exception: None  <coroutine object Relay.join at 0x7fa4b58340>
	23/43  hp-boss.join                    done:True   exception: None  <coroutine object HpBoss.join at 0x7fa7dfa380>
	24/43  secondary-pump-relay.join       done:True   exception: None  <coroutine object Relay.join at 0x7fa7dfbb80>
	25/43  tank1.join                      done:True   exception: None  <coroutine object ApiTankModule.join at 0x7fa4b593c0>
	26/43  zone4-garage-failsafe-relay.join  done:True   exception: None  <coroutine object Relay.join at 0x7fa7dfb400>
	27/43  _WebManager.join                done:True   exception: None  <coroutine object _WebManager.join at 0x7fa7df9c00>
	28/43  zone3-upstairs-opto.join        done:True   exception: None  <coroutine object GpioSensor.join at 0x7fa4b58c40>
	29/43  zone1-bedrooms-ops-relay.join   done:True   exception: None  <coroutine object Relay.join at 0x7fa7dfac80>
	30/43  tank1-top-elt-relay.join        done:True   exception: None  <coroutine object Relay.join at 0x7fa4b584c0>
	31/43  lc.join                         done:True   exception: None  <coroutine object LocalControl.join at 0x7fa7dfa500>
	32/43  iso-valve-relay.join            done:True   exception: None  <coroutine object Relay.join at 0x7fa7dfbd00>
	33/43  primary-btu.join                done:True   exception: None  <coroutine object ApiBtuMeter.join at 0x7fa4b59540>
	34/43  zone4-garage-ops-relay.join     done:True   exception: None  <coroutine object Relay.join at 0x7fa7dfb580>
	35/43  s.join                          done:True   exception: None  <coroutine object PrimeActor.join at 0x7fa7df9d80>
	36/43  i2c-bus-init-guard              done:True   exception: None  <coroutine object I2cBus._init_expanders at 0x7fa7ed8af0>
	37/43  zone4-garage-opto.join          done:True   exception: None  <coroutine object GpioSensor.join at 0x7fa4b58dc0>
	38/43  zone2-living-rm-failsafe-relay.join  done:True   exception: None  <coroutine object Relay.join at 0x7fa7dfae00>
	39/43  tank1-bottom-elt-relay.join     done:True   exception: None  <coroutine object Relay.join at 0x7fa4b58640>
	40/43  i2c-bus.join                    done:True   exception: None  <coroutine object I2cBus.join at 0x7fa7dfa680>
	41/43  charge-valve-relay.join         done:True   exception: None  <coroutine object Relay.join at 0x7fa7dfbe80>
	42/43  secondary-btu.join              done:True   exception: None  <coroutine object ApiBtuMeter.join at 0x7fa4b596c0>
	43/43  zone5-living-rm-fancoil-failsafe-relay.join  done:True   exception: None  <coroutine object Relay.join at 0x7fa7dfb700>

2026-09-08 15:20:52.155 Tasks: 66  [PENDING]
	1/66  gw108-thermistor-reader-main    done:False   exception: None  <coroutine object I2cThermistorReader.main at 0x7fa8157df0>
	2/66  relay state reporter            done:False   exception: None  <coroutine object Relay.main at 0x7fa7df48b0>
	3/66  zone3-upstairs-failsafe-relay-boot-adopt  done:False   exception: None  <coroutine object Relay._boot_adopt at 0x7fa7d75340>
	4/66  report_sender                   done:False   exception: None  <coroutine object Scada.report_sending_task at 0x7fa7defbc0>
	5/66  zone2-living-rm-opto-main       done:False   exception: None  <coroutine object GpioSensor.main at 0x7fa7d76740>
	6/66  relay state reporter            done:False   exception: None  <coroutine object Relay.main at 0x7fa7df4400>
	7/66  ApiTankModule keepalive         done:False   exception: None  <coroutine object ApiTankModule.main at 0x7fa7ded7e0>
	8/66  power-meter.join                done:False   exception: None  <coroutine object SyncThreadActor.join at 0x7fa7dfa800>
	9/66  buffer-top-elt-relay-boot-adopt  done:False   exception: None  <coroutine object Relay._boot_adopt at 0x7fa7d75e40>
	10/66  relay state reporter            done:False   exception: None  <coroutine object Relay.main at 0x7fa7d83f10>
	11/66  snap_sender                     done:False   exception: None  <coroutine object Scada.snap_sending_task at 0x7fa7defca0>
	12/66  hp-scada-ops-relay-boot-adopt   done:False   exception: None  <coroutine object Relay._boot_adopt at 0x7fa7d75a40>
	13/66  ApiTankModule keepalive         done:False   exception: None  <coroutine object ApiTankModule.main at 0x7fa7ded9a0>
	14/66  relay state reporter            done:False   exception: None  <coroutine object Relay.main at 0x7fa7d83a60>
	15/66  zone5-living-rm-fancoil-ops-relay-boot-adopt  done:False   exception: None  <coroutine object Relay._boot_adopt at 0x7fa7d75940>
	16/66  relay state reporter            done:False   exception: None  <coroutine object Relay.main at 0x7fa7df49a0>
	17/66  scada top_state_tracker         done:False   exception: None  <coroutine object Scada.state_tracker at 0x7fa7ed8d50>
	18/66  relay state reporter            done:False   exception: None  <coroutine object Relay.main at 0x7fa7df44f0>
	19/66  ApiBtuMeter keepalive           done:False   exception: None  <coroutine object ApiBtuMeter.main at 0x7fa7deda80>
	20/66  zone1-bedrooms-failsafe-relay-boot-adopt  done:False   exception: None  <coroutine object Relay._boot_adopt at 0x7fa7d74f40>
	21/66  buffer-bottom-elt-relay-boot-adopt  done:False   exception: None  <coroutine object Relay._boot_adopt at 0x7fa7d75f40>
	22/66  zone3-upstairs-ops-relay-boot-adopt  done:False   exception: None  <coroutine object Relay._boot_adopt at 0x7fa7d75440>
	23/66  watchdog_manager.join           done:False   exception: None  <coroutine object WatchdogManager.join at 0x7fa7def3e0>
	24/66  secondary-pump-relay-boot-adopt  done:False   exception: None  <coroutine object Relay._boot_adopt at 0x7fa7d75b40>
	25/66  ApiBtuMeter keepalive           done:False   exception: None  <coroutine object ApiBtuMeter.main at 0x7fa7def920>
	26/66  relay state reporter            done:False   exception: None  <coroutine object Relay.main at 0x7fa7d83b50>
	27/66  relay state reporter            done:False   exception: None  <coroutine object Relay.main at 0x7fa7df4a90>
	28/66  relay state reporter            done:False   exception: None  <coroutine object Relay.main at 0x7fa7df4040>
	29/66  picocycler keepalive            done:False   exception: None  <coroutine object PicoCycler.main at 0x7fa7d58430>
	30/66  relay state reporter            done:False   exception: None  <coroutine object Relay.main at 0x7fa7df45e0>
	31/66  ApiBtuMeter keepalive           done:False   exception: None  <coroutine object ApiBtuMeter.main at 0x7fa7defa00>
	32/66  zone1-bedrooms-ops-relay-boot-adopt  done:False   exception: None  <coroutine object Relay._boot_adopt at 0x7fa7d75040>
	33/66  tank1-top-elt-relay-boot-adopt  done:False   exception: None  <coroutine object Relay._boot_adopt at 0x7fa7d76040>
	34/66  zone4-garage-failsafe-relay-boot-adopt  done:False   exception: None  <coroutine object Relay._boot_adopt at 0x7fa7d75540>
	35/66  Derived Generator keepalive     done:False   exception: None  <coroutine object DerivedGenerator.main at 0x7fa7d83880>
	36/66  iso-valve-relay-boot-adopt      done:False   exception: None  <coroutine object Relay._boot_adopt at 0x7fa7d75c40>
	37/66  ApiBtuMeter keepalive           done:False   exception: None  <coroutine object ApiBtuMeter.main at 0x7fa7defae0>
	38/66  relay state reporter            done:False   exception: None  <coroutine object Relay.main at 0x7fa7d83c40>
	39/66  relay state reporter            done:False   exception: None  <coroutine object Relay.main at 0x7fa7df4b80>
	40/66  relay state reporter            done:False   exception: None  <coroutine object Relay.main at 0x7fa7df4130>
	41/66  NolanLocalControl keepalive     done:False   exception: None  <coroutine object NolanLocalControl.main at 0x7fa7ded8c0>
	42/66  relay state reporter            done:False   exception: None  <coroutine object Relay.main at 0x7fa7df46d0>
	43/66  relay state reporter            done:False   exception: None  <coroutine object Relay.main at 0x7fa7d83e20>
	44/66  process_messages                done:False   exception: None  <coroutine object Proactor.process_messages at 0x7fa7ed8c20>
	45/66  zone2-living-rm-failsafe-relay-boot-adopt  done:False   exception: None  <coroutine object Relay._boot_adopt at 0x7fa7d75140>
	46/66  tank1-bottom-elt-relay-boot-adopt  done:False   exception: None  <coroutine object Relay._boot_adopt at 0x7fa7d76140>
	47/66  zone4-garage-ops-relay-boot-adopt  done:False   exception: None  <coroutine object Relay._boot_adopt at 0x7fa7d75640>
	48/66  NolanLocalControl tou           done:False   exception: None  <coroutine object NolanLocalControl.tou_control at 0x7fa7d83970>
	49/66  zone3-upstairs-opto-main        done:False   exception: None  <coroutine object GpioSensor.main at 0x7fa7d76840>
	50/66  charge-valve-relay-boot-adopt   done:False   exception: None  <coroutine object Relay._boot_adopt at 0x7fa7d75840>
	51/66  send_ping<gridworks_mqtt>       done:False   exception: None  <coroutine object LinkManager.send_ping at 0x7fa7d76b40>
	52/66  relay state reporter            done:False   exception: None  <coroutine object Relay.main at 0x7fa7d83d30>
	53/66  relay state reporter            done:False   exception: None  <coroutine object Relay.main at 0x7fa7df4c70>
	54/66  relay state reporter            done:False   exception: None  <coroutine object Relay.main at 0x7fa7df4220>
	55/66  relay state reporter            done:False   exception: None  <coroutine object Relay.main at 0x7fa7df4310>
	56/66  zone4-garage-opto-main          done:False   exception: None  <coroutine object GpioSensor.main at 0x7fa7d76940>
	57/66  relay state reporter            done:False   exception: None  <coroutine object Relay.main at 0x7fa7df47c0>
	58/66  send_ping<local_mqtt>           done:False   exception: None  <coroutine object LinkManager.send_ping at 0x7fa7d76c40>
	59/66  zone2-living-rm-ops-relay-boot-adopt  done:False   exception: None  <coroutine object Relay._boot_adopt at 0x7fa7d75240>
	60/66  secondary-010v-main             done:False   exception: None  <coroutine object ZeroTenOutputer.main_loop at 0x7fa7f3fae0>
	61/66  zone5-living-rm-fancoil-failsafe-relay-boot-adopt  done:False   exception: None  <coroutine object Relay._boot_adopt at 0x7fa7d75740>
	62/66  i2c-bus-heartbeat               done:False   exception: None  <coroutine object I2cBus._heartbeat at 0x7fa7ded700>
	63/66  zone5-living-rm-fancoil-opto-main  done:False   exception: None  <coroutine object GpioSensor.main at 0x7fa7d76a40>
	64/66  store-pump-relay-boot-adopt     done:False   exception: None  <coroutine object Relay._boot_adopt at 0x7fa7d75d40>
	65/66  send_ping<admin>                done:False   exception: None  <coroutine object LinkManager.send_ping at 0x7fa7d76d40>
	66/66  zone1-bedrooms-opto-main        done:False   exception: None  <coroutine object GpioSensor.main at 0x7fa7d76240>

2026-09-08 15:20:52.156 Tasks: 66  [WAITING FOR]
	1/66  gw108-thermistor-reader-main    done:False   exception: None  <coroutine object I2cThermistorReader.main at 0x7fa8157df0>
	2/66  relay state reporter            done:False   exception: None  <coroutine object Relay.main at 0x7fa7df48b0>
	3/66  zone3-upstairs-failsafe-relay-boot-adopt  done:False   exception: None  <coroutine object Relay._boot_adopt at 0x7fa7d75340>
	4/66  report_sender                   done:False   exception: None  <coroutine object Scada.report_sending_task at 0x7fa7defbc0>
	5/66  zone2-living-rm-opto-main       done:False   exception: None  <coroutine object GpioSensor.main at 0x7fa7d76740>
	6/66  relay state reporter            done:False   exception: None  <coroutine object Relay.main at 0x7fa7df4400>
	7/66  ApiTankModule keepalive         done:False   exception: None  <coroutine object ApiTankModule.main at 0x7fa7ded7e0>
	8/66  power-meter.join                done:False   exception: None  <coroutine object SyncThreadActor.join at 0x7fa7dfa800>
	9/66  buffer-top-elt-relay-boot-adopt  done:False   exception: None  <coroutine object Relay._boot_adopt at 0x7fa7d75e40>
	10/66  relay state reporter            done:False   exception: None  <coroutine object Relay.main at 0x7fa7d83f10>
	11/66  snap_sender                     done:False   exception: None  <coroutine object Scada.snap_sending_task at 0x7fa7defca0>
	12/66  hp-scada-ops-relay-boot-adopt   done:False   exception: None  <coroutine object Relay._boot_adopt at 0x7fa7d75a40>
	13/66  ApiTankModule keepalive         done:False   exception: None  <coroutine object ApiTankModule.main at 0x7fa7ded9a0>
	14/66  relay state reporter            done:False   exception: None  <coroutine object Relay.main at 0x7fa7d83a60>
	15/66  zone5-living-rm-fancoil-ops-relay-boot-adopt  done:False   exception: None  <coroutine object Relay._boot_adopt at 0x7fa7d75940>
	16/66  relay state reporter            done:False   exception: None  <coroutine object Relay.main at 0x7fa7df49a0>
	17/66  scada top_state_tracker         done:False   exception: None  <coroutine object Scada.state_tracker at 0x7fa7ed8d50>
	18/66  relay state reporter            done:False   exception: None  <coroutine object Relay.main at 0x7fa7df44f0>
	19/66  ApiBtuMeter keepalive           done:False   exception: None  <coroutine object ApiBtuMeter.main at 0x7fa7deda80>
	20/66  zone1-bedrooms-failsafe-relay-boot-adopt  done:False   exception: None  <coroutine object Relay._boot_adopt at 0x7fa7d74f40>
	21/66  buffer-bottom-elt-relay-boot-adopt  done:False   exception: None  <coroutine object Relay._boot_adopt at 0x7fa7d75f40>
	22/66  zone3-upstairs-ops-relay-boot-adopt  done:False   exception: None  <coroutine object Relay._boot_adopt at 0x7fa7d75440>
	23/66  watchdog_manager.join           done:False   exception: None  <coroutine object WatchdogManager.join at 0x7fa7def3e0>
	24/66  secondary-pump-relay-boot-adopt  done:False   exception: None  <coroutine object Relay._boot_adopt at 0x7fa7d75b40>
	25/66  ApiBtuMeter keepalive           done:False   exception: None  <coroutine object ApiBtuMeter.main at 0x7fa7def920>
	26/66  relay state reporter            done:False   exception: None  <coroutine object Relay.main at 0x7fa7d83b50>
	27/66  relay state reporter            done:False   exception: None  <coroutine object Relay.main at 0x7fa7df4a90>
	28/66  relay state reporter            done:False   exception: None  <coroutine object Relay.main at 0x7fa7df4040>
	29/66  picocycler keepalive            done:False   exception: None  <coroutine object PicoCycler.main at 0x7fa7d58430>
	30/66  relay state reporter            done:False   exception: None  <coroutine object Relay.main at 0x7fa7df45e0>
	31/66  ApiBtuMeter keepalive           done:False   exception: None  <coroutine object ApiBtuMeter.main at 0x7fa7defa00>
	32/66  zone1-bedrooms-ops-relay-boot-adopt  done:False   exception: None  <coroutine object Relay._boot_adopt at 0x7fa7d75040>
	33/66  tank1-top-elt-relay-boot-adopt  done:False   exception: None  <coroutine object Relay._boot_adopt at 0x7fa7d76040>
	34/66  zone4-garage-failsafe-relay-boot-adopt  done:False   exception: None  <coroutine object Relay._boot_adopt at 0x7fa7d75540>
	35/66  Derived Generator keepalive     done:False   exception: None  <coroutine object DerivedGenerator.main at 0x7fa7d83880>
	36/66  iso-valve-relay-boot-adopt      done:False   exception: None  <coroutine object Relay._boot_adopt at 0x7fa7d75c40>
	37/66  ApiBtuMeter keepalive           done:False   exception: None  <coroutine object ApiBtuMeter.main at 0x7fa7defae0>
	38/66  relay state reporter            done:False   exception: None  <coroutine object Relay.main at 0x7fa7d83c40>
	39/66  relay state reporter            done:False   exception: None  <coroutine object Relay.main at 0x7fa7df4b80>
	40/66  relay state reporter            done:False   exception: None  <coroutine object Relay.main at 0x7fa7df4130>
	41/66  NolanLocalControl keepalive     done:False   exception: None  <coroutine object NolanLocalControl.main at 0x7fa7ded8c0>
	42/66  relay state reporter            done:False   exception: None  <coroutine object Relay.main at 0x7fa7df46d0>
	43/66  relay state reporter            done:False   exception: None  <coroutine object Relay.main at 0x7fa7d83e20>
	44/66  process_messages                done:False   exception: None  <coroutine object Proactor.process_messages at 0x7fa7ed8c20>
	45/66  zone2-living-rm-failsafe-relay-boot-adopt  done:False   exception: None  <coroutine object Relay._boot_adopt at 0x7fa7d75140>
	46/66  tank1-bottom-elt-relay-boot-adopt  done:False   exception: None  <coroutine object Relay._boot_adopt at 0x7fa7d76140>
	47/66  zone4-garage-ops-relay-boot-adopt  done:False   exception: None  <coroutine object Relay._boot_adopt at 0x7fa7d75640>
	48/66  NolanLocalControl tou           done:False   exception: None  <coroutine object NolanLocalControl.tou_control at 0x7fa7d83970>
	49/66  zone3-upstairs-opto-main        done:False   exception: None  <coroutine object GpioSensor.main at 0x7fa7d76840>
	50/66  charge-valve-relay-boot-adopt   done:False   exception: None  <coroutine object Relay._boot_adopt at 0x7fa7d75840>
	51/66  send_ping<gridworks_mqtt>       done:False   exception: None  <coroutine object LinkManager.send_ping at 0x7fa7d76b40>
	52/66  relay state reporter            done:False   exception: None  <coroutine object Relay.main at 0x7fa7d83d30>
	53/66  relay state reporter            done:False   exception: None  <coroutine object Relay.main at 0x7fa7df4c70>
	54/66  relay state reporter            done:False   exception: None  <coroutine object Relay.main at 0x7fa7df4220>
	55/66  relay state reporter            done:False   exception: None  <coroutine object Relay.main at 0x7fa7df4310>
	56/66  zone4-garage-opto-main          done:False   exception: None  <coroutine object GpioSensor.main at 0x7fa7d76940>
	57/66  relay state reporter            done:False   exception: None  <coroutine object Relay.main at 0x7fa7df47c0>
	58/66  send_ping<local_mqtt>           done:False   exception: None  <coroutine object LinkManager.send_ping at 0x7fa7d76c40>
	59/66  zone2-living-rm-ops-relay-boot-adopt  done:False   exception: None  <coroutine object Relay._boot_adopt at 0x7fa7d75240>
	60/66  secondary-010v-main             done:False   exception: None  <coroutine object ZeroTenOutputer.main_loop at 0x7fa7f3fae0>
	61/66  zone5-living-rm-fancoil-failsafe-relay-boot-adopt  done:False   exception: None  <coroutine object Relay._boot_adopt at 0x7fa7d75740>
	62/66  i2c-bus-heartbeat               done:False   exception: None  <coroutine object I2cBus._heartbeat at 0x7fa7ded700>
	63/66  zone5-living-rm-fancoil-opto-main  done:False   exception: None  <coroutine object GpioSensor.main at 0x7fa7d76a40>
	64/66  store-pump-relay-boot-adopt     done:False   exception: None  <coroutine object Relay._boot_adopt at 0x7fa7d75d40>
	65/66  send_ping<admin>                done:False   exception: None  <coroutine object LinkManager.send_ping at 0x7fa7d76d40>
	66/66  zone1-bedrooms-opto-main        done:False   exception: None  <coroutine object GpioSensor.main at 0x7fa7d76240>

2026-09-08 15:20:52.176 Tasks: 19  [DONE]
	1/19  zone3-upstairs-failsafe-relay-boot-adopt  done:True   exception: None  <coroutine object Relay._boot_adopt at 0x7fa7d75340>
	2/19  buffer-top-elt-relay-boot-adopt  done:True   exception: None  <coroutine object Relay._boot_adopt at 0x7fa7d75e40>
	3/19  hp-scada-ops-relay-boot-adopt   done:True   exception: None  <coroutine object Relay._boot_adopt at 0x7fa7d75a40>
	4/19  zone5-living-rm-fancoil-ops-relay-boot-adopt  done:True   exception: None  <coroutine object Relay._boot_adopt at 0x7fa7d75940>
	5/19  zone1-bedrooms-failsafe-relay-boot-adopt  done:True   exception: None  <coroutine object Relay._boot_adopt at 0x7fa7d74f40>
	6/19  buffer-bottom-elt-relay-boot-adopt  done:True   exception: None  <coroutine object Relay._boot_adopt at 0x7fa7d75f40>
	7/19  zone3-upstairs-ops-relay-boot-adopt  done:True   exception: None  <coroutine object Relay._boot_adopt at 0x7fa7d75440>
	8/19  secondary-pump-relay-boot-adopt  done:True   exception: None  <coroutine object Relay._boot_adopt at 0x7fa7d75b40>
	9/19  zone1-bedrooms-ops-relay-boot-adopt  done:True   exception: None  <coroutine object Relay._boot_adopt at 0x7fa7d75040>
	10/19  tank1-top-elt-relay-boot-adopt  done:True   exception: None  <coroutine object Relay._boot_adopt at 0x7fa7d76040>
	11/19  zone4-garage-failsafe-relay-boot-adopt  done:True   exception: None  <coroutine object Relay._boot_adopt at 0x7fa7d75540>
	12/19  iso-valve-relay-boot-adopt      done:True   exception: None  <coroutine object Relay._boot_adopt at 0x7fa7d75c40>
	13/19  zone2-living-rm-failsafe-relay-boot-adopt  done:True   exception: None  <coroutine object Relay._boot_adopt at 0x7fa7d75140>
	14/19  zone4-garage-ops-relay-boot-adopt  done:True   exception: None  <coroutine object Relay._boot_adopt at 0x7fa7d75640>
	15/19  tank1-bottom-elt-relay-boot-adopt  done:True   exception: None  <coroutine object Relay._boot_adopt at 0x7fa7d76140>
	16/19  charge-valve-relay-boot-adopt   done:True   exception: None  <coroutine object Relay._boot_adopt at 0x7fa7d75840>
	17/19  zone2-living-rm-ops-relay-boot-adopt  done:True   exception: None  <coroutine object Relay._boot_adopt at 0x7fa7d75240>
	18/19  zone5-living-rm-fancoil-failsafe-relay-boot-adopt  done:True   exception: None  <coroutine object Relay._boot_adopt at 0x7fa7d75740>
	19/19  store-pump-relay-boot-adopt     done:True   exception: None  <coroutine object Relay._boot_adopt at 0x7fa7d75d40>

2026-09-08 15:20:52.177 Tasks: 47  [PENDING]
	1/47  gw108-thermistor-reader-main    done:False   exception: None  <coroutine object I2cThermistorReader.main at 0x7fa8157df0>
	2/47  relay state reporter            done:False   exception: None  <coroutine object Relay.main at 0x7fa7df48b0>
	3/47  report_sender                   done:False   exception: None  <coroutine object Scada.report_sending_task at 0x7fa7defbc0>
	4/47  zone2-living-rm-opto-main       done:False   exception: None  <coroutine object GpioSensor.main at 0x7fa7d76740>
	5/47  relay state reporter            done:False   exception: None  <coroutine object Relay.main at 0x7fa7df4400>
	6/47  ApiTankModule keepalive         done:False   exception: None  <coroutine object ApiTankModule.main at 0x7fa7ded7e0>
	7/47  power-meter.join                done:False   exception: None  <coroutine object SyncThreadActor.join at 0x7fa7dfa800>
	8/47  relay state reporter            done:False   exception: None  <coroutine object Relay.main at 0x7fa7d83f10>
	9/47  snap_sender                     done:False   exception: None  <coroutine object Scada.snap_sending_task at 0x7fa7defca0>
	10/47  ApiTankModule keepalive         done:False   exception: None  <coroutine object ApiTankModule.main at 0x7fa7ded9a0>
	11/47  relay state reporter            done:False   exception: None  <coroutine object Relay.main at 0x7fa7d83a60>
	12/47  relay state reporter            done:False   exception: None  <coroutine object Relay.main at 0x7fa7df49a0>
	13/47  scada top_state_tracker         done:False   exception: None  <coroutine object Scada.state_tracker at 0x7fa7ed8d50>
	14/47  relay state reporter            done:False   exception: None  <coroutine object Relay.main at 0x7fa7df44f0>
	15/47  ApiBtuMeter keepalive           done:False   exception: None  <coroutine object ApiBtuMeter.main at 0x7fa7deda80>
	16/47  watchdog_manager.join           done:False   exception: None  <coroutine object WatchdogManager.join at 0x7fa7def3e0>
	17/47  ApiBtuMeter keepalive           done:False   exception: None  <coroutine object ApiBtuMeter.main at 0x7fa7def920>
	18/47  zone1-bedrooms-opto-main        done:False   exception: None  <coroutine object GpioSensor.main at 0x7fa7d76240>
	19/47  relay state reporter            done:False   exception: None  <coroutine object Relay.main at 0x7fa7d83b50>
	20/47  relay state reporter            done:False   exception: None  <coroutine object Relay.main at 0x7fa7df4a90>
	21/47  relay state reporter            done:False   exception: None  <coroutine object Relay.main at 0x7fa7df4040>
	22/47  picocycler keepalive            done:False   exception: None  <coroutine object PicoCycler.main at 0x7fa7d58430>
	23/47  relay state reporter            done:False   exception: None  <coroutine object Relay.main at 0x7fa7df45e0>
	24/47  ApiBtuMeter keepalive           done:False   exception: None  <coroutine object ApiBtuMeter.main at 0x7fa7defa00>
	25/47  Derived Generator keepalive     done:False   exception: None  <coroutine object DerivedGenerator.main at 0x7fa7d83880>
	26/47  ApiBtuMeter keepalive           done:False   exception: None  <coroutine object ApiBtuMeter.main at 0x7fa7defae0>
	27/47  relay state reporter            done:False   exception: None  <coroutine object Relay.main at 0x7fa7d83c40>
	28/47  relay state reporter            done:False   exception: None  <coroutine object Relay.main at 0x7fa7df4b80>
	29/47  relay state reporter            done:False   exception: None  <coroutine object Relay.main at 0x7fa7df4130>
	30/47  NolanLocalControl keepalive     done:False   exception: None  <coroutine object NolanLocalControl.main at 0x7fa7ded8c0>
	31/47  relay state reporter            done:False   exception: None  <coroutine object Relay.main at 0x7fa7df46d0>
	32/47  relay state reporter            done:False   exception: None  <coroutine object Relay.main at 0x7fa7d83e20>
	33/47  process_messages                done:False   exception: None  <coroutine object Proactor.process_messages at 0x7fa7ed8c20>
	34/47  NolanLocalControl tou           done:False   exception: None  <coroutine object NolanLocalControl.tou_control at 0x7fa7d83970>
	35/47  zone3-upstairs-opto-main        done:False   exception: None  <coroutine object GpioSensor.main at 0x7fa7d76840>
	36/47  send_ping<gridworks_mqtt>       done:False   exception: None  <coroutine object LinkManager.send_ping at 0x7fa7d76b40>
	37/47  relay state reporter            done:False   exception: None  <coroutine object Relay.main at 0x7fa7d83d30>
	38/47  relay state reporter            done:False   exception: None  <coroutine object Relay.main at 0x7fa7df4c70>
	39/47  relay state reporter            done:False   exception: None  <coroutine object Relay.main at 0x7fa7df4220>
	40/47  zone4-garage-opto-main          done:False   exception: None  <coroutine object GpioSensor.main at 0x7fa7d76940>
	41/47  relay state reporter            done:False   exception: None  <coroutine object Relay.main at 0x7fa7df47c0>
	42/47  send_ping<local_mqtt>           done:False   exception: None  <coroutine object LinkManager.send_ping at 0x7fa7d76c40>
	43/47  secondary-010v-main             done:False   exception: None  <coroutine object ZeroTenOutputer.main_loop at 0x7fa7f3fae0>
	44/47  i2c-bus-heartbeat               done:False   exception: None  <coroutine object I2cBus._heartbeat at 0x7fa7ded700>
	45/47  zone5-living-rm-fancoil-opto-main  done:False   exception: None  <coroutine object GpioSensor.main at 0x7fa7d76a40>
	46/47  send_ping<admin>                done:False   exception: None  <coroutine object LinkManager.send_ping at 0x7fa7d76d40>
	47/47  relay state reporter            done:False   exception: None  <coroutine object Relay.main at 0x7fa7df4310>

2026-09-08 15:20:52.178 Tasks: 47  [WAITING FOR]
	1/47  gw108-thermistor-reader-main    done:False   exception: None  <coroutine object I2cThermistorReader.main at 0x7fa8157df0>
	2/47  relay state reporter            done:False   exception: None  <coroutine object Relay.main at 0x7fa7df48b0>
	3/47  report_sender                   done:False   exception: None  <coroutine object Scada.report_sending_task at 0x7fa7defbc0>
	4/47  zone2-living-rm-opto-main       done:False   exception: None  <coroutine object GpioSensor.main at 0x7fa7d76740>
	5/47  relay state reporter            done:False   exception: None  <coroutine object Relay.main at 0x7fa7df4400>
	6/47  ApiTankModule keepalive         done:False   exception: None  <coroutine object ApiTankModule.main at 0x7fa7ded7e0>
	7/47  power-meter.join                done:False   exception: None  <coroutine object SyncThreadActor.join at 0x7fa7dfa800>
	8/47  relay state reporter            done:False   exception: None  <coroutine object Relay.main at 0x7fa7d83f10>
	9/47  snap_sender                     done:False   exception: None  <coroutine object Scada.snap_sending_task at 0x7fa7defca0>
	10/47  ApiTankModule keepalive         done:False   exception: None  <coroutine object ApiTankModule.main at 0x7fa7ded9a0>
	11/47  relay state reporter            done:False   exception: None  <coroutine object Relay.main at 0x7fa7d83a60>
	12/47  relay state reporter            done:False   exception: None  <coroutine object Relay.main at 0x7fa7df49a0>
	13/47  scada top_state_tracker         done:False   exception: None  <coroutine object Scada.state_tracker at 0x7fa7ed8d50>
	14/47  relay state reporter            done:False   exception: None  <coroutine object Relay.main at 0x7fa7df44f0>
	15/47  ApiBtuMeter keepalive           done:False   exception: None  <coroutine object ApiBtuMeter.main at 0x7fa7deda80>
	16/47  watchdog_manager.join           done:False   exception: None  <coroutine object WatchdogManager.join at 0x7fa7def3e0>
	17/47  ApiBtuMeter keepalive           done:False   exception: None  <coroutine object ApiBtuMeter.main at 0x7fa7def920>
	18/47  zone1-bedrooms-opto-main        done:False   exception: None  <coroutine object GpioSensor.main at 0x7fa7d76240>
	19/47  relay state reporter            done:False   exception: None  <coroutine object Relay.main at 0x7fa7d83b50>
	20/47  relay state reporter            done:False   exception: None  <coroutine object Relay.main at 0x7fa7df4a90>
	21/47  relay state reporter            done:False   exception: None  <coroutine object Relay.main at 0x7fa7df4040>
	22/47  picocycler keepalive            done:False   exception: None  <coroutine object PicoCycler.main at 0x7fa7d58430>
	23/47  relay state reporter            done:False   exception: None  <coroutine object Relay.main at 0x7fa7df45e0>
	24/47  ApiBtuMeter keepalive           done:False   exception: None  <coroutine object ApiBtuMeter.main at 0x7fa7defa00>
	25/47  Derived Generator keepalive     done:False   exception: None  <coroutine object DerivedGenerator.main at 0x7fa7d83880>
	26/47  ApiBtuMeter keepalive           done:False   exception: None  <coroutine object ApiBtuMeter.main at 0x7fa7defae0>
	27/47  relay state reporter            done:False   exception: None  <coroutine object Relay.main at 0x7fa7d83c40>
	28/47  relay state reporter            done:False   exception: None  <coroutine object Relay.main at 0x7fa7df4b80>
	29/47  relay state reporter            done:False   exception: None  <coroutine object Relay.main at 0x7fa7df4130>
	30/47  NolanLocalControl keepalive     done:False   exception: None  <coroutine object NolanLocalControl.main at 0x7fa7ded8c0>
	31/47  relay state reporter            done:False   exception: None  <coroutine object Relay.main at 0x7fa7df46d0>
	32/47  relay state reporter            done:False   exception: None  <coroutine object Relay.main at 0x7fa7d83e20>
	33/47  process_messages                done:False   exception: None  <coroutine object Proactor.process_messages at 0x7fa7ed8c20>
	34/47  NolanLocalControl tou           done:False   exception: None  <coroutine object NolanLocalControl.tou_control at 0x7fa7d83970>
	35/47  zone3-upstairs-opto-main        done:False   exception: None  <coroutine object GpioSensor.main at 0x7fa7d76840>
	36/47  send_ping<gridworks_mqtt>       done:False   exception: None  <coroutine object LinkManager.send_ping at 0x7fa7d76b40>
	37/47  relay state reporter            done:False   exception: None  <coroutine object Relay.main at 0x7fa7d83d30>
	38/47  relay state reporter            done:False   exception: None  <coroutine object Relay.main at 0x7fa7df4c70>
	39/47  relay state reporter            done:False   exception: None  <coroutine object Relay.main at 0x7fa7df4220>
	40/47  zone4-garage-opto-main          done:False   exception: None  <coroutine object GpioSensor.main at 0x7fa7d76940>
	41/47  relay state reporter            done:False   exception: None  <coroutine object Relay.main at 0x7fa7df47c0>
	42/47  send_ping<local_mqtt>           done:False   exception: None  <coroutine object LinkManager.send_ping at 0x7fa7d76c40>
	43/47  secondary-010v-main             done:False   exception: None  <coroutine object ZeroTenOutputer.main_loop at 0x7fa7f3fae0>
	44/47  i2c-bus-heartbeat               done:False   exception: None  <coroutine object I2cBus._heartbeat at 0x7fa7ded700>
	45/47  zone5-living-rm-fancoil-opto-main  done:False   exception: None  <coroutine object GpioSensor.main at 0x7fa7d76a40>
	46/47  send_ping<admin>                done:False   exception: None  <coroutine object LinkManager.send_ping at 0x7fa7d76d40>
	47/47  relay state reporter            done:False   exception: None  <coroutine object Relay.main at 0x7fa7df4310>

2026-09-08 15:20:52.179 admin:  awaiting_setup_and_peer -- mqtt_suback --> awaiting_peer
2026-09-08 15:20:52.181 [secondary-010v] secondary-010v: EEPROM verified against layout PowerOn values
2026-09-08 15:20:52.296 [gw108-thermistor-reader] Warning Glitch: i2c-thermistor-broken
2026-09-08 15:20:52.412 local_mqtt:  connecting -- mqtt_connected --> awaiting_setup_and_peer
2026-09-08 15:20:52.415 local_mqtt:  awaiting_setup_and_peer -- mqtt_suback --> awaiting_peer
2026-09-08 15:20:52.433 [gw108-thermistor-reader] Warning Glitch: i2c-thermistor-broken
2026-09-08 15:20:52.570 [gw108-thermistor-reader] Warning Glitch: i2c-thermistor-broken
2026-09-08 15:20:52.705 [gw108-thermistor-reader] Warning Glitch: i2c-thermistor-broken
2026-09-08 15:20:53.515 [derived-generator] Obtained a 155-hour weather forecast starting at 1788897600
2026-09-08 15:20:53.519 [derived-generator] Calculating rswt_quadratic_params: [ 4.91228070e-04 -4.28070175e-02  8.68421053e-01]
2026-09-08 15:20:53.526 [derived-generator] Updating usable and required energy
2026-09-08 15:20:53.526 [derived-generator] Got forecast starting 2026-09-08 16:00:00
2026-09-08 15:20:55.100 [PicoCyclerState] Startup: PicosLive -> RelayOpening
2026-09-08 15:20:55.100 [pico-cycler] TRIGGERING PICO REBOOT! startup
2026-09-08 15:20:55.101 [pico-cycler] OpenRelay to vdc-relay
2026-09-08 15:20:55.102 [PicoCyclerState] State is RelayOpening
2026-09-08 15:20:55.105 [vdc-relay] Energizing: Setting pin 23 to High
2026-09-08 15:20:55.109 [PicoCyclerState] ConfirmOpened: RelayOpening -> RelayOpen
2026-09-08 15:20:55.110 [PicoCyclerState] Keeping VDC Relay 1 open for 5 seconds
2026-09-08 15:20:56.152 [scada] About to initialize contracts
2026-09-08 15:20:56.152 No contract
2026-09-08 15:20:56.152 Starting with no contract
2026-09-08 15:21:00.112 [PicoCyclerState] StartClosing: RelayOpen -> RelayClosing
2026-09-08 15:21:00.117 [pico-cycler] CloseRelay to vdc-relay
2026-09-08 15:21:00.120 [vdc-relay] De-energizing: Setting pin 23 to Low
2026-09-08 15:21:00.125 [PicoCyclerState] ConfirmClosed: RelayClosing -> PicosRebooting
2026-09-08 15:21:00.127 [PicoCyclerState] Waiting 60 seconds for picos to come back
2026-09-08 15:21:05.269 [dist-btu] btu report period of 300s. seconds_to_next_top is 234.7
2026-09-08 15:21:07.326 [secondary-btu] btu report period of 300s. seconds_to_next_top is 232.7
2026-09-08 15:21:07.461 [store-btu] btu report period of 300s. seconds_to_next_top is 232.5
2026-09-08 15:21:07.492 [PicoCyclerState] ConfirmRebooted: PicosRebooting -> PicosLive
2026-09-08 15:21:11.699 [scada] First Buffer temps arrived! Sending to LocalControl
2026-09-08 15:21:12.963 [primary-btu] btu report period of 300s. seconds_to_next_top is 227.0
2026-09-08 15:21:22.101 [lc] SwitchToScada to zone1-bedrooms-failsafe-relay
2026-09-08 15:21:22.103 [lc] OpenRelay to zone1-bedrooms-ops-relay
2026-09-08 15:21:22.103 [lc] zone hold commanded: circuit bedrooms (Z1)
2026-09-08 15:21:22.104 [lc] SwitchToScada to zone2-living-rm-failsafe-relay
2026-09-08 15:21:22.105 [lc] OpenRelay to zone2-living-rm-ops-relay
2026-09-08 15:21:22.106 [lc] zone hold commanded: circuit living-rm (Z2)
2026-09-08 15:21:22.107 [lc] SwitchToScada to zone4-garage-failsafe-relay
2026-09-08 15:21:22.108 [lc] OpenRelay to zone4-garage-ops-relay
2026-09-08 15:21:22.108 [lc] zone hold commanded: circuit garage (Z4)
2026-09-08 15:21:22.109 [lc] OpenValve to iso-valve-relay
2026-09-08 15:21:37.112 [lc] CloseRelay to secondary-pump-relay
2026-09-08 15:21:47.626 admin:  awaiting_peer -- message_from_peer --> active
2026-09-08 15:21:52.114 [lc] TurnOn to hp-boss
2026-09-08 15:21:52.114 [hp-boss] Got FromHandle='auto.lc.n' ToHandle='auto.lc.n.hp-boss' EventType='turn.hp.on.off' EventName='TurnOn' TriggerId='1863ae36-a852-4c2c-a7d5-e848e013d120' SendTimeUnixMs=1788895312113 TypeName='fsm.event' Version='000'
2026-09-08 15:21:52.115 [hp-boss] auto.lc.n.hp-boss sending CloseRelay to auto.lc.n.hp-boss.hp-scada-ops-relay
2026-09-08 15:21:52.118 [hp-boss] hp-boss received unexpected message: Src='hp-scada-ops-relay' Dst='hp-boss' MessageType='gw.dispatch.ack' MessageId='' AckRequired=False TypeName='gridworks.header' Version='001'
2026-09-08 15:21:57.900 [scada] Message from Admin! top_state Admin
2026-09-08 15:21:57.901 [scada] AutoGoesDormant: LocalControl -> Dormant
2026-09-08 15:21:57.907 [lc] TopGoDormant: Normal -> Dormant
2026-09-08 15:21:57.907 [scada] Admin Wakes Up
2026-09-08 15:21:57.908 [scada] AdminDispatch TurnOff to admin.hp-boss
2026-09-08 15:21:57.909 [hp-boss] Got FromHandle='admin' ToHandle='admin.hp-boss' EventType='turn.hp.on.off' EventName='TurnOff' TriggerId='401386bb-279d-4859-967f-6db2360a6db1' SendTimeUnixMs=1788895317897 TypeName='fsm.event' Version='000'
2026-09-08 15:21:57.911 [hp-boss] admin.hp-boss sending OpenRelay to admin.hp-boss.hp-scada-ops-relay
2026-09-08 15:21:57.915 [hp-boss] hp-boss received unexpected message: Src='hp-scada-ops-relay' Dst='hp-boss' MessageType='gw.dispatch.ack' MessageId='' AckRequired=False TypeName='gridworks.header' Version='001'
2026-09-08 15:21:57.916 [scada] Admin timeout renewed: 300 seconds
2026-09-08 15:22:00.129 [PicoCyclerState] Reboot wait from cycle febb21fb-030b-4e8e-904b-68de6b0024f0 is stale; ignoring
2026-09-08 15:22:19.823 [scada] AdminDispatch RebootPicos to admin.pico-cycler
2026-09-08 15:22:19.824 [PicoCyclerState] ShakeZombies: PicosLive -> RelayOpening
2026-09-08 15:22:19.826 [pico-cycler] TRIGGERING PICO REBOOT! RebootPicos commanded by admin
2026-09-08 15:22:19.828 [pico-cycler] OpenRelay to vdc-relay
2026-09-08 15:22:19.831 [vdc-relay] Energizing: Setting pin 23 to High
2026-09-08 15:22:19.834 [PicoCyclerState] ConfirmOpened: RelayOpening -> RelayOpen
2026-09-08 15:22:19.836 [PicoCyclerState] Keeping VDC Relay 1 open for 5 seconds
2026-09-08 15:22:19.838 [scada] Admin timeout renewed: 1800 seconds
2026-09-08 15:22:24.838 [PicoCyclerState] StartClosing: RelayOpen -> RelayClosing
2026-09-08 15:22:24.843 [pico-cycler] CloseRelay to vdc-relay
2026-09-08 15:22:24.846 [vdc-relay] De-energizing: Setting pin 23 to Low
2026-09-08 15:22:24.849 [PicoCyclerState] ConfirmClosed: RelayClosing -> PicosRebooting
2026-09-08 15:22:24.851 [PicoCyclerState] Waiting 60 seconds for picos to come back
2026-09-08 15:22:32.005 [dist-btu] btu report period of 300s. seconds_to_next_top is 148.0
2026-09-08 15:22:32.048 [secondary-btu] btu report period of 300s. seconds_to_next_top is 148.0
2026-09-08 15:22:32.149 [store-btu] btu report period of 300s. seconds_to_next_top is 147.9
2026-09-08 15:22:34.173 [PicoCyclerState] ConfirmRebooted: PicosRebooting -> PicosLive
2026-09-08 15:22:37.704 [primary-btu] btu report period of 300s. seconds_to_next_top is 142.3
2026-09-08 15:23:11.433 [scada] AdminDispatch TurnOn to admin.hp-boss
2026-09-08 15:23:11.433 [hp-boss] Got FromHandle='admin' ToHandle='admin.hp-boss' EventType='turn.hp.on.off' EventName='TurnOn' TriggerId='094c366e-cbeb-43ba-8414-9e01d7da0623' SendTimeUnixMs=1788895391430 TypeName='fsm.event' Version='000'
2026-09-08 15:23:11.435 [hp-boss] admin.hp-boss sending CloseRelay to admin.hp-boss.hp-scada-ops-relay
2026-09-08 15:23:11.438 [hp-boss] hp-boss received unexpected message: Src='hp-scada-ops-relay' Dst='hp-boss' MessageType='gw.dispatch.ack' MessageId='' AckRequired=False TypeName='gridworks.header' Version='001'
2026-09-08 15:23:11.442 [scada] Admin timeout renewed: 1800 seconds
2026-09-08 15:23:24.853 [PicoCyclerState] Reboot wait from cycle 32ec10d2-2b78-40e1-b99a-343fb30e1bfb is stale; ignoring
2026-09-08 15:24:32.919 [scada] AdminDispatch TurnOff to admin.hp-boss
2026-09-08 15:24:32.919 [hp-boss] Got FromHandle='admin' ToHandle='admin.hp-boss' EventType='turn.hp.on.off' EventName='TurnOff' TriggerId='455cd0c4-dc6f-46fa-a459-fbe6bb70caed' SendTimeUnixMs=1788895472916 TypeName='fsm.event' Version='000'
2026-09-08 15:24:32.921 [hp-boss] admin.hp-boss sending OpenRelay to admin.hp-boss.hp-scada-ops-relay
2026-09-08 15:24:32.924 [hp-boss] hp-boss received unexpected message: Src='hp-scada-ops-relay' Dst='hp-boss' MessageType='gw.dispatch.ack' MessageId='' AckRequired=False TypeName='gridworks.header' Version='001'
2026-09-08 15:24:32.926 [scada] Admin timeout renewed: 1800 seconds
2026-09-08 15:24:58.010 [PicoCyclerState] State is PicosLive
2026-09-08 15:24:58.801 Top state: Admin
2026-09-08 15:24:58.802 Auto state: Dormant
2026-09-08 15:25:00.211 [PicoCyclerState] State is PicosLive
2026-09-08 15:25:00.510 [derived-generator] [HeatCall periodic] zone4-garage-heat-call now=1788895500.5 next=1788895500 period=300
2026-09-08 15:25:30.064 [scada] AdminDispatch TurnOn to admin.hp-boss
2026-09-08 15:25:30.064 [hp-boss] Got FromHandle='admin' ToHandle='admin.hp-boss' EventType='turn.hp.on.off' EventName='TurnOn' TriggerId='e29e623c-d125-4b65-a167-d844af95552f' SendTimeUnixMs=1788895530062 TypeName='fsm.event' Version='000'
2026-09-08 15:25:30.066 [hp-boss] admin.hp-boss sending CloseRelay to admin.hp-boss.hp-scada-ops-relay
2026-09-08 15:25:30.071 [hp-boss] hp-boss received unexpected message: Src='hp-scada-ops-relay' Dst='hp-boss' MessageType='gw.dispatch.ack' MessageId='' AckRequired=False TypeName='gridworks.header' Version='001'
2026-09-08 15:25:30.072 [scada] Admin timeout renewed: 1800 seconds
2026-09-08 15:29:11.686 [scada] AdminDispatch TurnOff to admin.hp-boss
2026-09-08 15:29:11.686 [hp-boss] Got FromHandle='admin' ToHandle='admin.hp-boss' EventType='turn.hp.on.off' EventName='TurnOff' TriggerId='548e1f0a-9dde-4ec0-98a6-379a0fd9ae28' SendTimeUnixMs=1788895751683 TypeName='fsm.event' Version='000'
2026-09-08 15:29:11.688 [hp-boss] admin.hp-boss sending OpenRelay to admin.hp-boss.hp-scada-ops-relay
2026-09-08 15:29:11.691 [hp-boss] hp-boss received unexpected message: Src='hp-scada-ops-relay' Dst='hp-boss' MessageType='gw.dispatch.ack' MessageId='' AckRequired=False TypeName='gridworks.header' Version='001'
2026-09-08 15:29:11.693 [scada] Admin timeout renewed: 1800 seconds
2026-09-08 15:29:58.009 [PicoCyclerState] State is PicosLive
2026-09-08 15:29:58.801 Top state: Admin
2026-09-08 15:29:58.801 Auto state: Dormant
2026-09-08 15:30:00.210 [PicoCyclerState] State is PicosLive
2026-09-08 15:30:00.913 [derived-generator] [HeatCall periodic] zone1-bedrooms-heat-call now=1788895800.9 next=1788895800 period=300
2026-09-08 15:30:00.914 [derived-generator] [HeatCall periodic] zone2-living-rm-heat-call now=1788895800.9 next=1788895800 period=300
2026-09-08 15:30:00.915 [derived-generator] [HeatCall periodic] zone3-upstairs-heat-call now=1788895800.9 next=1788895800 period=300
2026-09-08 15:30:00.917 [derived-generator] [HeatCall periodic] zone4-garage-heat-call now=1788895800.9 next=1788895800 period=300
