2026-09-08 15:14:59,091 INFO relay_stress run B2: TARGET=iso PERIODS=[1.0] LOADS=[0] SPACINGS=[0.0] TOGGLES=100 posture={'iso': 1, 'hp': 0, 'charge': 0, 'pump': 0} (1 phases). Baseline registers: r0=00000000 r1=00000100 r2=00000000 r3=00000100 r6=00000000 r7=00000000. Log: /home/pi/relay-stress-runs/relay-stress-B2.log
2026-09-08 15:14:59,091 INFO === PHASE target=iso period=1.0s load=0 spacing=0.0s: 100 toggles ===
2026-09-08 15:15:03,419 CRITICAL RESET #1 [target=iso period=1.0s load=0 spacing=0.0s toggle 3 after iso->0] REGISTERS: r0=00000000 r1=00000000 r2=11111111 r3=11111111 r6=11111111 r7=11111111
2026-09-08 15:15:06,268 CRITICAL RESET #2 [target=iso period=1.0s load=0 spacing=0.0s toggle 5 after iso->0] REGISTERS: r0=00000000 r1=00000000 r2=11111111 r3=11111111 r6=11111111 r7=11111111
2026-09-08 15:15:13,150 CRITICAL RESET #3 [target=iso period=1.0s load=0 spacing=0.0s toggle 11 after iso->0] REGISTERS: r0=00000000 r1=00000000 r2=11111111 r3=11111111 r6=11111111 r7=11111111
2026-09-08 15:15:20,034 CRITICAL RESET #4 [target=iso period=1.0s load=0 spacing=0.0s toggle 17 after iso->0] REGISTERS: r0=00000000 r1=00000000 r2=11111111 r3=11111111 r6=11111111 r7=11111111
2026-09-08 15:15:26,917 CRITICAL RESET #5 [target=iso period=1.0s load=0 spacing=0.0s toggle 23 after iso->0] REGISTERS: r0=00000000 r1=00000000 r2=11111111 r3=11111111 r6=11111111 r7=11111111
2026-09-08 15:15:35,818 CRITICAL RESET #6 [target=iso period=1.0s load=0 spacing=0.0s toggle 31 after iso->0] REGISTERS: r0=00000000 r1=00000000 r2=11111111 r3=11111111 r6=11111111 r7=11111111
2026-09-08 15:15:44,719 CRITICAL RESET #7 [target=iso period=1.0s load=0 spacing=0.0s toggle 39 after iso->0] REGISTERS: r0=00000000 r1=00000000 r2=11111111 r3=11111111 r6=11111111 r7=11111111
2026-09-08 15:15:53,620 CRITICAL RESET #8 [target=iso period=1.0s load=0 spacing=0.0s toggle 47 after iso->0] REGISTERS: r0=00000000 r1=00000000 r2=11111111 r3=11111111 r6=11111111 r7=11111111
2026-09-08 15:16:00,504 CRITICAL RESET #9 [target=iso period=1.0s load=0 spacing=0.0s toggle 53 after iso->0] REGISTERS: r0=00000000 r1=00000000 r2=11111111 r3=11111111 r6=11111111 r7=11111111
2026-09-08 15:16:09,082 CRITICAL I2C ERROR during pin read charge-valve (attempt 1/4): [Errno 5] Input/output error
2026-09-08 15:16:11,394 CRITICAL RESET #10 [target=iso period=1.0s load=0 spacing=0.0s toggle 62 after iso->1] REGISTERS: r0=00000000 r1=00000000 r2=11111111 r3=11111111 r6=11111111 r7=11111111
2026-09-08 15:16:18,977 CRITICAL I2C ERROR during pin read charge-valve (attempt 1/4): [Errno 5] Input/output error
2026-09-08 15:16:21,984 CRITICAL I2C ERROR during pin read charge-valve (attempt 1/4): [Errno 5] Input/output error
2026-09-08 15:16:24,297 CRITICAL RESET #11 [target=iso period=1.0s load=0 spacing=0.0s toggle 72 after iso->1] REGISTERS: r0=00000000 r1=00000000 r2=11111111 r3=11111111 r6=11111111 r7=11111111
2026-09-08 15:16:28,154 CRITICAL RESET #12 [target=iso period=1.0s load=0 spacing=0.0s toggle 75 after iso->0] REGISTERS: r0=00000000 r1=00000000 r2=11111111 r3=11111111 r6=11111111 r7=11111111
2026-09-08 15:16:33,020 CRITICAL RESET #13 [target=iso period=1.0s load=0 spacing=0.0s toggle 79 after iso->0] REGISTERS: r0=00000000 r1=00000000 r2=11111111 r3=11111111 r6=11111111 r7=11111111
2026-09-08 15:16:39,902 CRITICAL RESET #14 [target=iso period=1.0s load=0 spacing=0.0s toggle 85 after iso->0] REGISTERS: r0=00000000 r1=00000000 r2=11111111 r3=11111111 r6=11111111 r7=11111111
2026-09-08 15:16:44,768 CRITICAL RESET #15 [target=iso period=1.0s load=0 spacing=0.0s toggle 89 after iso->0] REGISTERS: r0=00000000 r1=00000000 r2=11111111 r3=11111111 r6=11111111 r7=11111111
2026-09-08 15:16:49,634 CRITICAL RESET #16 [target=iso period=1.0s load=0 spacing=0.0s toggle 93 after iso->0] REGISTERS: r0=00000000 r1=00000000 r2=11111111 r3=11111111 r6=11111111 r7=11111111
2026-09-08 15:16:54,180 CRITICAL I2C ERROR during pin read charge-valve (attempt 1/4): [Errno 5] Input/output error
2026-09-08 15:16:56,486 CRITICAL RESET #17 [target=iso period=1.0s load=0 spacing=0.0s toggle 98 after iso->1] REGISTERS: r0=00000000 r1=00000000 r2=11111111 r3=11111111 r6=11111111 r7=11111111
2026-09-08 15:17:00,031 INFO PHASE RESULT {"target": "iso", "period_s": 1.0, "load": 0, "spacing_s": 0.0, "toggles": 100, "resets": 17, "first_reset_toggle": 3, "pin_mismatch": 0, "elapsed_s": 118.9, "start_unix_ms": 1788894901100, "end_unix_ms": 1788895020031}
2026-09-08 15:17:11,059 INFO exit posture: loads OFF, hp-call 0, store-pump 0, iso OPEN, secondary-pump ON, charge-valve OFF. Restart the hack: sudo systemctl start spruce-summer-hack
2026-09-08 15:17:11,060 INFO RESULTS (17 resets total) -> /home/pi/relay-stress-runs/relay-stress-B2-results.json
2026-09-08 15:17:11,060 INFO   period=1.0s load=0 spacing=0.0s -> resets 17/100 (first at 3)
2026-09-08 15:17:11,060 INFO ACTUATION WINDOW: 2026-09-08 15:14:59 EDT -> 2026-09-08 15:17:11 EDT (1788894899091 -> 1788895031059 unix ms)
2026-09-08 15:17:11,234 INFO relay_stress run F2: TARGET=iso PERIODS=[1.0] LOADS=[0] SPACINGS=[0.0] TOGGLES=30 posture={'iso': 1, 'hp': 1, 'charge': 0, 'pump': 1} (1 phases). Baseline registers: r0=00000000 r1=00100100 r2=00000000 r3=00100100 r6=00000000 r7=00000000. Log: /home/pi/relay-stress-runs/relay-stress-F2.log
2026-09-08 15:17:11,235 INFO === PHASE target=iso period=1.0s load=0 spacing=0.0s: 30 toggles ===
2026-09-08 15:17:43,469 INFO PHASE RESULT {"target": "iso", "period_s": 1.0, "load": 0, "spacing_s": 0.0, "toggles": 30, "resets": 0, "first_reset_toggle": null, "pin_mismatch": 0, "elapsed_s": 30.2, "start_unix_ms": 1788895033243, "end_unix_ms": 1788895063469}
2026-09-08 15:17:54,497 INFO exit posture: loads OFF, hp-call 0, store-pump 0, iso OPEN, secondary-pump ON, charge-valve OFF. Restart the hack: sudo systemctl start spruce-summer-hack
2026-09-08 15:17:54,499 INFO RESULTS (0 resets total) -> /home/pi/relay-stress-runs/relay-stress-F2-results.json
2026-09-08 15:17:54,499 INFO   period=1.0s load=0 spacing=0.0s -> resets 0/30 (first at None)
2026-09-08 15:17:54,500 INFO ACTUATION WINDOW: 2026-09-08 15:17:11 EDT -> 2026-09-08 15:17:54 EDT (1788895031235 -> 1788895074498 unix ms)
2026-09-08 15:17:54,708 INFO relay_stress run A2: TARGET=iso PERIODS=[1.0] LOADS=[5] SPACINGS=[0.0] TOGGLES=30 posture={'iso': 1, 'hp': 1, 'charge': 0, 'pump': 1} (1 phases). Baseline registers: r0=00000000 r1=00100100 r2=00000000 r3=00100100 r6=00000000 r7=00000000. Log: /home/pi/relay-stress-runs/relay-stress-A2.log
2026-09-08 15:17:54,708 INFO === PHASE target=iso period=1.0s load=5 spacing=0.0s: 30 toggles ===
2026-09-08 15:18:26,938 INFO PHASE RESULT {"target": "iso", "period_s": 1.0, "load": 5, "spacing_s": 0.0, "toggles": 30, "resets": 0, "first_reset_toggle": null, "pin_mismatch": 0, "elapsed_s": 30.2, "start_unix_ms": 1788895076717, "end_unix_ms": 1788895106938}
2026-09-08 15:18:37,976 INFO exit posture: loads OFF, hp-call 0, store-pump 0, iso OPEN, secondary-pump ON, charge-valve OFF. Restart the hack: sudo systemctl start spruce-summer-hack
2026-09-08 15:18:37,978 INFO RESULTS (0 resets total) -> /home/pi/relay-stress-runs/relay-stress-A2-results.json
2026-09-08 15:18:37,978 INFO   period=1.0s load=5 spacing=0.0s -> resets 0/30 (first at None)
2026-09-08 15:18:37,979 INFO ACTUATION WINDOW: 2026-09-08 15:17:54 EDT -> 2026-09-08 15:18:37 EDT (1788895074708 -> 1788895117976 unix ms)
ALL-DONE
