2026-06-11 18:23:33,607 INFO sim-exp sim-time topic = rjb/d1-tc/time/sim-timestep
2026-06-11 18:23:33,609 INFO sim-exp observer + scada + ltn up; recording for 45s (start tc-hello now)
2026-06-11 18:23:33,621 INFO sim-exp.ltn.listener SimTimeListener subscribed to rjb/d1-tc/time/sim-timestep
2026-06-11 18:23:33,622 INFO sim-exp.observer observer bound MQTT '#'
2026-06-11 18:23:33,622 INFO sim-exp.scada.listener SimTimeListener subscribed to rjb/d1-tc/time/sim-timestep
2026-06-11 18:23:52,901 INFO sim-exp SCADA RECEIVED sim.timestep TimeUnixS=1781216632
2026-06-11 18:23:52,901 INFO sim-exp LTN RECEIVED sim.timestep TimeUnixS=1781216632
2026-06-11 18:23:52,901 INFO sim-exp.observer observer rx rjb/d1-tc/time/sim-timestep                   type=sim.timestep
2026-06-11 18:23:52,902 INFO sim-exp.observer observer rx gw/sim-experiment/scada/to/ltn/sim-ack        type=sim.ack
2026-06-11 18:23:52,902 INFO sim-exp.observer observer rx gw/sim-experiment/ltn/to/scada/sim-ack        type=sim.ack
2026-06-11 18:23:55,917 INFO sim-exp SCADA RECEIVED sim.timestep TimeUnixS=1781216692
2026-06-11 18:23:55,918 INFO sim-exp LTN RECEIVED sim.timestep TimeUnixS=1781216692
2026-06-11 18:23:55,918 INFO sim-exp.observer observer rx rjb/d1-tc/time/sim-timestep                   type=sim.timestep
2026-06-11 18:23:55,921 INFO sim-exp.observer observer rx gw/sim-experiment/scada/to/ltn/sim-ack        type=sim.ack
2026-06-11 18:23:55,922 INFO sim-exp.observer observer rx gw/sim-experiment/ltn/to/scada/sim-ack        type=sim.ack
2026-06-11 18:23:58,917 INFO sim-exp SCADA RECEIVED sim.timestep TimeUnixS=1781216752
2026-06-11 18:23:58,918 INFO sim-exp LTN RECEIVED sim.timestep TimeUnixS=1781216752
2026-06-11 18:23:58,919 INFO sim-exp.observer observer rx rjb/d1-tc/time/sim-timestep                   type=sim.timestep
2026-06-11 18:23:58,921 INFO sim-exp.observer observer rx gw/sim-experiment/scada/to/ltn/sim-ack        type=sim.ack
2026-06-11 18:23:58,922 INFO sim-exp.observer observer rx gw/sim-experiment/ltn/to/scada/sim-ack        type=sim.ack
2026-06-11 18:24:01,928 INFO sim-exp SCADA RECEIVED sim.timestep TimeUnixS=1781216812
2026-06-11 18:24:01,928 INFO sim-exp LTN RECEIVED sim.timestep TimeUnixS=1781216812
2026-06-11 18:24:01,928 INFO sim-exp.observer observer rx rjb/d1-tc/time/sim-timestep                   type=sim.timestep
2026-06-11 18:24:01,931 INFO sim-exp.observer observer rx gw/sim-experiment/scada/to/ltn/sim-ack        type=sim.ack
2026-06-11 18:24:01,931 INFO sim-exp.observer observer rx gw/sim-experiment/ltn/to/scada/sim-ack        type=sim.ack
2026-06-11 18:24:04,937 INFO sim-exp SCADA RECEIVED sim.timestep TimeUnixS=1781216872
2026-06-11 18:24:04,938 INFO sim-exp LTN RECEIVED sim.timestep TimeUnixS=1781216872
2026-06-11 18:24:04,938 INFO sim-exp.observer observer rx rjb/d1-tc/time/sim-timestep                   type=sim.timestep
2026-06-11 18:24:04,939 INFO sim-exp.observer observer rx gw/sim-experiment/ltn/to/scada/sim-ack        type=sim.ack
2026-06-11 18:24:04,939 INFO sim-exp.observer observer rx gw/sim-experiment/scada/to/ltn/sim-ack        type=sim.ack
2026-06-11 18:24:07,948 INFO sim-exp SCADA RECEIVED sim.timestep TimeUnixS=1781216932
2026-06-11 18:24:07,949 INFO sim-exp.observer observer rx rjb/d1-tc/time/sim-timestep                   type=sim.timestep
2026-06-11 18:24:07,949 INFO sim-exp LTN RECEIVED sim.timestep TimeUnixS=1781216932
2026-06-11 18:24:07,951 INFO sim-exp.observer observer rx gw/sim-experiment/ltn/to/scada/sim-ack        type=sim.ack
2026-06-11 18:24:07,951 INFO sim-exp.observer observer rx gw/sim-experiment/scada/to/ltn/sim-ack        type=sim.ack
2026-06-11 18:24:10,958 INFO sim-exp LTN RECEIVED sim.timestep TimeUnixS=1781216992
2026-06-11 18:24:10,958 INFO sim-exp SCADA RECEIVED sim.timestep TimeUnixS=1781216992
2026-06-11 18:24:10,958 INFO sim-exp.observer observer rx rjb/d1-tc/time/sim-timestep                   type=sim.timestep
2026-06-11 18:24:10,962 INFO sim-exp.observer observer rx gw/sim-experiment/scada/to/ltn/sim-ack        type=sim.ack
2026-06-11 18:24:10,963 INFO sim-exp.observer observer rx gw/sim-experiment/ltn/to/scada/sim-ack        type=sim.ack
2026-06-11 18:24:13,967 INFO sim-exp LTN RECEIVED sim.timestep TimeUnixS=1781217052
2026-06-11 18:24:13,967 INFO sim-exp SCADA RECEIVED sim.timestep TimeUnixS=1781217052
2026-06-11 18:24:13,968 INFO sim-exp.observer observer rx rjb/d1-tc/time/sim-timestep                   type=sim.timestep
2026-06-11 18:24:13,970 INFO sim-exp.observer observer rx gw/sim-experiment/scada/to/ltn/sim-ack        type=sim.ack
2026-06-11 18:24:13,971 INFO sim-exp.observer observer rx gw/sim-experiment/ltn/to/scada/sim-ack        type=sim.ack
2026-06-11 18:24:16,977 INFO sim-exp LTN RECEIVED sim.timestep TimeUnixS=1781217112
2026-06-11 18:24:16,979 INFO sim-exp SCADA RECEIVED sim.timestep TimeUnixS=1781217112
2026-06-11 18:24:16,979 INFO sim-exp.observer observer rx rjb/d1-tc/time/sim-timestep                   type=sim.timestep
2026-06-11 18:24:16,981 INFO sim-exp.observer observer rx gw/sim-experiment/ltn/to/scada/sim-ack        type=sim.ack
2026-06-11 18:24:16,981 INFO sim-exp.observer observer rx gw/sim-experiment/scada/to/ltn/sim-ack        type=sim.ack
2026-06-11 18:24:19,988 INFO sim-exp.observer observer rx rjb/d1-tc/time/sim-timestep                   type=sim.timestep
2026-06-11 18:24:19,988 INFO sim-exp LTN RECEIVED sim.timestep TimeUnixS=1781217172
2026-06-11 18:24:19,990 INFO sim-exp.observer observer rx gw/sim-experiment/ltn/to/scada/sim-ack        type=sim.ack
2026-06-11 18:24:22,992 INFO sim-exp.observer observer rx rjb/d1-tc/time/sim-timestep                   type=sim.timestep
2026-06-11 18:24:22,996 INFO sim-exp DONE. recorded=30 scada=9 ltn=10 both_received=True
