15:27:26 mqtt started -> connecting
15:27:26 mqtt connecting -> subscribing
15:27:26 mqtt subscribing -> active
15:27:26 link active
15:27:26 watching 180s for the self-provoked cycle
15:27:30 RX snapshot {'buffer': ('Alive', 1788809222016), 'tank1': ('Alive', 1788809222016), 'auto.pico-cycler.vdc-relay': ('RelayClosed', 1788809230029), 'auto.pico-cycler': ('PicosRebooting', 1788809230030)}
15:28:00 RX snapshot {'buffer': ('Alive', 1788809222016), 'tank1': ('Alive', 1788809222016), 'auto.pico-cycler.vdc-relay': ('RelayClosed', 1788809230029), 'auto.pico-cycler': ('PicosLive', 1788809250071)}
15:28:02 RX single.reading
15:28:30 RX snapshot {'buffer': ('Alive', 1788809222016), 'tank1': ('Alive', 1788809222016), 'auto.pico-cycler.vdc-relay': ('RelayClosed', 1788809230029), 'auto.pico-cycler': ('PicosLive', 1788809250071)}
15:29:00 RX snapshot {'buffer': ('Alive', 1788809222016), 'tank1': ('Alive', 1788809222016), 'auto.pico-cycler.vdc-relay': ('RelayClosed', 1788809230029), 'auto.pico-cycler': ('PicosLive', 1788809250071)}
15:29:02 RX single.reading
15:29:30 RX snapshot {'buffer': ('Alive', 1788809222016), 'tank1': ('Alive', 1788809222016), 'auto.pico-cycler.vdc-relay': ('RelayClosed', 1788809230029), 'auto.pico-cycler': ('PicosLive', 1788809250071)}
15:30:00 RX snapshot {'buffer': ('Alive', 1788809398006), 'tank1': ('Alive', 1788809398006), 'auto.pico-cycler.vdc-relay': ('RelayClosed', 1788809398006), 'auto.pico-cycler': ('PicosLive', 1788809398006)}
15:30:02 RX single.reading
15:30:26 RX snapshot {'buffer': ('Alive', 1788809398006), 'tank1': ('Alive', 1788809398006), 'auto.pico-cycler.vdc-relay': ('RelayClosed', 1788809398006), 'auto.pico-cycler': ('PicosLive', 1788809398006)}
15:30:29 TX admin.dispatch RebootPicos -> admin.pico-cycler trigger=2f4c3d99-3650-473a-bbbd-1f13de598f40
15:30:30 RX snapshot {'buffer': ('Alive', 1788809398006), 'tank1': ('Alive', 1788809398006), 'admin.pico-cycler.vdc-relay': ('RelayOpen', 1788809429363), 'admin.pico-cycler': ('RelayOpen', 1788809429363)}
15:30:33 RX snapshot {'buffer': ('Alive', 1788809398006), 'tank1': ('Alive', 1788809398006), 'admin.pico-cycler.vdc-relay': ('RelayOpen', 1788809429363), 'admin.pico-cycler': ('RelayOpen', 1788809429363)}
15:30:36 try 1: cycler state RelayOpen
15:30:56 TX admin.dispatch RebootPicos -> admin.pico-cycler trigger=f80e3ff1-ee41-4444-8893-a43851b8f714
15:31:00 RX snapshot {'buffer': ('Alive', 1788809398006), 'tank1': ('Alive', 1788809398006), 'admin.pico-cycler.vdc-relay': ('RelayOpen', 1788809456366), 'admin.pico-cycler': ('RelayOpen', 1788809456366)}
15:31:00 RX snapshot {'buffer': ('Alive', 1788809398006), 'tank1': ('Alive', 1788809398006), 'admin.pico-cycler.vdc-relay': ('RelayOpen', 1788809456366), 'admin.pico-cycler': ('RelayOpen', 1788809456366)}
15:31:02 RX single.reading
15:31:03 try 2: cycler state RelayOpen
15:31:23 TX admin.dispatch RebootPicos -> admin.pico-cycler trigger=a4ab00e2-70dd-4941-985a-fe5df3ceaa5b
15:31:27 RX snapshot {'buffer': ('Alive', 1788809398006), 'tank1': ('Alive', 1788809398006), 'admin.pico-cycler.vdc-relay': ('RelayOpen', 1788809483371), 'admin.pico-cycler': ('RelayOpen', 1788809483371)}
15:31:30 RX snapshot {'buffer': ('Alive', 1788809398006), 'tank1': ('Alive', 1788809398006), 'admin.pico-cycler.vdc-relay': ('RelayClosed', 1788809488376), 'admin.pico-cycler': ('PicosRebooting', 1788809488376)}
15:31:30 try 3: cycler state PicosRebooting
