17:25:11 mqtt started -> connecting
17:25:11 mqtt connecting -> subscribing
17:25:11 mqtt subscribing -> active
17:25:12 link active
17:25:12 watching 180s for the self-provoked cycle
17:25:30 RX snapshot {'buffer': ('Alive', 1788816298003), 'tank1': ('Alive', 1788816298003), 'auto.pico-cycler.vdc-relay': ('RelayClosed', 1788816298003), 'auto.pico-cycler': ('PicosLive', 1788816316085)}
17:25:48 RX single.reading
17:26:00 RX snapshot {'buffer': ('Alive', 1788816298003), 'tank1': ('Alive', 1788816298003), 'auto.pico-cycler.vdc-relay': ('RelayClosed', 1788816298003), 'auto.pico-cycler': ('PicosLive', 1788816316085)}
17:26:30 RX snapshot {'buffer': ('Alive', 1788816298003), 'tank1': ('Alive', 1788816298003), 'auto.pico-cycler.vdc-relay': ('RelayClosed', 1788816298003), 'auto.pico-cycler': ('PicosLive', 1788816316085)}
17:26:48 RX single.reading
17:27:00 RX snapshot {'buffer': ('Alive', 1788816298003), 'tank1': ('Alive', 1788816298003), 'auto.pico-cycler.vdc-relay': ('RelayClosed', 1788816298003), 'auto.pico-cycler': ('PicosLive', 1788816316085)}
17:27:30 RX snapshot {'buffer': ('Flatlined', 1788816438078), 'tank1': ('Flatlined', 1788816438079), 'auto.pico-cycler.vdc-relay': ('RelayClosed', 1788816443084), 'auto.pico-cycler': ('PicosRebooting', 1788816443085)}
17:27:48 RX single.reading
17:28:00 RX snapshot {'buffer': ('Alive', 1788816463282), 'tank1': ('Alive', 1788816463283), 'auto.pico-cycler.vdc-relay': ('RelayClosed', 1788816443084), 'auto.pico-cycler': ('PicosLive', 1788816463283)}
17:28:12 RX snapshot {'buffer': ('Alive', 1788816463282), 'tank1': ('Alive', 1788816463283), 'auto.pico-cycler.vdc-relay': ('RelayClosed', 1788816443084), 'auto.pico-cycler': ('PicosLive', 1788816463283)}
17:28:15 TX admin.dispatch RebootPicos -> admin.pico-cycler trigger=fe4d0489-70d7-4d05-8a51-d5ffd7884735
17:28:15 RX snapshot {'buffer': ('Alive', 1788816463282), 'tank1': ('Alive', 1788816463283), 'admin.pico-cycler.vdc-relay': ('RelayOpen', 1788816495062), 'admin.pico-cycler': ('RelayOpen', 1788816495063)}
17:28:17 RX snapshot {'buffer': ('Alive', 1788816463282), 'tank1': ('Alive', 1788816463283), 'admin.pico-cycler.vdc-relay': ('RelayOpen', 1788816495062), 'admin.pico-cycler': ('RelayOpen', 1788816495063)}
17:28:19 RX snapshot {'buffer': ('Alive', 1788816463282), 'tank1': ('Alive', 1788816463283), 'admin.pico-cycler.vdc-relay': ('RelayOpen', 1788816495062), 'admin.pico-cycler': ('RelayOpen', 1788816495063)}
17:28:21 RX snapshot {'buffer': ('Alive', 1788816463282), 'tank1': ('Alive', 1788816463283), 'admin.pico-cycler.vdc-relay': ('RelayClosed', 1788816500067), 'admin.pico-cycler': ('PicosRebooting', 1788816500068)}
17:28:23 RX snapshot {'buffer': ('Alive', 1788816463282), 'tank1': ('Alive', 1788816463283), 'admin.pico-cycler.vdc-relay': ('RelayClosed', 1788816500067), 'admin.pico-cycler': ('PicosRebooting', 1788816500068)}
17:28:25 RX snapshot {'buffer': ('Alive', 1788816463282), 'tank1': ('Alive', 1788816463283), 'admin.pico-cycler.vdc-relay': ('RelayClosed', 1788816500067), 'admin.pico-cycler': ('PicosRebooting', 1788816500068)}
17:28:27 RX snapshot {'buffer': ('Alive', 1788816463282), 'tank1': ('Alive', 1788816463283), 'admin.pico-cycler.vdc-relay': ('RelayClosed', 1788816500067), 'admin.pico-cycler': ('PicosRebooting', 1788816500068)}
17:28:29 RX snapshot {'buffer': ('Alive', 1788816463282), 'tank1': ('Alive', 1788816463283), 'admin.pico-cycler.vdc-relay': ('RelayClosed', 1788816500067), 'admin.pico-cycler': ('PicosRebooting', 1788816500068)}
17:28:30 RX snapshot {'buffer': ('Alive', 1788816463282), 'tank1': ('Alive', 1788816463283), 'admin.pico-cycler.vdc-relay': ('RelayClosed', 1788816500067), 'admin.pico-cycler': ('PicosRebooting', 1788816500068)}
17:28:31 RX snapshot {'buffer': ('Alive', 1788816463282), 'tank1': ('Alive', 1788816463283), 'admin.pico-cycler.vdc-relay': ('RelayClosed', 1788816500067), 'admin.pico-cycler': ('PicosRebooting', 1788816500068)}
17:28:33 RX snapshot {'buffer': ('Alive', 1788816463282), 'tank1': ('Alive', 1788816463283), 'admin.pico-cycler.vdc-relay': ('RelayClosed', 1788816500067), 'admin.pico-cycler': ('PicosRebooting', 1788816500068)}
17:28:35 RX snapshot {'buffer': ('Alive', 1788816463282), 'tank1': ('Alive', 1788816463283), 'admin.pico-cycler.vdc-relay': ('RelayClosed', 1788816500067), 'admin.pico-cycler': ('PicosRebooting', 1788816500068)}
17:28:37 RX snapshot {'buffer': ('Alive', 1788816463282), 'tank1': ('Alive', 1788816463283), 'admin.pico-cycler.vdc-relay': ('RelayClosed', 1788816500067), 'admin.pico-cycler': ('PicosRebooting', 1788816500068)}
17:28:39 RX snapshot {'buffer': ('Alive', 1788816463282), 'tank1': ('Alive', 1788816463283), 'admin.pico-cycler.vdc-relay': ('RelayClosed', 1788816500067), 'admin.pico-cycler': ('PicosRebooting', 1788816500068)}
17:28:41 RX snapshot {'buffer': ('Alive', 1788816463282), 'tank1': ('Alive', 1788816463283), 'admin.pico-cycler.vdc-relay': ('RelayClosed', 1788816500067), 'admin.pico-cycler': ('PicosLive', 1788816520354)}
17:28:43 try 1: taken, cycle complete
17:28:43 PASS(a, admin side): commanded cycle ran to PicosLive; dispatch fe4d0489-70d7-4d05-8a51-d5ffd7884735
17:28:43 RX snapshot {'buffer': ('Alive', 1788816463282), 'tank1': ('Alive', 1788816463283), 'admin.pico-cycler.vdc-relay': ('RelayClosed', 1788816500067), 'admin.pico-cycler': ('PicosLive', 1788816520354)}
17:28:47 TX admin.release.control
17:28:48 RX single.reading
17:29:00 RX snapshot {'buffer': ('Alive', 1788816463282), 'tank1': ('Alive', 1788816463283), 'admin.pico-cycler.vdc-relay': ('RelayClosed', 1788816500067), 'admin.pico-cycler': ('PicosLive', 1788816520354)}
17:29:30 RX snapshot {'buffer': ('Alive', 1788816463282), 'tank1': ('Alive', 1788816463283), 'admin.pico-cycler.vdc-relay': ('RelayClosed', 1788816500067), 'admin.pico-cycler': ('PicosLive', 1788816520354)}
17:29:48 RX single.reading
17:29:57 mqtt active -> backing_off
17:29:57 mqtt backing_off -> stopped
17:29:57 done
