# EXTERNAL EVIDENCE — captured 2026-08-10 22:38:00 EDT over ssh from the spruce pi (100.69.205.1).
# Command: journalctl -u spruce-summer-hack --since "2026-08-10 19:50" --until "2026-08-10 22:30" --no-pager

Aug 10 19:50:10 spruce python[8111]: 2026-08-10 19:50:10,638 WARNING SEMANTIC CHECK skipped: secondary-flow snapshot is 9610s old
Aug 10 19:55:10 spruce python[8111]: 2026-08-10 19:55:10,667 WARNING SEMANTIC CHECK skipped: secondary-flow snapshot is 9910s old
Aug 10 20:00:10 spruce python[8111]: 2026-08-10 20:00:10,673 INFO STATE CHANGE -> HP ON
Aug 10 20:00:10 spruce python[8111]: 2026-08-10 20:00:10,676 INFO   iso-valve -> commanded OPEN (1)
Aug 10 20:00:12 spruce python[8111]: 2026-08-10 20:00:12,679 INFO   secondary 0-10V -> 65.0% of max = 7.55V (raw 3020)
Aug 10 20:00:12 spruce python[8111]: 2026-08-10 20:00:12,682 INFO   secondary-pump -> CLOSED (on)
Aug 10 20:00:14 spruce python[8111]: 2026-08-10 20:00:14,685 INFO   hp-call -> CLOSED (cool call on)
Aug 10 20:05:14 spruce python[8111]: 2026-08-10 20:05:14,730 WARNING SEMANTIC CHECK skipped: secondary-flow snapshot is 10514s old
Aug 10 20:10:14 spruce python[8111]: 2026-08-10 20:10:14,761 WARNING SEMANTIC CHECK skipped: secondary-flow snapshot is 10814s old
Aug 10 20:15:14 spruce python[8111]: 2026-08-10 20:15:14,790 WARNING SEMANTIC CHECK skipped: secondary-flow snapshot is 11114s old
Aug 10 20:20:14 spruce python[8111]: 2026-08-10 20:20:14,820 WARNING SEMANTIC CHECK skipped: secondary-flow snapshot is 11414s old
Aug 10 20:25:14 spruce python[8111]: 2026-08-10 20:25:14,848 WARNING SEMANTIC CHECK skipped: secondary-flow snapshot is 11714s old
Aug 10 20:30:14 spruce python[8111]: 2026-08-10 20:30:14,877 WARNING SEMANTIC CHECK skipped: secondary-flow snapshot is 12014s old
Aug 10 20:35:14 spruce python[8111]: 2026-08-10 20:35:14,909 WARNING SEMANTIC CHECK skipped: secondary-flow snapshot is 12314s old
Aug 10 20:40:14 spruce python[8111]: 2026-08-10 20:40:14,941 WARNING SEMANTIC CHECK skipped: secondary-flow snapshot is 12614s old
Aug 10 20:45:14 spruce python[8111]: 2026-08-10 20:45:14,973 WARNING SEMANTIC CHECK skipped: secondary-flow snapshot is 12914s old
Aug 10 20:50:15 spruce python[8111]: 2026-08-10 20:50:15,004 WARNING SEMANTIC CHECK skipped: secondary-flow snapshot is 13214s old
Aug 10 20:55:15 spruce python[8111]: 2026-08-10 20:55:15,036 WARNING SEMANTIC CHECK skipped: secondary-flow snapshot is 13514s old
Aug 10 21:00:15 spruce python[8111]: 2026-08-10 21:00:15,068 WARNING SEMANTIC CHECK skipped: secondary-flow snapshot is 13814s old
Aug 10 21:05:15 spruce python[8111]: 2026-08-10 21:05:15,099 WARNING SEMANTIC CHECK skipped: secondary-flow snapshot is 14114s old
Aug 10 21:10:15 spruce python[8111]: 2026-08-10 21:10:15,131 WARNING SEMANTIC CHECK skipped: secondary-flow snapshot is 14415s old
Aug 10 21:15:15 spruce python[8111]: 2026-08-10 21:15:15,160 WARNING SEMANTIC CHECK skipped: secondary-flow snapshot is 14715s old
Aug 10 21:20:15 spruce python[8111]: 2026-08-10 21:20:15,192 WARNING SEMANTIC CHECK skipped: secondary-flow snapshot is 15015s old
Aug 10 21:25:15 spruce python[8111]: 2026-08-10 21:25:15,224 WARNING SEMANTIC CHECK skipped: secondary-flow snapshot is 15315s old
Aug 10 21:30:15 spruce python[8111]: 2026-08-10 21:30:15,255 WARNING SEMANTIC CHECK skipped: secondary-flow snapshot is 15615s old
Aug 10 21:35:15 spruce python[8111]: 2026-08-10 21:35:15,287 WARNING SEMANTIC CHECK skipped: secondary-flow snapshot is 15915s old
Aug 10 21:40:15 spruce python[8111]: 2026-08-10 21:40:15,319 WARNING SEMANTIC CHECK skipped: secondary-flow snapshot is 16215s old
Aug 10 21:45:15 spruce python[8111]: 2026-08-10 21:45:15,351 WARNING SEMANTIC CHECK skipped: secondary-flow snapshot is 16515s old
Aug 10 21:50:15 spruce python[8111]: 2026-08-10 21:50:15,383 WARNING SEMANTIC CHECK skipped: secondary-flow snapshot is 16815s old
Aug 10 21:55:15 spruce python[8111]: 2026-08-10 21:55:15,414 WARNING SEMANTIC CHECK skipped: secondary-flow snapshot is 17115s old
Aug 10 22:00:15 spruce python[8111]: 2026-08-10 22:00:15,446 WARNING SEMANTIC CHECK skipped: secondary-flow snapshot is 17415s old
Aug 10 22:05:15 spruce python[8111]: 2026-08-10 22:05:15,478 WARNING SEMANTIC CHECK skipped: secondary-flow snapshot is 17715s old
Aug 10 22:10:15 spruce python[8111]: 2026-08-10 22:10:15,510 WARNING SEMANTIC CHECK skipped: secondary-flow snapshot is 18015s old
Aug 10 22:15:15 spruce python[8111]: 2026-08-10 22:15:15,535 WARNING SEMANTIC CHECK skipped: secondary-flow snapshot is 18315s old
Aug 10 22:20:15 spruce python[8111]: 2026-08-10 22:20:15,566 WARNING SEMANTIC CHECK skipped: secondary-flow snapshot is 18615s old
Aug 10 22:25:15 spruce python[8111]: 2026-08-10 22:25:15,597 WARNING SEMANTIC CHECK skipped: secondary-flow snapshot is 18915s old
