18:56:58 FIS up; universe d1; mirror seeded from gnr — see runs/20260905T2256/fis.log
18:56:58 PASS  no_cert_tls_refused: error:IncompatibleProtocolError:StreamLostError: ("Stream connection lost: SSLError(1, '[SSL: TLSV13_ALERT_CERTIFICATE_REQUIRED] tlsv13 alert certificate requir
18:56:58 PASS  unknown_principal_deny: deny-user; auth_events=('Denied', 'PrincipalNotFound') want=('Denied', 'PrincipalNotFound')
18:56:59 PASS  weather_first_connect_allow: allow in 0.03s; auth_events=('Authorized', 'Superseded') want=('Authorized', 'Superseded')
18:57:00 PASS  same_instance_idempotent: allow; A open=True; auth_events=('Authorized', 'IdempotentReconnect') want=('Authorized', 'IdempotentReconnect')
18:57:07 PASS  supersession_predecessor_closed: B allow in 6.19s; A gone=True; weather live now=1; auth_events=('Authorized', 'Superseded') want=('Authorized', 'Superseded')
18:57:07 PASS  revoked_instance_deny: deny-user; auth_events=('Denied', 'InstanceRevoked') want=('Denied', 'InstanceRevoked')
18:57:07 PASS  wrong_alias_claim_deny: deny-user; auth_events=('Denied', 'AliasMismatch') want=('Denied', 'AliasMismatch')
18:57:07 PASS  wrong_class_claim_deny: deny-user; auth_events=('Denied', 'ClassMismatch') want=('Denied', 'ClassMismatch')
18:57:07 PASS  run_claim_vs_vhost_deny_fresh_principal: deny-vhost; user-verdict=('Authorized', 'IdempotentReconnect')
18:57:13 PASS  run_claim_vs_vhost_deny_with_live_lease: deny-vhost (weather live on d1__1 while this connection claimed d1__2)
18:57:13 KNOWN-LIMIT broker_wide_kill_closed_other_run: B closed=True
18:57:13 reopened B as a fresh instance: allow
18:57:13 PASS  run_outside_universe_deny: deny-user; auth_events=('Denied', 'RunOutsideUniverse') want=('Denied', 'RunOutsideUniverse')
18:57:14 PASS  suspended_principal_deny: deny-user; auth_events=('Denied', 'PrincipalSuspended') want=('Denied', 'PrincipalSuspended')
18:57:15 PASS  suspension_does_not_kill_live_lease: B open=True (eviction = suspend + kill, separately)
18:57:15 PASS  ltn_first_connect_allow: allow; auth_events=('Authorized', 'Superseded') want=('Authorized', 'Superseded')
18:57:17 PASS  topic_write_own_alias_ok: ok
18:57:17 PASS  topic_write_stale_alias_denied: closed 403
18:57:17 PASS  service_principal_allow: allow; auth_events=('Authorized', 'Superseded') want=('Authorized', 'Superseded')
18:57:19 PASS  service_topic_write_allowed: own claimed alias
18:57:21 PASS  user_id_own_identity_ok: user_id = self
18:57:21 PASS  user_id_forged_refused_by_broker: closed 406
18:57:22 PASS  kill_unconfirmed_fail_closed: deny-user; auth_events=('Denied', 'KillUnconfirmed') want=('Denied', 'KillUnconfirmed')
18:57:23 PASS  clean_restart_admitted_fast: allow in 0.059s; auth_events=('Authorized', 'Superseded') want=('Authorized', 'Superseded')
18:57:23 PASS  mqtt_scada_connect_allow: allow; auth_events=('Authorized', 'Superseded') want=('Authorized', 'Superseded')
18:57:23 PASS  mqtt_subscribe_read_allowed: suback
18:57:25 PASS  mqtt_publish_own_alias_ok: ok
18:57:25 PASS  mqtt_publish_stale_alias_disconnected: disconnected
18:57:30 PASS  mqtt_client_id_not_uuid_refused: refused:Bad user name or password
18:57:30 27/27 cases pass
